ARM GAS  C:\Users\DGILLI~1\AppData\Local\Temp\ccX0J871.s 			page 1


   1              		.syntax unified
   2              		.cpu cortex-m3
   3              		.fpu softvfp
   4              		.eabi_attribute 20, 1
   5              		.eabi_attribute 21, 1
   6              		.eabi_attribute 23, 3
   7              		.eabi_attribute 24, 1
   8              		.eabi_attribute 25, 1
   9              		.eabi_attribute 26, 1
  10              		.eabi_attribute 30, 1
  11              		.eabi_attribute 34, 1
  12              		.eabi_attribute 18, 4
  13              		.thumb
  14              		.file	"USBUART_1_Dp.c"
  15              		.text
  16              	.Ltext0:
  17              		.cfi_sections	.debug_frame
  18              		.section	.text.USBUART_1_Dp_Write,"ax",%progbits
  19              		.align	2
  20              		.global	USBUART_1_Dp_Write
  21              		.thumb
  22              		.thumb_func
  23              		.type	USBUART_1_Dp_Write, %function
  24              	USBUART_1_Dp_Write:
  25              	.LFB0:
  26              		.file 1 "Generated_Source\\PSoC5\\USBUART_1_Dp.c"
   1:Generated_Source\PSoC5/USBUART_1_Dp.c **** /*******************************************************************************
   2:Generated_Source\PSoC5/USBUART_1_Dp.c **** * File Name: USBUART_1_Dp.c  
   3:Generated_Source\PSoC5/USBUART_1_Dp.c **** * Version 2.20
   4:Generated_Source\PSoC5/USBUART_1_Dp.c **** *
   5:Generated_Source\PSoC5/USBUART_1_Dp.c **** * Description:
   6:Generated_Source\PSoC5/USBUART_1_Dp.c **** *  This file contains API to enable firmware control of a Pins component.
   7:Generated_Source\PSoC5/USBUART_1_Dp.c **** *
   8:Generated_Source\PSoC5/USBUART_1_Dp.c **** * Note:
   9:Generated_Source\PSoC5/USBUART_1_Dp.c **** *
  10:Generated_Source\PSoC5/USBUART_1_Dp.c **** ********************************************************************************
  11:Generated_Source\PSoC5/USBUART_1_Dp.c **** * Copyright 2008-2015, Cypress Semiconductor Corporation.  All rights reserved.
  12:Generated_Source\PSoC5/USBUART_1_Dp.c **** * You may use this file only in accordance with the license, terms, conditions, 
  13:Generated_Source\PSoC5/USBUART_1_Dp.c **** * disclaimers, and limitations in the end user license agreement accompanying 
  14:Generated_Source\PSoC5/USBUART_1_Dp.c **** * the software package with which this file was provided.
  15:Generated_Source\PSoC5/USBUART_1_Dp.c **** *******************************************************************************/
  16:Generated_Source\PSoC5/USBUART_1_Dp.c **** 
  17:Generated_Source\PSoC5/USBUART_1_Dp.c **** #include "cytypes.h"
  18:Generated_Source\PSoC5/USBUART_1_Dp.c **** #include "USBUART_1_Dp.h"
  19:Generated_Source\PSoC5/USBUART_1_Dp.c **** 
  20:Generated_Source\PSoC5/USBUART_1_Dp.c **** /* APIs are not generated for P15[7:6] on PSoC 5 */
  21:Generated_Source\PSoC5/USBUART_1_Dp.c **** #if !(CY_PSOC5A &&\
  22:Generated_Source\PSoC5/USBUART_1_Dp.c **** 	 USBUART_1_Dp__PORT == 15 && ((USBUART_1_Dp__MASK & 0xC0) != 0))
  23:Generated_Source\PSoC5/USBUART_1_Dp.c **** 
  24:Generated_Source\PSoC5/USBUART_1_Dp.c **** 
  25:Generated_Source\PSoC5/USBUART_1_Dp.c **** /*******************************************************************************
  26:Generated_Source\PSoC5/USBUART_1_Dp.c **** * Function Name: USBUART_1_Dp_Write
  27:Generated_Source\PSoC5/USBUART_1_Dp.c **** ****************************************************************************//**
  28:Generated_Source\PSoC5/USBUART_1_Dp.c **** *
  29:Generated_Source\PSoC5/USBUART_1_Dp.c **** * \brief Writes the value to the physical port (data output register), masking
  30:Generated_Source\PSoC5/USBUART_1_Dp.c **** *  and shifting the bits appropriately. 
  31:Generated_Source\PSoC5/USBUART_1_Dp.c **** *
ARM GAS  C:\Users\DGILLI~1\AppData\Local\Temp\ccX0J871.s 			page 2


  32:Generated_Source\PSoC5/USBUART_1_Dp.c **** * The data output register controls the signal applied to the physical pin in 
  33:Generated_Source\PSoC5/USBUART_1_Dp.c **** * conjunction with the drive mode parameter. This function avoids changing 
  34:Generated_Source\PSoC5/USBUART_1_Dp.c **** * other bits in the port by using the appropriate method (read-modify-write or
  35:Generated_Source\PSoC5/USBUART_1_Dp.c **** * bit banding).
  36:Generated_Source\PSoC5/USBUART_1_Dp.c **** *
  37:Generated_Source\PSoC5/USBUART_1_Dp.c **** * <b>Note</b> This function should not be used on a hardware digital output pin 
  38:Generated_Source\PSoC5/USBUART_1_Dp.c **** * as it is driven by the hardware signal attached to it.
  39:Generated_Source\PSoC5/USBUART_1_Dp.c **** *
  40:Generated_Source\PSoC5/USBUART_1_Dp.c **** * \param value
  41:Generated_Source\PSoC5/USBUART_1_Dp.c **** *  Value to write to the component instance.
  42:Generated_Source\PSoC5/USBUART_1_Dp.c **** *
  43:Generated_Source\PSoC5/USBUART_1_Dp.c **** * \return 
  44:Generated_Source\PSoC5/USBUART_1_Dp.c **** *  None 
  45:Generated_Source\PSoC5/USBUART_1_Dp.c **** *
  46:Generated_Source\PSoC5/USBUART_1_Dp.c **** * \sideeffect
  47:Generated_Source\PSoC5/USBUART_1_Dp.c **** *  If you use read-modify-write operations that are not atomic; the Interrupt 
  48:Generated_Source\PSoC5/USBUART_1_Dp.c **** *  Service Routines (ISR) can cause corruption of this function. An ISR that 
  49:Generated_Source\PSoC5/USBUART_1_Dp.c **** *  interrupts this function and performs writes to the Pins component data 
  50:Generated_Source\PSoC5/USBUART_1_Dp.c **** *  register can cause corrupted port data. To avoid this issue, you should 
  51:Generated_Source\PSoC5/USBUART_1_Dp.c **** *  either use the Per-Pin APIs (primary method) or disable interrupts around 
  52:Generated_Source\PSoC5/USBUART_1_Dp.c **** *  this function.
  53:Generated_Source\PSoC5/USBUART_1_Dp.c **** *
  54:Generated_Source\PSoC5/USBUART_1_Dp.c **** * \funcusage
  55:Generated_Source\PSoC5/USBUART_1_Dp.c **** *  \snippet USBUART_1_Dp_SUT.c usage_USBUART_1_Dp_Write
  56:Generated_Source\PSoC5/USBUART_1_Dp.c **** *******************************************************************************/
  57:Generated_Source\PSoC5/USBUART_1_Dp.c **** void USBUART_1_Dp_Write(uint8 value)
  58:Generated_Source\PSoC5/USBUART_1_Dp.c **** {
  27              		.loc 1 58 0
  28              		.cfi_startproc
  29              		@ args = 0, pretend = 0, frame = 0
  30              		@ frame_needed = 0, uses_anonymous_args = 0
  31              		@ link register save eliminated.
  32              	.LVL0:
  59:Generated_Source\PSoC5/USBUART_1_Dp.c ****     uint8 staticBits = (USBUART_1_Dp_DR & (uint8)(~USBUART_1_Dp_MASK));
  33              		.loc 1 59 0
  34 0000 044A     		ldr	r2, .L2
  35 0002 1378     		ldrb	r3, [r2]	@ zero_extendqisi2
  36 0004 03F0BF03 		and	r3, r3, #191
  37              	.LVL1:
  60:Generated_Source\PSoC5/USBUART_1_Dp.c ****     USBUART_1_Dp_DR = staticBits | ((uint8)(value << USBUART_1_Dp_SHIFT) & USBUART_1_Dp_MASK);
  38              		.loc 1 60 0
  39 0008 8001     		lsls	r0, r0, #6
  40              	.LVL2:
  41 000a 00F04000 		and	r0, r0, #64
  42 000e 1843     		orrs	r0, r0, r3
  43 0010 1070     		strb	r0, [r2]
  44 0012 7047     		bx	lr
  45              	.L3:
  46              		.align	2
  47              	.L2:
  48 0014 F0510040 		.word	1073762800
  49              		.cfi_endproc
  50              	.LFE0:
  51              		.size	USBUART_1_Dp_Write, .-USBUART_1_Dp_Write
  52              		.section	.text.USBUART_1_Dp_SetDriveMode,"ax",%progbits
  53              		.align	2
  54              		.global	USBUART_1_Dp_SetDriveMode
ARM GAS  C:\Users\DGILLI~1\AppData\Local\Temp\ccX0J871.s 			page 3


  55              		.thumb
  56              		.thumb_func
  57              		.type	USBUART_1_Dp_SetDriveMode, %function
  58              	USBUART_1_Dp_SetDriveMode:
  59              	.LFB1:
  61:Generated_Source\PSoC5/USBUART_1_Dp.c **** }
  62:Generated_Source\PSoC5/USBUART_1_Dp.c **** 
  63:Generated_Source\PSoC5/USBUART_1_Dp.c **** 
  64:Generated_Source\PSoC5/USBUART_1_Dp.c **** /*******************************************************************************
  65:Generated_Source\PSoC5/USBUART_1_Dp.c **** * Function Name: USBUART_1_Dp_SetDriveMode
  66:Generated_Source\PSoC5/USBUART_1_Dp.c **** ****************************************************************************//**
  67:Generated_Source\PSoC5/USBUART_1_Dp.c **** *
  68:Generated_Source\PSoC5/USBUART_1_Dp.c **** * \brief Sets the drive mode for each of the Pins component's pins.
  69:Generated_Source\PSoC5/USBUART_1_Dp.c **** * 
  70:Generated_Source\PSoC5/USBUART_1_Dp.c **** * <b>Note</b> This affects all pins in the Pins component instance. Use the
  71:Generated_Source\PSoC5/USBUART_1_Dp.c **** * Per-Pin APIs if you wish to control individual pin's drive modes.
  72:Generated_Source\PSoC5/USBUART_1_Dp.c **** *
  73:Generated_Source\PSoC5/USBUART_1_Dp.c **** * \param mode
  74:Generated_Source\PSoC5/USBUART_1_Dp.c **** *  Mode for the selected signals. Valid options are documented in 
  75:Generated_Source\PSoC5/USBUART_1_Dp.c **** *  \ref driveMode.
  76:Generated_Source\PSoC5/USBUART_1_Dp.c **** *
  77:Generated_Source\PSoC5/USBUART_1_Dp.c **** * \return
  78:Generated_Source\PSoC5/USBUART_1_Dp.c **** *  None
  79:Generated_Source\PSoC5/USBUART_1_Dp.c **** *
  80:Generated_Source\PSoC5/USBUART_1_Dp.c **** * \sideeffect
  81:Generated_Source\PSoC5/USBUART_1_Dp.c **** *  If you use read-modify-write operations that are not atomic, the ISR can
  82:Generated_Source\PSoC5/USBUART_1_Dp.c **** *  cause corruption of this function. An ISR that interrupts this function 
  83:Generated_Source\PSoC5/USBUART_1_Dp.c **** *  and performs writes to the Pins component Drive Mode registers can cause 
  84:Generated_Source\PSoC5/USBUART_1_Dp.c **** *  corrupted port data. To avoid this issue, you should either use the Per-Pin
  85:Generated_Source\PSoC5/USBUART_1_Dp.c **** *  APIs (primary method) or disable interrupts around this function.
  86:Generated_Source\PSoC5/USBUART_1_Dp.c **** *
  87:Generated_Source\PSoC5/USBUART_1_Dp.c **** * \funcusage
  88:Generated_Source\PSoC5/USBUART_1_Dp.c **** *  \snippet USBUART_1_Dp_SUT.c usage_USBUART_1_Dp_SetDriveMode
  89:Generated_Source\PSoC5/USBUART_1_Dp.c **** *******************************************************************************/
  90:Generated_Source\PSoC5/USBUART_1_Dp.c **** void USBUART_1_Dp_SetDriveMode(uint8 mode)
  91:Generated_Source\PSoC5/USBUART_1_Dp.c **** {
  60              		.loc 1 91 0
  61              		.cfi_startproc
  62              		@ args = 0, pretend = 0, frame = 0
  63              		@ frame_needed = 0, uses_anonymous_args = 0
  64              		@ link register save eliminated.
  65              	.LVL3:
  92:Generated_Source\PSoC5/USBUART_1_Dp.c **** 	CyPins_SetPinDriveMode(USBUART_1_Dp_0, mode);
  66              		.loc 1 92 0
  67 0000 044A     		ldr	r2, .L5
  68 0002 1378     		ldrb	r3, [r2]	@ zero_extendqisi2
  69 0004 03F0F103 		and	r3, r3, #241
  70 0008 00F00E00 		and	r0, r0, #14
  71              	.LVL4:
  72 000c 1843     		orrs	r0, r0, r3
  73 000e 1070     		strb	r0, [r2]
  74 0010 7047     		bx	lr
  75              	.L6:
  76 0012 00BF     		.align	2
  77              	.L5:
  78 0014 7E500040 		.word	1073762430
  79              		.cfi_endproc
ARM GAS  C:\Users\DGILLI~1\AppData\Local\Temp\ccX0J871.s 			page 4


  80              	.LFE1:
  81              		.size	USBUART_1_Dp_SetDriveMode, .-USBUART_1_Dp_SetDriveMode
  82              		.section	.text.USBUART_1_Dp_Read,"ax",%progbits
  83              		.align	2
  84              		.global	USBUART_1_Dp_Read
  85              		.thumb
  86              		.thumb_func
  87              		.type	USBUART_1_Dp_Read, %function
  88              	USBUART_1_Dp_Read:
  89              	.LFB2:
  93:Generated_Source\PSoC5/USBUART_1_Dp.c **** }
  94:Generated_Source\PSoC5/USBUART_1_Dp.c **** 
  95:Generated_Source\PSoC5/USBUART_1_Dp.c **** 
  96:Generated_Source\PSoC5/USBUART_1_Dp.c **** /*******************************************************************************
  97:Generated_Source\PSoC5/USBUART_1_Dp.c **** * Function Name: USBUART_1_Dp_Read
  98:Generated_Source\PSoC5/USBUART_1_Dp.c **** ****************************************************************************//**
  99:Generated_Source\PSoC5/USBUART_1_Dp.c **** *
 100:Generated_Source\PSoC5/USBUART_1_Dp.c **** * \brief Reads the associated physical port (pin status register) and masks 
 101:Generated_Source\PSoC5/USBUART_1_Dp.c **** *  the required bits according to the width and bit position of the component
 102:Generated_Source\PSoC5/USBUART_1_Dp.c **** *  instance. 
 103:Generated_Source\PSoC5/USBUART_1_Dp.c **** *
 104:Generated_Source\PSoC5/USBUART_1_Dp.c **** * The pin's status register returns the current logic level present on the 
 105:Generated_Source\PSoC5/USBUART_1_Dp.c **** * physical pin.
 106:Generated_Source\PSoC5/USBUART_1_Dp.c **** *
 107:Generated_Source\PSoC5/USBUART_1_Dp.c **** * \return 
 108:Generated_Source\PSoC5/USBUART_1_Dp.c **** *  The current value for the pins in the component as a right justified number.
 109:Generated_Source\PSoC5/USBUART_1_Dp.c **** *
 110:Generated_Source\PSoC5/USBUART_1_Dp.c **** * \funcusage
 111:Generated_Source\PSoC5/USBUART_1_Dp.c **** *  \snippet USBUART_1_Dp_SUT.c usage_USBUART_1_Dp_Read  
 112:Generated_Source\PSoC5/USBUART_1_Dp.c **** *******************************************************************************/
 113:Generated_Source\PSoC5/USBUART_1_Dp.c **** uint8 USBUART_1_Dp_Read(void)
 114:Generated_Source\PSoC5/USBUART_1_Dp.c **** {
  90              		.loc 1 114 0
  91              		.cfi_startproc
  92              		@ args = 0, pretend = 0, frame = 0
  93              		@ frame_needed = 0, uses_anonymous_args = 0
  94              		@ link register save eliminated.
 115:Generated_Source\PSoC5/USBUART_1_Dp.c ****     return (USBUART_1_Dp_PS & USBUART_1_Dp_MASK) >> USBUART_1_Dp_SHIFT;
  95              		.loc 1 115 0
  96 0000 024B     		ldr	r3, .L8
  97 0002 1878     		ldrb	r0, [r3]	@ zero_extendqisi2
 116:Generated_Source\PSoC5/USBUART_1_Dp.c **** }
  98              		.loc 1 116 0
  99 0004 C0F38010 		ubfx	r0, r0, #6, #1
 100 0008 7047     		bx	lr
 101              	.L9:
 102 000a 00BF     		.align	2
 103              	.L8:
 104 000c F1510040 		.word	1073762801
 105              		.cfi_endproc
 106              	.LFE2:
 107              		.size	USBUART_1_Dp_Read, .-USBUART_1_Dp_Read
 108              		.section	.text.USBUART_1_Dp_ReadDataReg,"ax",%progbits
 109              		.align	2
 110              		.global	USBUART_1_Dp_ReadDataReg
 111              		.thumb
 112              		.thumb_func
ARM GAS  C:\Users\DGILLI~1\AppData\Local\Temp\ccX0J871.s 			page 5


 113              		.type	USBUART_1_Dp_ReadDataReg, %function
 114              	USBUART_1_Dp_ReadDataReg:
 115              	.LFB3:
 117:Generated_Source\PSoC5/USBUART_1_Dp.c **** 
 118:Generated_Source\PSoC5/USBUART_1_Dp.c **** 
 119:Generated_Source\PSoC5/USBUART_1_Dp.c **** /*******************************************************************************
 120:Generated_Source\PSoC5/USBUART_1_Dp.c **** * Function Name: USBUART_1_Dp_ReadDataReg
 121:Generated_Source\PSoC5/USBUART_1_Dp.c **** ****************************************************************************//**
 122:Generated_Source\PSoC5/USBUART_1_Dp.c **** *
 123:Generated_Source\PSoC5/USBUART_1_Dp.c **** * \brief Reads the associated physical port's data output register and masks 
 124:Generated_Source\PSoC5/USBUART_1_Dp.c **** *  the correct bits according to the width and bit position of the component 
 125:Generated_Source\PSoC5/USBUART_1_Dp.c **** *  instance. 
 126:Generated_Source\PSoC5/USBUART_1_Dp.c **** *
 127:Generated_Source\PSoC5/USBUART_1_Dp.c **** * The data output register controls the signal applied to the physical pin in 
 128:Generated_Source\PSoC5/USBUART_1_Dp.c **** * conjunction with the drive mode parameter. This is not the same as the 
 129:Generated_Source\PSoC5/USBUART_1_Dp.c **** * preferred USBUART_1_Dp_Read() API because the 
 130:Generated_Source\PSoC5/USBUART_1_Dp.c **** * USBUART_1_Dp_ReadDataReg() reads the data register instead of the status 
 131:Generated_Source\PSoC5/USBUART_1_Dp.c **** * register. For output pins this is a useful function to determine the value 
 132:Generated_Source\PSoC5/USBUART_1_Dp.c **** * just written to the pin.
 133:Generated_Source\PSoC5/USBUART_1_Dp.c **** *
 134:Generated_Source\PSoC5/USBUART_1_Dp.c **** * \return 
 135:Generated_Source\PSoC5/USBUART_1_Dp.c **** *  The current value of the data register masked and shifted into a right 
 136:Generated_Source\PSoC5/USBUART_1_Dp.c **** *  justified number for the component instance.
 137:Generated_Source\PSoC5/USBUART_1_Dp.c **** *
 138:Generated_Source\PSoC5/USBUART_1_Dp.c **** * \funcusage
 139:Generated_Source\PSoC5/USBUART_1_Dp.c **** *  \snippet USBUART_1_Dp_SUT.c usage_USBUART_1_Dp_ReadDataReg 
 140:Generated_Source\PSoC5/USBUART_1_Dp.c **** *******************************************************************************/
 141:Generated_Source\PSoC5/USBUART_1_Dp.c **** uint8 USBUART_1_Dp_ReadDataReg(void)
 142:Generated_Source\PSoC5/USBUART_1_Dp.c **** {
 116              		.loc 1 142 0
 117              		.cfi_startproc
 118              		@ args = 0, pretend = 0, frame = 0
 119              		@ frame_needed = 0, uses_anonymous_args = 0
 120              		@ link register save eliminated.
 143:Generated_Source\PSoC5/USBUART_1_Dp.c ****     return (USBUART_1_Dp_DR & USBUART_1_Dp_MASK) >> USBUART_1_Dp_SHIFT;
 121              		.loc 1 143 0
 122 0000 024B     		ldr	r3, .L11
 123 0002 1878     		ldrb	r0, [r3]	@ zero_extendqisi2
 144:Generated_Source\PSoC5/USBUART_1_Dp.c **** }
 124              		.loc 1 144 0
 125 0004 C0F38010 		ubfx	r0, r0, #6, #1
 126 0008 7047     		bx	lr
 127              	.L12:
 128 000a 00BF     		.align	2
 129              	.L11:
 130 000c F0510040 		.word	1073762800
 131              		.cfi_endproc
 132              	.LFE3:
 133              		.size	USBUART_1_Dp_ReadDataReg, .-USBUART_1_Dp_ReadDataReg
 134              		.section	.text.USBUART_1_Dp_SetInterruptMode,"ax",%progbits
 135              		.align	2
 136              		.global	USBUART_1_Dp_SetInterruptMode
 137              		.thumb
 138              		.thumb_func
 139              		.type	USBUART_1_Dp_SetInterruptMode, %function
 140              	USBUART_1_Dp_SetInterruptMode:
 141              	.LFB4:
ARM GAS  C:\Users\DGILLI~1\AppData\Local\Temp\ccX0J871.s 			page 6


 145:Generated_Source\PSoC5/USBUART_1_Dp.c **** 
 146:Generated_Source\PSoC5/USBUART_1_Dp.c **** 
 147:Generated_Source\PSoC5/USBUART_1_Dp.c **** /* If interrupt is connected for this Pins component */ 
 148:Generated_Source\PSoC5/USBUART_1_Dp.c **** #if defined(USBUART_1_Dp_INTSTAT) 
 149:Generated_Source\PSoC5/USBUART_1_Dp.c **** 
 150:Generated_Source\PSoC5/USBUART_1_Dp.c ****     /*******************************************************************************
 151:Generated_Source\PSoC5/USBUART_1_Dp.c ****     * Function Name: USBUART_1_Dp_SetInterruptMode
 152:Generated_Source\PSoC5/USBUART_1_Dp.c ****     ****************************************************************************//**
 153:Generated_Source\PSoC5/USBUART_1_Dp.c ****     *
 154:Generated_Source\PSoC5/USBUART_1_Dp.c ****     * \brief Configures the interrupt mode for each of the Pins component's
 155:Generated_Source\PSoC5/USBUART_1_Dp.c ****     *  pins. Alternatively you may set the interrupt mode for all the pins
 156:Generated_Source\PSoC5/USBUART_1_Dp.c ****     *  specified in the Pins component.
 157:Generated_Source\PSoC5/USBUART_1_Dp.c ****     *
 158:Generated_Source\PSoC5/USBUART_1_Dp.c ****     *  <b>Note</b> The interrupt is port-wide and therefore any enabled pin
 159:Generated_Source\PSoC5/USBUART_1_Dp.c ****     *  interrupt may trigger it.
 160:Generated_Source\PSoC5/USBUART_1_Dp.c ****     *
 161:Generated_Source\PSoC5/USBUART_1_Dp.c ****     * \param position
 162:Generated_Source\PSoC5/USBUART_1_Dp.c ****     *  The pin position as listed in the Pins component. You may OR these to be 
 163:Generated_Source\PSoC5/USBUART_1_Dp.c ****     *  able to configure the interrupt mode of multiple pins within a Pins 
 164:Generated_Source\PSoC5/USBUART_1_Dp.c ****     *  component. Or you may use USBUART_1_Dp_INTR_ALL to configure the
 165:Generated_Source\PSoC5/USBUART_1_Dp.c ****     *  interrupt mode of all the pins in the Pins component.       
 166:Generated_Source\PSoC5/USBUART_1_Dp.c ****     *  - USBUART_1_Dp_0_INTR       (First pin in the list)
 167:Generated_Source\PSoC5/USBUART_1_Dp.c ****     *  - USBUART_1_Dp_1_INTR       (Second pin in the list)
 168:Generated_Source\PSoC5/USBUART_1_Dp.c ****     *  - ...
 169:Generated_Source\PSoC5/USBUART_1_Dp.c ****     *  - USBUART_1_Dp_INTR_ALL     (All pins in Pins component)
 170:Generated_Source\PSoC5/USBUART_1_Dp.c ****     *
 171:Generated_Source\PSoC5/USBUART_1_Dp.c ****     * \param mode
 172:Generated_Source\PSoC5/USBUART_1_Dp.c ****     *  Interrupt mode for the selected pins. Valid options are documented in
 173:Generated_Source\PSoC5/USBUART_1_Dp.c ****     *  \ref intrMode.
 174:Generated_Source\PSoC5/USBUART_1_Dp.c ****     *
 175:Generated_Source\PSoC5/USBUART_1_Dp.c ****     * \return 
 176:Generated_Source\PSoC5/USBUART_1_Dp.c ****     *  None
 177:Generated_Source\PSoC5/USBUART_1_Dp.c ****     *  
 178:Generated_Source\PSoC5/USBUART_1_Dp.c ****     * \sideeffect
 179:Generated_Source\PSoC5/USBUART_1_Dp.c ****     *  It is recommended that the interrupt be disabled before calling this 
 180:Generated_Source\PSoC5/USBUART_1_Dp.c ****     *  function to avoid unintended interrupt requests. Note that the interrupt
 181:Generated_Source\PSoC5/USBUART_1_Dp.c ****     *  type is port wide, and therefore will trigger for any enabled pin on the 
 182:Generated_Source\PSoC5/USBUART_1_Dp.c ****     *  port.
 183:Generated_Source\PSoC5/USBUART_1_Dp.c ****     *
 184:Generated_Source\PSoC5/USBUART_1_Dp.c ****     * \funcusage
 185:Generated_Source\PSoC5/USBUART_1_Dp.c ****     *  \snippet USBUART_1_Dp_SUT.c usage_USBUART_1_Dp_SetInterruptMode
 186:Generated_Source\PSoC5/USBUART_1_Dp.c ****     *******************************************************************************/
 187:Generated_Source\PSoC5/USBUART_1_Dp.c ****     void USBUART_1_Dp_SetInterruptMode(uint16 position, uint16 mode)
 188:Generated_Source\PSoC5/USBUART_1_Dp.c ****     {
 142              		.loc 1 188 0
 143              		.cfi_startproc
 144              		@ args = 0, pretend = 0, frame = 0
 145              		@ frame_needed = 0, uses_anonymous_args = 0
 146              		@ link register save eliminated.
 147              	.LVL5:
 189:Generated_Source\PSoC5/USBUART_1_Dp.c **** 		if((position & USBUART_1_Dp_0_INTR) != 0u) 
 148              		.loc 1 189 0
 149 0000 00F04000 		and	r0, r0, #64
 150              	.LVL6:
 151 0004 80B2     		uxth	r0, r0
 152 0006 10B1     		cbz	r0, .L13
 190:Generated_Source\PSoC5/USBUART_1_Dp.c **** 		{ 
ARM GAS  C:\Users\DGILLI~1\AppData\Local\Temp\ccX0J871.s 			page 7


 191:Generated_Source\PSoC5/USBUART_1_Dp.c **** 			 USBUART_1_Dp_0_INTTYPE_REG = (uint8)mode; 
 153              		.loc 1 191 0
 154 0008 C9B2     		uxtb	r1, r1
 155              	.LVL7:
 156 000a 014B     		ldr	r3, .L15
 157 000c 1970     		strb	r1, [r3]
 158              	.L13:
 159 000e 7047     		bx	lr
 160              	.L16:
 161              		.align	2
 162              	.L15:
 163 0010 7E450040 		.word	1073759614
 164              		.cfi_endproc
 165              	.LFE4:
 166              		.size	USBUART_1_Dp_SetInterruptMode, .-USBUART_1_Dp_SetInterruptMode
 167              		.section	.text.USBUART_1_Dp_ClearInterrupt,"ax",%progbits
 168              		.align	2
 169              		.global	USBUART_1_Dp_ClearInterrupt
 170              		.thumb
 171              		.thumb_func
 172              		.type	USBUART_1_Dp_ClearInterrupt, %function
 173              	USBUART_1_Dp_ClearInterrupt:
 174              	.LFB5:
 192:Generated_Source\PSoC5/USBUART_1_Dp.c **** 		}
 193:Generated_Source\PSoC5/USBUART_1_Dp.c ****     }
 194:Generated_Source\PSoC5/USBUART_1_Dp.c ****     
 195:Generated_Source\PSoC5/USBUART_1_Dp.c ****     
 196:Generated_Source\PSoC5/USBUART_1_Dp.c ****     /*******************************************************************************
 197:Generated_Source\PSoC5/USBUART_1_Dp.c ****     * Function Name: USBUART_1_Dp_ClearInterrupt
 198:Generated_Source\PSoC5/USBUART_1_Dp.c ****     ****************************************************************************//**
 199:Generated_Source\PSoC5/USBUART_1_Dp.c ****     *
 200:Generated_Source\PSoC5/USBUART_1_Dp.c ****     * \brief Clears any active interrupts attached with the component and returns 
 201:Generated_Source\PSoC5/USBUART_1_Dp.c ****     *  the value of the interrupt status register allowing determination of which
 202:Generated_Source\PSoC5/USBUART_1_Dp.c ****     *  pins generated an interrupt event.
 203:Generated_Source\PSoC5/USBUART_1_Dp.c ****     *
 204:Generated_Source\PSoC5/USBUART_1_Dp.c ****     * \return 
 205:Generated_Source\PSoC5/USBUART_1_Dp.c ****     *  The right-shifted current value of the interrupt status register. Each pin 
 206:Generated_Source\PSoC5/USBUART_1_Dp.c ****     *  has one bit set if it generated an interrupt event. For example, bit 0 is 
 207:Generated_Source\PSoC5/USBUART_1_Dp.c ****     *  for pin 0 and bit 1 is for pin 1 of the Pins component.
 208:Generated_Source\PSoC5/USBUART_1_Dp.c ****     *  
 209:Generated_Source\PSoC5/USBUART_1_Dp.c ****     * \sideeffect
 210:Generated_Source\PSoC5/USBUART_1_Dp.c ****     *  Clears all bits of the physical port's interrupt status register, not just
 211:Generated_Source\PSoC5/USBUART_1_Dp.c ****     *  those associated with the Pins component.
 212:Generated_Source\PSoC5/USBUART_1_Dp.c ****     *
 213:Generated_Source\PSoC5/USBUART_1_Dp.c ****     * \funcusage
 214:Generated_Source\PSoC5/USBUART_1_Dp.c ****     *  \snippet USBUART_1_Dp_SUT.c usage_USBUART_1_Dp_ClearInterrupt
 215:Generated_Source\PSoC5/USBUART_1_Dp.c ****     *******************************************************************************/
 216:Generated_Source\PSoC5/USBUART_1_Dp.c ****     uint8 USBUART_1_Dp_ClearInterrupt(void)
 217:Generated_Source\PSoC5/USBUART_1_Dp.c ****     {
 175              		.loc 1 217 0
 176              		.cfi_startproc
 177              		@ args = 0, pretend = 0, frame = 0
 178              		@ frame_needed = 0, uses_anonymous_args = 0
 179              		@ link register save eliminated.
 218:Generated_Source\PSoC5/USBUART_1_Dp.c ****         return (USBUART_1_Dp_INTSTAT & USBUART_1_Dp_MASK) >> USBUART_1_Dp_SHIFT;
 180              		.loc 1 218 0
 181 0000 024B     		ldr	r3, .L18
ARM GAS  C:\Users\DGILLI~1\AppData\Local\Temp\ccX0J871.s 			page 8


 182 0002 1878     		ldrb	r0, [r3]	@ zero_extendqisi2
 219:Generated_Source\PSoC5/USBUART_1_Dp.c ****     }
 183              		.loc 1 219 0
 184 0004 C0F38010 		ubfx	r0, r0, #6, #1
 185 0008 7047     		bx	lr
 186              	.L19:
 187 000a 00BF     		.align	2
 188              	.L18:
 189 000c 8F450040 		.word	1073759631
 190              		.cfi_endproc
 191              	.LFE5:
 192              		.size	USBUART_1_Dp_ClearInterrupt, .-USBUART_1_Dp_ClearInterrupt
 193              		.text
 194              	.Letext0:
 195              		.file 2 "Generated_Source\\PSoC5\\cytypes.h"
 196              		.section	.debug_info,"",%progbits
 197              	.Ldebug_info0:
 198 0000 70010000 		.4byte	0x170
 199 0004 0400     		.2byte	0x4
 200 0006 00000000 		.4byte	.Ldebug_abbrev0
 201 000a 04       		.byte	0x4
 202 000b 01       		.uleb128 0x1
 203 000c 02010000 		.4byte	.LASF24
 204 0010 01       		.byte	0x1
 205 0011 38020000 		.4byte	.LASF25
 206 0015 1A000000 		.4byte	.LASF26
 207 0019 00000000 		.4byte	.Ldebug_ranges0+0
 208 001d 00000000 		.4byte	0
 209 0021 00000000 		.4byte	.Ldebug_line0
 210 0025 02       		.uleb128 0x2
 211 0026 01       		.byte	0x1
 212 0027 06       		.byte	0x6
 213 0028 5E020000 		.4byte	.LASF0
 214 002c 02       		.uleb128 0x2
 215 002d 01       		.byte	0x1
 216 002e 08       		.byte	0x8
 217 002f B3000000 		.4byte	.LASF1
 218 0033 02       		.uleb128 0x2
 219 0034 02       		.byte	0x2
 220 0035 05       		.byte	0x5
 221 0036 1F020000 		.4byte	.LASF2
 222 003a 02       		.uleb128 0x2
 223 003b 02       		.byte	0x2
 224 003c 07       		.byte	0x7
 225 003d D8000000 		.4byte	.LASF3
 226 0041 02       		.uleb128 0x2
 227 0042 04       		.byte	0x4
 228 0043 05       		.byte	0x5
 229 0044 2F020000 		.4byte	.LASF4
 230 0048 02       		.uleb128 0x2
 231 0049 04       		.byte	0x4
 232 004a 07       		.byte	0x7
 233 004b C6000000 		.4byte	.LASF5
 234 004f 02       		.uleb128 0x2
 235 0050 08       		.byte	0x8
 236 0051 05       		.byte	0x5
 237 0052 D2010000 		.4byte	.LASF6
ARM GAS  C:\Users\DGILLI~1\AppData\Local\Temp\ccX0J871.s 			page 9


 238 0056 02       		.uleb128 0x2
 239 0057 08       		.byte	0x8
 240 0058 07       		.byte	0x7
 241 0059 9D010000 		.4byte	.LASF7
 242 005d 03       		.uleb128 0x3
 243 005e 04       		.byte	0x4
 244 005f 05       		.byte	0x5
 245 0060 696E7400 		.ascii	"int\000"
 246 0064 02       		.uleb128 0x2
 247 0065 04       		.byte	0x4
 248 0066 07       		.byte	0x7
 249 0067 90010000 		.4byte	.LASF8
 250 006b 04       		.uleb128 0x4
 251 006c 29020000 		.4byte	.LASF9
 252 0070 02       		.byte	0x2
 253 0071 9201     		.2byte	0x192
 254 0073 2C000000 		.4byte	0x2c
 255 0077 04       		.uleb128 0x4
 256 0078 F2000000 		.4byte	.LASF10
 257 007c 02       		.byte	0x2
 258 007d 9301     		.2byte	0x193
 259 007f 3A000000 		.4byte	0x3a
 260 0083 02       		.uleb128 0x2
 261 0084 04       		.byte	0x4
 262 0085 04       		.byte	0x4
 263 0086 AD000000 		.4byte	.LASF11
 264 008a 02       		.uleb128 0x2
 265 008b 08       		.byte	0x8
 266 008c 04       		.byte	0x4
 267 008d EB000000 		.4byte	.LASF12
 268 0091 02       		.uleb128 0x2
 269 0092 01       		.byte	0x1
 270 0093 08       		.byte	0x8
 271 0094 FE010000 		.4byte	.LASF13
 272 0098 04       		.uleb128 0x4
 273 0099 C1000000 		.4byte	.LASF14
 274 009d 02       		.byte	0x2
 275 009e 3C02     		.2byte	0x23c
 276 00a0 A4000000 		.4byte	0xa4
 277 00a4 05       		.uleb128 0x5
 278 00a5 6B000000 		.4byte	0x6b
 279 00a9 06       		.uleb128 0x6
 280 00aa 77000000 		.4byte	.LASF15
 281 00ae 01       		.byte	0x1
 282 00af 39       		.byte	0x39
 283 00b0 00000000 		.4byte	.LFB0
 284 00b4 18000000 		.4byte	.LFE0-.LFB0
 285 00b8 01       		.uleb128 0x1
 286 00b9 9C       		.byte	0x9c
 287 00ba DB000000 		.4byte	0xdb
 288 00be 07       		.uleb128 0x7
 289 00bf 8A000000 		.4byte	.LASF17
 290 00c3 01       		.byte	0x1
 291 00c4 39       		.byte	0x39
 292 00c5 6B000000 		.4byte	0x6b
 293 00c9 00000000 		.4byte	.LLST0
 294 00cd 08       		.uleb128 0x8
ARM GAS  C:\Users\DGILLI~1\AppData\Local\Temp\ccX0J871.s 			page 10


 295 00ce 90000000 		.4byte	.LASF27
 296 00d2 01       		.byte	0x1
 297 00d3 3B       		.byte	0x3b
 298 00d4 6B000000 		.4byte	0x6b
 299 00d8 01       		.uleb128 0x1
 300 00d9 53       		.byte	0x53
 301 00da 00       		.byte	0
 302 00db 06       		.uleb128 0x6
 303 00dc 00000000 		.4byte	.LASF16
 304 00e0 01       		.byte	0x1
 305 00e1 5A       		.byte	0x5a
 306 00e2 00000000 		.4byte	.LFB1
 307 00e6 18000000 		.4byte	.LFE1-.LFB1
 308 00ea 01       		.uleb128 0x1
 309 00eb 9C       		.byte	0x9c
 310 00ec 00010000 		.4byte	0x100
 311 00f0 07       		.uleb128 0x7
 312 00f1 B4010000 		.4byte	.LASF18
 313 00f5 01       		.byte	0x1
 314 00f6 5A       		.byte	0x5a
 315 00f7 6B000000 		.4byte	0x6b
 316 00fb 21000000 		.4byte	.LLST1
 317 00ff 00       		.byte	0
 318 0100 09       		.uleb128 0x9
 319 0101 9B000000 		.4byte	.LASF19
 320 0105 01       		.byte	0x1
 321 0106 71       		.byte	0x71
 322 0107 6B000000 		.4byte	0x6b
 323 010b 00000000 		.4byte	.LFB2
 324 010f 10000000 		.4byte	.LFE2-.LFB2
 325 0113 01       		.uleb128 0x1
 326 0114 9C       		.byte	0x9c
 327 0115 09       		.uleb128 0x9
 328 0116 B9010000 		.4byte	.LASF20
 329 011a 01       		.byte	0x1
 330 011b 8D       		.byte	0x8d
 331 011c 6B000000 		.4byte	0x6b
 332 0120 00000000 		.4byte	.LFB3
 333 0124 10000000 		.4byte	.LFE3-.LFB3
 334 0128 01       		.uleb128 0x1
 335 0129 9C       		.byte	0x9c
 336 012a 06       		.uleb128 0x6
 337 012b E0010000 		.4byte	.LASF21
 338 012f 01       		.byte	0x1
 339 0130 BB       		.byte	0xbb
 340 0131 00000000 		.4byte	.LFB4
 341 0135 14000000 		.4byte	.LFE4-.LFB4
 342 0139 01       		.uleb128 0x1
 343 013a 9C       		.byte	0x9c
 344 013b 5E010000 		.4byte	0x15e
 345 013f 07       		.uleb128 0x7
 346 0140 F9000000 		.4byte	.LASF22
 347 0144 01       		.byte	0x1
 348 0145 BB       		.byte	0xbb
 349 0146 77000000 		.4byte	0x77
 350 014a 42000000 		.4byte	.LLST2
 351 014e 07       		.uleb128 0x7
ARM GAS  C:\Users\DGILLI~1\AppData\Local\Temp\ccX0J871.s 			page 11


 352 014f B4010000 		.4byte	.LASF18
 353 0153 01       		.byte	0x1
 354 0154 BB       		.byte	0xbb
 355 0155 77000000 		.4byte	0x77
 356 0159 63000000 		.4byte	.LLST3
 357 015d 00       		.byte	0
 358 015e 09       		.uleb128 0x9
 359 015f 03020000 		.4byte	.LASF23
 360 0163 01       		.byte	0x1
 361 0164 D8       		.byte	0xd8
 362 0165 6B000000 		.4byte	0x6b
 363 0169 00000000 		.4byte	.LFB5
 364 016d 10000000 		.4byte	.LFE5-.LFB5
 365 0171 01       		.uleb128 0x1
 366 0172 9C       		.byte	0x9c
 367 0173 00       		.byte	0
 368              		.section	.debug_abbrev,"",%progbits
 369              	.Ldebug_abbrev0:
 370 0000 01       		.uleb128 0x1
 371 0001 11       		.uleb128 0x11
 372 0002 01       		.byte	0x1
 373 0003 25       		.uleb128 0x25
 374 0004 0E       		.uleb128 0xe
 375 0005 13       		.uleb128 0x13
 376 0006 0B       		.uleb128 0xb
 377 0007 03       		.uleb128 0x3
 378 0008 0E       		.uleb128 0xe
 379 0009 1B       		.uleb128 0x1b
 380 000a 0E       		.uleb128 0xe
 381 000b 55       		.uleb128 0x55
 382 000c 17       		.uleb128 0x17
 383 000d 11       		.uleb128 0x11
 384 000e 01       		.uleb128 0x1
 385 000f 10       		.uleb128 0x10
 386 0010 17       		.uleb128 0x17
 387 0011 00       		.byte	0
 388 0012 00       		.byte	0
 389 0013 02       		.uleb128 0x2
 390 0014 24       		.uleb128 0x24
 391 0015 00       		.byte	0
 392 0016 0B       		.uleb128 0xb
 393 0017 0B       		.uleb128 0xb
 394 0018 3E       		.uleb128 0x3e
 395 0019 0B       		.uleb128 0xb
 396 001a 03       		.uleb128 0x3
 397 001b 0E       		.uleb128 0xe
 398 001c 00       		.byte	0
 399 001d 00       		.byte	0
 400 001e 03       		.uleb128 0x3
 401 001f 24       		.uleb128 0x24
 402 0020 00       		.byte	0
 403 0021 0B       		.uleb128 0xb
 404 0022 0B       		.uleb128 0xb
 405 0023 3E       		.uleb128 0x3e
 406 0024 0B       		.uleb128 0xb
 407 0025 03       		.uleb128 0x3
 408 0026 08       		.uleb128 0x8
ARM GAS  C:\Users\DGILLI~1\AppData\Local\Temp\ccX0J871.s 			page 12


 409 0027 00       		.byte	0
 410 0028 00       		.byte	0
 411 0029 04       		.uleb128 0x4
 412 002a 16       		.uleb128 0x16
 413 002b 00       		.byte	0
 414 002c 03       		.uleb128 0x3
 415 002d 0E       		.uleb128 0xe
 416 002e 3A       		.uleb128 0x3a
 417 002f 0B       		.uleb128 0xb
 418 0030 3B       		.uleb128 0x3b
 419 0031 05       		.uleb128 0x5
 420 0032 49       		.uleb128 0x49
 421 0033 13       		.uleb128 0x13
 422 0034 00       		.byte	0
 423 0035 00       		.byte	0
 424 0036 05       		.uleb128 0x5
 425 0037 35       		.uleb128 0x35
 426 0038 00       		.byte	0
 427 0039 49       		.uleb128 0x49
 428 003a 13       		.uleb128 0x13
 429 003b 00       		.byte	0
 430 003c 00       		.byte	0
 431 003d 06       		.uleb128 0x6
 432 003e 2E       		.uleb128 0x2e
 433 003f 01       		.byte	0x1
 434 0040 3F       		.uleb128 0x3f
 435 0041 19       		.uleb128 0x19
 436 0042 03       		.uleb128 0x3
 437 0043 0E       		.uleb128 0xe
 438 0044 3A       		.uleb128 0x3a
 439 0045 0B       		.uleb128 0xb
 440 0046 3B       		.uleb128 0x3b
 441 0047 0B       		.uleb128 0xb
 442 0048 27       		.uleb128 0x27
 443 0049 19       		.uleb128 0x19
 444 004a 11       		.uleb128 0x11
 445 004b 01       		.uleb128 0x1
 446 004c 12       		.uleb128 0x12
 447 004d 06       		.uleb128 0x6
 448 004e 40       		.uleb128 0x40
 449 004f 18       		.uleb128 0x18
 450 0050 9742     		.uleb128 0x2117
 451 0052 19       		.uleb128 0x19
 452 0053 01       		.uleb128 0x1
 453 0054 13       		.uleb128 0x13
 454 0055 00       		.byte	0
 455 0056 00       		.byte	0
 456 0057 07       		.uleb128 0x7
 457 0058 05       		.uleb128 0x5
 458 0059 00       		.byte	0
 459 005a 03       		.uleb128 0x3
 460 005b 0E       		.uleb128 0xe
 461 005c 3A       		.uleb128 0x3a
 462 005d 0B       		.uleb128 0xb
 463 005e 3B       		.uleb128 0x3b
 464 005f 0B       		.uleb128 0xb
 465 0060 49       		.uleb128 0x49
ARM GAS  C:\Users\DGILLI~1\AppData\Local\Temp\ccX0J871.s 			page 13


 466 0061 13       		.uleb128 0x13
 467 0062 02       		.uleb128 0x2
 468 0063 17       		.uleb128 0x17
 469 0064 00       		.byte	0
 470 0065 00       		.byte	0
 471 0066 08       		.uleb128 0x8
 472 0067 34       		.uleb128 0x34
 473 0068 00       		.byte	0
 474 0069 03       		.uleb128 0x3
 475 006a 0E       		.uleb128 0xe
 476 006b 3A       		.uleb128 0x3a
 477 006c 0B       		.uleb128 0xb
 478 006d 3B       		.uleb128 0x3b
 479 006e 0B       		.uleb128 0xb
 480 006f 49       		.uleb128 0x49
 481 0070 13       		.uleb128 0x13
 482 0071 02       		.uleb128 0x2
 483 0072 18       		.uleb128 0x18
 484 0073 00       		.byte	0
 485 0074 00       		.byte	0
 486 0075 09       		.uleb128 0x9
 487 0076 2E       		.uleb128 0x2e
 488 0077 00       		.byte	0
 489 0078 3F       		.uleb128 0x3f
 490 0079 19       		.uleb128 0x19
 491 007a 03       		.uleb128 0x3
 492 007b 0E       		.uleb128 0xe
 493 007c 3A       		.uleb128 0x3a
 494 007d 0B       		.uleb128 0xb
 495 007e 3B       		.uleb128 0x3b
 496 007f 0B       		.uleb128 0xb
 497 0080 27       		.uleb128 0x27
 498 0081 19       		.uleb128 0x19
 499 0082 49       		.uleb128 0x49
 500 0083 13       		.uleb128 0x13
 501 0084 11       		.uleb128 0x11
 502 0085 01       		.uleb128 0x1
 503 0086 12       		.uleb128 0x12
 504 0087 06       		.uleb128 0x6
 505 0088 40       		.uleb128 0x40
 506 0089 18       		.uleb128 0x18
 507 008a 9742     		.uleb128 0x2117
 508 008c 19       		.uleb128 0x19
 509 008d 00       		.byte	0
 510 008e 00       		.byte	0
 511 008f 00       		.byte	0
 512              		.section	.debug_loc,"",%progbits
 513              	.Ldebug_loc0:
 514              	.LLST0:
 515 0000 00000000 		.4byte	.LVL0
 516 0004 0A000000 		.4byte	.LVL2
 517 0008 0100     		.2byte	0x1
 518 000a 50       		.byte	0x50
 519 000b 0A000000 		.4byte	.LVL2
 520 000f 18000000 		.4byte	.LFE0
 521 0013 0400     		.2byte	0x4
 522 0015 F3       		.byte	0xf3
ARM GAS  C:\Users\DGILLI~1\AppData\Local\Temp\ccX0J871.s 			page 14


 523 0016 01       		.uleb128 0x1
 524 0017 50       		.byte	0x50
 525 0018 9F       		.byte	0x9f
 526 0019 00000000 		.4byte	0
 527 001d 00000000 		.4byte	0
 528              	.LLST1:
 529 0021 00000000 		.4byte	.LVL3
 530 0025 0C000000 		.4byte	.LVL4
 531 0029 0100     		.2byte	0x1
 532 002b 50       		.byte	0x50
 533 002c 0C000000 		.4byte	.LVL4
 534 0030 18000000 		.4byte	.LFE1
 535 0034 0400     		.2byte	0x4
 536 0036 F3       		.byte	0xf3
 537 0037 01       		.uleb128 0x1
 538 0038 50       		.byte	0x50
 539 0039 9F       		.byte	0x9f
 540 003a 00000000 		.4byte	0
 541 003e 00000000 		.4byte	0
 542              	.LLST2:
 543 0042 00000000 		.4byte	.LVL5
 544 0046 04000000 		.4byte	.LVL6
 545 004a 0100     		.2byte	0x1
 546 004c 50       		.byte	0x50
 547 004d 04000000 		.4byte	.LVL6
 548 0051 14000000 		.4byte	.LFE4
 549 0055 0400     		.2byte	0x4
 550 0057 F3       		.byte	0xf3
 551 0058 01       		.uleb128 0x1
 552 0059 50       		.byte	0x50
 553 005a 9F       		.byte	0x9f
 554 005b 00000000 		.4byte	0
 555 005f 00000000 		.4byte	0
 556              	.LLST3:
 557 0063 00000000 		.4byte	.LVL5
 558 0067 0A000000 		.4byte	.LVL7
 559 006b 0100     		.2byte	0x1
 560 006d 51       		.byte	0x51
 561 006e 0A000000 		.4byte	.LVL7
 562 0072 14000000 		.4byte	.LFE4
 563 0076 0400     		.2byte	0x4
 564 0078 F3       		.byte	0xf3
 565 0079 01       		.uleb128 0x1
 566 007a 51       		.byte	0x51
 567 007b 9F       		.byte	0x9f
 568 007c 00000000 		.4byte	0
 569 0080 00000000 		.4byte	0
 570              		.section	.debug_aranges,"",%progbits
 571 0000 44000000 		.4byte	0x44
 572 0004 0200     		.2byte	0x2
 573 0006 00000000 		.4byte	.Ldebug_info0
 574 000a 04       		.byte	0x4
 575 000b 00       		.byte	0
 576 000c 0000     		.2byte	0
 577 000e 0000     		.2byte	0
 578 0010 00000000 		.4byte	.LFB0
 579 0014 18000000 		.4byte	.LFE0-.LFB0
ARM GAS  C:\Users\DGILLI~1\AppData\Local\Temp\ccX0J871.s 			page 15


 580 0018 00000000 		.4byte	.LFB1
 581 001c 18000000 		.4byte	.LFE1-.LFB1
 582 0020 00000000 		.4byte	.LFB2
 583 0024 10000000 		.4byte	.LFE2-.LFB2
 584 0028 00000000 		.4byte	.LFB3
 585 002c 10000000 		.4byte	.LFE3-.LFB3
 586 0030 00000000 		.4byte	.LFB4
 587 0034 14000000 		.4byte	.LFE4-.LFB4
 588 0038 00000000 		.4byte	.LFB5
 589 003c 10000000 		.4byte	.LFE5-.LFB5
 590 0040 00000000 		.4byte	0
 591 0044 00000000 		.4byte	0
 592              		.section	.debug_ranges,"",%progbits
 593              	.Ldebug_ranges0:
 594 0000 00000000 		.4byte	.LFB0
 595 0004 18000000 		.4byte	.LFE0
 596 0008 00000000 		.4byte	.LFB1
 597 000c 18000000 		.4byte	.LFE1
 598 0010 00000000 		.4byte	.LFB2
 599 0014 10000000 		.4byte	.LFE2
 600 0018 00000000 		.4byte	.LFB3
 601 001c 10000000 		.4byte	.LFE3
 602 0020 00000000 		.4byte	.LFB4
 603 0024 14000000 		.4byte	.LFE4
 604 0028 00000000 		.4byte	.LFB5
 605 002c 10000000 		.4byte	.LFE5
 606 0030 00000000 		.4byte	0
 607 0034 00000000 		.4byte	0
 608              		.section	.debug_line,"",%progbits
 609              	.Ldebug_line0:
 610 0000 B9000000 		.section	.debug_str,"MS",%progbits,1
 610      02004900 
 610      00000201 
 610      FB0E0D00 
 610      01010101 
 611              	.LASF16:
 612 0000 55534255 		.ascii	"USBUART_1_Dp_SetDriveMode\000"
 612      4152545F 
 612      315F4470 
 612      5F536574 
 612      44726976 
 613              	.LASF26:
 614 001a 433A5C55 		.ascii	"C:\\Users\\DGilliland\\Documents\\GitHub\\ODAS\\ODA"
 614      73657273 
 614      5C444769 
 614      6C6C696C 
 614      616E645C 
 615 0047 532D5053 		.ascii	"S-PSOC5\\Projects\\ODAS-PSOC5-USB_Serial-01.cydsn\000"
 615      4F43355C 
 615      50726F6A 
 615      65637473 
 615      5C4F4441 
 616              	.LASF15:
 617 0077 55534255 		.ascii	"USBUART_1_Dp_Write\000"
 617      4152545F 
 617      315F4470 
 617      5F577269 
ARM GAS  C:\Users\DGILLI~1\AppData\Local\Temp\ccX0J871.s 			page 16


 617      746500
 618              	.LASF17:
 619 008a 76616C75 		.ascii	"value\000"
 619      6500
 620              	.LASF27:
 621 0090 73746174 		.ascii	"staticBits\000"
 621      69634269 
 621      747300
 622              	.LASF19:
 623 009b 55534255 		.ascii	"USBUART_1_Dp_Read\000"
 623      4152545F 
 623      315F4470 
 623      5F526561 
 623      6400
 624              	.LASF11:
 625 00ad 666C6F61 		.ascii	"float\000"
 625      7400
 626              	.LASF1:
 627 00b3 756E7369 		.ascii	"unsigned char\000"
 627      676E6564 
 627      20636861 
 627      7200
 628              	.LASF14:
 629 00c1 72656738 		.ascii	"reg8\000"
 629      00
 630              	.LASF5:
 631 00c6 6C6F6E67 		.ascii	"long unsigned int\000"
 631      20756E73 
 631      69676E65 
 631      6420696E 
 631      7400
 632              	.LASF3:
 633 00d8 73686F72 		.ascii	"short unsigned int\000"
 633      7420756E 
 633      7369676E 
 633      65642069 
 633      6E7400
 634              	.LASF12:
 635 00eb 646F7562 		.ascii	"double\000"
 635      6C6500
 636              	.LASF10:
 637 00f2 75696E74 		.ascii	"uint16\000"
 637      313600
 638              	.LASF22:
 639 00f9 706F7369 		.ascii	"position\000"
 639      74696F6E 
 639      00
 640              	.LASF24:
 641 0102 474E5520 		.ascii	"GNU C 4.9.3 20150303 (release) [ARM/embedded-4_9-br"
 641      4320342E 
 641      392E3320 
 641      32303135 
 641      30333033 
 642 0135 616E6368 		.ascii	"anch revision 221220] -mcpu=cortex-m3 -mthumb -g -O"
 642      20726576 
 642      6973696F 
 642      6E203232 
ARM GAS  C:\Users\DGILLI~1\AppData\Local\Temp\ccX0J871.s 			page 17


 642      31323230 
 643 0168 67202D66 		.ascii	"g -ffunction-sections -ffat-lto-objects\000"
 643      66756E63 
 643      74696F6E 
 643      2D736563 
 643      74696F6E 
 644              	.LASF8:
 645 0190 756E7369 		.ascii	"unsigned int\000"
 645      676E6564 
 645      20696E74 
 645      00
 646              	.LASF7:
 647 019d 6C6F6E67 		.ascii	"long long unsigned int\000"
 647      206C6F6E 
 647      6720756E 
 647      7369676E 
 647      65642069 
 648              	.LASF18:
 649 01b4 6D6F6465 		.ascii	"mode\000"
 649      00
 650              	.LASF20:
 651 01b9 55534255 		.ascii	"USBUART_1_Dp_ReadDataReg\000"
 651      4152545F 
 651      315F4470 
 651      5F526561 
 651      64446174 
 652              	.LASF6:
 653 01d2 6C6F6E67 		.ascii	"long long int\000"
 653      206C6F6E 
 653      6720696E 
 653      7400
 654              	.LASF21:
 655 01e0 55534255 		.ascii	"USBUART_1_Dp_SetInterruptMode\000"
 655      4152545F 
 655      315F4470 
 655      5F536574 
 655      496E7465 
 656              	.LASF13:
 657 01fe 63686172 		.ascii	"char\000"
 657      00
 658              	.LASF23:
 659 0203 55534255 		.ascii	"USBUART_1_Dp_ClearInterrupt\000"
 659      4152545F 
 659      315F4470 
 659      5F436C65 
 659      6172496E 
 660              	.LASF2:
 661 021f 73686F72 		.ascii	"short int\000"
 661      7420696E 
 661      7400
 662              	.LASF9:
 663 0229 75696E74 		.ascii	"uint8\000"
 663      3800
 664              	.LASF4:
 665 022f 6C6F6E67 		.ascii	"long int\000"
 665      20696E74 
 665      00
ARM GAS  C:\Users\DGILLI~1\AppData\Local\Temp\ccX0J871.s 			page 18


 666              	.LASF25:
 667 0238 47656E65 		.ascii	"Generated_Source\\PSoC5\\USBUART_1_Dp.c\000"
 667      72617465 
 667      645F536F 
 667      75726365 
 667      5C50536F 
 668              	.LASF0:
 669 025e 7369676E 		.ascii	"signed char\000"
 669      65642063 
 669      68617200 
 670              		.ident	"GCC: (GNU Tools for ARM Embedded Processors) 4.9.3 20150303 (release) [ARM/embedded-4_9-br
