Modules list:
-------------
DumpDir.o:
    CODE              Offs=000000  Size=0003A6  Align=00001  Fill=0000
    RODATA            Offs=000000  Size=000000  Align=00001  Fill=0000
    BSS               Offs=000000  Size=000016  Align=00001  Fill=0000
    DATA              Offs=000000  Size=000000  Align=00001  Fill=0000
    ZEROPAGE          Offs=000000  Size=000000  Align=00001  Fill=0000
    NULL              Offs=000000  Size=000000  Align=00001  Fill=0000
C:\Users\HPz420\Documents\GitHub\Doug Gilliland\Retro-Computers\6502\CC65\lib/osic1p.lib(add.o):
    CODE              Offs=0003A6  Size=00001C  Align=00001  Fill=0000
    RODATA            Offs=000000  Size=000000  Align=00001  Fill=0000
    BSS               Offs=000016  Size=000000  Align=00001  Fill=0000
    DATA              Offs=000000  Size=000000  Align=00001  Fill=0000
    ZEROPAGE          Offs=000000  Size=000000  Align=00001  Fill=0000
    NULL              Offs=000000  Size=000000  Align=00001  Fill=0000
C:\Users\HPz420\Documents\GitHub\Doug Gilliland\Retro-Computers\6502\CC65\lib/osic1p.lib(addysp.o):
    CODE              Offs=0003C2  Size=00000E  Align=00001  Fill=0000
    RODATA            Offs=000000  Size=000000  Align=00001  Fill=0000
    BSS               Offs=000016  Size=000000  Align=00001  Fill=0000
    DATA              Offs=000000  Size=000000  Align=00001  Fill=0000
    ZEROPAGE          Offs=000000  Size=000000  Align=00001  Fill=0000
    NULL              Offs=000000  Size=000000  Align=00001  Fill=0000
C:\Users\HPz420\Documents\GitHub\Doug Gilliland\Retro-Computers\6502\CC65\lib/osic1p.lib(aslax1.o):
    CODE              Offs=0003D0  Size=000008  Align=00001  Fill=0000
    RODATA            Offs=000000  Size=000000  Align=00001  Fill=0000
    BSS               Offs=000016  Size=000000  Align=00001  Fill=0000
    DATA              Offs=000000  Size=000000  Align=00001  Fill=0000
    ZEROPAGE          Offs=000000  Size=000000  Align=00001  Fill=0000
    NULL              Offs=000000  Size=000000  Align=00001  Fill=0000
C:\Users\HPz420\Documents\GitHub\Doug Gilliland\Retro-Computers\6502\CC65\lib/osic1p.lib(aslax4.o):
    CODE              Offs=0003D8  Size=000011  Align=00001  Fill=0000
    RODATA            Offs=000000  Size=000000  Align=00001  Fill=0000
    BSS               Offs=000016  Size=000000  Align=00001  Fill=0000
    DATA              Offs=000000  Size=000000  Align=00001  Fill=0000
    ZEROPAGE          Offs=000000  Size=000000  Align=00001  Fill=0000
    NULL              Offs=000000  Size=000000  Align=00001  Fill=0000
C:\Users\HPz420\Documents\GitHub\Doug Gilliland\Retro-Computers\6502\CC65\lib/osic1p.lib(asleax1.o):
    CODE              Offs=0003E9  Size=00000C  Align=00001  Fill=0000
    RODATA            Offs=000000  Size=000000  Align=00001  Fill=0000
    BSS               Offs=000016  Size=000000  Align=00001  Fill=0000
    DATA              Offs=000000  Size=000000  Align=00001  Fill=0000
    ZEROPAGE          Offs=000000  Size=000000  Align=00001  Fill=0000
    NULL              Offs=000000  Size=000000  Align=00001  Fill=0000
C:\Users\HPz420\Documents\GitHub\Doug Gilliland\Retro-Computers\6502\CC65\lib/osic1p.lib(axlong.o):
    CODE              Offs=0003F5  Size=00000D  Align=00001  Fill=0000
    RODATA            Offs=000000  Size=000000  Align=00001  Fill=0000
    BSS               Offs=000016  Size=000000  Align=00001  Fill=0000
    DATA              Offs=000000  Size=000000  Align=00001  Fill=0000
    ZEROPAGE          Offs=000000  Size=000000  Align=00001  Fill=0000
    NULL              Offs=000000  Size=000000  Align=00001  Fill=0000
C:\Users\HPz420\Documents\GitHub\Doug Gilliland\Retro-Computers\6502\CC65\lib/osic1p.lib(condes.o):
    CODE              Offs=000402  Size=00000C  Align=00001  Fill=0000
    RODATA            Offs=000000  Size=000000  Align=00001  Fill=0000
    BSS               Offs=000016  Size=000000  Align=00001  Fill=0000
    DATA              Offs=000000  Size=000025  Align=00001  Fill=0000
    ZEROPAGE          Offs=000000  Size=000000  Align=00001  Fill=0000
    NULL              Offs=000000  Size=000000  Align=00001  Fill=0000
    ONCE              Offs=000000  Size=00000C  Align=00001  Fill=0000
C:\Users\HPz420\Documents\GitHub\Doug Gilliland\Retro-Computers\6502\CC65\lib/osic1p.lib(crt0.o):
    CODE              Offs=00040E  Size=000000  Align=00001  Fill=0000
    RODATA            Offs=000000  Size=000000  Align=00001  Fill=0000
    BSS               Offs=000016  Size=000000  Align=00001  Fill=0000
    DATA              Offs=000025  Size=000000  Align=00001  Fill=0000
    ZEROPAGE          Offs=000000  Size=000000  Align=00001  Fill=0000
    NULL              Offs=000000  Size=000000  Align=00001  Fill=0000
    STARTUP           Offs=000000  Size=00001B  Align=00001  Fill=0000
C:\Users\HPz420\Documents\GitHub\Doug Gilliland\Retro-Computers\6502\CC65\lib/osic1p.lib(decsp1.o):
    CODE              Offs=00040E  Size=000009  Align=00001  Fill=0000
    RODATA            Offs=000000  Size=000000  Align=00001  Fill=0000
    BSS               Offs=000016  Size=000000  Align=00001  Fill=0000
    DATA              Offs=000025  Size=000000  Align=00001  Fill=0000
    ZEROPAGE          Offs=000000  Size=000000  Align=00001  Fill=0000
    NULL              Offs=000000  Size=000000  Align=00001  Fill=0000
C:\Users\HPz420\Documents\GitHub\Doug Gilliland\Retro-Computers\6502\CC65\lib/osic1p.lib(decsp2.o):
    CODE              Offs=000417  Size=00000D  Align=00001  Fill=0000
    RODATA            Offs=000000  Size=000000  Align=00001  Fill=0000
    BSS               Offs=000016  Size=000000  Align=00001  Fill=0000
    DATA              Offs=000025  Size=000000  Align=00001  Fill=0000
    ZEROPAGE          Offs=000000  Size=000000  Align=00001  Fill=0000
    NULL              Offs=000000  Size=000000  Align=00001  Fill=0000
C:\Users\HPz420\Documents\GitHub\Doug Gilliland\Retro-Computers\6502\CC65\lib/osic1p.lib(decsp4.o):
    CODE              Offs=000424  Size=00000D  Align=00001  Fill=0000
    RODATA            Offs=000000  Size=000000  Align=00001  Fill=0000
    BSS               Offs=000016  Size=000000  Align=00001  Fill=0000
    DATA              Offs=000025  Size=000000  Align=00001  Fill=0000
    ZEROPAGE          Offs=000000  Size=000000  Align=00001  Fill=0000
    NULL              Offs=000000  Size=000000  Align=00001  Fill=0000
C:\Users\HPz420\Documents\GitHub\Doug Gilliland\Retro-Computers\6502\CC65\lib/osic1p.lib(incax1.o):
    CODE              Offs=000431  Size=000007  Align=00001  Fill=0000
    RODATA            Offs=000000  Size=000000  Align=00001  Fill=0000
    BSS               Offs=000016  Size=000000  Align=00001  Fill=0000
    DATA              Offs=000025  Size=000000  Align=00001  Fill=0000
    ZEROPAGE          Offs=000000  Size=000000  Align=00001  Fill=0000
    NULL              Offs=000000  Size=000000  Align=00001  Fill=0000
C:\Users\HPz420\Documents\GitHub\Doug Gilliland\Retro-Computers\6502\CC65\lib/osic1p.lib(incaxy.o):
    CODE              Offs=000438  Size=00000B  Align=00001  Fill=0000
    RODATA            Offs=000000  Size=000000  Align=00001  Fill=0000
    BSS               Offs=000016  Size=000000  Align=00001  Fill=0000
    DATA              Offs=000025  Size=000000  Align=00001  Fill=0000
    ZEROPAGE          Offs=000000  Size=000000  Align=00001  Fill=0000
    NULL              Offs=000000  Size=000000  Align=00001  Fill=0000
C:\Users\HPz420\Documents\GitHub\Doug Gilliland\Retro-Computers\6502\CC65\lib/osic1p.lib(incsp1.o):
    CODE              Offs=000443  Size=000007  Align=00001  Fill=0000
    RODATA            Offs=000000  Size=000000  Align=00001  Fill=0000
    BSS               Offs=000016  Size=000000  Align=00001  Fill=0000
    DATA              Offs=000025  Size=000000  Align=00001  Fill=0000
    ZEROPAGE          Offs=000000  Size=000000  Align=00001  Fill=0000
    NULL              Offs=000000  Size=000000  Align=00001  Fill=0000
C:\Users\HPz420\Documents\GitHub\Doug Gilliland\Retro-Computers\6502\CC65\lib/osic1p.lib(incsp2.o):
    CODE              Offs=00044A  Size=000016  Align=00001  Fill=0000
    RODATA            Offs=000000  Size=000000  Align=00001  Fill=0000
    BSS               Offs=000016  Size=000000  Align=00001  Fill=0000
    DATA              Offs=000025  Size=000000  Align=00001  Fill=0000
    ZEROPAGE          Offs=000000  Size=000000  Align=00001  Fill=0000
    NULL              Offs=000000  Size=000000  Align=00001  Fill=0000
C:\Users\HPz420\Documents\GitHub\Doug Gilliland\Retro-Computers\6502\CC65\lib/osic1p.lib(incsp4.o):
    CODE              Offs=000460  Size=000005  Align=00001  Fill=0000
    RODATA            Offs=000000  Size=000000  Align=00001  Fill=0000
    BSS               Offs=000016  Size=000000  Align=00001  Fill=0000
    DATA              Offs=000025  Size=000000  Align=00001  Fill=0000
    ZEROPAGE          Offs=000000  Size=000000  Align=00001  Fill=0000
    NULL              Offs=000000  Size=000000  Align=00001  Fill=0000
C:\Users\HPz420\Documents\GitHub\Doug Gilliland\Retro-Computers\6502\CC65\lib/osic1p.lib(ladd.o):
    CODE              Offs=000465  Size=000025  Align=00001  Fill=0000
    RODATA            Offs=000000  Size=000000  Align=00001  Fill=0000
    BSS               Offs=000016  Size=000000  Align=00001  Fill=0000
    DATA              Offs=000025  Size=000000  Align=00001  Fill=0000
    ZEROPAGE          Offs=000000  Size=000000  Align=00001  Fill=0000
    NULL              Offs=000000  Size=000000  Align=00001  Fill=0000
C:\Users\HPz420\Documents\GitHub\Doug Gilliland\Retro-Computers\6502\CC65\lib/osic1p.lib(ldaui.o):
    CODE              Offs=00048A  Size=000009  Align=00001  Fill=0000
    RODATA            Offs=000000  Size=000000  Align=00001  Fill=0000
    BSS               Offs=000016  Size=000000  Align=00001  Fill=0000
    DATA              Offs=000025  Size=000000  Align=00001  Fill=0000
    ZEROPAGE          Offs=000000  Size=000000  Align=00001  Fill=0000
    NULL              Offs=000000  Size=000000  Align=00001  Fill=0000
C:\Users\HPz420\Documents\GitHub\Doug Gilliland\Retro-Computers\6502\CC65\lib/osic1p.lib(ldaxi.o):
    CODE              Offs=000493  Size=00000D  Align=00001  Fill=0000
    RODATA            Offs=000000  Size=000000  Align=00001  Fill=0000
    BSS               Offs=000016  Size=000000  Align=00001  Fill=0000
    DATA              Offs=000025  Size=000000  Align=00001  Fill=0000
    ZEROPAGE          Offs=000000  Size=000000  Align=00001  Fill=0000
    NULL              Offs=000000  Size=000000  Align=00001  Fill=0000
C:\Users\HPz420\Documents\GitHub\Doug Gilliland\Retro-Computers\6502\CC65\lib/osic1p.lib(ldaxsp.o):
    CODE              Offs=0004A0  Size=000009  Align=00001  Fill=0000
    RODATA            Offs=000000  Size=000000  Align=00001  Fill=0000
    BSS               Offs=000016  Size=000000  Align=00001  Fill=0000
    DATA              Offs=000025  Size=000000  Align=00001  Fill=0000
    ZEROPAGE          Offs=000000  Size=000000  Align=00001  Fill=0000
    NULL              Offs=000000  Size=000000  Align=00001  Fill=0000
C:\Users\HPz420\Documents\GitHub\Doug Gilliland\Retro-Computers\6502\CC65\lib/osic1p.lib(ldeaxysp.o):
    CODE              Offs=0004A9  Size=000013  Align=00001  Fill=0000
    RODATA            Offs=000000  Size=000000  Align=00001  Fill=0000
    BSS               Offs=000016  Size=000000  Align=00001  Fill=0000
    DATA              Offs=000025  Size=000000  Align=00001  Fill=0000
    ZEROPAGE          Offs=000000  Size=000000  Align=00001  Fill=0000
    NULL              Offs=000000  Size=000000  Align=00001  Fill=0000
C:\Users\HPz420\Documents\GitHub\Doug Gilliland\Retro-Computers\6502\CC65\lib/osic1p.lib(lmul.o):
    CODE              Offs=0004BC  Size=00005C  Align=00001  Fill=0000
    RODATA            Offs=000000  Size=000000  Align=00001  Fill=0000
    BSS               Offs=000016  Size=000000  Align=00001  Fill=0000
    DATA              Offs=000025  Size=000000  Align=00001  Fill=0000
    ZEROPAGE          Offs=000000  Size=000000  Align=00001  Fill=0000
    NULL              Offs=000000  Size=000000  Align=00001  Fill=0000
C:\Users\HPz420\Documents\GitHub\Doug Gilliland\Retro-Computers\6502\CC65\lib/osic1p.lib(lpush.o):
    CODE              Offs=000518  Size=000021  Align=00001  Fill=0000
    RODATA            Offs=000000  Size=000000  Align=00001  Fill=0000
    BSS               Offs=000016  Size=000000  Align=00001  Fill=0000
    DATA              Offs=000025  Size=000000  Align=00001  Fill=0000
    ZEROPAGE          Offs=000000  Size=000000  Align=00001  Fill=0000
    NULL              Offs=000000  Size=000000  Align=00001  Fill=0000
C:\Users\HPz420\Documents\GitHub\Doug Gilliland\Retro-Computers\6502\CC65\lib/osic1p.lib(makebool.o):
    CODE              Offs=000539  Size=00002C  Align=00001  Fill=0000
    RODATA            Offs=000000  Size=000000  Align=00001  Fill=0000
    BSS               Offs=000016  Size=000000  Align=00001  Fill=0000
    DATA              Offs=000025  Size=000000  Align=00001  Fill=0000
    ZEROPAGE          Offs=000000  Size=000000  Align=00001  Fill=0000
    NULL              Offs=000000  Size=000000  Align=00001  Fill=0000
C:\Users\HPz420\Documents\GitHub\Doug Gilliland\Retro-Computers\6502\CC65\lib/osic1p.lib(pusha.o):
    CODE              Offs=000565  Size=000016  Align=00001  Fill=0000
    RODATA            Offs=000000  Size=000000  Align=00001  Fill=0000
    BSS               Offs=000016  Size=000000  Align=00001  Fill=0000
    DATA              Offs=000025  Size=000000  Align=00001  Fill=0000
    ZEROPAGE          Offs=000000  Size=000000  Align=00001  Fill=0000
    NULL              Offs=000000  Size=000000  Align=00001  Fill=0000
C:\Users\HPz420\Documents\GitHub\Doug Gilliland\Retro-Computers\6502\CC65\lib/osic1p.lib(pushax.o):
    CODE              Offs=00057B  Size=00001A  Align=00001  Fill=0000
    RODATA            Offs=000000  Size=000000  Align=00001  Fill=0000
    BSS               Offs=000016  Size=000000  Align=00001  Fill=0000
    DATA              Offs=000025  Size=000000  Align=00001  Fill=0000
    ZEROPAGE          Offs=000000  Size=000000  Align=00001  Fill=0000
    NULL              Offs=000000  Size=000000  Align=00001  Fill=0000
C:\Users\HPz420\Documents\GitHub\Doug Gilliland\Retro-Computers\6502\CC65\lib/osic1p.lib(staspidx.o):
    CODE              Offs=000595  Size=000016  Align=00001  Fill=0000
    RODATA            Offs=000000  Size=000000  Align=00001  Fill=0000
    BSS               Offs=000016  Size=000000  Align=00001  Fill=0000
    DATA              Offs=000025  Size=000000  Align=00001  Fill=0000
    ZEROPAGE          Offs=000000  Size=000000  Align=00001  Fill=0000
    NULL              Offs=000000  Size=000000  Align=00001  Fill=0000
C:\Users\HPz420\Documents\GitHub\Doug Gilliland\Retro-Computers\6502\CC65\lib/osic1p.lib(staxsp.o):
    CODE              Offs=0005AB  Size=00000B  Align=00001  Fill=0000
    RODATA            Offs=000000  Size=000000  Align=00001  Fill=0000
    BSS               Offs=000016  Size=000000  Align=00001  Fill=0000
    DATA              Offs=000025  Size=000000  Align=00001  Fill=0000
    ZEROPAGE          Offs=000000  Size=000000  Align=00001  Fill=0000
    NULL              Offs=000000  Size=000000  Align=00001  Fill=0000
C:\Users\HPz420\Documents\GitHub\Doug Gilliland\Retro-Computers\6502\CC65\lib/osic1p.lib(toslong.o):
    CODE              Offs=0005B6  Size=000038  Align=00001  Fill=0000
    RODATA            Offs=000000  Size=000000  Align=00001  Fill=0000
    BSS               Offs=000016  Size=000000  Align=00001  Fill=0000
    DATA              Offs=000025  Size=000000  Align=00001  Fill=0000
    ZEROPAGE          Offs=000000  Size=000000  Align=00001  Fill=0000
    NULL              Offs=000000  Size=000000  Align=00001  Fill=0000
C:\Users\HPz420\Documents\GitHub\Doug Gilliland\Retro-Computers\6502\CC65\lib/osic1p.lib(zerobss.o):
    CODE              Offs=0005EE  Size=000023  Align=00001  Fill=0000
    RODATA            Offs=000000  Size=000000  Align=00001  Fill=0000
    BSS               Offs=000016  Size=000000  Align=00001  Fill=0000
    DATA              Offs=000025  Size=000000  Align=00001  Fill=0000
    ZEROPAGE          Offs=000000  Size=000000  Align=00001  Fill=0000
    NULL              Offs=000000  Size=000000  Align=00001  Fill=0000
C:\Users\HPz420\Documents\GitHub\Doug Gilliland\Retro-Computers\6502\CC65\lib/osic1p.lib(zeropage.o):
    CODE              Offs=000611  Size=000000  Align=00001  Fill=0000
    RODATA            Offs=000000  Size=000000  Align=00001  Fill=0000
    BSS               Offs=000016  Size=000000  Align=00001  Fill=0000
    DATA              Offs=000025  Size=000000  Align=00001  Fill=0000
    ZEROPAGE          Offs=000000  Size=00001A  Align=00001  Fill=0000
    NULL              Offs=000000  Size=000000  Align=00001  Fill=0000


Segment list:
-------------
Name                   Start     End    Size  Align
----------------------------------------------------
NULL                  000000  000000  000000  00001
ZEROPAGE              000002  00001B  00001A  00001
STARTUP               000300  00031A  00001B  00001
ONCE                  00031B  000326  00000C  00001
CODE                  000327  000937  000611  00001
DATA                  000938  00095C  000025  00001
RODATA                000938  000938  000000  00001
BSS                   00095D  000972  000016  00001


Exports list by name:
---------------------
_BPB_FATSz32_32           000961  LA    _BPB_NumFATs_8            000960  LA    
_BPB_RsvdSecCnt_16        00095E  LA    _BPB_SecPerClus_8         00095D  LA    
_DIR_FstClusHI_16         000965  LA    _DIR_FstClusLo_16         000967  LA    
__BSS_LOAD__              00095D  LA    __BSS_RUN__               00095D RLA    
__BSS_SIZE__              000016 REA    __CONSTRUCTOR_COUNT__     000000 REA    
__CONSTRUCTOR_TABLE__     000327 RLA    __DESTRUCTOR_COUNT__      000000 REA    
__DESTRUCTOR_TABLE__      000938 RLA    __HIMEM__                 002000  EA    
__MAIN_FILEOFFS__         000000  EA    __MAIN_LAST__             000973  LA    
__MAIN_SIZE__             001B00 REA    __MAIN_START__            000300 RLA    
__STACKSIZE__             000200 REA    __STARTUP__               000001 REA    
__ZP_FILEOFFS__           000000  EA    __ZP_LAST__               00001C  LA    
__ZP_SIZE__               00003A  EA    __ZP_START__              000002  LA    
_exit                     000315  LA    _fileNumber               000969  LA    
_fileSectorNum_32         00096F  LA    _firstDataSectorNum_32    00096B  LA    
_init                     000300  LA    _issueSDCardCommand       000327  LA    
_main                     0004F1 RLA    _readBlock                0003D4  LA    
_readByteFromSDCard       0003A5  LA    _readSector               0004A7  LA    
_setLBA0                  000337  LA    _setLBA1                  000347  LA    
_setLBA2                  000357  LA    _setSRAMBank              0004E1  LA    
_waitSDCardRcvDataReady   000385  LA    _waitSDCardReady          000367  LA    
_waitSDCardTxDataEmpty    000395  LA    _writeBlock               00043F  LA    
_writeByteToSDCard        0003C1  LA    addysp                    0006EA RLA    
addysp1                   0006E9 RLA    aslax1                    0006F7  LA    
aslax4                    0006FF  LA    asleax1                   000710  LA    
axlong                    00071C  LA    axulong                   000722 RLA    
booleq                    000866  LA    boolge                    000877  LA    
boolgt                    000875  LA    boolle                    00086D  LA    
boollt                    00086F  LA    boolne                    000860 RLA    
booluge                   000887  LA    boolugt                   000885  LA    
boolule                   00087D  LA    boolult                   00087F RLA    
condes                    000938  LA    decsp1                    000735 RLA    
decsp2                    00073E RLA    decsp4                    00074B RLA    
donelib                   000729 RLA    incax1                    000758 RLA    
incax4                    00075F  LA    incaxy                    000761 RLA    
incsp1                    00076A RLA    incsp2                    000779 RLA    
incsp4                    000787 RLA    initlib                   00031B RLA    
ldauidx                   0007B1 RLA    ldax0sp                   0007C7  LA    
ldaxi                     0007BA  LA    ldaxidx                   0007BC RLA    
ldaxysp                   0007C9 RLA    ldeax0sp                  0007D0  LA    
ldeaxysp                  0007D2 RLA    popax                     000771  LA    
ptr1                      00000A RLZ    ptr2                      00000C  LZ    
ptr3                      00000E RLZ    ptr4                      000010 RLZ    
push0                     0008A2  LA    push0ax                   000842  LA    
pusha                     000890 RLA    pusha0                    0008A4  LA    
pusha0sp                  00088C  LA    pushax                    0008A6 RLA    
pushaysp                  00088E  LA    pusheax                   000848 RLA    
pushl0                    00083F  LA    regbank                   000016  LZ    
regsave                   000006 RLZ    shlax1                    0006F7 RLA    
shlax4                    0006FF RLA    shleax1                   000710 RLA    
sp                        000002 RLZ    sreg                      000004 RLZ    
staspidx                  0008BC RLA    stax0sp                   0008D2  LA    
staxysp                   0008D4 RLA    tmp1                      000012 RLZ    
tmp2                      000013 RLZ    tmp3                      000014 RLZ    
tmp4                      000015 RLZ    tosadd0ax                 00078C  LA    
tosadda0                  0006CD  LA    tosaddax                  0006CF RLA    
tosaddeax                 000792 RLA    toslong                   0008FB  LA    
tosmul0ax                 0007E3  LA    tosmuleax                 0007E9  LA    
tosulong                  0008DD RLA    tosumul0ax                0007E3  LA    
tosumuleax                0007E9 RLA    zerobss                   000915 RLA    



Exports list by value:
----------------------
__ZP_FILEOFFS__           000000  EA    __DESTRUCTOR_COUNT__      000000 REA    
__CONSTRUCTOR_COUNT__     000000 REA    __MAIN_FILEOFFS__         000000  EA    
__STARTUP__               000001 REA    sp                        000002 RLZ    
__ZP_START__              000002  LA    sreg                      000004 RLZ    
regsave                   000006 RLZ    ptr1                      00000A RLZ    
ptr2                      00000C  LZ    ptr3                      00000E RLZ    
ptr4                      000010 RLZ    tmp1                      000012 RLZ    
tmp2                      000013 RLZ    tmp3                      000014 RLZ    
tmp4                      000015 RLZ    __BSS_SIZE__              000016 REA    
regbank                   000016  LZ    __ZP_LAST__               00001C  LA    
__ZP_SIZE__               00003A  EA    __STACKSIZE__             000200 REA    
_init                     000300  LA    __MAIN_START__            000300 RLA    
_exit                     000315  LA    initlib                   00031B RLA    
_issueSDCardCommand       000327  LA    __CONSTRUCTOR_TABLE__     000327 RLA    
_setLBA0                  000337  LA    _setLBA1                  000347  LA    
_setLBA2                  000357  LA    _waitSDCardReady          000367  LA    
_waitSDCardRcvDataReady   000385  LA    _waitSDCardTxDataEmpty    000395  LA    
_readByteFromSDCard       0003A5  LA    _writeByteToSDCard        0003C1  LA    
_readBlock                0003D4  LA    _writeBlock               00043F  LA    
_readSector               0004A7  LA    _setSRAMBank              0004E1  LA    
_main                     0004F1 RLA    tosadda0                  0006CD  LA    
tosaddax                  0006CF RLA    addysp1                   0006E9 RLA    
addysp                    0006EA RLA    aslax1                    0006F7  LA    
shlax1                    0006F7 RLA    shlax4                    0006FF RLA    
aslax4                    0006FF  LA    shleax1                   000710 RLA    
asleax1                   000710  LA    axlong                    00071C  LA    
axulong                   000722 RLA    donelib                   000729 RLA    
decsp1                    000735 RLA    decsp2                    00073E RLA    
decsp4                    00074B RLA    incax1                    000758 RLA    
incax4                    00075F  LA    incaxy                    000761 RLA    
incsp1                    00076A RLA    popax                     000771  LA    
incsp2                    000779 RLA    incsp4                    000787 RLA    
tosadd0ax                 00078C  LA    tosaddeax                 000792 RLA    
ldauidx                   0007B1 RLA    ldaxi                     0007BA  LA    
ldaxidx                   0007BC RLA    ldax0sp                   0007C7  LA    
ldaxysp                   0007C9 RLA    ldeax0sp                  0007D0  LA    
ldeaxysp                  0007D2 RLA    tosmul0ax                 0007E3  LA    
tosumul0ax                0007E3  LA    tosmuleax                 0007E9  LA    
tosumuleax                0007E9 RLA    pushl0                    00083F  LA    
push0ax                   000842  LA    pusheax                   000848 RLA    
boolne                    000860 RLA    booleq                    000866  LA    
boolle                    00086D  LA    boollt                    00086F  LA    
boolgt                    000875  LA    boolge                    000877  LA    
boolule                   00087D  LA    boolult                   00087F RLA    
boolugt                   000885  LA    booluge                   000887  LA    
pusha0sp                  00088C  LA    pushaysp                  00088E  LA    
pusha                     000890 RLA    push0                     0008A2  LA    
pusha0                    0008A4  LA    pushax                    0008A6 RLA    
staspidx                  0008BC RLA    stax0sp                   0008D2  LA    
staxysp                   0008D4 RLA    tosulong                  0008DD RLA    
toslong                   0008FB  LA    zerobss                   000915 RLA    
__DESTRUCTOR_TABLE__      000938 RLA    condes                    000938  LA    
__BSS_RUN__               00095D RLA    __BSS_LOAD__              00095D  LA    
_BPB_SecPerClus_8         00095D  LA    _BPB_RsvdSecCnt_16        00095E  LA    
_BPB_NumFATs_8            000960  LA    _BPB_FATSz32_32           000961  LA    
_DIR_FstClusHI_16         000965  LA    _DIR_FstClusLo_16         000967  LA    
_fileNumber               000969  LA    _firstDataSectorNum_32    00096B  LA    
_fileSectorNum_32         00096F  LA    __MAIN_LAST__             000973  LA    
__MAIN_SIZE__             001B00 REA    __HIMEM__                 002000  EA    



Imports list:
-------------
_BPB_FATSz32_32 (DumpDir.o):
_BPB_NumFATs_8 (DumpDir.o):
_BPB_RsvdSecCnt_16 (DumpDir.o):
_BPB_SecPerClus_8 (DumpDir.o):
_DIR_FstClusHI_16 (DumpDir.o):
_DIR_FstClusLo_16 (DumpDir.o):
__BSS_LOAD__ ([linker generated]):
__BSS_RUN__ ([linker generated]):
    zerobss.o                 common/zerobss.s(8)
__BSS_SIZE__ ([linker generated]):
    zerobss.o                 common/zerobss.s(8)
__CONSTRUCTOR_COUNT__ ([linker generated]):
    condes.o                  runtime/condes.s(18)
__CONSTRUCTOR_TABLE__ ([linker generated]):
    condes.o                  runtime/condes.s(18)
__DESTRUCTOR_COUNT__ ([linker generated]):
    condes.o                  runtime/condes.s(19)
__DESTRUCTOR_TABLE__ ([linker generated]):
    condes.o                  runtime/condes.s(19)
__HIMEM__ ([linker generated]):
__MAIN_FILEOFFS__ ([linker generated]):
__MAIN_LAST__ ([linker generated]):
__MAIN_SIZE__ ([linker generated]):
    crt0.o                    osic1p/crt0.s(11)
__MAIN_START__ ([linker generated]):
    crt0.o                    osic1p/crt0.s(11)
__STACKSIZE__ ([linker generated]):
    crt0.o                    osic1p/crt0.s(12)
__STARTUP__ (crt0.o):
    DumpDir.o                 DumpDir.s(13)
__ZP_FILEOFFS__ ([linker generated]):
__ZP_LAST__ ([linker generated]):
__ZP_SIZE__ ([linker generated]):
__ZP_START__ ([linker generated]):
_exit (crt0.o):
_fileNumber (DumpDir.o):
_fileSectorNum_32 (DumpDir.o):
_firstDataSectorNum_32 (DumpDir.o):
_init (crt0.o):
_issueSDCardCommand (DumpDir.o):
_main (DumpDir.o):
    crt0.o                    osic1p/crt0.s(8)
_readBlock (DumpDir.o):
_readByteFromSDCard (DumpDir.o):
_readSector (DumpDir.o):
_setLBA0 (DumpDir.o):
_setLBA1 (DumpDir.o):
_setLBA2 (DumpDir.o):
_setSRAMBank (DumpDir.o):
_waitSDCardRcvDataReady (DumpDir.o):
_waitSDCardReady (DumpDir.o):
_waitSDCardTxDataEmpty (DumpDir.o):
_writeBlock (DumpDir.o):
_writeByteToSDCard (DumpDir.o):
addysp (addysp.o):
    incsp4.o                  runtime/incsp4.s(8)
addysp1 (addysp.o):
    lmul.o                    runtime/lmul.s(9)
    ladd.o                    runtime/ladd.s(8)
aslax1 (aslax1.o):
aslax4 (aslax4.o):
asleax1 (asleax1.o):
axlong (axlong.o):
axulong (axlong.o):
    DumpDir.o                 DumpDir.s(612)
booleq (makebool.o):
boolge (makebool.o):
boolgt (makebool.o):
boolle (makebool.o):
boollt (makebool.o):
boolne (makebool.o):
    DumpDir.o                 DumpDir.s(612)
    DumpDir.o                 DumpDir.s(612)
    DumpDir.o                 DumpDir.s(612)
booluge (makebool.o):
boolugt (makebool.o):
boolule (makebool.o):
boolult (makebool.o):
    DumpDir.o                 DumpDir.s(612)
    DumpDir.o                 DumpDir.s(612)
condes (condes.o):
decsp1 (decsp1.o):
    DumpDir.o                 DumpDir.s(612)
decsp2 (decsp2.o):
    toslong.o                 runtime/toslong.s(8)
decsp4 (decsp4.o):
    lpush.o                   runtime/lpush.s(12)
    DumpDir.o                 DumpDir.s(612)
    DumpDir.o                 DumpDir.s(612)
donelib (condes.o):
    crt0.o                    osic1p/crt0.s(14)
incax1 (incax1.o):
    DumpDir.o                 DumpDir.s(612)
    DumpDir.o                 DumpDir.s(612)
incax4 (incaxy.o):
incaxy (incaxy.o):
    DumpDir.o                 DumpDir.s(612)
incsp1 (incsp1.o):
    DumpDir.o                 DumpDir.s(612)
    DumpDir.o                 DumpDir.s(612)
    DumpDir.o                 DumpDir.s(612)
    DumpDir.o                 DumpDir.s(612)
    DumpDir.o                 DumpDir.s(612)
    DumpDir.o                 DumpDir.s(612)
    DumpDir.o                 DumpDir.s(612)
incsp2 (incsp2.o):
    staspidx.o                runtime/staspidx.s(8)
incsp4 (incsp4.o):
    DumpDir.o                 DumpDir.s(612)
    DumpDir.o                 DumpDir.s(612)
    DumpDir.o                 DumpDir.s(612)
initlib (condes.o):
    crt0.o                    osic1p/crt0.s(14)
ldauidx (ldaui.o):
    DumpDir.o                 DumpDir.s(612)
ldax0sp (ldaxsp.o):
ldaxi (ldaxi.o):
ldaxidx (ldaxi.o):
    DumpDir.o                 DumpDir.s(612)
ldaxysp (ldaxsp.o):
    DumpDir.o                 DumpDir.s(612)
    DumpDir.o                 DumpDir.s(612)
ldeax0sp (ldeaxysp.o):
ldeaxysp (ldeaxysp.o):
    DumpDir.o                 DumpDir.s(612)
popax (incsp2.o):
ptr1 (zeropage.o):
    zerobss.o                 common/zerobss.s(9)
    staspidx.o                runtime/staspidx.s(9)
    lmul.o                    runtime/lmul.s(10)
    ldaxi.o                   runtime/ldaxi.s(8)
    ldaui.o                   runtime/ldaui.s(8)
ptr2 (zeropage.o):
ptr3 (zeropage.o):
    lmul.o                    runtime/lmul.s(10)
ptr4 (zeropage.o):
    lmul.o                    runtime/lmul.s(10)
push0 (pushax.o):
push0ax (lpush.o):
pusha (pusha.o):
    DumpDir.o                 DumpDir.s(612)
    DumpDir.o                 DumpDir.s(612)
    DumpDir.o                 DumpDir.s(612)
    DumpDir.o                 DumpDir.s(612)
    DumpDir.o                 DumpDir.s(612)
    DumpDir.o                 DumpDir.s(612)
pusha0 (pushax.o):
pusha0sp (pusha.o):
pushax (pushax.o):
    DumpDir.o                 DumpDir.s(612)
    DumpDir.o                 DumpDir.s(612)
pushaysp (pusha.o):
pusheax (lpush.o):
    DumpDir.o                 DumpDir.s(612)
    DumpDir.o                 DumpDir.s(612)
pushl0 (lpush.o):
regbank (zeropage.o):
regsave (zeropage.o):
    DumpDir.o                 DumpDir.s(10)
shlax1 (aslax1.o):
    DumpDir.o                 DumpDir.s(612)
shlax4 (aslax4.o):
    DumpDir.o                 DumpDir.s(612)
shleax1 (asleax1.o):
    DumpDir.o                 DumpDir.s(612)
sp (zeropage.o):
    incsp2.o                  runtime/incsp2.s(8)
    decsp2.o                  runtime/decsp2.s(8)
    addysp.o                  runtime/addysp.s(8)
    toslong.o                 runtime/toslong.s(9)
    staxsp.o                  runtime/staxsp.s(8)
    staspidx.o                runtime/staspidx.s(9)
    pushax.o                  runtime/pushax.s(8)
    pusha.o                   runtime/pusha.s(8)
    lpush.o                   runtime/lpush.s(13)
    lmul.o                    runtime/lmul.s(10)
    ldeaxysp.o                runtime/ldeaxysp.s(12)
    ldaxsp.o                  runtime/ldaxsp.s(8)
    ladd.o                    runtime/ladd.s(9)
    incsp1.o                  runtime/incsp1.s(8)
    decsp4.o                  runtime/decsp4.s(8)
    decsp1.o                  runtime/decsp1.s(8)
    crt0.o                    /home/travis/build/cc65/cc65/asminc/zeropage.inc(11)
    add.o                     runtime/add.s(12)
    DumpDir.o                 DumpDir.s(10)
sreg (zeropage.o):
    lpush.o                   runtime/lpush.s(13)
    lmul.o                    runtime/lmul.s(10)
    ldeaxysp.o                runtime/ldeaxysp.s(12)
    ladd.o                    runtime/ladd.s(9)
    axlong.o                  runtime/axlong.s(9)
    asleax1.o                 runtime/asleax1.s(8)
    DumpDir.o                 DumpDir.s(10)
staspidx (staspidx.o):
    DumpDir.o                 DumpDir.s(612)
stax0sp (staxsp.o):
staxysp (staxsp.o):
    DumpDir.o                 DumpDir.s(612)
    DumpDir.o                 DumpDir.s(612)
tmp1 (zeropage.o):
    staspidx.o                runtime/staspidx.s(9)
    ladd.o                    runtime/ladd.s(9)
    incaxy.o                  runtime/incaxy.s(8)
    asleax1.o                 runtime/asleax1.s(8)
    aslax4.o                  runtime/aslax4.s(8)
    aslax1.o                  runtime/aslax1.s(8)
    add.o                     runtime/add.s(12)
tmp2 (zeropage.o):
    lmul.o                    runtime/lmul.s(10)
tmp3 (zeropage.o):
    lmul.o                    runtime/lmul.s(10)
tmp4 (zeropage.o):
    lmul.o                    runtime/lmul.s(10)
tosadd0ax (ladd.o):
tosadda0 (add.o):
tosaddax (add.o):
    DumpDir.o                 DumpDir.s(612)
tosaddeax (ladd.o):
    DumpDir.o                 DumpDir.s(612)
toslong (toslong.o):
tosmul0ax (lmul.o):
tosmuleax (lmul.o):
tosulong (toslong.o):
    DumpDir.o                 DumpDir.s(612)
tosumul0ax (lmul.o):
tosumuleax (lmul.o):
    DumpDir.o                 DumpDir.s(612)
zerobss (zerobss.o):
    crt0.o                    osic1p/crt0.s(14)

