Modules list:
-------------
DumpDir.o:
    CODE              Offs=000000  Size=0003AD  Align=00001  Fill=0000
    RODATA            Offs=000000  Size=000000  Align=00001  Fill=0000
    BSS               Offs=000000  Size=000016  Align=00001  Fill=0000
    DATA              Offs=000000  Size=000000  Align=00001  Fill=0000
    ZEROPAGE          Offs=000000  Size=000000  Align=00001  Fill=0000
    NULL              Offs=000000  Size=000000  Align=00001  Fill=0000
C:\Users\HPz420\Documents\GitHub\Doug Gilliland\Retro-Computers\6502\CC65\lib/osic1p.lib(add.o):
    CODE              Offs=0003AD  Size=00001C  Align=00001  Fill=0000
    RODATA            Offs=000000  Size=000000  Align=00001  Fill=0000
    BSS               Offs=000016  Size=000000  Align=00001  Fill=0000
    DATA              Offs=000000  Size=000000  Align=00001  Fill=0000
    ZEROPAGE          Offs=000000  Size=000000  Align=00001  Fill=0000
    NULL              Offs=000000  Size=000000  Align=00001  Fill=0000
C:\Users\HPz420\Documents\GitHub\Doug Gilliland\Retro-Computers\6502\CC65\lib/osic1p.lib(addysp.o):
    CODE              Offs=0003C9  Size=00000E  Align=00001  Fill=0000
    RODATA            Offs=000000  Size=000000  Align=00001  Fill=0000
    BSS               Offs=000016  Size=000000  Align=00001  Fill=0000
    DATA              Offs=000000  Size=000000  Align=00001  Fill=0000
    ZEROPAGE          Offs=000000  Size=000000  Align=00001  Fill=0000
    NULL              Offs=000000  Size=000000  Align=00001  Fill=0000
C:\Users\HPz420\Documents\GitHub\Doug Gilliland\Retro-Computers\6502\CC65\lib/osic1p.lib(aslax1.o):
    CODE              Offs=0003D7  Size=000008  Align=00001  Fill=0000
    RODATA            Offs=000000  Size=000000  Align=00001  Fill=0000
    BSS               Offs=000016  Size=000000  Align=00001  Fill=0000
    DATA              Offs=000000  Size=000000  Align=00001  Fill=0000
    ZEROPAGE          Offs=000000  Size=000000  Align=00001  Fill=0000
    NULL              Offs=000000  Size=000000  Align=00001  Fill=0000
C:\Users\HPz420\Documents\GitHub\Doug Gilliland\Retro-Computers\6502\CC65\lib/osic1p.lib(aslax4.o):
    CODE              Offs=0003DF  Size=000011  Align=00001  Fill=0000
    RODATA            Offs=000000  Size=000000  Align=00001  Fill=0000
    BSS               Offs=000016  Size=000000  Align=00001  Fill=0000
    DATA              Offs=000000  Size=000000  Align=00001  Fill=0000
    ZEROPAGE          Offs=000000  Size=000000  Align=00001  Fill=0000
    NULL              Offs=000000  Size=000000  Align=00001  Fill=0000
C:\Users\HPz420\Documents\GitHub\Doug Gilliland\Retro-Computers\6502\CC65\lib/osic1p.lib(asleax1.o):
    CODE              Offs=0003F0  Size=00000C  Align=00001  Fill=0000
    RODATA            Offs=000000  Size=000000  Align=00001  Fill=0000
    BSS               Offs=000016  Size=000000  Align=00001  Fill=0000
    DATA              Offs=000000  Size=000000  Align=00001  Fill=0000
    ZEROPAGE          Offs=000000  Size=000000  Align=00001  Fill=0000
    NULL              Offs=000000  Size=000000  Align=00001  Fill=0000
C:\Users\HPz420\Documents\GitHub\Doug Gilliland\Retro-Computers\6502\CC65\lib/osic1p.lib(axlong.o):
    CODE              Offs=0003FC  Size=00000D  Align=00001  Fill=0000
    RODATA            Offs=000000  Size=000000  Align=00001  Fill=0000
    BSS               Offs=000016  Size=000000  Align=00001  Fill=0000
    DATA              Offs=000000  Size=000000  Align=00001  Fill=0000
    ZEROPAGE          Offs=000000  Size=000000  Align=00001  Fill=0000
    NULL              Offs=000000  Size=000000  Align=00001  Fill=0000
C:\Users\HPz420\Documents\GitHub\Doug Gilliland\Retro-Computers\6502\CC65\lib/osic1p.lib(condes.o):
    CODE              Offs=000409  Size=00000C  Align=00001  Fill=0000
    RODATA            Offs=000000  Size=000000  Align=00001  Fill=0000
    BSS               Offs=000016  Size=000000  Align=00001  Fill=0000
    DATA              Offs=000000  Size=000025  Align=00001  Fill=0000
    ZEROPAGE          Offs=000000  Size=000000  Align=00001  Fill=0000
    NULL              Offs=000000  Size=000000  Align=00001  Fill=0000
    ONCE              Offs=000000  Size=00000C  Align=00001  Fill=0000
C:\Users\HPz420\Documents\GitHub\Doug Gilliland\Retro-Computers\6502\CC65\lib/osic1p.lib(crt0.o):
    CODE              Offs=000415  Size=000000  Align=00001  Fill=0000
    RODATA            Offs=000000  Size=000000  Align=00001  Fill=0000
    BSS               Offs=000016  Size=000000  Align=00001  Fill=0000
    DATA              Offs=000025  Size=000000  Align=00001  Fill=0000
    ZEROPAGE          Offs=000000  Size=000000  Align=00001  Fill=0000
    NULL              Offs=000000  Size=000000  Align=00001  Fill=0000
    STARTUP           Offs=000000  Size=00001B  Align=00001  Fill=0000
C:\Users\HPz420\Documents\GitHub\Doug Gilliland\Retro-Computers\6502\CC65\lib/osic1p.lib(decsp1.o):
    CODE              Offs=000415  Size=000009  Align=00001  Fill=0000
    RODATA            Offs=000000  Size=000000  Align=00001  Fill=0000
    BSS               Offs=000016  Size=000000  Align=00001  Fill=0000
    DATA              Offs=000025  Size=000000  Align=00001  Fill=0000
    ZEROPAGE          Offs=000000  Size=000000  Align=00001  Fill=0000
    NULL              Offs=000000  Size=000000  Align=00001  Fill=0000
C:\Users\HPz420\Documents\GitHub\Doug Gilliland\Retro-Computers\6502\CC65\lib/osic1p.lib(decsp2.o):
    CODE              Offs=00041E  Size=00000D  Align=00001  Fill=0000
    RODATA            Offs=000000  Size=000000  Align=00001  Fill=0000
    BSS               Offs=000016  Size=000000  Align=00001  Fill=0000
    DATA              Offs=000025  Size=000000  Align=00001  Fill=0000
    ZEROPAGE          Offs=000000  Size=000000  Align=00001  Fill=0000
    NULL              Offs=000000  Size=000000  Align=00001  Fill=0000
C:\Users\HPz420\Documents\GitHub\Doug Gilliland\Retro-Computers\6502\CC65\lib/osic1p.lib(decsp4.o):
    CODE              Offs=00042B  Size=00000D  Align=00001  Fill=0000
    RODATA            Offs=000000  Size=000000  Align=00001  Fill=0000
    BSS               Offs=000016  Size=000000  Align=00001  Fill=0000
    DATA              Offs=000025  Size=000000  Align=00001  Fill=0000
    ZEROPAGE          Offs=000000  Size=000000  Align=00001  Fill=0000
    NULL              Offs=000000  Size=000000  Align=00001  Fill=0000
C:\Users\HPz420\Documents\GitHub\Doug Gilliland\Retro-Computers\6502\CC65\lib/osic1p.lib(incax1.o):
    CODE              Offs=000438  Size=000007  Align=00001  Fill=0000
    RODATA            Offs=000000  Size=000000  Align=00001  Fill=0000
    BSS               Offs=000016  Size=000000  Align=00001  Fill=0000
    DATA              Offs=000025  Size=000000  Align=00001  Fill=0000
    ZEROPAGE          Offs=000000  Size=000000  Align=00001  Fill=0000
    NULL              Offs=000000  Size=000000  Align=00001  Fill=0000
C:\Users\HPz420\Documents\GitHub\Doug Gilliland\Retro-Computers\6502\CC65\lib/osic1p.lib(incaxy.o):
    CODE              Offs=00043F  Size=00000B  Align=00001  Fill=0000
    RODATA            Offs=000000  Size=000000  Align=00001  Fill=0000
    BSS               Offs=000016  Size=000000  Align=00001  Fill=0000
    DATA              Offs=000025  Size=000000  Align=00001  Fill=0000
    ZEROPAGE          Offs=000000  Size=000000  Align=00001  Fill=0000
    NULL              Offs=000000  Size=000000  Align=00001  Fill=0000
C:\Users\HPz420\Documents\GitHub\Doug Gilliland\Retro-Computers\6502\CC65\lib/osic1p.lib(incsp1.o):
    CODE              Offs=00044A  Size=000007  Align=00001  Fill=0000
    RODATA            Offs=000000  Size=000000  Align=00001  Fill=0000
    BSS               Offs=000016  Size=000000  Align=00001  Fill=0000
    DATA              Offs=000025  Size=000000  Align=00001  Fill=0000
    ZEROPAGE          Offs=000000  Size=000000  Align=00001  Fill=0000
    NULL              Offs=000000  Size=000000  Align=00001  Fill=0000
C:\Users\HPz420\Documents\GitHub\Doug Gilliland\Retro-Computers\6502\CC65\lib/osic1p.lib(incsp2.o):
    CODE              Offs=000451  Size=000016  Align=00001  Fill=0000
    RODATA            Offs=000000  Size=000000  Align=00001  Fill=0000
    BSS               Offs=000016  Size=000000  Align=00001  Fill=0000
    DATA              Offs=000025  Size=000000  Align=00001  Fill=0000
    ZEROPAGE          Offs=000000  Size=000000  Align=00001  Fill=0000
    NULL              Offs=000000  Size=000000  Align=00001  Fill=0000
C:\Users\HPz420\Documents\GitHub\Doug Gilliland\Retro-Computers\6502\CC65\lib/osic1p.lib(incsp4.o):
    CODE              Offs=000467  Size=000005  Align=00001  Fill=0000
    RODATA            Offs=000000  Size=000000  Align=00001  Fill=0000
    BSS               Offs=000016  Size=000000  Align=00001  Fill=0000
    DATA              Offs=000025  Size=000000  Align=00001  Fill=0000
    ZEROPAGE          Offs=000000  Size=000000  Align=00001  Fill=0000
    NULL              Offs=000000  Size=000000  Align=00001  Fill=0000
C:\Users\HPz420\Documents\GitHub\Doug Gilliland\Retro-Computers\6502\CC65\lib/osic1p.lib(incsp8.o):
    CODE              Offs=00046C  Size=000005  Align=00001  Fill=0000
    RODATA            Offs=000000  Size=000000  Align=00001  Fill=0000
    BSS               Offs=000016  Size=000000  Align=00001  Fill=0000
    DATA              Offs=000025  Size=000000  Align=00001  Fill=0000
    ZEROPAGE          Offs=000000  Size=000000  Align=00001  Fill=0000
    NULL              Offs=000000  Size=000000  Align=00001  Fill=0000
C:\Users\HPz420\Documents\GitHub\Doug Gilliland\Retro-Computers\6502\CC65\lib/osic1p.lib(ladd.o):
    CODE              Offs=000471  Size=000025  Align=00001  Fill=0000
    RODATA            Offs=000000  Size=000000  Align=00001  Fill=0000
    BSS               Offs=000016  Size=000000  Align=00001  Fill=0000
    DATA              Offs=000025  Size=000000  Align=00001  Fill=0000
    ZEROPAGE          Offs=000000  Size=000000  Align=00001  Fill=0000
    NULL              Offs=000000  Size=000000  Align=00001  Fill=0000
C:\Users\HPz420\Documents\GitHub\Doug Gilliland\Retro-Computers\6502\CC65\lib/osic1p.lib(ldaui.o):
    CODE              Offs=000496  Size=000009  Align=00001  Fill=0000
    RODATA            Offs=000000  Size=000000  Align=00001  Fill=0000
    BSS               Offs=000016  Size=000000  Align=00001  Fill=0000
    DATA              Offs=000025  Size=000000  Align=00001  Fill=0000
    ZEROPAGE          Offs=000000  Size=000000  Align=00001  Fill=0000
    NULL              Offs=000000  Size=000000  Align=00001  Fill=0000
C:\Users\HPz420\Documents\GitHub\Doug Gilliland\Retro-Computers\6502\CC65\lib/osic1p.lib(ldaxi.o):
    CODE              Offs=00049F  Size=00000D  Align=00001  Fill=0000
    RODATA            Offs=000000  Size=000000  Align=00001  Fill=0000
    BSS               Offs=000016  Size=000000  Align=00001  Fill=0000
    DATA              Offs=000025  Size=000000  Align=00001  Fill=0000
    ZEROPAGE          Offs=000000  Size=000000  Align=00001  Fill=0000
    NULL              Offs=000000  Size=000000  Align=00001  Fill=0000
C:\Users\HPz420\Documents\GitHub\Doug Gilliland\Retro-Computers\6502\CC65\lib/osic1p.lib(ldaxsp.o):
    CODE              Offs=0004AC  Size=000009  Align=00001  Fill=0000
    RODATA            Offs=000000  Size=000000  Align=00001  Fill=0000
    BSS               Offs=000016  Size=000000  Align=00001  Fill=0000
    DATA              Offs=000025  Size=000000  Align=00001  Fill=0000
    ZEROPAGE          Offs=000000  Size=000000  Align=00001  Fill=0000
    NULL              Offs=000000  Size=000000  Align=00001  Fill=0000
C:\Users\HPz420\Documents\GitHub\Doug Gilliland\Retro-Computers\6502\CC65\lib/osic1p.lib(ldeaxysp.o):
    CODE              Offs=0004B5  Size=000013  Align=00001  Fill=0000
    RODATA            Offs=000000  Size=000000  Align=00001  Fill=0000
    BSS               Offs=000016  Size=000000  Align=00001  Fill=0000
    DATA              Offs=000025  Size=000000  Align=00001  Fill=0000
    ZEROPAGE          Offs=000000  Size=000000  Align=00001  Fill=0000
    NULL              Offs=000000  Size=000000  Align=00001  Fill=0000
C:\Users\HPz420\Documents\GitHub\Doug Gilliland\Retro-Computers\6502\CC65\lib/osic1p.lib(lmul.o):
    CODE              Offs=0004C8  Size=00005C  Align=00001  Fill=0000
    RODATA            Offs=000000  Size=000000  Align=00001  Fill=0000
    BSS               Offs=000016  Size=000000  Align=00001  Fill=0000
    DATA              Offs=000025  Size=000000  Align=00001  Fill=0000
    ZEROPAGE          Offs=000000  Size=000000  Align=00001  Fill=0000
    NULL              Offs=000000  Size=000000  Align=00001  Fill=0000
C:\Users\HPz420\Documents\GitHub\Doug Gilliland\Retro-Computers\6502\CC65\lib/osic1p.lib(lpush.o):
    CODE              Offs=000524  Size=000021  Align=00001  Fill=0000
    RODATA            Offs=000000  Size=000000  Align=00001  Fill=0000
    BSS               Offs=000016  Size=000000  Align=00001  Fill=0000
    DATA              Offs=000025  Size=000000  Align=00001  Fill=0000
    ZEROPAGE          Offs=000000  Size=000000  Align=00001  Fill=0000
    NULL              Offs=000000  Size=000000  Align=00001  Fill=0000
C:\Users\HPz420\Documents\GitHub\Doug Gilliland\Retro-Computers\6502\CC65\lib/osic1p.lib(makebool.o):
    CODE              Offs=000545  Size=00002C  Align=00001  Fill=0000
    RODATA            Offs=000000  Size=000000  Align=00001  Fill=0000
    BSS               Offs=000016  Size=000000  Align=00001  Fill=0000
    DATA              Offs=000025  Size=000000  Align=00001  Fill=0000
    ZEROPAGE          Offs=000000  Size=000000  Align=00001  Fill=0000
    NULL              Offs=000000  Size=000000  Align=00001  Fill=0000
C:\Users\HPz420\Documents\GitHub\Doug Gilliland\Retro-Computers\6502\CC65\lib/osic1p.lib(pusha.o):
    CODE              Offs=000571  Size=000016  Align=00001  Fill=0000
    RODATA            Offs=000000  Size=000000  Align=00001  Fill=0000
    BSS               Offs=000016  Size=000000  Align=00001  Fill=0000
    DATA              Offs=000025  Size=000000  Align=00001  Fill=0000
    ZEROPAGE          Offs=000000  Size=000000  Align=00001  Fill=0000
    NULL              Offs=000000  Size=000000  Align=00001  Fill=0000
C:\Users\HPz420\Documents\GitHub\Doug Gilliland\Retro-Computers\6502\CC65\lib/osic1p.lib(pushax.o):
    CODE              Offs=000587  Size=00001A  Align=00001  Fill=0000
    RODATA            Offs=000000  Size=000000  Align=00001  Fill=0000
    BSS               Offs=000016  Size=000000  Align=00001  Fill=0000
    DATA              Offs=000025  Size=000000  Align=00001  Fill=0000
    ZEROPAGE          Offs=000000  Size=000000  Align=00001  Fill=0000
    NULL              Offs=000000  Size=000000  Align=00001  Fill=0000
C:\Users\HPz420\Documents\GitHub\Doug Gilliland\Retro-Computers\6502\CC65\lib/osic1p.lib(staspidx.o):
    CODE              Offs=0005A1  Size=000016  Align=00001  Fill=0000
    RODATA            Offs=000000  Size=000000  Align=00001  Fill=0000
    BSS               Offs=000016  Size=000000  Align=00001  Fill=0000
    DATA              Offs=000025  Size=000000  Align=00001  Fill=0000
    ZEROPAGE          Offs=000000  Size=000000  Align=00001  Fill=0000
    NULL              Offs=000000  Size=000000  Align=00001  Fill=0000
C:\Users\HPz420\Documents\GitHub\Doug Gilliland\Retro-Computers\6502\CC65\lib/osic1p.lib(staxsp.o):
    CODE              Offs=0005B7  Size=00000B  Align=00001  Fill=0000
    RODATA            Offs=000000  Size=000000  Align=00001  Fill=0000
    BSS               Offs=000016  Size=000000  Align=00001  Fill=0000
    DATA              Offs=000025  Size=000000  Align=00001  Fill=0000
    ZEROPAGE          Offs=000000  Size=000000  Align=00001  Fill=0000
    NULL              Offs=000000  Size=000000  Align=00001  Fill=0000
C:\Users\HPz420\Documents\GitHub\Doug Gilliland\Retro-Computers\6502\CC65\lib/osic1p.lib(toslong.o):
    CODE              Offs=0005C2  Size=000038  Align=00001  Fill=0000
    RODATA            Offs=000000  Size=000000  Align=00001  Fill=0000
    BSS               Offs=000016  Size=000000  Align=00001  Fill=0000
    DATA              Offs=000025  Size=000000  Align=00001  Fill=0000
    ZEROPAGE          Offs=000000  Size=000000  Align=00001  Fill=0000
    NULL              Offs=000000  Size=000000  Align=00001  Fill=0000
C:\Users\HPz420\Documents\GitHub\Doug Gilliland\Retro-Computers\6502\CC65\lib/osic1p.lib(zerobss.o):
    CODE              Offs=0005FA  Size=000023  Align=00001  Fill=0000
    RODATA            Offs=000000  Size=000000  Align=00001  Fill=0000
    BSS               Offs=000016  Size=000000  Align=00001  Fill=0000
    DATA              Offs=000025  Size=000000  Align=00001  Fill=0000
    ZEROPAGE          Offs=000000  Size=000000  Align=00001  Fill=0000
    NULL              Offs=000000  Size=000000  Align=00001  Fill=0000
C:\Users\HPz420\Documents\GitHub\Doug Gilliland\Retro-Computers\6502\CC65\lib/osic1p.lib(zeropage.o):
    CODE              Offs=00061D  Size=000000  Align=00001  Fill=0000
    RODATA            Offs=000000  Size=000000  Align=00001  Fill=0000
    BSS               Offs=000016  Size=000000  Align=00001  Fill=0000
    DATA              Offs=000025  Size=000000  Align=00001  Fill=0000
    ZEROPAGE          Offs=000000  Size=00001A  Align=00001  Fill=0000
    NULL              Offs=000000  Size=000000  Align=00001  Fill=0000


Segment list:
-------------
Name                   Start     End    Size  Align
----------------------------------------------------
NULL                  000000  000000  000000  00001
ZEROPAGE              000002  00001B  00001A  00001
STARTUP               000300  00031A  00001B  00001
ONCE                  00031B  000326  00000C  00001
CODE                  000327  000943  00061D  00001
DATA                  000944  000968  000025  00001
RODATA                000944  000944  000000  00001
BSS                   000969  00097E  000016  00001


Exports list by name:
---------------------
_BPB_FATSz32_32           00096D  LA    _BPB_NumFATs_8            00096C  LA    
_BPB_RsvdSecCnt_16        00096A  LA    _BPB_SecPerClus_8         000969  LA    
_DIR_FstClusHI_16         000971  LA    _DIR_FstClusLo_16         000973  LA    
__BSS_LOAD__              000969  LA    __BSS_RUN__               000969 RLA    
__BSS_SIZE__              000016 REA    __CONSTRUCTOR_COUNT__     000000 REA    
__CONSTRUCTOR_TABLE__     000327 RLA    __DESTRUCTOR_COUNT__      000000 REA    
__DESTRUCTOR_TABLE__      000944 RLA    __HIMEM__                 002000  EA    
__MAIN_FILEOFFS__         000000  EA    __MAIN_LAST__             00097F  LA    
__MAIN_SIZE__             001B00 REA    __MAIN_START__            000300 RLA    
__STACKSIZE__             000200 REA    __STARTUP__               000001 REA    
__ZP_FILEOFFS__           000000  EA    __ZP_LAST__               00001C  LA    
__ZP_SIZE__               00003A  EA    __ZP_START__              000002  LA    
_exit                     000315  LA    _fileNumber               000975  LA    
_fileSectorNum_32         00097B  LA    _firstDataSectorNum_32    000977  LA    
_init                     000300  LA    _issueSDCardCommand       000327  LA    
_main                     0004F8 RLA    _readBlock                0003A4  LA    
_readByteFromSDCard       000375  LA    _readSector               0004AC  LA    
_setSRAMBank              0004E8  LA    _waitSDCardRcvDataReady   000355  LA    
_waitSDCardReady          000337  LA    _waitSDCardTxDataEmpty    000365  LA    
_writeBlock               00040F  LA    _writeByteToSDCard        000391  LA    
addysp                    0006F1 RLA    addysp1                   0006F0 RLA    
aslax1                    0006FE  LA    aslax4                    000706  LA    
asleax1                   000717  LA    axlong                    000723  LA    
axulong                   000729 RLA    booleq                    000872  LA    
boolge                    000883  LA    boolgt                    000881  LA    
boolle                    000879  LA    boollt                    00087B  LA    
boolne                    00086C RLA    booluge                   000893  LA    
boolugt                   000891  LA    boolule                   000889  LA    
boolult                   00088B RLA    condes                    000944  LA    
decsp1                    00073C RLA    decsp2                    000745 RLA    
decsp4                    000752 RLA    donelib                   000730 RLA    
incax1                    00075F RLA    incax4                    000766  LA    
incaxy                    000768 RLA    incsp1                    000771 RLA    
incsp2                    000780 RLA    incsp4                    00078E RLA    
incsp8                    000793 RLA    initlib                   00031B RLA    
ldauidx                   0007BD RLA    ldax0sp                   0007D3  LA    
ldaxi                     0007C6  LA    ldaxidx                   0007C8 RLA    
ldaxysp                   0007D5 RLA    ldeax0sp                  0007DC  LA    
ldeaxysp                  0007DE RLA    popax                     000778  LA    
ptr1                      00000A RLZ    ptr2                      00000C  LZ    
ptr3                      00000E RLZ    ptr4                      000010 RLZ    
push0                     0008AE  LA    push0ax                   00084E  LA    
pusha                     00089C RLA    pusha0                    0008B0  LA    
pusha0sp                  000898  LA    pushax                    0008B2 RLA    
pushaysp                  00089A  LA    pusheax                   000854 RLA    
pushl0                    00084B  LA    regbank                   000016  LZ    
regsave                   000006 RLZ    shlax1                    0006FE RLA    
shlax4                    000706 RLA    shleax1                   000717 RLA    
sp                        000002 RLZ    sreg                      000004 RLZ    
staspidx                  0008C8 RLA    stax0sp                   0008DE  LA    
staxysp                   0008E0 RLA    tmp1                      000012 RLZ    
tmp2                      000013 RLZ    tmp3                      000014 RLZ    
tmp4                      000015 RLZ    tosadd0ax                 000798  LA    
tosadda0                  0006D4  LA    tosaddax                  0006D6 RLA    
tosaddeax                 00079E RLA    toslong                   000907  LA    
tosmul0ax                 0007EF  LA    tosmuleax                 0007F5  LA    
tosulong                  0008E9 RLA    tosumul0ax                0007EF  LA    
tosumuleax                0007F5 RLA    zerobss                   000921 RLA    



Exports list by value:
----------------------
__CONSTRUCTOR_COUNT__     000000 REA    __MAIN_FILEOFFS__         000000  EA    
__ZP_FILEOFFS__           000000  EA    __DESTRUCTOR_COUNT__      000000 REA    
__STARTUP__               000001 REA    sp                        000002 RLZ    
__ZP_START__              000002  LA    sreg                      000004 RLZ    
regsave                   000006 RLZ    ptr1                      00000A RLZ    
ptr2                      00000C  LZ    ptr3                      00000E RLZ    
ptr4                      000010 RLZ    tmp1                      000012 RLZ    
tmp2                      000013 RLZ    tmp3                      000014 RLZ    
tmp4                      000015 RLZ    regbank                   000016  LZ    
__BSS_SIZE__              000016 REA    __ZP_LAST__               00001C  LA    
__ZP_SIZE__               00003A  EA    __STACKSIZE__             000200 REA    
_init                     000300  LA    __MAIN_START__            000300 RLA    
_exit                     000315  LA    initlib                   00031B RLA    
_issueSDCardCommand       000327  LA    __CONSTRUCTOR_TABLE__     000327 RLA    
_waitSDCardReady          000337  LA    _waitSDCardRcvDataReady   000355  LA    
_waitSDCardTxDataEmpty    000365  LA    _readByteFromSDCard       000375  LA    
_writeByteToSDCard        000391  LA    _readBlock                0003A4  LA    
_writeBlock               00040F  LA    _readSector               0004AC  LA    
_setSRAMBank              0004E8  LA    _main                     0004F8 RLA    
tosadda0                  0006D4  LA    tosaddax                  0006D6 RLA    
addysp1                   0006F0 RLA    addysp                    0006F1 RLA    
aslax1                    0006FE  LA    shlax1                    0006FE RLA    
aslax4                    000706  LA    shlax4                    000706 RLA    
shleax1                   000717 RLA    asleax1                   000717  LA    
axlong                    000723  LA    axulong                   000729 RLA    
donelib                   000730 RLA    decsp1                    00073C RLA    
decsp2                    000745 RLA    decsp4                    000752 RLA    
incax1                    00075F RLA    incax4                    000766  LA    
incaxy                    000768 RLA    incsp1                    000771 RLA    
popax                     000778  LA    incsp2                    000780 RLA    
incsp4                    00078E RLA    incsp8                    000793 RLA    
tosadd0ax                 000798  LA    tosaddeax                 00079E RLA    
ldauidx                   0007BD RLA    ldaxi                     0007C6  LA    
ldaxidx                   0007C8 RLA    ldax0sp                   0007D3  LA    
ldaxysp                   0007D5 RLA    ldeax0sp                  0007DC  LA    
ldeaxysp                  0007DE RLA    tosmul0ax                 0007EF  LA    
tosumul0ax                0007EF  LA    tosumuleax                0007F5 RLA    
tosmuleax                 0007F5  LA    pushl0                    00084B  LA    
push0ax                   00084E  LA    pusheax                   000854 RLA    
boolne                    00086C RLA    booleq                    000872  LA    
boolle                    000879  LA    boollt                    00087B  LA    
boolgt                    000881  LA    boolge                    000883  LA    
boolule                   000889  LA    boolult                   00088B RLA    
boolugt                   000891  LA    booluge                   000893  LA    
pusha0sp                  000898  LA    pushaysp                  00089A  LA    
pusha                     00089C RLA    push0                     0008AE  LA    
pusha0                    0008B0  LA    pushax                    0008B2 RLA    
staspidx                  0008C8 RLA    stax0sp                   0008DE  LA    
staxysp                   0008E0 RLA    tosulong                  0008E9 RLA    
toslong                   000907  LA    zerobss                   000921 RLA    
__DESTRUCTOR_TABLE__      000944 RLA    condes                    000944  LA    
__BSS_RUN__               000969 RLA    __BSS_LOAD__              000969  LA    
_BPB_SecPerClus_8         000969  LA    _BPB_RsvdSecCnt_16        00096A  LA    
_BPB_NumFATs_8            00096C  LA    _BPB_FATSz32_32           00096D  LA    
_DIR_FstClusHI_16         000971  LA    _DIR_FstClusLo_16         000973  LA    
_fileNumber               000975  LA    _firstDataSectorNum_32    000977  LA    
_fileSectorNum_32         00097B  LA    __MAIN_LAST__             00097F  LA    
__MAIN_SIZE__             001B00 REA    __HIMEM__                 002000  EA    



Imports list:
-------------
_BPB_FATSz32_32 (DumpDir.o):
_BPB_NumFATs_8 (DumpDir.o):
_BPB_RsvdSecCnt_16 (DumpDir.o):
_BPB_SecPerClus_8 (DumpDir.o):
_DIR_FstClusHI_16 (DumpDir.o):
_DIR_FstClusLo_16 (DumpDir.o):
__BSS_LOAD__ ([linker generated]):
__BSS_RUN__ ([linker generated]):
    zerobss.o                 common/zerobss.s(8)
__BSS_SIZE__ ([linker generated]):
    zerobss.o                 common/zerobss.s(8)
__CONSTRUCTOR_COUNT__ ([linker generated]):
    condes.o                  runtime/condes.s(18)
__CONSTRUCTOR_TABLE__ ([linker generated]):
    condes.o                  runtime/condes.s(18)
__DESTRUCTOR_COUNT__ ([linker generated]):
    condes.o                  runtime/condes.s(19)
__DESTRUCTOR_TABLE__ ([linker generated]):
    condes.o                  runtime/condes.s(19)
__HIMEM__ ([linker generated]):
__MAIN_FILEOFFS__ ([linker generated]):
__MAIN_LAST__ ([linker generated]):
__MAIN_SIZE__ ([linker generated]):
    crt0.o                    osic1p/crt0.s(11)
__MAIN_START__ ([linker generated]):
    crt0.o                    osic1p/crt0.s(11)
__STACKSIZE__ ([linker generated]):
    crt0.o                    osic1p/crt0.s(12)
__STARTUP__ (crt0.o):
    DumpDir.o                 DumpDir.s(13)
__ZP_FILEOFFS__ ([linker generated]):
__ZP_LAST__ ([linker generated]):
__ZP_SIZE__ ([linker generated]):
__ZP_START__ ([linker generated]):
_exit (crt0.o):
_fileNumber (DumpDir.o):
_fileSectorNum_32 (DumpDir.o):
_firstDataSectorNum_32 (DumpDir.o):
_init (crt0.o):
_issueSDCardCommand (DumpDir.o):
_main (DumpDir.o):
    crt0.o                    osic1p/crt0.s(8)
_readBlock (DumpDir.o):
_readByteFromSDCard (DumpDir.o):
_readSector (DumpDir.o):
_setSRAMBank (DumpDir.o):
_waitSDCardRcvDataReady (DumpDir.o):
_waitSDCardReady (DumpDir.o):
_waitSDCardTxDataEmpty (DumpDir.o):
_writeBlock (DumpDir.o):
_writeByteToSDCard (DumpDir.o):
addysp (addysp.o):
    incsp8.o                  runtime/incsp8.s(8)
    incsp4.o                  runtime/incsp4.s(8)
addysp1 (addysp.o):
    lmul.o                    runtime/lmul.s(9)
    ladd.o                    runtime/ladd.s(8)
aslax1 (aslax1.o):
aslax4 (aslax4.o):
asleax1 (asleax1.o):
axlong (axlong.o):
axulong (axlong.o):
    DumpDir.o                 DumpDir.s(574)
booleq (makebool.o):
boolge (makebool.o):
boolgt (makebool.o):
boolle (makebool.o):
boollt (makebool.o):
boolne (makebool.o):
    DumpDir.o                 DumpDir.s(574)
    DumpDir.o                 DumpDir.s(574)
    DumpDir.o                 DumpDir.s(574)
booluge (makebool.o):
boolugt (makebool.o):
boolule (makebool.o):
boolult (makebool.o):
    DumpDir.o                 DumpDir.s(574)
    DumpDir.o                 DumpDir.s(574)
condes (condes.o):
decsp1 (decsp1.o):
    DumpDir.o                 DumpDir.s(574)
decsp2 (decsp2.o):
    toslong.o                 runtime/toslong.s(8)
decsp4 (decsp4.o):
    lpush.o                   runtime/lpush.s(12)
    DumpDir.o                 DumpDir.s(574)
    DumpDir.o                 DumpDir.s(574)
donelib (condes.o):
    crt0.o                    osic1p/crt0.s(14)
incax1 (incax1.o):
    DumpDir.o                 DumpDir.s(574)
    DumpDir.o                 DumpDir.s(574)
incax4 (incaxy.o):
incaxy (incaxy.o):
    DumpDir.o                 DumpDir.s(574)
incsp1 (incsp1.o):
    DumpDir.o                 DumpDir.s(574)
    DumpDir.o                 DumpDir.s(574)
    DumpDir.o                 DumpDir.s(574)
    DumpDir.o                 DumpDir.s(574)
incsp2 (incsp2.o):
    staspidx.o                runtime/staspidx.s(8)
incsp4 (incsp4.o):
    DumpDir.o                 DumpDir.s(574)
    DumpDir.o                 DumpDir.s(574)
incsp8 (incsp8.o):
    DumpDir.o                 DumpDir.s(574)
initlib (condes.o):
    crt0.o                    osic1p/crt0.s(14)
ldauidx (ldaui.o):
    DumpDir.o                 DumpDir.s(574)
ldax0sp (ldaxsp.o):
ldaxi (ldaxi.o):
ldaxidx (ldaxi.o):
    DumpDir.o                 DumpDir.s(574)
ldaxysp (ldaxsp.o):
    DumpDir.o                 DumpDir.s(574)
    DumpDir.o                 DumpDir.s(574)
ldeax0sp (ldeaxysp.o):
ldeaxysp (ldeaxysp.o):
    DumpDir.o                 DumpDir.s(574)
    DumpDir.o                 DumpDir.s(574)
popax (incsp2.o):
ptr1 (zeropage.o):
    zerobss.o                 common/zerobss.s(9)
    staspidx.o                runtime/staspidx.s(9)
    lmul.o                    runtime/lmul.s(10)
    ldaxi.o                   runtime/ldaxi.s(8)
    ldaui.o                   runtime/ldaui.s(8)
ptr2 (zeropage.o):
ptr3 (zeropage.o):
    lmul.o                    runtime/lmul.s(10)
ptr4 (zeropage.o):
    lmul.o                    runtime/lmul.s(10)
push0 (pushax.o):
push0ax (lpush.o):
pusha (pusha.o):
    DumpDir.o                 DumpDir.s(574)
    DumpDir.o                 DumpDir.s(574)
    DumpDir.o                 DumpDir.s(574)
pusha0 (pushax.o):
pusha0sp (pusha.o):
pushax (pushax.o):
    DumpDir.o                 DumpDir.s(574)
    DumpDir.o                 DumpDir.s(574)
pushaysp (pusha.o):
pusheax (lpush.o):
    DumpDir.o                 DumpDir.s(574)
    DumpDir.o                 DumpDir.s(574)
    DumpDir.o                 DumpDir.s(574)
pushl0 (lpush.o):
regbank (zeropage.o):
regsave (zeropage.o):
    DumpDir.o                 DumpDir.s(10)
shlax1 (aslax1.o):
    DumpDir.o                 DumpDir.s(574)
shlax4 (aslax4.o):
    DumpDir.o                 DumpDir.s(574)
shleax1 (asleax1.o):
    DumpDir.o                 DumpDir.s(574)
sp (zeropage.o):
    incsp2.o                  runtime/incsp2.s(8)
    decsp2.o                  runtime/decsp2.s(8)
    addysp.o                  runtime/addysp.s(8)
    toslong.o                 runtime/toslong.s(9)
    staxsp.o                  runtime/staxsp.s(8)
    staspidx.o                runtime/staspidx.s(9)
    pushax.o                  runtime/pushax.s(8)
    pusha.o                   runtime/pusha.s(8)
    lpush.o                   runtime/lpush.s(13)
    lmul.o                    runtime/lmul.s(10)
    ldeaxysp.o                runtime/ldeaxysp.s(12)
    ldaxsp.o                  runtime/ldaxsp.s(8)
    ladd.o                    runtime/ladd.s(9)
    incsp1.o                  runtime/incsp1.s(8)
    decsp4.o                  runtime/decsp4.s(8)
    decsp1.o                  runtime/decsp1.s(8)
    crt0.o                    /home/travis/build/cc65/cc65/asminc/zeropage.inc(11)
    add.o                     runtime/add.s(12)
    DumpDir.o                 DumpDir.s(10)
sreg (zeropage.o):
    lpush.o                   runtime/lpush.s(13)
    lmul.o                    runtime/lmul.s(10)
    ldeaxysp.o                runtime/ldeaxysp.s(12)
    ladd.o                    runtime/ladd.s(9)
    axlong.o                  runtime/axlong.s(9)
    asleax1.o                 runtime/asleax1.s(8)
    DumpDir.o                 DumpDir.s(10)
staspidx (staspidx.o):
    DumpDir.o                 DumpDir.s(574)
stax0sp (staxsp.o):
staxysp (staxsp.o):
    DumpDir.o                 DumpDir.s(574)
    DumpDir.o                 DumpDir.s(574)
tmp1 (zeropage.o):
    staspidx.o                runtime/staspidx.s(9)
    ladd.o                    runtime/ladd.s(9)
    incaxy.o                  runtime/incaxy.s(8)
    asleax1.o                 runtime/asleax1.s(8)
    aslax4.o                  runtime/aslax4.s(8)
    aslax1.o                  runtime/aslax1.s(8)
    add.o                     runtime/add.s(12)
tmp2 (zeropage.o):
    lmul.o                    runtime/lmul.s(10)
tmp3 (zeropage.o):
    lmul.o                    runtime/lmul.s(10)
tmp4 (zeropage.o):
    lmul.o                    runtime/lmul.s(10)
tosadd0ax (ladd.o):
tosadda0 (add.o):
tosaddax (add.o):
    DumpDir.o                 DumpDir.s(574)
tosaddeax (ladd.o):
    DumpDir.o                 DumpDir.s(574)
toslong (toslong.o):
tosmul0ax (lmul.o):
tosmuleax (lmul.o):
tosulong (toslong.o):
    DumpDir.o                 DumpDir.s(574)
tosumul0ax (lmul.o):
tosumuleax (lmul.o):
    DumpDir.o                 DumpDir.s(574)
zerobss (zerobss.o):
    crt0.o                    osic1p/crt0.s(14)

