Modules list:
-------------
OSISDOS.o:
    CODE              Offs=000000  Size=00027D  Align=00001  Fill=0000
    RODATA            Offs=000000  Size=000000  Align=00001  Fill=0000
    BSS               Offs=000000  Size=000000  Align=00001  Fill=0000
    DATA              Offs=000000  Size=000000  Align=00001  Fill=0000
    ZEROPAGE          Offs=000000  Size=000000  Align=00001  Fill=0000
    NULL              Offs=000000  Size=000000  Align=00001  Fill=0000
C:\Users\HPz420\Documents\GitHub\Doug Gilliland\Retro-Computers\6502\CC65\lib/osic1p.lib(addysp.o):
    CODE              Offs=00027D  Size=00000E  Align=00001  Fill=0000
    RODATA            Offs=000000  Size=000000  Align=00001  Fill=0000
    BSS               Offs=000000  Size=000000  Align=00001  Fill=0000
    DATA              Offs=000000  Size=000000  Align=00001  Fill=0000
    ZEROPAGE          Offs=000000  Size=000000  Align=00001  Fill=0000
    NULL              Offs=000000  Size=000000  Align=00001  Fill=0000
C:\Users\HPz420\Documents\GitHub\Doug Gilliland\Retro-Computers\6502\CC65\lib/osic1p.lib(asleax1.o):
    CODE              Offs=00028B  Size=00000C  Align=00001  Fill=0000
    RODATA            Offs=000000  Size=000000  Align=00001  Fill=0000
    BSS               Offs=000000  Size=000000  Align=00001  Fill=0000
    DATA              Offs=000000  Size=000000  Align=00001  Fill=0000
    ZEROPAGE          Offs=000000  Size=000000  Align=00001  Fill=0000
    NULL              Offs=000000  Size=000000  Align=00001  Fill=0000
C:\Users\HPz420\Documents\GitHub\Doug Gilliland\Retro-Computers\6502\CC65\lib/osic1p.lib(condes.o):
    CODE              Offs=000297  Size=00000C  Align=00001  Fill=0000
    RODATA            Offs=000000  Size=000000  Align=00001  Fill=0000
    BSS               Offs=000000  Size=000000  Align=00001  Fill=0000
    DATA              Offs=000000  Size=000025  Align=00001  Fill=0000
    ZEROPAGE          Offs=000000  Size=000000  Align=00001  Fill=0000
    NULL              Offs=000000  Size=000000  Align=00001  Fill=0000
    ONCE              Offs=000000  Size=00000C  Align=00001  Fill=0000
C:\Users\HPz420\Documents\GitHub\Doug Gilliland\Retro-Computers\6502\CC65\lib/osic1p.lib(crt0.o):
    CODE              Offs=0002A3  Size=000000  Align=00001  Fill=0000
    RODATA            Offs=000000  Size=000000  Align=00001  Fill=0000
    BSS               Offs=000000  Size=000000  Align=00001  Fill=0000
    DATA              Offs=000025  Size=000000  Align=00001  Fill=0000
    ZEROPAGE          Offs=000000  Size=000000  Align=00001  Fill=0000
    NULL              Offs=000000  Size=000000  Align=00001  Fill=0000
    STARTUP           Offs=000000  Size=00001B  Align=00001  Fill=0000
C:\Users\HPz420\Documents\GitHub\Doug Gilliland\Retro-Computers\6502\CC65\lib/osic1p.lib(decsp1.o):
    CODE              Offs=0002A3  Size=000009  Align=00001  Fill=0000
    RODATA            Offs=000000  Size=000000  Align=00001  Fill=0000
    BSS               Offs=000000  Size=000000  Align=00001  Fill=0000
    DATA              Offs=000025  Size=000000  Align=00001  Fill=0000
    ZEROPAGE          Offs=000000  Size=000000  Align=00001  Fill=0000
    NULL              Offs=000000  Size=000000  Align=00001  Fill=0000
C:\Users\HPz420\Documents\GitHub\Doug Gilliland\Retro-Computers\6502\CC65\lib/osic1p.lib(decsp2.o):
    CODE              Offs=0002AC  Size=00000D  Align=00001  Fill=0000
    RODATA            Offs=000000  Size=000000  Align=00001  Fill=0000
    BSS               Offs=000000  Size=000000  Align=00001  Fill=0000
    DATA              Offs=000025  Size=000000  Align=00001  Fill=0000
    ZEROPAGE          Offs=000000  Size=000000  Align=00001  Fill=0000
    NULL              Offs=000000  Size=000000  Align=00001  Fill=0000
C:\Users\HPz420\Documents\GitHub\Doug Gilliland\Retro-Computers\6502\CC65\lib/osic1p.lib(decsp4.o):
    CODE              Offs=0002B9  Size=00000D  Align=00001  Fill=0000
    RODATA            Offs=000000  Size=000000  Align=00001  Fill=0000
    BSS               Offs=000000  Size=000000  Align=00001  Fill=0000
    DATA              Offs=000025  Size=000000  Align=00001  Fill=0000
    ZEROPAGE          Offs=000000  Size=000000  Align=00001  Fill=0000
    NULL              Offs=000000  Size=000000  Align=00001  Fill=0000
C:\Users\HPz420\Documents\GitHub\Doug Gilliland\Retro-Computers\6502\CC65\lib/osic1p.lib(incax1.o):
    CODE              Offs=0002C6  Size=000007  Align=00001  Fill=0000
    RODATA            Offs=000000  Size=000000  Align=00001  Fill=0000
    BSS               Offs=000000  Size=000000  Align=00001  Fill=0000
    DATA              Offs=000025  Size=000000  Align=00001  Fill=0000
    ZEROPAGE          Offs=000000  Size=000000  Align=00001  Fill=0000
    NULL              Offs=000000  Size=000000  Align=00001  Fill=0000
C:\Users\HPz420\Documents\GitHub\Doug Gilliland\Retro-Computers\6502\CC65\lib/osic1p.lib(incsp1.o):
    CODE              Offs=0002CD  Size=000007  Align=00001  Fill=0000
    RODATA            Offs=000000  Size=000000  Align=00001  Fill=0000
    BSS               Offs=000000  Size=000000  Align=00001  Fill=0000
    DATA              Offs=000025  Size=000000  Align=00001  Fill=0000
    ZEROPAGE          Offs=000000  Size=000000  Align=00001  Fill=0000
    NULL              Offs=000000  Size=000000  Align=00001  Fill=0000
C:\Users\HPz420\Documents\GitHub\Doug Gilliland\Retro-Computers\6502\CC65\lib/osic1p.lib(incsp2.o):
    CODE              Offs=0002D4  Size=000016  Align=00001  Fill=0000
    RODATA            Offs=000000  Size=000000  Align=00001  Fill=0000
    BSS               Offs=000000  Size=000000  Align=00001  Fill=0000
    DATA              Offs=000025  Size=000000  Align=00001  Fill=0000
    ZEROPAGE          Offs=000000  Size=000000  Align=00001  Fill=0000
    NULL              Offs=000000  Size=000000  Align=00001  Fill=0000
C:\Users\HPz420\Documents\GitHub\Doug Gilliland\Retro-Computers\6502\CC65\lib/osic1p.lib(incsp4.o):
    CODE              Offs=0002EA  Size=000005  Align=00001  Fill=0000
    RODATA            Offs=000000  Size=000000  Align=00001  Fill=0000
    BSS               Offs=000000  Size=000000  Align=00001  Fill=0000
    DATA              Offs=000025  Size=000000  Align=00001  Fill=0000
    ZEROPAGE          Offs=000000  Size=000000  Align=00001  Fill=0000
    NULL              Offs=000000  Size=000000  Align=00001  Fill=0000
C:\Users\HPz420\Documents\GitHub\Doug Gilliland\Retro-Computers\6502\CC65\lib/osic1p.lib(ladd.o):
    CODE              Offs=0002EF  Size=000025  Align=00001  Fill=0000
    RODATA            Offs=000000  Size=000000  Align=00001  Fill=0000
    BSS               Offs=000000  Size=000000  Align=00001  Fill=0000
    DATA              Offs=000025  Size=000000  Align=00001  Fill=0000
    ZEROPAGE          Offs=000000  Size=000000  Align=00001  Fill=0000
    NULL              Offs=000000  Size=000000  Align=00001  Fill=0000
C:\Users\HPz420\Documents\GitHub\Doug Gilliland\Retro-Computers\6502\CC65\lib/osic1p.lib(ldaui.o):
    CODE              Offs=000314  Size=000009  Align=00001  Fill=0000
    RODATA            Offs=000000  Size=000000  Align=00001  Fill=0000
    BSS               Offs=000000  Size=000000  Align=00001  Fill=0000
    DATA              Offs=000025  Size=000000  Align=00001  Fill=0000
    ZEROPAGE          Offs=000000  Size=000000  Align=00001  Fill=0000
    NULL              Offs=000000  Size=000000  Align=00001  Fill=0000
C:\Users\HPz420\Documents\GitHub\Doug Gilliland\Retro-Computers\6502\CC65\lib/osic1p.lib(ldaxsp.o):
    CODE              Offs=00031D  Size=000009  Align=00001  Fill=0000
    RODATA            Offs=000000  Size=000000  Align=00001  Fill=0000
    BSS               Offs=000000  Size=000000  Align=00001  Fill=0000
    DATA              Offs=000025  Size=000000  Align=00001  Fill=0000
    ZEROPAGE          Offs=000000  Size=000000  Align=00001  Fill=0000
    NULL              Offs=000000  Size=000000  Align=00001  Fill=0000
C:\Users\HPz420\Documents\GitHub\Doug Gilliland\Retro-Computers\6502\CC65\lib/osic1p.lib(ldeaxysp.o):
    CODE              Offs=000326  Size=000013  Align=00001  Fill=0000
    RODATA            Offs=000000  Size=000000  Align=00001  Fill=0000
    BSS               Offs=000000  Size=000000  Align=00001  Fill=0000
    DATA              Offs=000025  Size=000000  Align=00001  Fill=0000
    ZEROPAGE          Offs=000000  Size=000000  Align=00001  Fill=0000
    NULL              Offs=000000  Size=000000  Align=00001  Fill=0000
C:\Users\HPz420\Documents\GitHub\Doug Gilliland\Retro-Computers\6502\CC65\lib/osic1p.lib(lpush.o):
    CODE              Offs=000339  Size=000021  Align=00001  Fill=0000
    RODATA            Offs=000000  Size=000000  Align=00001  Fill=0000
    BSS               Offs=000000  Size=000000  Align=00001  Fill=0000
    DATA              Offs=000025  Size=000000  Align=00001  Fill=0000
    ZEROPAGE          Offs=000000  Size=000000  Align=00001  Fill=0000
    NULL              Offs=000000  Size=000000  Align=00001  Fill=0000
C:\Users\HPz420\Documents\GitHub\Doug Gilliland\Retro-Computers\6502\CC65\lib/osic1p.lib(makebool.o):
    CODE              Offs=00035A  Size=00002C  Align=00001  Fill=0000
    RODATA            Offs=000000  Size=000000  Align=00001  Fill=0000
    BSS               Offs=000000  Size=000000  Align=00001  Fill=0000
    DATA              Offs=000025  Size=000000  Align=00001  Fill=0000
    ZEROPAGE          Offs=000000  Size=000000  Align=00001  Fill=0000
    NULL              Offs=000000  Size=000000  Align=00001  Fill=0000
C:\Users\HPz420\Documents\GitHub\Doug Gilliland\Retro-Computers\6502\CC65\lib/osic1p.lib(pusha.o):
    CODE              Offs=000386  Size=000016  Align=00001  Fill=0000
    RODATA            Offs=000000  Size=000000  Align=00001  Fill=0000
    BSS               Offs=000000  Size=000000  Align=00001  Fill=0000
    DATA              Offs=000025  Size=000000  Align=00001  Fill=0000
    ZEROPAGE          Offs=000000  Size=000000  Align=00001  Fill=0000
    NULL              Offs=000000  Size=000000  Align=00001  Fill=0000
C:\Users\HPz420\Documents\GitHub\Doug Gilliland\Retro-Computers\6502\CC65\lib/osic1p.lib(pushax.o):
    CODE              Offs=00039C  Size=00001A  Align=00001  Fill=0000
    RODATA            Offs=000000  Size=000000  Align=00001  Fill=0000
    BSS               Offs=000000  Size=000000  Align=00001  Fill=0000
    DATA              Offs=000025  Size=000000  Align=00001  Fill=0000
    ZEROPAGE          Offs=000000  Size=000000  Align=00001  Fill=0000
    NULL              Offs=000000  Size=000000  Align=00001  Fill=0000
C:\Users\HPz420\Documents\GitHub\Doug Gilliland\Retro-Computers\6502\CC65\lib/osic1p.lib(staspidx.o):
    CODE              Offs=0003B6  Size=000016  Align=00001  Fill=0000
    RODATA            Offs=000000  Size=000000  Align=00001  Fill=0000
    BSS               Offs=000000  Size=000000  Align=00001  Fill=0000
    DATA              Offs=000025  Size=000000  Align=00001  Fill=0000
    ZEROPAGE          Offs=000000  Size=000000  Align=00001  Fill=0000
    NULL              Offs=000000  Size=000000  Align=00001  Fill=0000
C:\Users\HPz420\Documents\GitHub\Doug Gilliland\Retro-Computers\6502\CC65\lib/osic1p.lib(staxsp.o):
    CODE              Offs=0003CC  Size=00000B  Align=00001  Fill=0000
    RODATA            Offs=000000  Size=000000  Align=00001  Fill=0000
    BSS               Offs=000000  Size=000000  Align=00001  Fill=0000
    DATA              Offs=000025  Size=000000  Align=00001  Fill=0000
    ZEROPAGE          Offs=000000  Size=000000  Align=00001  Fill=0000
    NULL              Offs=000000  Size=000000  Align=00001  Fill=0000
C:\Users\HPz420\Documents\GitHub\Doug Gilliland\Retro-Computers\6502\CC65\lib/osic1p.lib(steaxsp.o):
    CODE              Offs=0003D7  Size=000015  Align=00001  Fill=0000
    RODATA            Offs=000000  Size=000000  Align=00001  Fill=0000
    BSS               Offs=000000  Size=000000  Align=00001  Fill=0000
    DATA              Offs=000025  Size=000000  Align=00001  Fill=0000
    ZEROPAGE          Offs=000000  Size=000000  Align=00001  Fill=0000
    NULL              Offs=000000  Size=000000  Align=00001  Fill=0000
C:\Users\HPz420\Documents\GitHub\Doug Gilliland\Retro-Computers\6502\CC65\lib/osic1p.lib(subysp.o):
    CODE              Offs=0003EC  Size=00000D  Align=00001  Fill=0000
    RODATA            Offs=000000  Size=000000  Align=00001  Fill=0000
    BSS               Offs=000000  Size=000000  Align=00001  Fill=0000
    DATA              Offs=000025  Size=000000  Align=00001  Fill=0000
    ZEROPAGE          Offs=000000  Size=000000  Align=00001  Fill=0000
    NULL              Offs=000000  Size=000000  Align=00001  Fill=0000
C:\Users\HPz420\Documents\GitHub\Doug Gilliland\Retro-Computers\6502\CC65\lib/osic1p.lib(toslong.o):
    CODE              Offs=0003F9  Size=000038  Align=00001  Fill=0000
    RODATA            Offs=000000  Size=000000  Align=00001  Fill=0000
    BSS               Offs=000000  Size=000000  Align=00001  Fill=0000
    DATA              Offs=000025  Size=000000  Align=00001  Fill=0000
    ZEROPAGE          Offs=000000  Size=000000  Align=00001  Fill=0000
    NULL              Offs=000000  Size=000000  Align=00001  Fill=0000
C:\Users\HPz420\Documents\GitHub\Doug Gilliland\Retro-Computers\6502\CC65\lib/osic1p.lib(zerobss.o):
    CODE              Offs=000431  Size=000023  Align=00001  Fill=0000
    RODATA            Offs=000000  Size=000000  Align=00001  Fill=0000
    BSS               Offs=000000  Size=000000  Align=00001  Fill=0000
    DATA              Offs=000025  Size=000000  Align=00001  Fill=0000
    ZEROPAGE          Offs=000000  Size=000000  Align=00001  Fill=0000
    NULL              Offs=000000  Size=000000  Align=00001  Fill=0000
C:\Users\HPz420\Documents\GitHub\Doug Gilliland\Retro-Computers\6502\CC65\lib/osic1p.lib(zeropage.o):
    CODE              Offs=000454  Size=000000  Align=00001  Fill=0000
    RODATA            Offs=000000  Size=000000  Align=00001  Fill=0000
    BSS               Offs=000000  Size=000000  Align=00001  Fill=0000
    DATA              Offs=000025  Size=000000  Align=00001  Fill=0000
    ZEROPAGE          Offs=000000  Size=00001A  Align=00001  Fill=0000
    NULL              Offs=000000  Size=000000  Align=00001  Fill=0000


Segment list:
-------------
Name                   Start     End    Size  Align
----------------------------------------------------
NULL                  000000  000000  000000  00001
ZEROPAGE              000002  00001B  00001A  00001
STARTUP               000300  00031A  00001B  00001
ONCE                  00031B  000326  00000C  00001
CODE                  000327  00077A  000454  00001
DATA                  00077B  00079F  000025  00001
RODATA                00077B  00077B  000000  00001
BSS                   0007A0  0007A0  000000  00001


Exports list by name:
---------------------
__BSS_LOAD__              0007A0  LA    __BSS_RUN__               0007A0 RLA    
__BSS_SIZE__              000000 REA    __CONSTRUCTOR_COUNT__     000000 REA    
__CONSTRUCTOR_TABLE__     000327 RLA    __DESTRUCTOR_COUNT__      000000 REA    
__DESTRUCTOR_TABLE__      00077B RLA    __HIMEM__                 002000  EA    
__MAIN_FILEOFFS__         000000  EA    __MAIN_LAST__             0007A0  LA    
__MAIN_SIZE__             001B00 REA    __MAIN_START__            000300 RLA    
__STACKSIZE__             000200 REA    __STARTUP__               000001 REA    
__ZP_FILEOFFS__           000000  EA    __ZP_LAST__               00001C  LA    
__ZP_SIZE__               00003A  EA    __ZP_START__              000002  LA    
_exit                     000315  LA    _init                     000300  LA    
_issueSDCardCommand       000327  LA    _main                     0004E1 RLA    
_readBlock                0003D4  LA    _readByteFromSDCard       0003A5  LA    
_readSector               0004A7  LA    _setLBA0                  000337  LA    
_setLBA1                  000347  LA    _setLBA2                  000357  LA    
_waitSDCardRcvDataReady   000385  LA    _waitSDCardReady          000367  LA    
_waitSDCardTxDataEmpty    000395  LA    _writeBlock               00043F  LA    
_writeByteToSDCard        0003C1  LA    addysp                    0005A5 RLA    
addysp1                   0005A4 RLA    asleax1                   0005B2  LA    
booleq                    000687  LA    boolge                    000698  LA    
boolgt                    000696  LA    boolle                    00068E  LA    
boollt                    000690  LA    boolne                    000681 RLA    
booluge                   0006A8  LA    boolugt                   0006A6  LA    
boolule                   00069E  LA    boolult                   0006A0 RLA    
condes                    00077B  LA    decsp1                    0005CA RLA    
decsp2                    0005D3 RLA    decsp4                    0005E0 RLA    
donelib                   0005BE RLA    incax1                    0005ED RLA    
incsp1                    0005F4 RLA    incsp2                    000603 RLA    
incsp4                    000611 RLA    initlib                   00031B RLA    
ldauidx                   00063B RLA    ldax0sp                   000644  LA    
ldaxysp                   000646 RLA    ldeax0sp                  00064D  LA    
ldeaxysp                  00064F RLA    popax                     0005FB  LA    
ptr1                      00000A RLZ    ptr2                      00000C  LZ    
ptr3                      00000E  LZ    ptr4                      000010  LZ    
push0                     0006C3  LA    push0ax                   000663  LA    
pusha                     0006B1 RLA    pusha0                    0006C5  LA    
pusha0sp                  0006AD  LA    pushax                    0006C7 RLA    
pushaysp                  0006AF  LA    pusheax                   000669 RLA    
pushl0                    000660  LA    regbank                   000016  LZ    
regsave                   000006 RLZ    shleax1                   0005B2 RLA    
sp                        000002 RLZ    sreg                      000004 RLZ    
staspidx                  0006DD RLA    stax0sp                   0006F3  LA    
staxysp                   0006F5 RLA    steax0sp                  0006FE  LA    
steaxysp                  000700 RLA    subysp                    000713 RLA    
tmp1                      000012 RLZ    tmp2                      000013  LZ    
tmp3                      000014  LZ    tmp4                      000015  LZ    
tosadd0ax                 000616  LA    tosaddeax                 00061C RLA    
toslong                   00073E  LA    tosulong                  000720 RLA    
zerobss                   000758 RLA    


Exports list by value:
----------------------
__ZP_FILEOFFS__           000000  EA    __BSS_SIZE__              000000 REA    
__CONSTRUCTOR_COUNT__     000000 REA    __DESTRUCTOR_COUNT__      000000 REA    
__MAIN_FILEOFFS__         000000  EA    __STARTUP__               000001 REA    
__ZP_START__              000002  LA    sp                        000002 RLZ    
sreg                      000004 RLZ    regsave                   000006 RLZ    
ptr1                      00000A RLZ    ptr2                      00000C  LZ    
ptr3                      00000E  LZ    ptr4                      000010  LZ    
tmp1                      000012 RLZ    tmp2                      000013  LZ    
tmp3                      000014  LZ    tmp4                      000015  LZ    
regbank                   000016  LZ    __ZP_LAST__               00001C  LA    
__ZP_SIZE__               00003A  EA    __STACKSIZE__             000200 REA    
__MAIN_START__            000300 RLA    _init                     000300  LA    
_exit                     000315  LA    initlib                   00031B RLA    
_issueSDCardCommand       000327  LA    __CONSTRUCTOR_TABLE__     000327 RLA    
_setLBA0                  000337  LA    _setLBA1                  000347  LA    
_setLBA2                  000357  LA    _waitSDCardReady          000367  LA    
_waitSDCardRcvDataReady   000385  LA    _waitSDCardTxDataEmpty    000395  LA    
_readByteFromSDCard       0003A5  LA    _writeByteToSDCard        0003C1  LA    
_readBlock                0003D4  LA    _writeBlock               00043F  LA    
_readSector               0004A7  LA    _main                     0004E1 RLA    
addysp1                   0005A4 RLA    addysp                    0005A5 RLA    
shleax1                   0005B2 RLA    asleax1                   0005B2  LA    
donelib                   0005BE RLA    decsp1                    0005CA RLA    
decsp2                    0005D3 RLA    decsp4                    0005E0 RLA    
incax1                    0005ED RLA    incsp1                    0005F4 RLA    
popax                     0005FB  LA    incsp2                    000603 RLA    
incsp4                    000611 RLA    tosadd0ax                 000616  LA    
tosaddeax                 00061C RLA    ldauidx                   00063B RLA    
ldax0sp                   000644  LA    ldaxysp                   000646 RLA    
ldeax0sp                  00064D  LA    ldeaxysp                  00064F RLA    
pushl0                    000660  LA    push0ax                   000663  LA    
pusheax                   000669 RLA    boolne                    000681 RLA    
booleq                    000687  LA    boolle                    00068E  LA    
boollt                    000690  LA    boolgt                    000696  LA    
boolge                    000698  LA    boolule                   00069E  LA    
boolult                   0006A0 RLA    boolugt                   0006A6  LA    
booluge                   0006A8  LA    pusha0sp                  0006AD  LA    
pushaysp                  0006AF  LA    pusha                     0006B1 RLA    
push0                     0006C3  LA    pusha0                    0006C5  LA    
pushax                    0006C7 RLA    staspidx                  0006DD RLA    
stax0sp                   0006F3  LA    staxysp                   0006F5 RLA    
steax0sp                  0006FE  LA    steaxysp                  000700 RLA    
subysp                    000713 RLA    tosulong                  000720 RLA    
toslong                   00073E  LA    zerobss                   000758 RLA    
__DESTRUCTOR_TABLE__      00077B RLA    condes                    00077B  LA    
__BSS_LOAD__              0007A0  LA    __MAIN_LAST__             0007A0  LA    
__BSS_RUN__               0007A0 RLA    __MAIN_SIZE__             001B00 REA    
__HIMEM__                 002000  EA    


Imports list:
-------------
__BSS_LOAD__ ([linker generated]):
__BSS_RUN__ ([linker generated]):
    zerobss.o                 common/zerobss.s(8)
__BSS_SIZE__ ([linker generated]):
    zerobss.o                 common/zerobss.s(8)
__CONSTRUCTOR_COUNT__ ([linker generated]):
    condes.o                  runtime/condes.s(18)
__CONSTRUCTOR_TABLE__ ([linker generated]):
    condes.o                  runtime/condes.s(18)
__DESTRUCTOR_COUNT__ ([linker generated]):
    condes.o                  runtime/condes.s(19)
__DESTRUCTOR_TABLE__ ([linker generated]):
    condes.o                  runtime/condes.s(19)
__HIMEM__ ([linker generated]):
__MAIN_FILEOFFS__ ([linker generated]):
__MAIN_LAST__ ([linker generated]):
__MAIN_SIZE__ ([linker generated]):
    crt0.o                    osic1p/crt0.s(11)
__MAIN_START__ ([linker generated]):
    crt0.o                    osic1p/crt0.s(11)
__STACKSIZE__ ([linker generated]):
    crt0.o                    osic1p/crt0.s(12)
__STARTUP__ (crt0.o):
    OSISDOS.o                 OSISDOS.s(13)
__ZP_FILEOFFS__ ([linker generated]):
__ZP_LAST__ ([linker generated]):
__ZP_SIZE__ ([linker generated]):
__ZP_START__ ([linker generated]):
_exit (crt0.o):
_init (crt0.o):
_issueSDCardCommand (OSISDOS.o):
_main (OSISDOS.o):
    crt0.o                    osic1p/crt0.s(8)
_readBlock (OSISDOS.o):
_readByteFromSDCard (OSISDOS.o):
_readSector (OSISDOS.o):
_setLBA0 (OSISDOS.o):
_setLBA1 (OSISDOS.o):
_setLBA2 (OSISDOS.o):
_waitSDCardRcvDataReady (OSISDOS.o):
_waitSDCardReady (OSISDOS.o):
_waitSDCardTxDataEmpty (OSISDOS.o):
_writeBlock (OSISDOS.o):
_writeByteToSDCard (OSISDOS.o):
addysp (addysp.o):
    incsp4.o                  runtime/incsp4.s(8)
    OSISDOS.o                 OSISDOS.s(460)
addysp1 (addysp.o):
    ladd.o                    runtime/ladd.s(8)
asleax1 (asleax1.o):
booleq (makebool.o):
boolge (makebool.o):
boolgt (makebool.o):
boolle (makebool.o):
boollt (makebool.o):
boolne (makebool.o):
    OSISDOS.o                 OSISDOS.s(460)
    OSISDOS.o                 OSISDOS.s(460)
    OSISDOS.o                 OSISDOS.s(460)
booluge (makebool.o):
boolugt (makebool.o):
boolule (makebool.o):
boolult (makebool.o):
    OSISDOS.o                 OSISDOS.s(460)
    OSISDOS.o                 OSISDOS.s(460)
condes (condes.o):
decsp1 (decsp1.o):
    OSISDOS.o                 OSISDOS.s(460)
decsp2 (decsp2.o):
    toslong.o                 runtime/toslong.s(8)
decsp4 (decsp4.o):
    lpush.o                   runtime/lpush.s(12)
    OSISDOS.o                 OSISDOS.s(460)
    OSISDOS.o                 OSISDOS.s(460)
donelib (condes.o):
    crt0.o                    osic1p/crt0.s(14)
incax1 (incax1.o):
    OSISDOS.o                 OSISDOS.s(460)
    OSISDOS.o                 OSISDOS.s(460)
incsp1 (incsp1.o):
    OSISDOS.o                 OSISDOS.s(460)
    OSISDOS.o                 OSISDOS.s(460)
    OSISDOS.o                 OSISDOS.s(460)
    OSISDOS.o                 OSISDOS.s(460)
    OSISDOS.o                 OSISDOS.s(460)
    OSISDOS.o                 OSISDOS.s(460)
incsp2 (incsp2.o):
    staspidx.o                runtime/staspidx.s(8)
incsp4 (incsp4.o):
    OSISDOS.o                 OSISDOS.s(460)
    OSISDOS.o                 OSISDOS.s(460)
    OSISDOS.o                 OSISDOS.s(460)
initlib (condes.o):
    crt0.o                    osic1p/crt0.s(14)
ldauidx (ldaui.o):
    OSISDOS.o                 OSISDOS.s(460)
ldax0sp (ldaxsp.o):
ldaxysp (ldaxsp.o):
    OSISDOS.o                 OSISDOS.s(460)
    OSISDOS.o                 OSISDOS.s(460)
    OSISDOS.o                 OSISDOS.s(460)
ldeax0sp (ldeaxysp.o):
ldeaxysp (ldeaxysp.o):
    OSISDOS.o                 OSISDOS.s(460)
    OSISDOS.o                 OSISDOS.s(460)
popax (incsp2.o):
ptr1 (zeropage.o):
    zerobss.o                 common/zerobss.s(9)
    staspidx.o                runtime/staspidx.s(9)
    ldaui.o                   runtime/ldaui.s(8)
ptr2 (zeropage.o):
ptr3 (zeropage.o):
ptr4 (zeropage.o):
push0 (pushax.o):
push0ax (lpush.o):
pusha (pusha.o):
    OSISDOS.o                 OSISDOS.s(460)
    OSISDOS.o                 OSISDOS.s(460)
    OSISDOS.o                 OSISDOS.s(460)
    OSISDOS.o                 OSISDOS.s(460)
    OSISDOS.o                 OSISDOS.s(460)
pusha0 (pushax.o):
pusha0sp (pusha.o):
pushax (pushax.o):
    OSISDOS.o                 OSISDOS.s(460)
    OSISDOS.o                 OSISDOS.s(460)
pushaysp (pusha.o):
pusheax (lpush.o):
    OSISDOS.o                 OSISDOS.s(460)
pushl0 (lpush.o):
regbank (zeropage.o):
regsave (zeropage.o):
    OSISDOS.o                 OSISDOS.s(10)
shleax1 (asleax1.o):
    OSISDOS.o                 OSISDOS.s(460)
sp (zeropage.o):
    incsp2.o                  runtime/incsp2.s(8)
    decsp2.o                  runtime/decsp2.s(8)
    toslong.o                 runtime/toslong.s(9)
    subysp.o                  runtime/subysp.s(9)
    steaxsp.o                 runtime/steaxsp.s(8)
    staxsp.o                  runtime/staxsp.s(8)
    staspidx.o                runtime/staspidx.s(9)
    pushax.o                  runtime/pushax.s(8)
    pusha.o                   runtime/pusha.s(8)
    lpush.o                   runtime/lpush.s(13)
    ldeaxysp.o                runtime/ldeaxysp.s(12)
    ldaxsp.o                  runtime/ldaxsp.s(8)
    ladd.o                    runtime/ladd.s(9)
    incsp1.o                  runtime/incsp1.s(8)
    decsp4.o                  runtime/decsp4.s(8)
    decsp1.o                  runtime/decsp1.s(8)
    crt0.o                    /home/travis/build/cc65/cc65/asminc/zeropage.inc(11)
    addysp.o                  runtime/addysp.s(8)
    OSISDOS.o                 OSISDOS.s(10)
sreg (zeropage.o):
    steaxsp.o                 runtime/steaxsp.s(8)
    lpush.o                   runtime/lpush.s(13)
    ldeaxysp.o                runtime/ldeaxysp.s(12)
    ladd.o                    runtime/ladd.s(9)
    asleax1.o                 runtime/asleax1.s(8)
    OSISDOS.o                 OSISDOS.s(10)
staspidx (staspidx.o):
    OSISDOS.o                 OSISDOS.s(460)
stax0sp (staxsp.o):
staxysp (staxsp.o):
    OSISDOS.o                 OSISDOS.s(460)
    OSISDOS.o                 OSISDOS.s(460)
    OSISDOS.o                 OSISDOS.s(460)
steax0sp (steaxsp.o):
steaxysp (steaxsp.o):
    OSISDOS.o                 OSISDOS.s(460)
subysp (subysp.o):
    OSISDOS.o                 OSISDOS.s(460)
tmp1 (zeropage.o):
    staspidx.o                runtime/staspidx.s(9)
    ladd.o                    runtime/ladd.s(9)
    asleax1.o                 runtime/asleax1.s(8)
tmp2 (zeropage.o):
tmp3 (zeropage.o):
tmp4 (zeropage.o):
tosadd0ax (ladd.o):
tosaddeax (ladd.o):
    OSISDOS.o                 OSISDOS.s(460)
toslong (toslong.o):
tosulong (toslong.o):
    OSISDOS.o                 OSISDOS.s(460)
zerobss (zerobss.o):
    crt0.o                    osic1p/crt0.s(14)

