Modules list:
-------------
OSISDOS.o:
    CODE              Offs=000000  Size=00019A  Align=00001  Fill=0000
    RODATA            Offs=000000  Size=000000  Align=00001  Fill=0000
    BSS               Offs=000000  Size=000000  Align=00001  Fill=0000
    DATA              Offs=000000  Size=000000  Align=00001  Fill=0000
    ZEROPAGE          Offs=000000  Size=000000  Align=00001  Fill=0000
    NULL              Offs=000000  Size=000000  Align=00001  Fill=0000
C:\Users\HPz420\Documents\GitHub\Doug Gilliland\Retro-Computers\6502\CC65\lib/osic1p.lib(addysp.o):
    CODE              Offs=00019A  Size=00000E  Align=00001  Fill=0000
    RODATA            Offs=000000  Size=000000  Align=00001  Fill=0000
    BSS               Offs=000000  Size=000000  Align=00001  Fill=0000
    DATA              Offs=000000  Size=000000  Align=00001  Fill=0000
    ZEROPAGE          Offs=000000  Size=000000  Align=00001  Fill=0000
    NULL              Offs=000000  Size=000000  Align=00001  Fill=0000
C:\Users\HPz420\Documents\GitHub\Doug Gilliland\Retro-Computers\6502\CC65\lib/osic1p.lib(condes.o):
    CODE              Offs=0001A8  Size=00000C  Align=00001  Fill=0000
    RODATA            Offs=000000  Size=000000  Align=00001  Fill=0000
    BSS               Offs=000000  Size=000000  Align=00001  Fill=0000
    DATA              Offs=000000  Size=000025  Align=00001  Fill=0000
    ZEROPAGE          Offs=000000  Size=000000  Align=00001  Fill=0000
    NULL              Offs=000000  Size=000000  Align=00001  Fill=0000
    ONCE              Offs=000000  Size=00000C  Align=00001  Fill=0000
C:\Users\HPz420\Documents\GitHub\Doug Gilliland\Retro-Computers\6502\CC65\lib/osic1p.lib(crt0.o):
    CODE              Offs=0001B4  Size=000000  Align=00001  Fill=0000
    RODATA            Offs=000000  Size=000000  Align=00001  Fill=0000
    BSS               Offs=000000  Size=000000  Align=00001  Fill=0000
    DATA              Offs=000025  Size=000000  Align=00001  Fill=0000
    ZEROPAGE          Offs=000000  Size=000000  Align=00001  Fill=0000
    NULL              Offs=000000  Size=000000  Align=00001  Fill=0000
    STARTUP           Offs=000000  Size=00001B  Align=00001  Fill=0000
C:\Users\HPz420\Documents\GitHub\Doug Gilliland\Retro-Computers\6502\CC65\lib/osic1p.lib(decsp1.o):
    CODE              Offs=0001B4  Size=000009  Align=00001  Fill=0000
    RODATA            Offs=000000  Size=000000  Align=00001  Fill=0000
    BSS               Offs=000000  Size=000000  Align=00001  Fill=0000
    DATA              Offs=000025  Size=000000  Align=00001  Fill=0000
    ZEROPAGE          Offs=000000  Size=000000  Align=00001  Fill=0000
    NULL              Offs=000000  Size=000000  Align=00001  Fill=0000
C:\Users\HPz420\Documents\GitHub\Doug Gilliland\Retro-Computers\6502\CC65\lib/osic1p.lib(decsp4.o):
    CODE              Offs=0001BD  Size=00000D  Align=00001  Fill=0000
    RODATA            Offs=000000  Size=000000  Align=00001  Fill=0000
    BSS               Offs=000000  Size=000000  Align=00001  Fill=0000
    DATA              Offs=000025  Size=000000  Align=00001  Fill=0000
    ZEROPAGE          Offs=000000  Size=000000  Align=00001  Fill=0000
    NULL              Offs=000000  Size=000000  Align=00001  Fill=0000
C:\Users\HPz420\Documents\GitHub\Doug Gilliland\Retro-Computers\6502\CC65\lib/osic1p.lib(incax1.o):
    CODE              Offs=0001CA  Size=000007  Align=00001  Fill=0000
    RODATA            Offs=000000  Size=000000  Align=00001  Fill=0000
    BSS               Offs=000000  Size=000000  Align=00001  Fill=0000
    DATA              Offs=000025  Size=000000  Align=00001  Fill=0000
    ZEROPAGE          Offs=000000  Size=000000  Align=00001  Fill=0000
    NULL              Offs=000000  Size=000000  Align=00001  Fill=0000
C:\Users\HPz420\Documents\GitHub\Doug Gilliland\Retro-Computers\6502\CC65\lib/osic1p.lib(incsp1.o):
    CODE              Offs=0001D1  Size=000007  Align=00001  Fill=0000
    RODATA            Offs=000000  Size=000000  Align=00001  Fill=0000
    BSS               Offs=000000  Size=000000  Align=00001  Fill=0000
    DATA              Offs=000025  Size=000000  Align=00001  Fill=0000
    ZEROPAGE          Offs=000000  Size=000000  Align=00001  Fill=0000
    NULL              Offs=000000  Size=000000  Align=00001  Fill=0000
C:\Users\HPz420\Documents\GitHub\Doug Gilliland\Retro-Computers\6502\CC65\lib/osic1p.lib(incsp2.o):
    CODE              Offs=0001D8  Size=000016  Align=00001  Fill=0000
    RODATA            Offs=000000  Size=000000  Align=00001  Fill=0000
    BSS               Offs=000000  Size=000000  Align=00001  Fill=0000
    DATA              Offs=000025  Size=000000  Align=00001  Fill=0000
    ZEROPAGE          Offs=000000  Size=000000  Align=00001  Fill=0000
    NULL              Offs=000000  Size=000000  Align=00001  Fill=0000
C:\Users\HPz420\Documents\GitHub\Doug Gilliland\Retro-Computers\6502\CC65\lib/osic1p.lib(incsp4.o):
    CODE              Offs=0001EE  Size=000005  Align=00001  Fill=0000
    RODATA            Offs=000000  Size=000000  Align=00001  Fill=0000
    BSS               Offs=000000  Size=000000  Align=00001  Fill=0000
    DATA              Offs=000025  Size=000000  Align=00001  Fill=0000
    ZEROPAGE          Offs=000000  Size=000000  Align=00001  Fill=0000
    NULL              Offs=000000  Size=000000  Align=00001  Fill=0000
C:\Users\HPz420\Documents\GitHub\Doug Gilliland\Retro-Computers\6502\CC65\lib/osic1p.lib(ldaui.o):
    CODE              Offs=0001F3  Size=000009  Align=00001  Fill=0000
    RODATA            Offs=000000  Size=000000  Align=00001  Fill=0000
    BSS               Offs=000000  Size=000000  Align=00001  Fill=0000
    DATA              Offs=000025  Size=000000  Align=00001  Fill=0000
    ZEROPAGE          Offs=000000  Size=000000  Align=00001  Fill=0000
    NULL              Offs=000000  Size=000000  Align=00001  Fill=0000
C:\Users\HPz420\Documents\GitHub\Doug Gilliland\Retro-Computers\6502\CC65\lib/osic1p.lib(ldaxsp.o):
    CODE              Offs=0001FC  Size=000009  Align=00001  Fill=0000
    RODATA            Offs=000000  Size=000000  Align=00001  Fill=0000
    BSS               Offs=000000  Size=000000  Align=00001  Fill=0000
    DATA              Offs=000025  Size=000000  Align=00001  Fill=0000
    ZEROPAGE          Offs=000000  Size=000000  Align=00001  Fill=0000
    NULL              Offs=000000  Size=000000  Align=00001  Fill=0000
C:\Users\HPz420\Documents\GitHub\Doug Gilliland\Retro-Computers\6502\CC65\lib/osic1p.lib(makebool.o):
    CODE              Offs=000205  Size=00002C  Align=00001  Fill=0000
    RODATA            Offs=000000  Size=000000  Align=00001  Fill=0000
    BSS               Offs=000000  Size=000000  Align=00001  Fill=0000
    DATA              Offs=000025  Size=000000  Align=00001  Fill=0000
    ZEROPAGE          Offs=000000  Size=000000  Align=00001  Fill=0000
    NULL              Offs=000000  Size=000000  Align=00001  Fill=0000
C:\Users\HPz420\Documents\GitHub\Doug Gilliland\Retro-Computers\6502\CC65\lib/osic1p.lib(pusha.o):
    CODE              Offs=000231  Size=000016  Align=00001  Fill=0000
    RODATA            Offs=000000  Size=000000  Align=00001  Fill=0000
    BSS               Offs=000000  Size=000000  Align=00001  Fill=0000
    DATA              Offs=000025  Size=000000  Align=00001  Fill=0000
    ZEROPAGE          Offs=000000  Size=000000  Align=00001  Fill=0000
    NULL              Offs=000000  Size=000000  Align=00001  Fill=0000
C:\Users\HPz420\Documents\GitHub\Doug Gilliland\Retro-Computers\6502\CC65\lib/osic1p.lib(pushax.o):
    CODE              Offs=000247  Size=00001A  Align=00001  Fill=0000
    RODATA            Offs=000000  Size=000000  Align=00001  Fill=0000
    BSS               Offs=000000  Size=000000  Align=00001  Fill=0000
    DATA              Offs=000025  Size=000000  Align=00001  Fill=0000
    ZEROPAGE          Offs=000000  Size=000000  Align=00001  Fill=0000
    NULL              Offs=000000  Size=000000  Align=00001  Fill=0000
C:\Users\HPz420\Documents\GitHub\Doug Gilliland\Retro-Computers\6502\CC65\lib/osic1p.lib(staspidx.o):
    CODE              Offs=000261  Size=000016  Align=00001  Fill=0000
    RODATA            Offs=000000  Size=000000  Align=00001  Fill=0000
    BSS               Offs=000000  Size=000000  Align=00001  Fill=0000
    DATA              Offs=000025  Size=000000  Align=00001  Fill=0000
    ZEROPAGE          Offs=000000  Size=000000  Align=00001  Fill=0000
    NULL              Offs=000000  Size=000000  Align=00001  Fill=0000
C:\Users\HPz420\Documents\GitHub\Doug Gilliland\Retro-Computers\6502\CC65\lib/osic1p.lib(staxsp.o):
    CODE              Offs=000277  Size=00000B  Align=00001  Fill=0000
    RODATA            Offs=000000  Size=000000  Align=00001  Fill=0000
    BSS               Offs=000000  Size=000000  Align=00001  Fill=0000
    DATA              Offs=000025  Size=000000  Align=00001  Fill=0000
    ZEROPAGE          Offs=000000  Size=000000  Align=00001  Fill=0000
    NULL              Offs=000000  Size=000000  Align=00001  Fill=0000
C:\Users\HPz420\Documents\GitHub\Doug Gilliland\Retro-Computers\6502\CC65\lib/osic1p.lib(zerobss.o):
    CODE              Offs=000282  Size=000023  Align=00001  Fill=0000
    RODATA            Offs=000000  Size=000000  Align=00001  Fill=0000
    BSS               Offs=000000  Size=000000  Align=00001  Fill=0000
    DATA              Offs=000025  Size=000000  Align=00001  Fill=0000
    ZEROPAGE          Offs=000000  Size=000000  Align=00001  Fill=0000
    NULL              Offs=000000  Size=000000  Align=00001  Fill=0000
C:\Users\HPz420\Documents\GitHub\Doug Gilliland\Retro-Computers\6502\CC65\lib/osic1p.lib(zeropage.o):
    CODE              Offs=0002A5  Size=000000  Align=00001  Fill=0000
    RODATA            Offs=000000  Size=000000  Align=00001  Fill=0000
    BSS               Offs=000000  Size=000000  Align=00001  Fill=0000
    DATA              Offs=000025  Size=000000  Align=00001  Fill=0000
    ZEROPAGE          Offs=000000  Size=00001A  Align=00001  Fill=0000
    NULL              Offs=000000  Size=000000  Align=00001  Fill=0000


Segment list:
-------------
Name                   Start     End    Size  Align
----------------------------------------------------
NULL                  000000  000000  000000  00001
ZEROPAGE              000002  00001B  00001A  00001
STARTUP               000300  00031A  00001B  00001
ONCE                  00031B  000326  00000C  00001
CODE                  000327  0005CB  0002A5  00001
DATA                  0005CC  0005F0  000025  00001
RODATA                0005CC  0005CC  000000  00001
BSS                   0005F1  0005F1  000000  00001


Exports list by name:
---------------------
__BSS_LOAD__              0005F1  LA    __BSS_RUN__               0005F1 RLA    
__BSS_SIZE__              000000 REA    __CONSTRUCTOR_COUNT__     000000 REA    
__CONSTRUCTOR_TABLE__     000327 RLA    __DESTRUCTOR_COUNT__      000000 REA    
__DESTRUCTOR_TABLE__      0005CC RLA    __HIMEM__                 002000  EA    
__MAIN_FILEOFFS__         000000  EA    __MAIN_LAST__             0005F1  LA    
__MAIN_SIZE__             001B00 REA    __MAIN_START__            000300 RLA    
__STACKSIZE__             000200 REA    __STARTUP__               000001 REA    
__ZP_FILEOFFS__           000000  EA    __ZP_LAST__               00001C  LA    
__ZP_SIZE__               00003A  EA    __ZP_START__              000002  LA    
_exit                     000315  LA    _init                     000300  LA    
_issueSDCardCommand       0003DC  LA    _main                     000327 RLA    
_readBlock                000371  LA    _readByteFromSDCard       00042A  LA    
_setLBA0                  000341  LA    _setLBA1                  000351  LA    
_setLBA2                  000361  LA    _waitSDCardRcvDataReady   00040A  LA    
_waitSDCardReady          0003EC  LA    _waitSDCardTxDataEmpty    00041A  LA    
_writeBlock               000459  LA    _writeByteToSDCard        000446  LA    
addysp                    0004C2 RLA    addysp1                   0004C1  LA    
booleq                    000532  LA    boolge                    000543  LA    
boolgt                    000541  LA    boolle                    000539  LA    
boollt                    00053B  LA    boolne                    00052C RLA    
booluge                   000553  LA    boolugt                   000551  LA    
boolule                   000549  LA    boolult                   00054B RLA    
condes                    0005CC  LA    decsp1                    0004DB RLA    
decsp4                    0004E4 RLA    donelib                   0004CF RLA    
incax1                    0004F1 RLA    incsp1                    0004F8 RLA    
incsp2                    000507 RLA    incsp4                    000515 RLA    
initlib                   00031B RLA    ldauidx                   00051A RLA    
ldax0sp                   000523  LA    ldaxysp                   000525 RLA    
popax                     0004FF  LA    ptr1                      00000A RLZ    
ptr2                      00000C  LZ    ptr3                      00000E  LZ    
ptr4                      000010  LZ    push0                     00056E  LA    
pusha                     00055C RLA    pusha0                    000570  LA    
pusha0sp                  000558  LA    pushax                    000572 RLA    
pushaysp                  00055A  LA    regbank                   000016  LZ    
regsave                   000006 RLZ    sp                        000002 RLZ    
sreg                      000004  LZ    staspidx                  000588 RLA    
stax0sp                   00059E  LA    staxysp                   0005A0 RLA    
tmp1                      000012 RLZ    tmp2                      000013  LZ    
tmp3                      000014  LZ    tmp4                      000015  LZ    
zerobss                   0005A9 RLA    


Exports list by value:
----------------------
__DESTRUCTOR_COUNT__      000000 REA    __ZP_FILEOFFS__           000000  EA    
__BSS_SIZE__              000000 REA    __CONSTRUCTOR_COUNT__     000000 REA    
__MAIN_FILEOFFS__         000000  EA    __STARTUP__               000001 REA    
__ZP_START__              000002  LA    sp                        000002 RLZ    
sreg                      000004  LZ    regsave                   000006 RLZ    
ptr1                      00000A RLZ    ptr2                      00000C  LZ    
ptr3                      00000E  LZ    ptr4                      000010  LZ    
tmp1                      000012 RLZ    tmp2                      000013  LZ    
tmp3                      000014  LZ    tmp4                      000015  LZ    
regbank                   000016  LZ    __ZP_LAST__               00001C  LA    
__ZP_SIZE__               00003A  EA    __STACKSIZE__             000200 REA    
_init                     000300  LA    __MAIN_START__            000300 RLA    
_exit                     000315  LA    initlib                   00031B RLA    
__CONSTRUCTOR_TABLE__     000327 RLA    _main                     000327 RLA    
_setLBA0                  000341  LA    _setLBA1                  000351  LA    
_setLBA2                  000361  LA    _readBlock                000371  LA    
_issueSDCardCommand       0003DC  LA    _waitSDCardReady          0003EC  LA    
_waitSDCardRcvDataReady   00040A  LA    _waitSDCardTxDataEmpty    00041A  LA    
_readByteFromSDCard       00042A  LA    _writeByteToSDCard        000446  LA    
_writeBlock               000459  LA    addysp1                   0004C1  LA    
addysp                    0004C2 RLA    donelib                   0004CF RLA    
decsp1                    0004DB RLA    decsp4                    0004E4 RLA    
incax1                    0004F1 RLA    incsp1                    0004F8 RLA    
popax                     0004FF  LA    incsp2                    000507 RLA    
incsp4                    000515 RLA    ldauidx                   00051A RLA    
ldax0sp                   000523  LA    ldaxysp                   000525 RLA    
boolne                    00052C RLA    booleq                    000532  LA    
boolle                    000539  LA    boollt                    00053B  LA    
boolgt                    000541  LA    boolge                    000543  LA    
boolule                   000549  LA    boolult                   00054B RLA    
boolugt                   000551  LA    booluge                   000553  LA    
pusha0sp                  000558  LA    pushaysp                  00055A  LA    
pusha                     00055C RLA    push0                     00056E  LA    
pusha0                    000570  LA    pushax                    000572 RLA    
staspidx                  000588 RLA    stax0sp                   00059E  LA    
staxysp                   0005A0 RLA    zerobss                   0005A9 RLA    
__DESTRUCTOR_TABLE__      0005CC RLA    condes                    0005CC  LA    
__BSS_LOAD__              0005F1  LA    __MAIN_LAST__             0005F1  LA    
__BSS_RUN__               0005F1 RLA    __MAIN_SIZE__             001B00 REA    
__HIMEM__                 002000  EA    


Imports list:
-------------
__BSS_LOAD__ ([linker generated]):
__BSS_RUN__ ([linker generated]):
    zerobss.o                 common/zerobss.s(8)
__BSS_SIZE__ ([linker generated]):
    zerobss.o                 common/zerobss.s(8)
__CONSTRUCTOR_COUNT__ ([linker generated]):
    condes.o                  runtime/condes.s(18)
__CONSTRUCTOR_TABLE__ ([linker generated]):
    condes.o                  runtime/condes.s(18)
__DESTRUCTOR_COUNT__ ([linker generated]):
    condes.o                  runtime/condes.s(19)
__DESTRUCTOR_TABLE__ ([linker generated]):
    condes.o                  runtime/condes.s(19)
__HIMEM__ ([linker generated]):
__MAIN_FILEOFFS__ ([linker generated]):
__MAIN_LAST__ ([linker generated]):
__MAIN_SIZE__ ([linker generated]):
    crt0.o                    osic1p/crt0.s(11)
__MAIN_START__ ([linker generated]):
    crt0.o                    osic1p/crt0.s(11)
__STACKSIZE__ ([linker generated]):
    crt0.o                    osic1p/crt0.s(12)
__STARTUP__ (crt0.o):
    OSISDOS.o                 OSISDOS.s(13)
__ZP_FILEOFFS__ ([linker generated]):
__ZP_LAST__ ([linker generated]):
__ZP_SIZE__ ([linker generated]):
__ZP_START__ ([linker generated]):
_exit (crt0.o):
_init (crt0.o):
_issueSDCardCommand (OSISDOS.o):
_main (OSISDOS.o):
    crt0.o                    osic1p/crt0.s(8)
_readBlock (OSISDOS.o):
_readByteFromSDCard (OSISDOS.o):
_setLBA0 (OSISDOS.o):
_setLBA1 (OSISDOS.o):
_setLBA2 (OSISDOS.o):
_waitSDCardRcvDataReady (OSISDOS.o):
_waitSDCardReady (OSISDOS.o):
_waitSDCardTxDataEmpty (OSISDOS.o):
_writeBlock (OSISDOS.o):
_writeByteToSDCard (OSISDOS.o):
addysp (addysp.o):
    incsp4.o                  runtime/incsp4.s(8)
addysp1 (addysp.o):
booleq (makebool.o):
boolge (makebool.o):
boolgt (makebool.o):
boolle (makebool.o):
boollt (makebool.o):
boolne (makebool.o):
    OSISDOS.o                 OSISDOS.s(353)
    OSISDOS.o                 OSISDOS.s(353)
    OSISDOS.o                 OSISDOS.s(353)
booluge (makebool.o):
boolugt (makebool.o):
boolule (makebool.o):
boolult (makebool.o):
    OSISDOS.o                 OSISDOS.s(353)
    OSISDOS.o                 OSISDOS.s(353)
condes (condes.o):
decsp1 (decsp1.o):
    OSISDOS.o                 OSISDOS.s(353)
decsp4 (decsp4.o):
    OSISDOS.o                 OSISDOS.s(353)
    OSISDOS.o                 OSISDOS.s(353)
donelib (condes.o):
    crt0.o                    osic1p/crt0.s(14)
incax1 (incax1.o):
    OSISDOS.o                 OSISDOS.s(353)
    OSISDOS.o                 OSISDOS.s(353)
incsp1 (incsp1.o):
    OSISDOS.o                 OSISDOS.s(353)
    OSISDOS.o                 OSISDOS.s(353)
    OSISDOS.o                 OSISDOS.s(353)
    OSISDOS.o                 OSISDOS.s(353)
    OSISDOS.o                 OSISDOS.s(353)
    OSISDOS.o                 OSISDOS.s(353)
incsp2 (incsp2.o):
    staspidx.o                runtime/staspidx.s(8)
incsp4 (incsp4.o):
    OSISDOS.o                 OSISDOS.s(353)
    OSISDOS.o                 OSISDOS.s(353)
initlib (condes.o):
    crt0.o                    osic1p/crt0.s(14)
ldauidx (ldaui.o):
    OSISDOS.o                 OSISDOS.s(353)
ldax0sp (ldaxsp.o):
ldaxysp (ldaxsp.o):
    OSISDOS.o                 OSISDOS.s(353)
    OSISDOS.o                 OSISDOS.s(353)
popax (incsp2.o):
ptr1 (zeropage.o):
    zerobss.o                 common/zerobss.s(9)
    staspidx.o                runtime/staspidx.s(9)
    ldaui.o                   runtime/ldaui.s(8)
ptr2 (zeropage.o):
ptr3 (zeropage.o):
ptr4 (zeropage.o):
push0 (pushax.o):
pusha (pusha.o):
    OSISDOS.o                 OSISDOS.s(353)
    OSISDOS.o                 OSISDOS.s(353)
    OSISDOS.o                 OSISDOS.s(353)
    OSISDOS.o                 OSISDOS.s(353)
    OSISDOS.o                 OSISDOS.s(353)
pusha0 (pushax.o):
pusha0sp (pusha.o):
pushax (pushax.o):
    OSISDOS.o                 OSISDOS.s(353)
pushaysp (pusha.o):
regbank (zeropage.o):
regsave (zeropage.o):
    OSISDOS.o                 OSISDOS.s(10)
sp (zeropage.o):
    incsp2.o                  runtime/incsp2.s(8)
    addysp.o                  runtime/addysp.s(8)
    staxsp.o                  runtime/staxsp.s(8)
    staspidx.o                runtime/staspidx.s(9)
    pushax.o                  runtime/pushax.s(8)
    pusha.o                   runtime/pusha.s(8)
    ldaxsp.o                  runtime/ldaxsp.s(8)
    incsp1.o                  runtime/incsp1.s(8)
    decsp4.o                  runtime/decsp4.s(8)
    decsp1.o                  runtime/decsp1.s(8)
    crt0.o                    /home/travis/build/cc65/cc65/asminc/zeropage.inc(11)
    OSISDOS.o                 OSISDOS.s(10)
sreg (zeropage.o):
staspidx (staspidx.o):
    OSISDOS.o                 OSISDOS.s(353)
stax0sp (staxsp.o):
staxysp (staxsp.o):
    OSISDOS.o                 OSISDOS.s(353)
    OSISDOS.o                 OSISDOS.s(353)
tmp1 (zeropage.o):
    staspidx.o                runtime/staspidx.s(9)
tmp2 (zeropage.o):
tmp3 (zeropage.o):
tmp4 (zeropage.o):
zerobss (zerobss.o):
    crt0.o                    osic1p/crt0.s(14)

