Archive member included to satisfy reference by file (symbol)

.\CortexM3\ARM_GCC_541\Debug\Z80_3Chip.a(CyDmac.o)
                              .\CortexM3\ARM_GCC_541\Debug\Cm3Start.o (CyDmacConfigure)
.\CortexM3\ARM_GCC_541\Debug\Z80_3Chip.a(CyLib.o)
                              .\CortexM3\ARM_GCC_541\Debug\Cm3Start.o (CyHalt)
.\CortexM3\ARM_GCC_541\Debug\Z80_3Chip.a(cyPm.o)
                              .\CortexM3\ARM_GCC_541\Debug\Z80_3Chip.a(CyLib.o) (CyPmReadStatus)
.\CortexM3\ARM_GCC_541\Debug\Z80_3Chip.a(AdrLowIn.o)
                              .\CortexM3\ARM_GCC_541\Debug\Z80_IO_Handle.o (AdrLowIn_Read)
.\CortexM3\ARM_GCC_541\Debug\Z80_3Chip.a(LED.o)
                              .\CortexM3\ARM_GCC_541\Debug\Z80_PSoC_3Chips.o (LED_Write)
.\CortexM3\ARM_GCC_541\Debug\Z80_3Chip.a(INT_n.o)
                              .\CortexM3\ARM_GCC_541\Debug\Z80_6850_Emul.o (INT_n_Write)
.\CortexM3\ARM_GCC_541\Debug\Z80_3Chip.a(IO_Ctrl_Reg.o)
                              .\CortexM3\ARM_GCC_541\Debug\Z80_IO_Handle.o (IO_Ctrl_Reg_Write)
.\CortexM3\ARM_GCC_541\Debug\Z80_3Chip.a(IO_Stat_Reg.o)
                              .\CortexM3\ARM_GCC_541\Debug\main.o (IO_Stat_Reg_Read)
.\CortexM3\ARM_GCC_541\Debug\Z80_3Chip.a(Z80_Data_In.o)
                              .\CortexM3\ARM_GCC_541\Debug\FrontPanel.o (Z80_Data_In_Write)
.\CortexM3\ARM_GCC_541\Debug\Z80_3Chip.a(Z80_Data_Out.o)
                              .\CortexM3\ARM_GCC_541\Debug\FrontPanel.o (Z80_Data_Out_Read)
.\CortexM3\ARM_GCC_541\Debug\Z80_3Chip.a(BankBaseAdr.o)
                              .\CortexM3\ARM_GCC_541\Debug\Z80_Mem_Mappers.o (BankBaseAdr_Write)
.\CortexM3\ARM_GCC_541\Debug\Z80_3Chip.a(BankMask.o)
                              .\CortexM3\ARM_GCC_541\Debug\Z80_Mem_Mappers.o (BankMask_Write)
.\CortexM3\ARM_GCC_541\Debug\Z80_3Chip.a(AdrHighOut.o)
                              .\CortexM3\ARM_GCC_541\Debug\Z80_Mem_Mappers.o (AdrHighOut_Write)
.\CortexM3\ARM_GCC_541\Debug\Z80_3Chip.a(I2C.o)
                              .\CortexM3\ARM_GCC_541\Debug\main.o (I2C_Start)
.\CortexM3\ARM_GCC_541\Debug\Z80_3Chip.a(I2C_INT.o)
                              .\CortexM3\ARM_GCC_541\Debug\Z80_3Chip.a(I2C.o) (I2C_ISR)
.\CortexM3\ARM_GCC_541\Debug\Z80_3Chip.a(I2C_PM.o)
                              .\CortexM3\ARM_GCC_541\Debug\Z80_3Chip.a(I2C.o) (I2C_backup)
.\CortexM3\ARM_GCC_541\Debug\Z80_3Chip.a(I2C_MASTER.o)
                              .\CortexM3\ARM_GCC_541\Debug\FrontPanel.o (I2C_MasterWriteBuf)
.\CortexM3\ARM_GCC_541\Debug\Z80_3Chip.a(USBUART.o)
                              .\CortexM3\ARM_GCC_541\Debug\main.o (USBUART_Start)
.\CortexM3\ARM_GCC_541\Debug\Z80_3Chip.a(USBUART_cdc.o)
                              .\CortexM3\ARM_GCC_541\Debug\main.o (USBUART_CDC_Init)
.\CortexM3\ARM_GCC_541\Debug\Z80_3Chip.a(USBUART_drv.o)
                              .\CortexM3\ARM_GCC_541\Debug\Z80_3Chip.a(USBUART.o) (USBUART_lastPacketSize)
.\CortexM3\ARM_GCC_541\Debug\Z80_3Chip.a(USBUART_episr.o)
                              .\CortexM3\ARM_GCC_541\Debug\Z80_3Chip.a(USBUART.o) (USBUART_EP_1_ISR)
.\CortexM3\ARM_GCC_541\Debug\Z80_3Chip.a(USBUART_pm.o)
                              .\CortexM3\ARM_GCC_541\Debug\Z80_3Chip.a(USBUART.o) (USBUART_DP_ISR)
.\CortexM3\ARM_GCC_541\Debug\Z80_3Chip.a(USBUART_std.o)
                              .\CortexM3\ARM_GCC_541\Debug\Z80_3Chip.a(USBUART_pm.o) (USBUART_ConfigReg)
.\CortexM3\ARM_GCC_541\Debug\Z80_3Chip.a(USBUART_vnd.o)
                              .\CortexM3\ARM_GCC_541\Debug\Z80_3Chip.a(USBUART_drv.o) (USBUART_HandleVendorRqst)
.\CortexM3\ARM_GCC_541\Debug\Z80_3Chip.a(USBUART_Dp.o)
                              .\CortexM3\ARM_GCC_541\Debug\Z80_3Chip.a(USBUART.o) (USBUART_Dp_ClearInterrupt)
.\CortexM3\ARM_GCC_541\Debug\Z80_3Chip.a(SPI_Master.o)
                              .\CortexM3\ARM_GCC_541\Debug\SDCard.o (SPI_Master_ReadTxStatus)
.\CortexM3\ARM_GCC_541\Debug\Z80_3Chip.a(SPI_Master_IntClock.o)
                              .\CortexM3\ARM_GCC_541\Debug\Z80_3Chip.a(SPI_Master.o) (SPI_Master_IntClock_Start)
.\CortexM3\ARM_GCC_541\Debug\Z80_3Chip.a(RTC.o)
                              .\CortexM3\ARM_GCC_541\Debug\Z80_RTC.o (RTC_Start)
.\CortexM3\ARM_GCC_541\Debug\Z80_3Chip.a(RTC_INT.o)
                              .\CortexM3\ARM_GCC_541\Debug\Z80_3Chip.a(RTC.o) (RTC_ISR)
.\CortexM3\ARM_GCC_541\Debug\Z80_3Chip.a(SPI_SS_Out.o)
                              .\CortexM3\ARM_GCC_541\Debug\SDCard.o (SPI_SS_Out_Write)
.\CortexM3\ARM_GCC_541\Debug\Z80_3Chip.a(WaveDAC8.o)
                              .\CortexM3\ARM_GCC_541\Debug\Z80_DAC.o (WaveDAC8_Stop)
.\CortexM3\ARM_GCC_541\Debug\Z80_3Chip.a(WaveDAC8_DacClk.o)
                              .\CortexM3\ARM_GCC_541\Debug\Z80_3Chip.a(WaveDAC8.o) (WaveDAC8_DacClk_Start)
.\CortexM3\ARM_GCC_541\Debug\Z80_3Chip.a(WaveDAC8_Wave1_DMA_dma.o)
                              .\CortexM3\ARM_GCC_541\Debug\Z80_3Chip.a(WaveDAC8.o) (WaveDAC8_Wave1_DMA_DmaInitialize)
[...]
Memory Configuration

Name             Origin             Length             Attributes
rom              0x00000000         0x00020000         xr
ram              0x1fffc000         0x00008000         xrw
*default*        0x00000000         0xffffffff

Linker script and memory map

LOAD c:/program files (x86)/cypress/psoc creator/4.2/psoc creator/import/gnu/arm/5.4.1/bin/../lib/gcc/arm-none-eabi/5.4.1/armv7-m/crti.o
LOAD c:/program files (x86)/cypress/psoc creator/4.2/psoc creator/import/gnu/arm/5.4.1/bin/../lib/gcc/arm-none-eabi/5.4.1/armv7-m/crtbegin.o
LOAD c:/program files (x86)/cypress/psoc creator/4.2/psoc creator/import/gnu/arm/5.4.1/bin/../lib/gcc/arm-none-eabi/5.4.1/../../../../arm-none-eabi/lib/armv7-m/crt0.o
START GROUP
LOAD .\CortexM3\ARM_GCC_541\Debug\main.o
LOAD .\CortexM3\ARM_GCC_541\Debug\ExtSRAM.o
LOAD .\CortexM3\ARM_GCC_541\Debug\FrontPanel.o
LOAD .\CortexM3\ARM_GCC_541\Debug\GS_9_MON_BASIC_ROM.o
LOAD .\CortexM3\ARM_GCC_541\Debug\Z80_SIO_emul.o
LOAD .\CortexM3\ARM_GCC_541\Debug\Z80_IO_Handle.o
LOAD .\CortexM3\ARM_GCC_541\Debug\Z80_PIO_emul.o
LOAD .\CortexM3\ARM_GCC_541\Debug\GS_7_BASIC_ROM.o
LOAD .\CortexM3\ARM_GCC_541\Debug\Z80_6850_Emul.o
LOAD .\CortexM3\ARM_GCC_541\Debug\Z80_SDCard_Emul.o
LOAD .\CortexM3\ARM_GCC_541\Debug\GS_FPGA_CPM_BASIC.o
LOAD .\CortexM3\ARM_GCC_541\Debug\Z80_6850_2_Emul.o
LOAD .\CortexM3\ARM_GCC_541\Debug\Z80_Mem_Mappers.o
LOAD .\CortexM3\ARM_GCC_541\Debug\SDCard.o
LOAD .\CortexM3\ARM_GCC_541\Debug\Z80_PSoC_3Chips.o
LOAD .\CortexM3\ARM_GCC_541\Debug\Z80_RTC.o
LOAD .\CortexM3\ARM_GCC_541\Debug\Z80_DAC.o
LOAD .\CortexM3\ARM_GCC_541\Debug\cyfitter_cfg.o
LOAD .\CortexM3\ARM_GCC_541\Debug\cymetadata.o
LOAD .\CortexM3\ARM_GCC_541\Debug\Cm3Start.o
LOAD .\CortexM3\ARM_GCC_541\Debug\Z80_3Chip.a
LOAD C:\Program Files (x86)\Cypress\PSoC Creator\4.2\PSoC Creator\psoc\content\cycomponentlibrary\CyComponentLibrary.cylib\CortexM3\ARM_GCC_541\Debug\CyComponentLibrary.a
END GROUP
START GROUP
LOAD c:/program files (x86)/cypress/psoc creator/4.2/psoc creator/import/gnu/arm/5.4.1/bin/../lib/gcc/arm-none-eabi/5.4.1/armv7-m\libgcc.a
LOAD c:/program files (x86)/cypress/psoc creator/4.2/psoc creator/import/gnu/arm/5.4.1/bin/../lib/gcc/arm-none-eabi/5.4.1/../../../../arm-none-eabi/lib/armv7-m\libg_nano.a
LOAD c:/program files (x86)/cypress/psoc creator/4.2/psoc creator/import/gnu/arm/5.4.1/bin/../lib/gcc/arm-none-eabi/5.4.1/../../../../arm-none-eabi/lib/armv7-m\libc_nano.a
END GROUP
START GROUP
LOAD c:/program files (x86)/cypress/psoc creator/4.2/psoc creator/import/gnu/arm/5.4.1/bin/../lib/gcc/arm-none-eabi/5.4.1/armv7-m\libgcc.a
LOAD c:/program files (x86)/cypress/psoc creator/4.2/psoc creator/import/gnu/arm/5.4.1/bin/../lib/gcc/arm-none-eabi/5.4.1/../../../../arm-none-eabi/lib/armv7-m\libc_nano.a
END GROUP
LOAD c:/program files (x86)/cypress/psoc creator/4.2/psoc creator/import/gnu/arm/5.4.1/bin/../lib/gcc/arm-none-eabi/5.4.1/armv7-m/crtend.o
LOAD c:/program files (x86)/cypress/psoc creator/4.2/psoc creator/import/gnu/arm/5.4.1/bin/../lib/gcc/arm-none-eabi/5.4.1/armv7-m/crtn.o
START GROUP
LOAD c:/program files (x86)/cypress/psoc creator/4.2/psoc creator/import/gnu/arm/5.4.1/bin/../lib/gcc/arm-none-eabi/5.4.1/armv7-m\libgcc.a
LOAD c:/program files (x86)/cypress/psoc creator/4.2/psoc creator/import/gnu/arm/5.4.1/bin/../lib/gcc/arm-none-eabi/5.4.1/../../../../arm-none-eabi/lib/armv7-m\libc.a
LOAD c:/program files (x86)/cypress/psoc creator/4.2/psoc creator/import/gnu/arm/5.4.1/bin/../lib/gcc/arm-none-eabi/5.4.1/../../../../arm-none-eabi/lib/armv7-m\libnosys.a
END GROUP
                0x00000000                CY_APPL_ORIGIN = 0x0
                0x00000100                CY_FLASH_ROW_SIZE = 0x100
                0x00000020                CY_ECC_ROW_SIZE = 0x20
                0x00000000                CY_EE_IN_BTLDR = 0x0
                0x00000000                CY_APPL_LOADABLE = 0x0
                0x00000800                CY_EE_SIZE = 0x800
                0x00000001                CY_APPL_NUM = 0x1
                0x00000001                CY_APPL_MAX = 0x1
                0x00000040                CY_METADATA_SIZE = 0x40
                0x00000000                CY_APPL_LOADABLE = 0x0
                0x00000000                CY_CHECKSUM_EXCLUDE_SIZE = ALIGN (0x0, CY_FLASH_ROW_SIZE)
                [!provide]                PROVIDE (__cy_heap_start, _end)
                0x00000001                PROVIDE (__cy_region_num, ((__cy_regions_end - __cy_regions) / 0x10))
                0x20004000                PROVIDE (__cy_stack, (ORIGIN (ram) + LENGTH (ram)))
                [!provide]                PROVIDE (__cy_heap_end, (__cy_stack - 0x800))

.cybootloader   0x00000000        0x0
 *(.cybootloader)
                0x00000000                appl1_start = CY_APPL_ORIGIN?CY_APPL_ORIGIN:ALIGN (CY_FLASH_ROW_SIZE)
                0x0000ff00                appl2_start = (appl1_start + ALIGN ((((LENGTH (rom) - appl1_start) - (0x2 * CY_FLASH_ROW_SIZE)) / 0x2), CY_FLASH_ROW_SIZE))
                0x00000000                appl_start = (CY_APPL_NUM == 0x1)?appl1_start:appl2_start
                0x00000000                ecc_offset = ((appl_start / CY_FLASH_ROW_SIZE) * CY_ECC_ROW_SIZE)
                0x00000000                ee_offset = (CY_APPL_LOADABLE && ! (CY_EE_IN_BTLDR))?((CY_EE_SIZE / CY_APPL_MAX) * (CY_APPL_NUM - 0x1)):0x0
                0x00000800                ee_size = (CY_APPL_LOADABLE && ! (CY_EE_IN_BTLDR))?(CY_EE_SIZE / CY_APPL_MAX):CY_EE_SIZE
                [!provide]                PROVIDE (CY_ECC_OFFSET, ecc_offset)

.text           0x00000000     0x5b8c
 CREATE_OBJECT_SYMBOLS
                0x00000000                PROVIDE (__cy_interrupt_vector, RomVectors)
 *(.romvectors)
 .romvectors    0x00000000       0x10 .\CortexM3\ARM_GCC_541\Debug\Cm3Start.o
                0x00000000                RomVectors
                0x00000001                ASSERT ((. != __cy_interrupt_vector), No interrupt vector)
                0x00000001                ASSERT (CY_APPL_ORIGIN?(SIZEOF (.cybootloader) <= CY_APPL_ORIGIN):0x1, Wrong image location)
                0x00000010                PROVIDE (__cy_reset, Reset)
 *(.text.Reset)
 .text.Reset    0x00000010       0x18 .\CortexM3\ARM_GCC_541\Debug\Cm3Start.o
                0x00000010                Reset
                0x00000001                ASSERT ((. != __cy_reset), No reset code)
 *(.dma_init)
                0x00000001                ASSERT ((((appl_start + .) <= 0x10000) || 0x1), DMA Init must be within the first 64k of flash)
 *(.text .text.* .gnu.linkonce.t.*)
 .text          0x00000028       0x5c c:/program files (x86)/cypress/psoc creator/4.2/psoc creator/import/gnu/arm/5.4.1/bin/../lib/gcc/arm-none-eabi/5.4.1/armv7-m/crtbegin.o
 .text.main     0x00000084      0x1e4 .\CortexM3\ARM_GCC_541\Debug\main.o
                0x00000084                main
 .text.SetExtSRAMAddr
                0x00000268       0x1c .\CortexM3\ARM_GCC_541\Debug\ExtSRAM.o
                0x00000268                SetExtSRAMAddr
 .text.ReadExtSRAM
                0x00000284       0x24 .\CortexM3\ARM_GCC_541\Debug\ExtSRAM.o
                0x00000284                ReadExtSRAM
 .text.WriteExtSRAM
                0x000002a8       0x24 .\CortexM3\ARM_GCC_541\Debug\ExtSRAM.o
                0x000002a8                WriteExtSRAM
 .text.TestSRAM
                0x000002cc      0x114 .\CortexM3\ARM_GCC_541\Debug\ExtSRAM.o
                0x000002cc                TestSRAM
 .text.loadSRAM
                0x000003e0       0x30 .\CortexM3\ARM_GCC_541\Debug\ExtSRAM.o
                0x000003e0                loadSRAM
 .text.readRegister_MCP23017
                0x00000410       0x38 .\CortexM3\ARM_GCC_541\Debug\FrontPanel.o
                0x00000410                readRegister_MCP23017
 .text.readFrontPanelSwitchesStatic
                0x00000448       0x30 .\CortexM3\ARM_GCC_541\Debug\FrontPanel.o
                0x00000448                readFrontPanelSwitchesStatic
 .text.FrontPanelZ80Read
                0x00000478       0x38 .\CortexM3\ARM_GCC_541\Debug\FrontPanel.o
                0x00000478                FrontPanelZ80Read
 .text.readFrontPanelSwitchesRegistered
                0x000004b0       0x34 .\CortexM3\ARM_GCC_541\Debug\FrontPanel.o
                0x000004b0                readFrontPanelSwitchesRegistered
 .text.waitFrontPanelSwitchesPressed
                0x000004e4       0x24 .\CortexM3\ARM_GCC_541\Debug\FrontPanel.o
                0x000004e4                waitFrontPanelSwitchesPressed
 .text.writeRegister_MCP23017
                0x00000508       0x34 .\CortexM3\ARM_GCC_541\Debug\FrontPanel.o
                0x00000508                writeRegister_MCP23017
 .text.init_FrontPanel
                0x0000053c       0xa0 .\CortexM3\ARM_GCC_541\Debug\FrontPanel.o
                0x0000053c                init_FrontPanel
 .text.writeFrontPanelLEDs
                0x000005dc       0x34 .\CortexM3\ARM_GCC_541\Debug\FrontPanel.o
                0x000005dc                writeFrontPanelLEDs
 .text.FrontPanelZ80Write
                0x00000610       0x68 .\CortexM3\ARM_GCC_541\Debug\FrontPanel.o
                0x00000610                FrontPanelZ80Write
 .text.runFrontPanel
                0x00000678      0x1ac .\CortexM3\ARM_GCC_541\Debug\FrontPanel.o
                0x00000678                runFrontPanel
 .text.HandleZ80IO
                0x00000824      0x3b0 .\CortexM3\ARM_GCC_541\Debug\Z80_IO_Handle.o
                0x00000824                HandleZ80IO
 .text.ackIO    0x00000bd4       0x14 .\CortexM3\ARM_GCC_541\Debug\Z80_IO_Handle.o
                0x00000bd4                ackIO
 .text.init_PIO
                0x00000be8       0xb4 .\CortexM3\ARM_GCC_541\Debug\Z80_PIO_emul.o
                0x00000be8                init_PIO
 .text.PioReadDataA
                0x00000c9c       0x2c .\CortexM3\ARM_GCC_541\Debug\Z80_PIO_emul.o
                0x00000c9c                PioReadDataA
 .text.PioWriteDataA
                0x00000cc8       0x24 .\CortexM3\ARM_GCC_541\Debug\Z80_PIO_emul.o
                0x00000cc8                PioWriteDataA
 .text.PioWriteCtrlA
                0x00000cec       0xbc .\CortexM3\ARM_GCC_541\Debug\Z80_PIO_emul.o
                0x00000cec                PioWriteCtrlA
 .text.PioReadDataB
                0x00000da8       0x2c .\CortexM3\ARM_GCC_541\Debug\Z80_PIO_emul.o
                0x00000da8                PioReadDataB
 .text.PioWriteDataB
                0x00000dd4       0x24 .\CortexM3\ARM_GCC_541\Debug\Z80_PIO_emul.o
                0x00000dd4                PioWriteDataB
 .text.PioWriteCtrlB
                0x00000df8       0xbc .\CortexM3\ARM_GCC_541\Debug\Z80_PIO_emul.o
                0x00000df8                PioWriteCtrlB
 .text.initM6850StatusRegister
                0x00000eb4        0xc .\CortexM3\ARM_GCC_541\Debug\Z80_6850_Emul.o
                0x00000eb4                initM6850StatusRegister
 .text.M6850ReadIntReg
                0x00000ec0       0x14 .\CortexM3\ARM_GCC_541\Debug\Z80_6850_Emul.o
                0x00000ec0                M6850ReadIntReg
 .text.sendCharToZ80
                0x00000ed4       0x30 .\CortexM3\ARM_GCC_541\Debug\Z80_6850_Emul.o
                0x00000ed4                sendCharToZ80
 .text.checkSerialReceiverBusy
                0x00000f04       0x24 .\CortexM3\ARM_GCC_541\Debug\Z80_6850_Emul.o
                0x00000f04                checkSerialReceiverBusy
 .text.M6850ReadData
                0x00000f28       0x24 .\CortexM3\ARM_GCC_541\Debug\Z80_6850_Emul.o
                0x00000f28                M6850ReadData
 .text.M6850WriteData
                0x00000f4c       0x28 .\CortexM3\ARM_GCC_541\Debug\Z80_6850_Emul.o
                0x00000f4c                M6850WriteData
 .text.M6850ReadStatus
                0x00000f74       0x14 .\CortexM3\ARM_GCC_541\Debug\Z80_6850_Emul.o
                0x00000f74                M6850ReadStatus
 .text.M6850WriteCtrl
                0x00000f88       0x14 .\CortexM3\ARM_GCC_541\Debug\Z80_6850_Emul.o
                0x00000f88                M6850WriteCtrl
 .text.SDReadData
                0x00000f9c       0x38 .\CortexM3\ARM_GCC_541\Debug\Z80_SDCard_Emul.o
                0x00000f9c                SDReadData
 .text.SDWriteData
                0x00000fd4       0x54 .\CortexM3\ARM_GCC_541\Debug\Z80_SDCard_Emul.o
                0x00000fd4                SDWriteData
 .text.SDWriteCommand
                0x00001028       0xb0 .\CortexM3\ARM_GCC_541\Debug\Z80_SDCard_Emul.o
                0x00001028                SDWriteCommand
 .text.SDReadStatus
                0x000010d8       0x14 .\CortexM3\ARM_GCC_541\Debug\Z80_SDCard_Emul.o
                0x000010d8                SDReadStatus
 .text.SDWriteLBA0
                0x000010ec       0x14 .\CortexM3\ARM_GCC_541\Debug\Z80_SDCard_Emul.o
                0x000010ec                SDWriteLBA0
 .text.SDWriteLBA1
                0x00001100       0x14 .\CortexM3\ARM_GCC_541\Debug\Z80_SDCard_Emul.o
                0x00001100                SDWriteLBA1
 .text.SDWriteLBA2
                0x00001114       0x14 .\CortexM3\ARM_GCC_541\Debug\Z80_SDCard_Emul.o
                0x00001114                SDWriteLBA2
 .text.initM6850_2_StatusRegister
                0x00001128        0xc .\CortexM3\ARM_GCC_541\Debug\Z80_6850_2_Emul.o
                0x00001128                initM6850_2_StatusRegister
 .text.M6850_2_ReadData
                0x00001134        0x8 .\CortexM3\ARM_GCC_541\Debug\Z80_6850_2_Emul.o
                0x00001134                M6850_2_ReadData
 .text.M6850_2_WriteData
                0x0000113c        0x8 .\CortexM3\ARM_GCC_541\Debug\Z80_6850_2_Emul.o
                0x0000113c                M6850_2_WriteData
 .text.M6850_2_ReadStatus
                0x00001144       0x14 .\CortexM3\ARM_GCC_541\Debug\Z80_6850_2_Emul.o
                0x00001144                M6850_2_ReadStatus
 .text.M6850_2_WriteCtrl
                0x00001158       0x14 .\CortexM3\ARM_GCC_541\Debug\Z80_6850_2_Emul.o
                0x00001158                M6850_2_WriteCtrl
 .text.init_mem_map_1
                0x0000116c       0x18 .\CortexM3\ARM_GCC_541\Debug\Z80_Mem_Mappers.o
                0x0000116c                init_mem_map_1
 .text.swap_out_ROM_space
                0x00001184       0x10 .\CortexM3\ARM_GCC_541\Debug\Z80_Mem_Mappers.o
                0x00001184                swap_out_ROM_space
 .text.SPI_write_byte
                0x00001194       0x18 .\CortexM3\ARM_GCC_541\Debug\SDCard.o
                0x00001194                SPI_write_byte
 .text.SD_command
                0x000011ac       0x6c .\CortexM3\ARM_GCC_541\Debug\SDCard.o
                0x000011ac                SD_command
 .text.SDInit   0x00001218      0x11c .\CortexM3\ARM_GCC_541\Debug\SDCard.o
                0x00001218                SDInit
 .text.dumpBuffer
                0x00001334       0xd0 .\CortexM3\ARM_GCC_541\Debug\SDCard.o
                0x00001334                dumpBuffer
 .text.SD_ReadSector
                0x00001404       0xf4 .\CortexM3\ARM_GCC_541\Debug\SDCard.o
                0x00001404                SD_ReadSector
 .text.readSDCard
                0x000014f8       0x18 .\CortexM3\ARM_GCC_541\Debug\SDCard.o
                0x000014f8                readSDCard
 .text.SD_WriteSector
                0x00001510       0xfc .\CortexM3\ARM_GCC_541\Debug\SDCard.o
                0x00001510                SD_WriteSector
 .text.writeSDCard
                0x0000160c       0x34 .\CortexM3\ARM_GCC_541\Debug\SDCard.o
                0x0000160c                writeSDCard
 .text.PostLed  0x00001640       0x28 .\CortexM3\ARM_GCC_541\Debug\Z80_PSoC_3Chips.o
                0x00001640                PostLed
 .text.putStringToUSB
                0x00001668       0x1c .\CortexM3\ARM_GCC_541\Debug\Z80_PSoC_3Chips.o
                0x00001668                putStringToUSB
 .text.init_Z80_RTC
                0x00001684       0x14 .\CortexM3\ARM_GCC_541\Debug\Z80_RTC.o
                0x00001684                init_Z80_RTC
 .text.writeCmdRTC
                0x00001698       0x14 .\CortexM3\ARM_GCC_541\Debug\Z80_RTC.o
                0x00001698                writeCmdRTC
 .text.readCmdRTC
                0x000016ac       0x14 .\CortexM3\ARM_GCC_541\Debug\Z80_RTC.o
                0x000016ac                readCmdRTC
 .text.writeRTC
                0x000016c0       0x84 .\CortexM3\ARM_GCC_541\Debug\Z80_RTC.o
                0x000016c0                writeRTC
 .text.readRTC  0x00001744       0x80 .\CortexM3\ARM_GCC_541\Debug\Z80_RTC.o
                0x00001744                readRTC
 .text.init_DAC
                0x000017c4       0x1c .\CortexM3\ARM_GCC_541\Debug\Z80_DAC.o
                0x000017c4                init_DAC
 .text.writeDAC
                0x000017e0       0x10 .\CortexM3\ARM_GCC_541\Debug\Z80_DAC.o
                0x000017e0                writeDAC
 .text.readDAC  0x000017f0       0x14 .\CortexM3\ARM_GCC_541\Debug\Z80_DAC.o
                0x000017f0                readDAC
 .text.readStatDAC
                0x00001804       0x14 .\CortexM3\ARM_GCC_541\Debug\Z80_DAC.o
                0x00001804                readStatDAC
 .text.writeCmdDAC
                0x00001818       0x24 .\CortexM3\ARM_GCC_541\Debug\Z80_DAC.o
                0x00001818                writeCmdDAC
 .text.CyClockStartupError
                0x0000183c        0x4 .\CortexM3\ARM_GCC_541\Debug\cyfitter_cfg.o
 .text.cfg_write_bytes32
                0x00001840       0x34 .\CortexM3\ARM_GCC_541\Debug\cyfitter_cfg.o
 .text.AnalogSetDefault
                0x00001874       0x38 .\CortexM3\ARM_GCC_541\Debug\cyfitter_cfg.o
 .text.CYMEMZERO
                0x000018ac        0xc .\CortexM3\ARM_GCC_541\Debug\cyfitter_cfg.o
 .text.ClockSetup
                0x000018b8      0x12c .\CortexM3\ARM_GCC_541\Debug\cyfitter_cfg.o
 .text.CYCONFIGCPY
                0x000019e4        0x8 .\CortexM3\ARM_GCC_541\Debug\cyfitter_cfg.o
 .text.cyfitter_cfg
                0x000019ec      0x188 .\CortexM3\ARM_GCC_541\Debug\cyfitter_cfg.o
                0x000019ec                cyfitter_cfg
 .text.IntDefaultHandler
                0x00001b74       0x10 .\CortexM3\ARM_GCC_541\Debug\Cm3Start.o
                0x00001b74                IntDefaultHandler
 .text._sbrk    0x00001b84       0x30 .\CortexM3\ARM_GCC_541\Debug\Cm3Start.o
                0x00001b84                _sbrk
 .text.Start_c  0x00001bb4       0x4c .\CortexM3\ARM_GCC_541\Debug\Cm3Start.o
                0x00001bb4                Start_c
 .text.initialize_psoc
                0x00001c00       0x6c .\CortexM3\ARM_GCC_541\Debug\Cm3Start.o
                0x00001c00                initialize_psoc
 .text.CyDmacConfigure
                0x00001c6c       0x34 .\CortexM3\ARM_GCC_541\Debug\Z80_3Chip.a(CyDmac.o)
                0x00001c6c                CyDmacConfigure
 .text.CyDmaChEnable
                0x00001ca0       0x38 .\CortexM3\ARM_GCC_541\Debug\Z80_3Chip.a(CyDmac.o)
                0x00001ca0                CyDmaChEnable
 .text.CyDmaChDisable
                0x00001cd8       0x24 .\CortexM3\ARM_GCC_541\Debug\Z80_3Chip.a(CyDmac.o)
                0x00001cd8                CyDmaChDisable
 .text.CyDmaChPriority
                0x00001cfc       0x24 .\CortexM3\ARM_GCC_541\Debug\Z80_3Chip.a(CyDmac.o)
                0x00001cfc                CyDmaChPriority
 .text.CyDmaChSetExtendedAddress
                0x00001d20       0x34 .\CortexM3\ARM_GCC_541\Debug\Z80_3Chip.a(CyDmac.o)
                0x00001d20                CyDmaChSetExtendedAddress
 .text.CyDmaChSetInitialTd
                0x00001d54       0x18 .\CortexM3\ARM_GCC_541\Debug\Z80_3Chip.a(CyDmac.o)
                0x00001d54                CyDmaChSetInitialTd
 .text.CyDmaChSetConfiguration
                0x00001d6c       0x44 .\CortexM3\ARM_GCC_541\Debug\Z80_3Chip.a(CyDmac.o)
                0x00001d6c                CyDmaChSetConfiguration
 .text.CyDmaTdAllocate
                0x00001db0       0x34 .\CortexM3\ARM_GCC_541\Debug\Z80_3Chip.a(CyDmac.o)
                0x00001db0                CyDmaTdAllocate
 .text.CyDmaTdSetConfiguration
                0x00001de4       0x28 .\CortexM3\ARM_GCC_541\Debug\Z80_3Chip.a(CyDmac.o)
                0x00001de4                CyDmaTdSetConfiguration
 .text.CyDmaTdSetAddress
                0x00001e0c       0x1c .\CortexM3\ARM_GCC_541\Debug\Z80_3Chip.a(CyDmac.o)
                0x00001e0c                CyDmaTdSetAddress
 .text.CyHalt   0x00001e28        0x4 .\CortexM3\ARM_GCC_541\Debug\Z80_3Chip.a(CyLib.o)
                0x00001e28                CyHalt
 .text.CyDelay  0x00001e2c       0x2c .\CortexM3\ARM_GCC_541\Debug\Z80_3Chip.a(CyLib.o)
                0x00001e2c                CyDelay
 .text.CyDelayUs
                0x00001e58       0x14 .\CortexM3\ARM_GCC_541\Debug\Z80_3Chip.a(CyLib.o)
                0x00001e58                CyDelayUs
 .text.CyIntSetVector
                0x00001e6c       0x28 .\CortexM3\ARM_GCC_541\Debug\Z80_3Chip.a(CyLib.o)
                0x00001e6c                CyIntSetVector
 .text.CyIntSetPriority
                0x00001e94       0x30 .\CortexM3\ARM_GCC_541\Debug\Z80_3Chip.a(CyLib.o)
                0x00001e94                CyIntSetPriority
 .text.CyGetUniqueId
                0x00001ec4       0x70 .\CortexM3\ARM_GCC_541\Debug\Z80_3Chip.a(CyLib.o)
                0x00001ec4                CyGetUniqueId
 .text.CyPmReadStatus
                0x00001f34       0x30 .\CortexM3\ARM_GCC_541\Debug\Z80_3Chip.a(cyPm.o)
                0x00001f34                CyPmReadStatus
 .text.AdrLowIn_Read
                0x00001f64        0xc .\CortexM3\ARM_GCC_541\Debug\Z80_3Chip.a(AdrLowIn.o)
                0x00001f64                AdrLowIn_Read
 .text.LED_Write
                0x00001f70       0x18 .\CortexM3\ARM_GCC_541\Debug\Z80_3Chip.a(LED.o)
                0x00001f70                LED_Write
 .text.INT_n_Write
                0x00001f88       0x18 .\CortexM3\ARM_GCC_541\Debug\Z80_3Chip.a(INT_n.o)
                0x00001f88                INT_n_Write
 .text.IO_Ctrl_Reg_Write
                0x00001fa0        0xc .\CortexM3\ARM_GCC_541\Debug\Z80_3Chip.a(IO_Ctrl_Reg.o)
                0x00001fa0                IO_Ctrl_Reg_Write
 .text.IO_Ctrl_Reg_Read
                0x00001fac        0xc .\CortexM3\ARM_GCC_541\Debug\Z80_3Chip.a(IO_Ctrl_Reg.o)
                0x00001fac                IO_Ctrl_Reg_Read
 .text.IO_Stat_Reg_Read
                0x00001fb8        0xc .\CortexM3\ARM_GCC_541\Debug\Z80_3Chip.a(IO_Stat_Reg.o)
                0x00001fb8                IO_Stat_Reg_Read
 .text.Z80_Data_In_Write
                0x00001fc4        0xc .\CortexM3\ARM_GCC_541\Debug\Z80_3Chip.a(Z80_Data_In.o)
                0x00001fc4                Z80_Data_In_Write
 .text.Z80_Data_Out_Read
                0x00001fd0        0xc .\CortexM3\ARM_GCC_541\Debug\Z80_3Chip.a(Z80_Data_Out.o)
                0x00001fd0                Z80_Data_Out_Read
 .text.BankBaseAdr_Write
                0x00001fdc        0xc .\CortexM3\ARM_GCC_541\Debug\Z80_3Chip.a(BankBaseAdr.o)
                0x00001fdc                BankBaseAdr_Write
 .text.BankMask_Write
                0x00001fe8        0xc .\CortexM3\ARM_GCC_541\Debug\Z80_3Chip.a(BankMask.o)
                0x00001fe8                BankMask_Write
 .text.AdrHighOut_Write
                0x00001ff4        0xc .\CortexM3\ARM_GCC_541\Debug\Z80_3Chip.a(AdrHighOut.o)
                0x00001ff4                AdrHighOut_Write
 .text.I2C_Init
                0x00002000       0x68 .\CortexM3\ARM_GCC_541\Debug\Z80_3Chip.a(I2C.o)
                0x00002000                I2C_Init
 .text.I2C_Enable
                0x00002068       0x24 .\CortexM3\ARM_GCC_541\Debug\Z80_3Chip.a(I2C.o)
                0x00002068                I2C_Enable
 .text.I2C_Start
                0x0000208c       0x28 .\CortexM3\ARM_GCC_541\Debug\Z80_3Chip.a(I2C.o)
                0x0000208c                I2C_Start
 .text.I2C_ISR  0x000020b4      0x2d0 .\CortexM3\ARM_GCC_541\Debug\Z80_3Chip.a(I2C_INT.o)
                0x000020b4                I2C_ISR
 .text.I2C_MasterWriteBuf
                0x00002384       0xcc .\CortexM3\ARM_GCC_541\Debug\Z80_3Chip.a(I2C_MASTER.o)
                0x00002384                I2C_MasterWriteBuf
 .text.I2C_MasterSendStart
                0x00002450       0x80 .\CortexM3\ARM_GCC_541\Debug\Z80_3Chip.a(I2C_MASTER.o)
                0x00002450                I2C_MasterSendStart
 .text.I2C_MasterSendStop
                0x000024d0       0x38 .\CortexM3\ARM_GCC_541\Debug\Z80_3Chip.a(I2C_MASTER.o)
                0x000024d0                I2C_MasterSendStop
 .text.I2C_MasterWriteByte
                0x00002508       0x58 .\CortexM3\ARM_GCC_541\Debug\Z80_3Chip.a(I2C_MASTER.o)
                0x00002508                I2C_MasterWriteByte
 .text.I2C_MasterReadByte
                0x00002560       0x58 .\CortexM3\ARM_GCC_541\Debug\Z80_3Chip.a(I2C_MASTER.o)
                0x00002560                I2C_MasterReadByte
 .text.I2C_MasterStatus
                0x000025b8       0x38 .\CortexM3\ARM_GCC_541\Debug\Z80_3Chip.a(I2C_MASTER.o)
                0x000025b8                I2C_MasterStatus
 .text.I2C_MasterClearStatus
                0x000025f0       0x24 .\CortexM3\ARM_GCC_541\Debug\Z80_3Chip.a(I2C_MASTER.o)
                0x000025f0                I2C_MasterClearStatus
 .text.USBUART_Init
                0x00002614      0x140 .\CortexM3\ARM_GCC_541\Debug\Z80_3Chip.a(USBUART.o)
                0x00002614                USBUART_Init
 .text.USBUART_InitComponent
                0x00002754       0xb8 .\CortexM3\ARM_GCC_541\Debug\Z80_3Chip.a(USBUART.o)
                0x00002754                USBUART_InitComponent
 .text.USBUART_Start
                0x0000280c       0x24 .\CortexM3\ARM_GCC_541\Debug\Z80_3Chip.a(USBUART.o)
                0x0000280c                USBUART_Start
 .text.USBUART_ReInitComponent
                0x00002830       0x4c .\CortexM3\ARM_GCC_541\Debug\Z80_3Chip.a(USBUART.o)
                0x00002830                USBUART_ReInitComponent
 .text.USBUART_GetConfiguration
                0x0000287c        0xc .\CortexM3\ARM_GCC_541\Debug\Z80_3Chip.a(USBUART.o)
                0x0000287c                USBUART_GetConfiguration
 .text.USBUART_IsConfigurationChanged
                0x00002888       0x20 .\CortexM3\ARM_GCC_541\Debug\Z80_3Chip.a(USBUART.o)
                0x00002888                USBUART_IsConfigurationChanged
 .text.USBUART_GetEPState
                0x000028a8       0x14 .\CortexM3\ARM_GCC_541\Debug\Z80_3Chip.a(USBUART.o)
                0x000028a8                USBUART_GetEPState
 .text.USBUART_GetEPCount
                0x000028bc       0x28 .\CortexM3\ARM_GCC_541\Debug\Z80_3Chip.a(USBUART.o)
                0x000028bc                USBUART_GetEPCount
 .text.USBUART_LoadInEP
                0x000028e4       0x94 .\CortexM3\ARM_GCC_541\Debug\Z80_3Chip.a(USBUART.o)
                0x000028e4                USBUART_LoadInEP
 .text.USBUART_EnableOutEP
                0x00002978       0x2c .\CortexM3\ARM_GCC_541\Debug\Z80_3Chip.a(USBUART.o)
                0x00002978                USBUART_EnableOutEP
 .text.USBUART_ReadOutEP
                0x000029a4       0x50 .\CortexM3\ARM_GCC_541\Debug\Z80_3Chip.a(USBUART.o)
                0x000029a4                USBUART_ReadOutEP
 .text.USBUART_GetInterfaceComPort
                0x000029f4       0x38 .\CortexM3\ARM_GCC_541\Debug\Z80_3Chip.a(USBUART_cdc.o)
                0x000029f4                USBUART_GetInterfaceComPort
 .text.USBUART_DispatchCDCClassRqst
                0x00002a2c       0x98 .\CortexM3\ARM_GCC_541\Debug\Z80_3Chip.a(USBUART_cdc.o)
                0x00002a2c                USBUART_DispatchCDCClassRqst
 .text.USBUART_CDC_Init
                0x00002ac4       0x98 .\CortexM3\ARM_GCC_541\Debug\Z80_3Chip.a(USBUART_cdc.o)
                0x00002ac4                USBUART_CDC_Init
 .text.USBUART_PutData
                0x00002b5c       0x50 .\CortexM3\ARM_GCC_541\Debug\Z80_3Chip.a(USBUART_cdc.o)
                0x00002b5c                USBUART_PutData
 .text.USBUART_DataIsReady
                0x00002bac       0x18 .\CortexM3\ARM_GCC_541\Debug\Z80_3Chip.a(USBUART_cdc.o)
                0x00002bac                USBUART_DataIsReady
 .text.USBUART_CDCIsReady
                0x00002bc4       0x18 .\CortexM3\ARM_GCC_541\Debug\Z80_3Chip.a(USBUART_cdc.o)
                0x00002bc4                USBUART_CDCIsReady
 .text.USBUART_GetAll
                0x00002bdc       0x30 .\CortexM3\ARM_GCC_541\Debug\Z80_3Chip.a(USBUART_cdc.o)
                0x00002bdc                USBUART_GetAll
 .text.USBUART_Cdc_EpInit
                0x00002c0c       0x50 .\CortexM3\ARM_GCC_541\Debug\Z80_3Chip.a(USBUART_cdc.o)
                0x00002c0c                USBUART_Cdc_EpInit
 .text.USBUART_LoadEP0
                0x00002c5c       0x98 .\CortexM3\ARM_GCC_541\Debug\Z80_3Chip.a(USBUART_drv.o)
                0x00002c5c                USBUART_LoadEP0
 .text.USBUART_InitZeroLengthControlTransfer
                0x00002cf4       0x34 .\CortexM3\ARM_GCC_541\Debug\Z80_3Chip.a(USBUART_drv.o)
                0x00002cf4                USBUART_InitZeroLengthControlTransfer
 .text.USBUART_ControlReadDataStage
                0x00002d28        0x8 .\CortexM3\ARM_GCC_541\Debug\Z80_3Chip.a(USBUART_drv.o)
                0x00002d28                USBUART_ControlReadDataStage
 .text.USBUART_ControlWriteDataStage
                0x00002d30       0x84 .\CortexM3\ARM_GCC_541\Debug\Z80_3Chip.a(USBUART_drv.o)
                0x00002d30                USBUART_ControlWriteDataStage
 .text.USBUART_InitNoDataControlTransfer
                0x00002db4       0x2c .\CortexM3\ARM_GCC_541\Debug\Z80_3Chip.a(USBUART_drv.o)
                0x00002db4                USBUART_InitNoDataControlTransfer
 .text.USBUART_UpdateStatusBlock
                0x00002de0       0x24 .\CortexM3\ARM_GCC_541\Debug\Z80_3Chip.a(USBUART_drv.o)
                0x00002de0                USBUART_UpdateStatusBlock
 .text.USBUART_HandleSetup
                0x00002e04       0x5c .\CortexM3\ARM_GCC_541\Debug\Z80_3Chip.a(USBUART_drv.o)
                0x00002e04                USBUART_HandleSetup
 .text.USBUART_ControlReadStatusStage
                0x00002e60       0x38 .\CortexM3\ARM_GCC_541\Debug\Z80_3Chip.a(USBUART_drv.o)
                0x00002e60                USBUART_ControlReadStatusStage
 .text.USBUART_HandleOUT
                0x00002e98       0x38 .\CortexM3\ARM_GCC_541\Debug\Z80_3Chip.a(USBUART_drv.o)
                0x00002e98                USBUART_HandleOUT
 .text.USBUART_ControlWriteStatusStage
                0x00002ed0       0x20 .\CortexM3\ARM_GCC_541\Debug\Z80_3Chip.a(USBUART_drv.o)
                0x00002ed0                USBUART_ControlWriteStatusStage
 .text.USBUART_NoDataControlStatusStage
                0x00002ef0       0x40 .\CortexM3\ARM_GCC_541\Debug\Z80_3Chip.a(USBUART_drv.o)
                0x00002ef0                USBUART_NoDataControlStatusStage
 .text.USBUART_HandleIN
                0x00002f30       0x2c .\CortexM3\ARM_GCC_541\Debug\Z80_3Chip.a(USBUART_drv.o)
                0x00002f30                USBUART_HandleIN
 .text.USBUART_EP_0_ISR
                0x00002f5c       0xb8 .\CortexM3\ARM_GCC_541\Debug\Z80_3Chip.a(USBUART_drv.o)
                0x00002f5c                USBUART_EP_0_ISR
 .text.USBUART_InitializeStatusBlock
                0x00003014       0x24 .\CortexM3\ARM_GCC_541\Debug\Z80_3Chip.a(USBUART_drv.o)
                0x00003014                USBUART_InitializeStatusBlock
 .text.USBUART_InitControlRead
                0x00003038       0x50 .\CortexM3\ARM_GCC_541\Debug\Z80_3Chip.a(USBUART_drv.o)
                0x00003038                USBUART_InitControlRead
 .text.USBUART_InitControlWrite
                0x00003088       0x48 .\CortexM3\ARM_GCC_541\Debug\Z80_3Chip.a(USBUART_drv.o)
                0x00003088                USBUART_InitControlWrite
 .text.USBUART_EP_1_ISR
                0x000030d0       0x30 .\CortexM3\ARM_GCC_541\Debug\Z80_3Chip.a(USBUART_episr.o)
                0x000030d0                USBUART_EP_1_ISR
 .text.USBUART_EP_2_ISR
                0x00003100       0x34 .\CortexM3\ARM_GCC_541\Debug\Z80_3Chip.a(USBUART_episr.o)
                0x00003100                USBUART_EP_2_ISR
 .text.USBUART_EP_3_ISR
                0x00003134       0x3c .\CortexM3\ARM_GCC_541\Debug\Z80_3Chip.a(USBUART_episr.o)
                0x00003134                USBUART_EP_3_ISR
 .text.USBUART_SOF_ISR
                0x00003170        0x4 .\CortexM3\ARM_GCC_541\Debug\Z80_3Chip.a(USBUART_episr.o)
                0x00003170                USBUART_SOF_ISR
 .text.USBUART_BUS_RESET_ISR
                0x00003174        0x8 .\CortexM3\ARM_GCC_541\Debug\Z80_3Chip.a(USBUART_episr.o)
                0x00003174                USBUART_BUS_RESET_ISR
 .text.USBUART_DP_ISR
                0x0000317c        0x8 .\CortexM3\ARM_GCC_541\Debug\Z80_3Chip.a(USBUART_pm.o)
                0x0000317c                USBUART_DP_ISR
 .text.USBUART_ReadDieID
                0x00003184       0x6c .\CortexM3\ARM_GCC_541\Debug\Z80_3Chip.a(USBUART_std.o)
                0x00003184                USBUART_ReadDieID
 .text.USBUART_ConfigReg
                0x000031f0       0xa4 .\CortexM3\ARM_GCC_541\Debug\Z80_3Chip.a(USBUART_std.o)
                0x000031f0                USBUART_ConfigReg
 .text.USBUART_GetConfigTablePtr
                0x00003294       0x28 .\CortexM3\ARM_GCC_541\Debug\Z80_3Chip.a(USBUART_std.o)
                0x00003294                USBUART_GetConfigTablePtr
 .text.USBUART_ConfigAltChanged
                0x000032bc      0x11c .\CortexM3\ARM_GCC_541\Debug\Z80_3Chip.a(USBUART_std.o)
                0x000032bc                USBUART_ConfigAltChanged
 .text.USBUART_GetDeviceTablePtr
                0x000033d8       0x18 .\CortexM3\ARM_GCC_541\Debug\Z80_3Chip.a(USBUART_std.o)
                0x000033d8                USBUART_GetDeviceTablePtr
 .text.USBUART_GetInterfaceClassTablePtr
                0x000033f0       0x28 .\CortexM3\ARM_GCC_541\Debug\Z80_3Chip.a(USBUART_std.o)
                0x000033f0                USBUART_GetInterfaceClassTablePtr
 .text.USBUART_Config
                0x00003418      0x1ec .\CortexM3\ARM_GCC_541\Debug\Z80_3Chip.a(USBUART_std.o)
                0x00003418                USBUART_Config
 .text.USBUART_SetEndpointHalt
                0x00003604       0x64 .\CortexM3\ARM_GCC_541\Debug\Z80_3Chip.a(USBUART_std.o)
                0x00003604                USBUART_SetEndpointHalt
 .text.USBUART_ClearEndpointHalt
                0x00003668       0xac .\CortexM3\ARM_GCC_541\Debug\Z80_3Chip.a(USBUART_std.o)
                0x00003668                USBUART_ClearEndpointHalt
 .text.USBUART_ValidateAlternateSetting
                0x00003714       0x4c .\CortexM3\ARM_GCC_541\Debug\Z80_3Chip.a(USBUART_std.o)
                0x00003714                USBUART_ValidateAlternateSetting
 .text.USBUART_HandleStandardRqst
                0x00003760      0x354 .\CortexM3\ARM_GCC_541\Debug\Z80_3Chip.a(USBUART_std.o)
                0x00003760                USBUART_HandleStandardRqst
 .text.USBUART_HandleVendorRqst
                0x00003ab4       0x18 .\CortexM3\ARM_GCC_541\Debug\Z80_3Chip.a(USBUART_vnd.o)
                0x00003ab4                USBUART_HandleVendorRqst
 .text.USBUART_Dp_ClearInterrupt
                0x00003acc       0x10 .\CortexM3\ARM_GCC_541\Debug\Z80_3Chip.a(USBUART_Dp.o)
                0x00003acc                USBUART_Dp_ClearInterrupt
 .text.SPI_Master_Enable
                0x00003adc       0x34 .\CortexM3\ARM_GCC_541\Debug\Z80_3Chip.a(SPI_Master.o)
                0x00003adc                SPI_Master_Enable
 .text.SPI_Master_ReadTxStatus
                0x00003b10        0xc .\CortexM3\ARM_GCC_541\Debug\Z80_3Chip.a(SPI_Master.o)
                0x00003b10                SPI_Master_ReadTxStatus
 .text.SPI_Master_ReadRxStatus
                0x00003b1c        0xc .\CortexM3\ARM_GCC_541\Debug\Z80_3Chip.a(SPI_Master.o)
                0x00003b1c                SPI_Master_ReadRxStatus
 .text.SPI_Master_WriteTxData
                0x00003b28       0x18 .\CortexM3\ARM_GCC_541\Debug\Z80_3Chip.a(SPI_Master.o)
                0x00003b28                SPI_Master_WriteTxData
 .text.SPI_Master_ReadRxData
                0x00003b40        0xc .\CortexM3\ARM_GCC_541\Debug\Z80_3Chip.a(SPI_Master.o)
                0x00003b40                SPI_Master_ReadRxData
 .text.SPI_Master_ClearRxBuffer
                0x00003b4c       0x1c .\CortexM3\ARM_GCC_541\Debug\Z80_3Chip.a(SPI_Master.o)
                0x00003b4c                SPI_Master_ClearRxBuffer
 .text.SPI_Master_ClearFIFO
                0x00003b68       0x3c .\CortexM3\ARM_GCC_541\Debug\Z80_3Chip.a(SPI_Master.o)
                0x00003b68                SPI_Master_ClearFIFO
 .text.SPI_Master_Init
                0x00003ba4       0x28 .\CortexM3\ARM_GCC_541\Debug\Z80_3Chip.a(SPI_Master.o)
                0x00003ba4                SPI_Master_Init
 .text.SPI_Master_Start
                0x00003bcc       0x1c .\CortexM3\ARM_GCC_541\Debug\Z80_3Chip.a(SPI_Master.o)
                0x00003bcc                SPI_Master_Start
 .text.SPI_Master_IntClock_Start
                0x00003be8       0x1c .\CortexM3\ARM_GCC_541\Debug\Z80_3Chip.a(SPI_Master_IntClock.o)
                0x00003be8                SPI_Master_IntClock_Start
 .text.RTC_DayOfWeek
                0x00003c04       0x50 .\CortexM3\ARM_GCC_541\Debug\Z80_3Chip.a(RTC.o)
 .text.RTC_DSTDateConversion
                0x00003c54       0xa0 .\CortexM3\ARM_GCC_541\Debug\Z80_3Chip.a(RTC.o)
 .text.RTC_SetInitValues
                0x00003cf4      0x728 .\CortexM3\ARM_GCC_541\Debug\Z80_3Chip.a(RTC.o)
 .text.RTC_Init
                0x0000441c       0x28 .\CortexM3\ARM_GCC_541\Debug\Z80_3Chip.a(RTC.o)
                0x0000441c                RTC_Init
 .text.RTC_Enable
                0x00004444       0x24 .\CortexM3\ARM_GCC_541\Debug\Z80_3Chip.a(RTC.o)
                0x00004444                RTC_Enable
 .text.RTC_Start
                0x00004468       0x1c .\CortexM3\ARM_GCC_541\Debug\Z80_3Chip.a(RTC.o)
                0x00004468                RTC_Start
 .text.RTC_WriteSecond
                0x00004484        0xc .\CortexM3\ARM_GCC_541\Debug\Z80_3Chip.a(RTC.o)
                0x00004484                RTC_WriteSecond
 .text.RTC_WriteMinute
                0x00004490        0xc .\CortexM3\ARM_GCC_541\Debug\Z80_3Chip.a(RTC.o)
                0x00004490                RTC_WriteMinute
 .text.RTC_WriteHour
                0x0000449c        0xc .\CortexM3\ARM_GCC_541\Debug\Z80_3Chip.a(RTC.o)
                0x0000449c                RTC_WriteHour
 .text.RTC_WriteDayOfMonth
                0x000044a8        0xc .\CortexM3\ARM_GCC_541\Debug\Z80_3Chip.a(RTC.o)
                0x000044a8                RTC_WriteDayOfMonth
 .text.RTC_WriteMonth
                0x000044b4        0xc .\CortexM3\ARM_GCC_541\Debug\Z80_3Chip.a(RTC.o)
                0x000044b4                RTC_WriteMonth
 .text.RTC_WriteYear
                0x000044c0        0xc .\CortexM3\ARM_GCC_541\Debug\Z80_3Chip.a(RTC.o)
                0x000044c0                RTC_WriteYear
 .text.RTC_ReadSecond
                0x000044cc        0xc .\CortexM3\ARM_GCC_541\Debug\Z80_3Chip.a(RTC.o)
                0x000044cc                RTC_ReadSecond
 .text.RTC_ReadMinute
                0x000044d8        0xc .\CortexM3\ARM_GCC_541\Debug\Z80_3Chip.a(RTC.o)
                0x000044d8                RTC_ReadMinute
 .text.RTC_ReadHour
                0x000044e4        0xc .\CortexM3\ARM_GCC_541\Debug\Z80_3Chip.a(RTC.o)
                0x000044e4                RTC_ReadHour
 .text.RTC_ReadDayOfMonth
                0x000044f0        0xc .\CortexM3\ARM_GCC_541\Debug\Z80_3Chip.a(RTC.o)
                0x000044f0                RTC_ReadDayOfMonth
 .text.RTC_ReadMonth
                0x000044fc        0xc .\CortexM3\ARM_GCC_541\Debug\Z80_3Chip.a(RTC.o)
                0x000044fc                RTC_ReadMonth
 .text.RTC_ReadYear
                0x00004508        0xc .\CortexM3\ARM_GCC_541\Debug\Z80_3Chip.a(RTC.o)
                0x00004508                RTC_ReadYear
 .text.RTC_ISR  0x00004514      0xa58 .\CortexM3\ARM_GCC_541\Debug\Z80_3Chip.a(RTC_INT.o)
                0x00004514                RTC_ISR
 .text.SPI_SS_Out_Write
                0x00004f6c        0xc .\CortexM3\ARM_GCC_541\Debug\Z80_3Chip.a(SPI_SS_Out.o)
                0x00004f6c                SPI_SS_Out_Write
 .text.WaveDAC8_Enable
                0x00004f78       0x28 .\CortexM3\ARM_GCC_541\Debug\Z80_3Chip.a(WaveDAC8.o)
                0x00004f78                WaveDAC8_Enable
 .text.WaveDAC8_Stop
                0x00004fa0       0x20 .\CortexM3\ARM_GCC_541\Debug\Z80_3Chip.a(WaveDAC8.o)
                0x00004fa0                WaveDAC8_Stop
 .text.WaveDAC8_Wave1Setup
                0x00004fc0       0x40 .\CortexM3\ARM_GCC_541\Debug\Z80_3Chip.a(WaveDAC8.o)
                0x00004fc0                WaveDAC8_Wave1Setup
 .text.WaveDAC8_Wave2Setup
                0x00005000       0x40 .\CortexM3\ARM_GCC_541\Debug\Z80_3Chip.a(WaveDAC8.o)
                0x00005000                WaveDAC8_Wave2Setup
 .text.WaveDAC8_Init
                0x00005040       0x3c .\CortexM3\ARM_GCC_541\Debug\Z80_3Chip.a(WaveDAC8.o)
                0x00005040                WaveDAC8_Init
 .text.WaveDAC8_Start
                0x0000507c       0x1c .\CortexM3\ARM_GCC_541\Debug\Z80_3Chip.a(WaveDAC8.o)
                0x0000507c                WaveDAC8_Start
 .text.WaveDAC8_DacClk_Start
                0x00005098       0x1c .\CortexM3\ARM_GCC_541\Debug\Z80_3Chip.a(WaveDAC8_DacClk.o)
                0x00005098                WaveDAC8_DacClk_Start
 .text.WaveDAC8_DacClk_Stop
                0x000050b4       0x1c .\CortexM3\ARM_GCC_541\Debug\Z80_3Chip.a(WaveDAC8_DacClk.o)
                0x000050b4                WaveDAC8_DacClk_Stop
 .text.WaveDAC8_Wave1_DMA_DmaInitialize
                0x000050d0       0x3c .\CortexM3\ARM_GCC_541\Debug\Z80_3Chip.a(WaveDAC8_Wave1_DMA_dma.o)
                0x000050d0                WaveDAC8_Wave1_DMA_DmaInitialize
 .text.WaveDAC8_Wave2_DMA_DmaInitialize
                0x0000510c       0x3c .\CortexM3\ARM_GCC_541\Debug\Z80_3Chip.a(WaveDAC8_Wave2_DMA_dma.o)
                0x0000510c                WaveDAC8_Wave2_DMA_DmaInitialize
 .text.WaveDAC8_VDAC8_Enable
                0x00005148       0x1c .\CortexM3\ARM_GCC_541\Debug\Z80_3Chip.a(WaveDAC8_VDAC8.o)
                0x00005148                WaveDAC8_VDAC8_Enable
 .text.WaveDAC8_VDAC8_Stop
                0x00005164       0x1c .\CortexM3\ARM_GCC_541\Debug\Z80_3Chip.a(WaveDAC8_VDAC8.o)
                0x00005164                WaveDAC8_VDAC8_Stop
 .text.WaveDAC8_VDAC8_SetSpeed
                0x00005180       0x1c .\CortexM3\ARM_GCC_541\Debug\Z80_3Chip.a(WaveDAC8_VDAC8.o)
                0x00005180                WaveDAC8_VDAC8_SetSpeed
 .text.WaveDAC8_VDAC8_SetValue
                0x0000519c        0xc .\CortexM3\ARM_GCC_541\Debug\Z80_3Chip.a(WaveDAC8_VDAC8.o)
                0x0000519c                WaveDAC8_VDAC8_SetValue
 .text.WaveDAC8_VDAC8_DacTrim
                0x000051a8       0x24 .\CortexM3\ARM_GCC_541\Debug\Z80_3Chip.a(WaveDAC8_VDAC8.o)
                0x000051a8                WaveDAC8_VDAC8_DacTrim
 .text.WaveDAC8_VDAC8_SetRange
                0x000051cc       0x20 .\CortexM3\ARM_GCC_541\Debug\Z80_3Chip.a(WaveDAC8_VDAC8.o)
                0x000051cc                WaveDAC8_VDAC8_SetRange
 .text.WaveDAC8_VDAC8_Init
                0x000051ec       0x2c .\CortexM3\ARM_GCC_541\Debug\Z80_3Chip.a(WaveDAC8_VDAC8.o)
                0x000051ec                WaveDAC8_VDAC8_Init
 .text          0x00005218       0x20 .\CortexM3\ARM_GCC_541\Debug\Z80_3Chip.a(CyBootAsmGnu.o)
                0x00005218                CyDelayCycles
                0x00005228                CyEnterCriticalSection
                0x00005230                CyExitCriticalSection
 .text.USBUART_DispatchClassRqst
                0x00005238       0x60 .\CortexM3\ARM_GCC_541\Debug\Z80_3Chip.a(USBUART_cls.o)
                0x00005238                USBUART_DispatchClassRqst
 .text.__errno  0x00005298        0xc c:/program files (x86)/cypress/psoc creator/4.2/psoc creator/import/gnu/arm/5.4.1/bin/../lib/gcc/arm-none-eabi/5.4.1/../../../../arm-none-eabi/lib/armv7-m\libg_nano.a(lib_a-errno.o)
                0x00005298                __errno
 .text.__libc_init_array
                0x000052a4       0x4c c:/program files (x86)/cypress/psoc creator/4.2/psoc creator/import/gnu/arm/5.4.1/bin/../lib/gcc/arm-none-eabi/5.4.1/../../../../arm-none-eabi/lib/armv7-m\libg_nano.a(lib_a-init.o)
                0x000052a4                __libc_init_array
 .text.memcpy   0x000052f0       0x16 c:/program files (x86)/cypress/psoc creator/4.2/psoc creator/import/gnu/arm/5.4.1/bin/../lib/gcc/arm-none-eabi/5.4.1/../../../../arm-none-eabi/lib/armv7-m\libg_nano.a(lib_a-memcpy-stub.o)
                0x000052f0                memcpy
 .text.memset   0x00005306       0x10 c:/program files (x86)/cypress/psoc creator/4.2/psoc creator/import/gnu/arm/5.4.1/bin/../lib/gcc/arm-none-eabi/5.4.1/../../../../arm-none-eabi/lib/armv7-m\libg_nano.a(lib_a-memset.o)
                0x00005306                memset
 *fill*         0x00005316        0x2 
 .text.sprintf  0x00005318       0x48 c:/program files (x86)/cypress/psoc creator/4.2/psoc creator/import/gnu/arm/5.4.1/bin/../lib/gcc/arm-none-eabi/5.4.1/../../../../arm-none-eabi/lib/armv7-m\libg_nano.a(lib_a-sprintf.o)
                0x00005318                siprintf
                0x00005318                sprintf
 .text.strcat   0x00005360       0x1e c:/program files (x86)/cypress/psoc creator/4.2/psoc creator/import/gnu/arm/5.4.1/bin/../lib/gcc/arm-none-eabi/5.4.1/../../../../arm-none-eabi/lib/armv7-m\libg_nano.a(lib_a-strcat.o)
                0x00005360                strcat
 .text          0x0000537e       0x10 c:/program files (x86)/cypress/psoc creator/4.2/psoc creator/import/gnu/arm/5.4.1/bin/../lib/gcc/arm-none-eabi/5.4.1/../../../../arm-none-eabi/lib/armv7-m\libg_nano.a(lib_a-strlen.o)
                0x0000537e                strlen
 .text.__ssputs_r
                0x0000538e       0xb2 c:/program files (x86)/cypress/psoc creator/4.2/psoc creator/import/gnu/arm/5.4.1/bin/../lib/gcc/arm-none-eabi/5.4.1/../../../../arm-none-eabi/lib/armv7-m\libg_nano.a(lib_a-nano-svfprintf.o)
                0x0000538e                __ssputs_r
 .text._svfprintf_r
                0x00005440      0x1e8 c:/program files (x86)/cypress/psoc creator/4.2/psoc creator/import/gnu/arm/5.4.1/bin/../lib/gcc/arm-none-eabi/5.4.1/../../../../arm-none-eabi/lib/armv7-m\libg_nano.a(lib_a-nano-svfprintf.o)
                0x00005440                _svfiprintf_r
                0x00005440                _svfprintf_r
 .text._printf_common
                0x00005628       0xec c:/program files (x86)/cypress/psoc creator/4.2/psoc creator/import/gnu/arm/5.4.1/bin/../lib/gcc/arm-none-eabi/5.4.1/../../../../arm-none-eabi/lib/armv7-m\libg_nano.a(lib_a-nano-vfprintf_i.o)
                0x00005628                _printf_common
 .text._printf_i
                0x00005714      0x24c c:/program files (x86)/cypress/psoc creator/4.2/psoc creator/import/gnu/arm/5.4.1/bin/../lib/gcc/arm-none-eabi/5.4.1/../../../../arm-none-eabi/lib/armv7-m\libg_nano.a(lib_a-nano-vfprintf_i.o)
                0x00005714                _printf_i
 .text.memchr   0x00005960       0x1c c:/program files (x86)/cypress/psoc creator/4.2/psoc creator/import/gnu/arm/5.4.1/bin/../lib/gcc/arm-none-eabi/5.4.1/../../../../arm-none-eabi/lib/armv7-m\libg_nano.a(lib_a-memchr-stub.o)
                0x00005960                memchr
 .text.memmove  0x0000597c       0x36 c:/program files (x86)/cypress/psoc creator/4.2/psoc creator/import/gnu/arm/5.4.1/bin/../lib/gcc/arm-none-eabi/5.4.1/../../../../arm-none-eabi/lib/armv7-m\libg_nano.a(lib_a-memmove.o)
                0x0000597c                memmove
 *fill*         0x000059b2        0x2 
 .text._free_r  0x000059b4       0x98 c:/program files (x86)/cypress/psoc creator/4.2/psoc creator/import/gnu/arm/5.4.1/bin/../lib/gcc/arm-none-eabi/5.4.1/../../../../arm-none-eabi/lib/armv7-m\libg_nano.a(lib_a-nano-freer.o)
                0x000059b4                _free_r
 .text._malloc_r
                0x00005a4c       0xbc c:/program files (x86)/cypress/psoc creator/4.2/psoc creator/import/gnu/arm/5.4.1/bin/../lib/gcc/arm-none-eabi/5.4.1/../../../../arm-none-eabi/lib/armv7-m\libg_nano.a(lib_a-nano-mallocr.o)
                0x00005a4c                _malloc_r
 .text._realloc_r
                0x00005b08       0x4c c:/program files (x86)/cypress/psoc creator/4.2/psoc creator/import/gnu/arm/5.4.1/bin/../lib/gcc/arm-none-eabi/5.4.1/../../../../arm-none-eabi/lib/armv7-m\libg_nano.a(lib_a-nano-reallocr.o)
                0x00005b08                _realloc_r
 .text._sbrk_r  0x00005b54       0x20 c:/program files (x86)/cypress/psoc creator/4.2/psoc creator/import/gnu/arm/5.4.1/bin/../lib/gcc/arm-none-eabi/5.4.1/../../../../arm-none-eabi/lib/armv7-m\libg_nano.a(lib_a-sbrkr.o)
                0x00005b54                _sbrk_r
 .text.__malloc_lock
                0x00005b74        0x2 c:/program files (x86)/cypress/psoc creator/4.2/psoc creator/import/gnu/arm/5.4.1/bin/../lib/gcc/arm-none-eabi/5.4.1/../../../../arm-none-eabi/lib/armv7-m\libg_nano.a(lib_a-mlock.o)
                0x00005b74                __malloc_lock
 .text.__malloc_unlock
                0x00005b76        0x2 c:/program files (x86)/cypress/psoc creator/4.2/psoc creator/import/gnu/arm/5.4.1/bin/../lib/gcc/arm-none-eabi/5.4.1/../../../../arm-none-eabi/lib/armv7-m\libg_nano.a(lib_a-mlock.o)
                0x00005b76                __malloc_unlock
 .text._malloc_usable_size_r
                0x00005b78       0x14 c:/program files (x86)/cypress/psoc creator/4.2/psoc creator/import/gnu/arm/5.4.1/bin/../lib/gcc/arm-none-eabi/5.4.1/../../../../arm-none-eabi/lib/armv7-m\libg_nano.a(lib_a-nano-msizer.o)
                0x00005b78                _malloc_usable_size_r
 *(.plt)
 *(.gnu.warning)
 *(.glue_7t)
 .glue_7t       0x00005b8c        0x0 linker stubs
 *(.glue_7)
 .glue_7        0x00005b8c        0x0 linker stubs
 *(.vfp11_veneer)
 .vfp11_veneer  0x00005b8c        0x0 linker stubs
 *(.bootloader)
 *(.ARM.extab* .gnu.linkonce.armextab.*)
 *(.gcc_except_table)

.v4_bx          0x00005b8c        0x0
 .v4_bx         0x00005b8c        0x0 linker stubs

.iplt           0x00005b8c        0x0
 .iplt          0x00005b8c        0x0 c:/program files (x86)/cypress/psoc creator/4.2/psoc creator/import/gnu/arm/5.4.1/bin/../lib/gcc/arm-none-eabi/5.4.1/armv7-m/crtbegin.o

.eh_frame_hdr
 *(.eh_frame_hdr)

.eh_frame       0x00005b8c        0x4
 *(.eh_frame)
 .eh_frame      0x00005b8c        0x0 c:/program files (x86)/cypress/psoc creator/4.2/psoc creator/import/gnu/arm/5.4.1/bin/../lib/gcc/arm-none-eabi/5.4.1/armv7-m/crtbegin.o
 .eh_frame      0x00005b8c        0x4 c:/program files (x86)/cypress/psoc creator/4.2/psoc creator/import/gnu/arm/5.4.1/bin/../lib/gcc/arm-none-eabi/5.4.1/armv7-m/crtend.o
                [!provide]                PROVIDE (__exidx_start, .)

.ARM.exidx
 *(.ARM.exidx* .gnu.linkonce.armexidx.*)
                0x00005b90                __exidx_end = .

.rodata         0x00005b90     0x24c8
 *(.rodata .rodata.* .gnu.linkonce.r.*)
 .rodata.str1.4
                0x00005b90      0x186 .\CortexM3\ARM_GCC_541\Debug\main.o
 *fill*         0x00005d16        0x2 
 .rodata        0x00005d18     0x2008 .\CortexM3\ARM_GCC_541\Debug\GS_FPGA_CPM_BASIC.o
                0x00005d18                eprom_length
                0x00005d1c                eprom_finish
                0x00005d20                eprom_start
                0x00005d24                eprom_termination
                0x00005d28                gs_fpga_basic_eeprom
 .rodata.str1.4
                0x00007d20       0x43 .\CortexM3\ARM_GCC_541\Debug\SDCard.o
                                 0x47 (size before relaxing)
 *fill*         0x00007d63        0x1 
 .rodata        0x00007d64       0x36 .\CortexM3\ARM_GCC_541\Debug\cyfitter_cfg.o
 *fill*         0x00007d9a        0x2 
 .rodata.str1.4
                0x00007d9c       0x14 .\CortexM3\ARM_GCC_541\Debug\Z80_3Chip.a(USBUART_std.o)
                                 0x11 (size before relaxing)
 .rodata        0x00007db0       0x18 .\CortexM3\ARM_GCC_541\Debug\Z80_3Chip.a(RTC.o)
                0x00007dbc                RTC_daysInMonths
 .rodata        0x00007dc8       0xc8 .\CortexM3\ARM_GCC_541\Debug\Z80_3Chip.a(WaveDAC8.o)
                0x00007dc8                WaveDAC8_wave1
                0x00007e2c                WaveDAC8_wave2
 .rodata        0x00007e90      0x15e .\CortexM3\ARM_GCC_541\Debug\Z80_3Chip.a(USBUART_descr.o)
                0x00007e90                USBUART_TABLE
                0x00007e98                USBUART_DEVICE0_TABLE
                0x00007eb0                USBUART_DEVICE0_CONFIGURATION0_TABLE
                0x00007ed8                USBUART_DEVICE0_CONFIGURATION0_INTERFACE_CLASS
                0x00007edc                USBUART_DEVICE0_CONFIGURATION0_EP_SETTINGS_TABLE
                0x00007ef4                USBUART_SN_STRING_DESCRIPTOR
                0x00007ef8                USBUART_STRING_DESCRIPTORS
                0x00007f98                USBUART_DEVICE0_CONFIGURATION0_DESCR
                0x00007fdc                USBUART_DEVICE0_DESCR
 .rodata.str1.1
                0x00007fee        0x2 c:/program files (x86)/cypress/psoc creator/4.2/psoc creator/import/gnu/arm/5.4.1/bin/../lib/gcc/arm-none-eabi/5.4.1/../../../../arm-none-eabi/lib/armv7-m\libg_nano.a(lib_a-impure.o)
 .rodata.str1.1
                0x00007ff0       0x11 c:/program files (x86)/cypress/psoc creator/4.2/psoc creator/import/gnu/arm/5.4.1/bin/../lib/gcc/arm-none-eabi/5.4.1/../../../../arm-none-eabi/lib/armv7-m\libg_nano.a(lib_a-nano-svfprintf.o)
 .rodata.str1.1
                0x00008001       0x22 c:/program files (x86)/cypress/psoc creator/4.2/psoc creator/import/gnu/arm/5.4.1/bin/../lib/gcc/arm-none-eabi/5.4.1/../../../../arm-none-eabi/lib/armv7-m\libg_nano.a(lib_a-nano-vfprintf_i.o)
                0x00008024                . = ALIGN (0x4)
 *fill*         0x00008023        0x1 
 *(.init)
 .init          0x00008024        0x4 c:/program files (x86)/cypress/psoc creator/4.2/psoc creator/import/gnu/arm/5.4.1/bin/../lib/gcc/arm-none-eabi/5.4.1/armv7-m/crti.o
                0x00008024                _init
 .init          0x00008028        0x8 c:/program files (x86)/cypress/psoc creator/4.2/psoc creator/import/gnu/arm/5.4.1/bin/../lib/gcc/arm-none-eabi/5.4.1/armv7-m/crtn.o
                0x00008030                . = ALIGN (0x4)
                0x00008030                __preinit_array_start = .
 *(.preinit_array)
                0x00008030                __preinit_array_end = .
                0x00008030                . = ALIGN (0x4)
                0x00008030                __init_array_start = .
 *(SORT(.init_array.*))
 *(.init_array)
 .init_array    0x00008030        0x4 c:/program files (x86)/cypress/psoc creator/4.2/psoc creator/import/gnu/arm/5.4.1/bin/../lib/gcc/arm-none-eabi/5.4.1/armv7-m/crtbegin.o
 .init_array    0x00008034        0x4 .\CortexM3\ARM_GCC_541\Debug\Cm3Start.o
                0x00008038                __init_array_end = .
                0x00008038                . = ALIGN (0x4)
 *(.fini)
 .fini          0x00008038        0x4 c:/program files (x86)/cypress/psoc creator/4.2/psoc creator/import/gnu/arm/5.4.1/bin/../lib/gcc/arm-none-eabi/5.4.1/armv7-m/crti.o
                0x00008038                _fini
 .fini          0x0000803c        0x8 c:/program files (x86)/cypress/psoc creator/4.2/psoc creator/import/gnu/arm/5.4.1/bin/../lib/gcc/arm-none-eabi/5.4.1/armv7-m/crtn.o
                0x00008044                . = ALIGN (0x4)
                0x00008044                __fini_array_start = .
 *(.fini_array)
 .fini_array    0x00008044        0x4 c:/program files (x86)/cypress/psoc creator/4.2/psoc creator/import/gnu/arm/5.4.1/bin/../lib/gcc/arm-none-eabi/5.4.1/armv7-m/crtbegin.o
 *(SORT(.fini_array.*))
                0x00008048                __fini_array_end = .
                0x00008048                . = ALIGN (0x4)
 *crtbegin.o(.ctors)
 *(EXCLUDE_FILE(*crtend.o) .ctors)
 *(SORT(.ctors.*))
 *crtend.o(.ctors)
                0x00008048                . = ALIGN (0x4)
 *crtbegin.o(.dtors)
 *(EXCLUDE_FILE(*crtend.o) .dtors)
 *(SORT(.dtors.*))
 *crtend.o(.dtors)
                0x00008048                . = ALIGN (0x4)
                0x00008048                __cy_regions = .
                0x00008048        0x4 LONG 0x8058 __cy_region_init_ram
                0x0000804c        0x4 LONG 0x1fffc0c8 __cy_region_start_data
                0x00008050        0x4 LONG 0xd0 __cy_region_init_size_ram
                0x00008054        0x4 LONG 0x5a8 __cy_region_zero_size_ram
                0x00008058                __cy_regions_end = .
                0x00008058                . = ALIGN (0x8)
                0x00008058                _etext = .

.cy_checksum_exclude
                0x00008058        0x0
 *(.cy_checksum_exclude)

.ramvectors     0x1fffc000       0xc0
                0x1fffc000                __cy_region_start_ram = .
 *(.ramvectors)
 .ramvectors    0x1fffc000       0xc0 .\CortexM3\ARM_GCC_541\Debug\Cm3Start.o
                0x1fffc000                CyRamVectors

.noinit         0x1fffc0c0        0x1
 *(.noinit)
 .noinit        0x1fffc0c0        0x1 .\CortexM3\ARM_GCC_541\Debug\Z80_3Chip.a(CyLib.o)
                0x1fffc0c0                CyResetStatus

.data           0x1fffc0c8       0xd0 load address 0x00008058
                0x1fffc0c8                __cy_region_start_data = .
 *(.jcr)
 .jcr           0x1fffc0c8        0x0 c:/program files (x86)/cypress/psoc creator/4.2/psoc creator/import/gnu/arm/5.4.1/bin/../lib/gcc/arm-none-eabi/5.4.1/armv7-m/crtbegin.o
 .jcr           0x1fffc0c8        0x4 c:/program files (x86)/cypress/psoc creator/4.2/psoc creator/import/gnu/arm/5.4.1/bin/../lib/gcc/arm-none-eabi/5.4.1/armv7-m/crtend.o
 *(.got.plt)
 *(.got)
 *(.shdata)
 *(.data .data.* .gnu.linkonce.d.*)
 .data          0x1fffc0cc        0x4 .\CortexM3\ARM_GCC_541\Debug\Cm3Start.o
 .data          0x1fffc0d0        0x8 .\CortexM3\ARM_GCC_541\Debug\Z80_3Chip.a(CyDmac.o)
 .data          0x1fffc0d8       0x10 .\CortexM3\ARM_GCC_541\Debug\Z80_3Chip.a(CyLib.o)
                0x1fffc0d8                cydelay_32k_ms
                0x1fffc0dc                cydelay_freq_khz
                0x1fffc0e0                cydelay_freq_mhz
                0x1fffc0e4                cydelay_freq_hz
 .data          0x1fffc0e8       0x1a .\CortexM3\ARM_GCC_541\Debug\Z80_3Chip.a(USBUART_cdc.o)
                0x1fffc0e8                USBUART_linesCoding
 *fill*         0x1fffc102        0x2 
 .data          0x1fffc104       0x28 .\CortexM3\ARM_GCC_541\Debug\Z80_3Chip.a(RTC.o)
                0x1fffc104                RTC_dstTimeDateStart
                0x1fffc10c                RTC_currentTimeDate
                0x1fffc118                RTC_dstTimeDateStop
                0x1fffc120                RTC_alarmCfgTimeDate
 .data          0x1fffc12c        0x1 .\CortexM3\ARM_GCC_541\Debug\Z80_3Chip.a(WaveDAC8_Wave1_DMA_dma.o)
                0x1fffc12c                WaveDAC8_Wave1_DMA_DmaHandle
 .data          0x1fffc12d        0x1 .\CortexM3\ARM_GCC_541\Debug\Z80_3Chip.a(WaveDAC8_Wave2_DMA_dma.o)
                0x1fffc12d                WaveDAC8_Wave2_DMA_DmaHandle
 *fill*         0x1fffc12e        0x2 
 .data.impure_data
                0x1fffc130       0x60 c:/program files (x86)/cypress/psoc creator/4.2/psoc creator/import/gnu/arm/5.4.1/bin/../lib/gcc/arm-none-eabi/5.4.1/../../../../arm-none-eabi/lib/armv7-m\libg_nano.a(lib_a-impure.o)
 .data._impure_ptr
                0x1fffc190        0x4 c:/program files (x86)/cypress/psoc creator/4.2/psoc creator/import/gnu/arm/5.4.1/bin/../lib/gcc/arm-none-eabi/5.4.1/../../../../arm-none-eabi/lib/armv7-m\libg_nano.a(lib_a-impure.o)
                0x1fffc190                _impure_ptr
                0x1fffc198                . = ALIGN (0x8)
 *fill*         0x1fffc194        0x4 
 *(.ram)
                0x1fffc198                _edata = .

.igot.plt       0x1fffc198        0x0 load address 0x00008128
 .igot.plt      0x1fffc198        0x0 c:/program files (x86)/cypress/psoc creator/4.2/psoc creator/import/gnu/arm/5.4.1/bin/../lib/gcc/arm-none-eabi/5.4.1/armv7-m/crtbegin.o

.bss            0x1fffc198      0x5a8 load address 0x00008128
                0x1fffc198                PROVIDE (__bss_start__, .)
 *(.shbss)
 *(.bss .bss.* .gnu.linkonce.b.*)
 .bss           0x1fffc198       0x1c c:/program files (x86)/cypress/psoc creator/4.2/psoc creator/import/gnu/arm/5.4.1/bin/../lib/gcc/arm-none-eabi/5.4.1/armv7-m/crtbegin.o
 .bss           0x1fffc1b4       0x43 .\CortexM3\ARM_GCC_541\Debug\Z80_3Chip.a(cyPm.o)
 .bss           0x1fffc1f7        0x1 .\CortexM3\ARM_GCC_541\Debug\Z80_3Chip.a(I2C.o)
                0x1fffc1f7                I2C_initVar
 .bss           0x1fffc1f8        0x1 .\CortexM3\ARM_GCC_541\Debug\Z80_3Chip.a(USBUART.o)
                0x1fffc1f8                USBUART_initVar
 .bss           0x1fffc1f9        0x1 .\CortexM3\ARM_GCC_541\Debug\Z80_3Chip.a(USBUART_cdc.o)
 *fill*         0x1fffc1fa        0x2 
 .bss           0x1fffc1fc        0x2 .\CortexM3\ARM_GCC_541\Debug\Z80_3Chip.a(USBUART_std.o)
 .bss           0x1fffc1fe        0x1 .\CortexM3\ARM_GCC_541\Debug\Z80_3Chip.a(SPI_Master.o)
                0x1fffc1fe                SPI_Master_initVar
 .bss           0x1fffc1ff        0x9 .\CortexM3\ARM_GCC_541\Debug\Z80_3Chip.a(RTC.o)
                0x1fffc1ff                RTC_statusDateTime
                0x1fffc200                RTC_dstModeType
                0x1fffc201                RTC_dstStartStatus
                0x1fffc202                RTC_dstStopStatus
                0x1fffc203                RTC_dstOffsetMin
                0x1fffc204                RTC_alarmCfgMask
                0x1fffc205                RTC_alarmCurStatus
                0x1fffc206                RTC_initVar
                0x1fffc207                RTC_intervalCfgMask
 .bss           0x1fffc208        0x5 .\CortexM3\ARM_GCC_541\Debug\Z80_3Chip.a(WaveDAC8.o)
                0x1fffc20c                WaveDAC8_initVar
 *fill*         0x1fffc20d        0x3 
 .bss.__malloc_sbrk_start
                0x1fffc210        0x4 c:/program files (x86)/cypress/psoc creator/4.2/psoc creator/import/gnu/arm/5.4.1/bin/../lib/gcc/arm-none-eabi/5.4.1/../../../../arm-none-eabi/lib/armv7-m\libg_nano.a(lib_a-nano-mallocr.o)
                0x1fffc210                __malloc_sbrk_start
 .bss.__malloc_free_list
                0x1fffc214        0x4 c:/program files (x86)/cypress/psoc creator/4.2/psoc creator/import/gnu/arm/5.4.1/bin/../lib/gcc/arm-none-eabi/5.4.1/../../../../arm-none-eabi/lib/armv7-m\libg_nano.a(lib_a-nano-mallocr.o)
                0x1fffc214                __malloc_free_list
 *(COMMON)
 COMMON         0x1fffc218       0x10 .\CortexM3\ARM_GCC_541\Debug\FrontPanel.o
                0x1fffc218                FPAddr
                0x1fffc21a                FPCtrl
                0x1fffc21c                LEDsVal
                0x1fffc220                FPData
                0x1fffc224                FPLong
 COMMON         0x1fffc228        0xa .\CortexM3\ARM_GCC_541\Debug\Z80_PIO_emul.o
                0x1fffc228                PIO_Mask_Port_B
                0x1fffc229                PIO_Interrupt_Vector_Port_A
                0x1fffc22a                PIO_Interrupt_Vector_Port_B
                0x1fffc22b                PIO_Mask_Port_A
                0x1fffc22c                PIO_Output_Register_Port_B
                0x1fffc22d                PIO_State_A
                0x1fffc22e                PIO_Vector_Address_Port_A
                0x1fffc22f                PIO_Vector_Address_Port_B
                0x1fffc230                PIO_Output_Register_Port_A
                0x1fffc231                PIO_State_B
 COMMON         0x1fffc232        0x4 .\CortexM3\ARM_GCC_541\Debug\Z80_6850_Emul.o
                0x1fffc232                M6850_DataOut
                0x1fffc233                M6850_Status
                0x1fffc234                M6850_Ctrl
                0x1fffc235                M6850_DataIn
 *fill*         0x1fffc236        0x2 
 COMMON         0x1fffc238        0xc .\CortexM3\ARM_GCC_541\Debug\Z80_SDCard_Emul.o
                0x1fffc238                writeSectorNumber
                0x1fffc23c                SD_LBA1_Val
                0x1fffc23d                SD_DataOut
                0x1fffc23e                SD_Status
                0x1fffc23f                SD_DataIn
                0x1fffc240                SD_LBA0_Val
                0x1fffc241                SD_LBA3_Val
                0x1fffc242                SD_LBA2_Val
                0x1fffc243                SD_Command
 COMMON         0x1fffc244        0x4 .\CortexM3\ARM_GCC_541\Debug\Z80_6850_2_Emul.o
                0x1fffc244                M6850_2_Ctrl
                0x1fffc245                M6850_2_Status
                0x1fffc246                M6850_2_DataIn
                0x1fffc247                M6850_2_DataOut
 COMMON         0x1fffc248      0x404 .\CortexM3\ARM_GCC_541\Debug\SDCard.o
                0x1fffc248                readPointer
                0x1fffc24a                writePointer
                0x1fffc24c                readSDBuffer
                0x1fffc44c                writeSDBuffer
 COMMON         0x1fffc64c        0x1 .\CortexM3\ARM_GCC_541\Debug\Z80_RTC.o
                0x1fffc64c                rtcState
 COMMON         0x1fffc64d        0x3 .\CortexM3\ARM_GCC_541\Debug\Z80_DAC.o
                0x1fffc64d                dacState
                0x1fffc64e                inDataDAC
                0x1fffc64f                outDataDAC
 COMMON         0x1fffc650        0x1 .\CortexM3\ARM_GCC_541\Debug\Z80_3Chip.a(I2C.o)
                0x1fffc650                I2C_state
 *fill*         0x1fffc651        0x3 
 COMMON         0x1fffc654       0x10 .\CortexM3\ARM_GCC_541\Debug\Z80_3Chip.a(I2C_MASTER.o)
                0x1fffc654                I2C_mstrWrBufIndex
                0x1fffc655                I2C_mstrWrBufSize
                0x1fffc656                I2C_mstrStatus
                0x1fffc658                I2C_mstrRdBufPtr
                0x1fffc65c                I2C_mstrControl
                0x1fffc65d                I2C_mstrRdBufSize
                0x1fffc65e                I2C_mstrRdBufIndex
                0x1fffc660                I2C_mstrWrBufPtr
 COMMON         0x1fffc664       0x18 .\CortexM3\ARM_GCC_541\Debug\Z80_3Chip.a(USBUART_cdc.o)
                0x1fffc664                USBUART_linesChanged
                0x1fffc668                USBUART_cdcDataInEp
                0x1fffc66c                USBUART_cdcCommInInterruptEp
                0x1fffc670                USBUART_cdcDataOutEp
                0x1fffc674                USBUART_serialStateBitmap
                0x1fffc678                USBUART_linesControlBitmap
 COMMON         0x1fffc67c       0x9a .\CortexM3\ARM_GCC_541\Debug\Z80_3Chip.a(USBUART_drv.o)
                0x1fffc67c                USBUART_lastPacketSize
                0x1fffc67d                USBUART_device
                0x1fffc67e                USBUART_transferByteCount
                0x1fffc680                USBUART_transferState
                0x1fffc684                USBUART_interfaceSettingLast
                0x1fffc688                USBUART_currentTD
                0x1fffc694                USBUART_interfaceNumber
                0x1fffc698                USBUART_interfaceClass
                0x1fffc69c                USBUART_configurationChanged
                0x1fffc69d                USBUART_ep0Mode
                0x1fffc69e                USBUART_deviceAddress
                0x1fffc69f                USBUART_configuration
                0x1fffc6a0                USBUART_ep0Count
                0x1fffc6a1                USBUART_deviceStatus
                0x1fffc6a4                USBUART_EP
                0x1fffc710                USBUART_interfaceSetting
                0x1fffc712                USBUART_ep0Toggle
                0x1fffc714                USBUART_interfaceStatus
 *fill*         0x1fffc716        0x2 
 COMMON         0x1fffc718       0x22 .\CortexM3\ARM_GCC_541\Debug\Z80_3Chip.a(USBUART_descr.o)
                0x1fffc718                USBUART_idSerialNumberStringDescriptor
 *fill*         0x1fffc73a        0x2 
 COMMON         0x1fffc73c        0x4 c:/program files (x86)/cypress/psoc creator/4.2/psoc creator/import/gnu/arm/5.4.1/bin/../lib/gcc/arm-none-eabi/5.4.1/../../../../arm-none-eabi/lib/armv7-m\libg_nano.a(lib_a-reent.o)
                0x1fffc73c                errno
                0x1fffc740                . = ALIGN (0x8)
 *(.ram.b)
                0x1fffc740                _end = .
                0x1fffc740                __end = .
                0x1fffc740                PROVIDE (end, .)
                0x1fffc740                PROVIDE (__bss_end__, .)
                0x00008058                __cy_region_init_ram = LOADADDR (.data)
                0x000000d0                __cy_region_init_size_ram = (_edata - ADDR (.data))
                0x000005a8                __cy_region_zero_size_ram = (_end - _edata)

.heap           0x1fffc740       0x80 load address 0x00008128
                0x1fffc740                . = _end
                0x1fffc7c0                . = (. + 0x80)
 *fill*         0x1fffc740       0x80 
                0x1fffc7c0                __cy_heap_limit = .

.stack          0x20003800      0x800
                0x20003800                __cy_stack_limit = .
                0x20004000                . = (. + 0x800)
 *fill*         0x20003800      0x800 
                0x00000001                ASSERT ((__cy_stack_limit >= __cy_heap_limit), region RAM overflowed with stack)
                0x00000000                cy_checksum_exclude_size = (CY_APPL_LOADABLE == 0x1)?SIZEOF (.cy_checksum_exclude):0x0
                0x00000001                ASSERT ((cy_checksum_exclude_size <= CY_CHECKSUM_EXCLUDE_SIZE), CY_BOOT: Section .cy_checksum_exclude size exceedes specified limit.)

.cyloadermeta
 *(.cyloadermeta)

.cyloadablemeta
 *(.cyloadablemeta)

.cyconfigecc    0x80000000      0xa14
 *(.cyconfigecc)
 .cyconfigecc   0x80000000      0xa14 .\CortexM3\ARM_GCC_541\Debug\cymetadata.o
                0x80000000                cy_meta_configecc

.cycustnvl      0x90000000        0x4
 *(.cycustnvl)
 .cycustnvl     0x90000000        0x4 .\CortexM3\ARM_GCC_541\Debug\cymetadata.o
                0x90000000                cy_meta_custnvl

.cywolatch      0x90100000        0x4
 *(.cywolatch)
 .cywolatch     0x90100000        0x4 .\CortexM3\ARM_GCC_541\Debug\cymetadata.o
                0x90100000                cy_meta_wonvl

.cyeeprom       0x90200000        0x0
 *(.cyeeprom)
                0x00000001                ASSERT ((. <= ((0x90200000 + ee_offset) + ee_size)), .cyeeprom data will not fit in EEPROM)

.cyflashprotect
                0x90400000       0x80
 *(.cyflashprotect)
 .cyflashprotect
                0x90400000       0x80 .\CortexM3\ARM_GCC_541\Debug\cymetadata.o
                0x90400000                cy_meta_flashprotect

.cymeta         0x90500000        0xc
 *(.cymeta)
 .cymeta        0x90500000        0xc .\CortexM3\ARM_GCC_541\Debug\cymetadata.o
                0x90500000                cy_metadata

.rel.dyn        0x00008128        0x0 load address 0x9050000c
 .rel.iplt      0x00008128        0x0 c:/program files (x86)/cypress/psoc creator/4.2/psoc creator/import/gnu/arm/5.4.1/bin/../lib/gcc/arm-none-eabi/5.4.1/armv7-m/crtbegin.o

.stab
 *(.stab)

.stabstr
 *(.stabstr)

.debug
 *(.debug)

.line
 *(.line)

.debug_srcinfo
 *(.debug_srcinfo)

.debug_sfnames
 *(.debug_sfnames)

.debug_aranges  0x00000000     0x1570
 *(.debug_aranges)
 .debug_aranges
                0x00000000       0x20 .\CortexM3\ARM_GCC_541\Debug\main.o
 .debug_aranges
                0x00000020       0x40 .\CortexM3\ARM_GCC_541\Debug\ExtSRAM.o
 .debug_aranges
                0x00000060       0x68 .\CortexM3\ARM_GCC_541\Debug\FrontPanel.o
 .debug_aranges
                0x000000c8       0x18 .\CortexM3\ARM_GCC_541\Debug\GS_9_MON_BASIC_ROM.o
 .debug_aranges
                0x000000e0       0x18 .\CortexM3\ARM_GCC_541\Debug\Z80_SIO_emul.o
 .debug_aranges
                0x000000f8       0x30 .\CortexM3\ARM_GCC_541\Debug\Z80_IO_Handle.o
 .debug_aranges
                0x00000128       0x50 .\CortexM3\ARM_GCC_541\Debug\Z80_PIO_emul.o
 .debug_aranges
                0x00000178       0x18 .\CortexM3\ARM_GCC_541\Debug\GS_7_BASIC_ROM.o
 .debug_aranges
                0x00000190       0x58 .\CortexM3\ARM_GCC_541\Debug\Z80_6850_Emul.o
 .debug_aranges
                0x000001e8       0x50 .\CortexM3\ARM_GCC_541\Debug\Z80_SDCard_Emul.o
 .debug_aranges
                0x00000238       0x18 .\CortexM3\ARM_GCC_541\Debug\GS_FPGA_CPM_BASIC.o
 .debug_aranges
                0x00000250       0x58 .\CortexM3\ARM_GCC_541\Debug\Z80_6850_2_Emul.o
 .debug_aranges
                0x000002a8       0x28 .\CortexM3\ARM_GCC_541\Debug\Z80_Mem_Mappers.o
 .debug_aranges
                0x000002d0       0x58 .\CortexM3\ARM_GCC_541\Debug\SDCard.o
 .debug_aranges
                0x00000328       0x28 .\CortexM3\ARM_GCC_541\Debug\Z80_PSoC_3Chips.o
 .debug_aranges
                0x00000350       0x40 .\CortexM3\ARM_GCC_541\Debug\Z80_RTC.o
 .debug_aranges
                0x00000390       0x40 .\CortexM3\ARM_GCC_541\Debug\Z80_DAC.o
 .debug_aranges
                0x000003d0       0x58 .\CortexM3\ARM_GCC_541\Debug\cyfitter_cfg.o
 .debug_aranges
                0x00000428       0x18 .\CortexM3\ARM_GCC_541\Debug\cymetadata.o
 .debug_aranges
                0x00000440       0x48 .\CortexM3\ARM_GCC_541\Debug\Cm3Start.o
 .debug_aranges
                0x00000488       0xd8 .\CortexM3\ARM_GCC_541\Debug\Z80_3Chip.a(CyDmac.o)
 .debug_aranges
                0x00000560      0x2a0 .\CortexM3\ARM_GCC_541\Debug\Z80_3Chip.a(CyLib.o)
 .debug_aranges
                0x00000800       0x98 .\CortexM3\ARM_GCC_541\Debug\Z80_3Chip.a(cyPm.o)
 .debug_aranges
                0x00000898       0x40 .\CortexM3\ARM_GCC_541\Debug\Z80_3Chip.a(AdrLowIn.o)
 .debug_aranges
                0x000008d8       0x38 .\CortexM3\ARM_GCC_541\Debug\Z80_3Chip.a(LED.o)
 .debug_aranges
                0x00000910       0x38 .\CortexM3\ARM_GCC_541\Debug\Z80_3Chip.a(INT_n.o)
 .debug_aranges
                0x00000948       0x28 .\CortexM3\ARM_GCC_541\Debug\Z80_3Chip.a(IO_Ctrl_Reg.o)
 .debug_aranges
                0x00000970       0x40 .\CortexM3\ARM_GCC_541\Debug\Z80_3Chip.a(IO_Stat_Reg.o)
 .debug_aranges
                0x000009b0       0x28 .\CortexM3\ARM_GCC_541\Debug\Z80_3Chip.a(Z80_Data_In.o)
 .debug_aranges
                0x000009d8       0x40 .\CortexM3\ARM_GCC_541\Debug\Z80_3Chip.a(Z80_Data_Out.o)
 .debug_aranges
                0x00000a18       0x28 .\CortexM3\ARM_GCC_541\Debug\Z80_3Chip.a(BankBaseAdr.o)
 .debug_aranges
                0x00000a40       0x28 .\CortexM3\ARM_GCC_541\Debug\Z80_3Chip.a(BankMask.o)
 .debug_aranges
                0x00000a68       0x28 .\CortexM3\ARM_GCC_541\Debug\Z80_3Chip.a(AdrHighOut.o)
 .debug_aranges
                0x00000a90       0x38 .\CortexM3\ARM_GCC_541\Debug\Z80_3Chip.a(I2C.o)
 .debug_aranges
                0x00000ac8       0x20 .\CortexM3\ARM_GCC_541\Debug\Z80_3Chip.a(I2C_INT.o)
 .debug_aranges
                0x00000ae8       0x38 .\CortexM3\ARM_GCC_541\Debug\Z80_3Chip.a(I2C_PM.o)
 .debug_aranges
                0x00000b20       0x80 .\CortexM3\ARM_GCC_541\Debug\Z80_3Chip.a(I2C_MASTER.o)
 .debug_aranges
                0x00000ba0       0xc8 .\CortexM3\ARM_GCC_541\Debug\Z80_3Chip.a(USBUART.o)
 .debug_aranges
                0x00000c68       0xe8 .\CortexM3\ARM_GCC_541\Debug\Z80_3Chip.a(USBUART_cdc.o)
 .debug_aranges
                0x00000d50       0x98 .\CortexM3\ARM_GCC_541\Debug\Z80_3Chip.a(USBUART_drv.o)
 .debug_aranges
                0x00000de8       0x40 .\CortexM3\ARM_GCC_541\Debug\Z80_3Chip.a(USBUART_episr.o)
 .debug_aranges
                0x00000e28       0x40 .\CortexM3\ARM_GCC_541\Debug\Z80_3Chip.a(USBUART_pm.o)
 .debug_aranges
                0x00000e68       0x80 .\CortexM3\ARM_GCC_541\Debug\Z80_3Chip.a(USBUART_std.o)
 .debug_aranges
                0x00000ee8       0x20 .\CortexM3\ARM_GCC_541\Debug\Z80_3Chip.a(USBUART_vnd.o)
 .debug_aranges
                0x00000f08       0x48 .\CortexM3\ARM_GCC_541\Debug\Z80_3Chip.a(USBUART_Dp.o)
 .debug_aranges
                0x00000f50       0xd8 .\CortexM3\ARM_GCC_541\Debug\Z80_3Chip.a(SPI_Master.o)
 .debug_aranges
                0x00001028       0x70 .\CortexM3\ARM_GCC_541\Debug\Z80_3Chip.a(SPI_Master_IntClock.o)
 .debug_aranges
                0x00001098      0x1c8 .\CortexM3\ARM_GCC_541\Debug\Z80_3Chip.a(RTC.o)
 .debug_aranges
                0x00001260       0x20 .\CortexM3\ARM_GCC_541\Debug\Z80_3Chip.a(RTC_INT.o)
 .debug_aranges
                0x00001280       0x28 .\CortexM3\ARM_GCC_541\Debug\Z80_3Chip.a(SPI_SS_Out.o)
 .debug_aranges
                0x000012a8       0x50 .\CortexM3\ARM_GCC_541\Debug\Z80_3Chip.a(WaveDAC8.o)
 .debug_aranges
                0x000012f8       0x70 .\CortexM3\ARM_GCC_541\Debug\Z80_3Chip.a(WaveDAC8_DacClk.o)
 .debug_aranges
                0x00001368       0x28 .\CortexM3\ARM_GCC_541\Debug\Z80_3Chip.a(WaveDAC8_Wave1_DMA_dma.o)
 .debug_aranges
                0x00001390       0x28 .\CortexM3\ARM_GCC_541\Debug\Z80_3Chip.a(WaveDAC8_Wave2_DMA_dma.o)
 .debug_aranges
                0x000013b8       0x58 .\CortexM3\ARM_GCC_541\Debug\Z80_3Chip.a(WaveDAC8_VDAC8.o)
 .debug_aranges
                0x00001410       0x20 .\CortexM3\ARM_GCC_541\Debug\Z80_3Chip.a(CyBootAsmGnu.o)
 .debug_aranges
                0x00001430       0x88 .\CortexM3\ARM_GCC_541\Debug\Z80_3Chip.a(CyFlash.o)
 .debug_aranges
                0x000014b8       0x80 .\CortexM3\ARM_GCC_541\Debug\Z80_3Chip.a(CySpc.o)
 .debug_aranges
                0x00001538       0x20 .\CortexM3\ARM_GCC_541\Debug\Z80_3Chip.a(USBUART_cls.o)
 .debug_aranges
                0x00001558       0x18 .\CortexM3\ARM_GCC_541\Debug\Z80_3Chip.a(USBUART_descr.o)

.debug_pubnames
 *(.debug_pubnames)

.debug_info     0x00000000     0xe34e
 *(.debug_info .gnu.linkonce.wi.*)
 .debug_info    0x00000000      0x584 .\CortexM3\ARM_GCC_541\Debug\main.o
 .debug_info    0x00000584      0x29b .\CortexM3\ARM_GCC_541\Debug\ExtSRAM.o
 .debug_info    0x0000081f      0x8e8 .\CortexM3\ARM_GCC_541\Debug\FrontPanel.o
 .debug_info    0x00001107       0xae .\CortexM3\ARM_GCC_541\Debug\GS_9_MON_BASIC_ROM.o
 .debug_info    0x000011b5       0xae .\CortexM3\ARM_GCC_541\Debug\Z80_SIO_emul.o
 .debug_info    0x00001263      0x49a .\CortexM3\ARM_GCC_541\Debug\Z80_IO_Handle.o
 .debug_info    0x000016fd      0x5f0 .\CortexM3\ARM_GCC_541\Debug\Z80_PIO_emul.o
 .debug_info    0x00001ced       0xae .\CortexM3\ARM_GCC_541\Debug\GS_7_BASIC_ROM.o
 .debug_info    0x00001d9b      0x2e6 .\CortexM3\ARM_GCC_541\Debug\Z80_6850_Emul.o
 .debug_info    0x00002081      0x341 .\CortexM3\ARM_GCC_541\Debug\Z80_SDCard_Emul.o
 .debug_info    0x000023c2      0x127 .\CortexM3\ARM_GCC_541\Debug\GS_FPGA_CPM_BASIC.o
 .debug_info    0x000024e9      0x222 .\CortexM3\ARM_GCC_541\Debug\Z80_6850_2_Emul.o
 .debug_info    0x0000270b      0x160 .\CortexM3\ARM_GCC_541\Debug\Z80_Mem_Mappers.o
 .debug_info    0x0000286b      0xb47 .\CortexM3\ARM_GCC_541\Debug\SDCard.o
 .debug_info    0x000033b2      0x1e0 .\CortexM3\ARM_GCC_541\Debug\Z80_PSoC_3Chips.o
 .debug_info    0x00003592      0x33d .\CortexM3\ARM_GCC_541\Debug\Z80_RTC.o
 .debug_info    0x000038cf      0x1f4 .\CortexM3\ARM_GCC_541\Debug\Z80_DAC.o
 .debug_info    0x00003ac3      0x6cf .\CortexM3\ARM_GCC_541\Debug\cyfitter_cfg.o
 .debug_info    0x00004192      0x139 .\CortexM3\ARM_GCC_541\Debug\cymetadata.o
 .debug_info    0x000042cb      0x3cf .\CortexM3\ARM_GCC_541\Debug\Cm3Start.o
 .debug_info    0x0000469a      0x94e .\CortexM3\ARM_GCC_541\Debug\Z80_3Chip.a(CyDmac.o)
 .debug_info    0x00004fe8     0x1374 .\CortexM3\ARM_GCC_541\Debug\Z80_3Chip.a(CyLib.o)
 .debug_info    0x0000635c      0xa2a .\CortexM3\ARM_GCC_541\Debug\Z80_3Chip.a(cyPm.o)
 .debug_info    0x00006d86      0x17d .\CortexM3\ARM_GCC_541\Debug\Z80_3Chip.a(AdrLowIn.o)
 .debug_info    0x00006f03      0x11f .\CortexM3\ARM_GCC_541\Debug\Z80_3Chip.a(LED.o)
 .debug_info    0x00007022      0x11f .\CortexM3\ARM_GCC_541\Debug\Z80_3Chip.a(INT_n.o)
 .debug_info    0x00007141       0xd6 .\CortexM3\ARM_GCC_541\Debug\Z80_3Chip.a(IO_Ctrl_Reg.o)
 .debug_info    0x00007217      0x17f .\CortexM3\ARM_GCC_541\Debug\Z80_3Chip.a(IO_Stat_Reg.o)
 .debug_info    0x00007396       0xd6 .\CortexM3\ARM_GCC_541\Debug\Z80_3Chip.a(Z80_Data_In.o)
 .debug_info    0x0000746c      0x17d .\CortexM3\ARM_GCC_541\Debug\Z80_3Chip.a(Z80_Data_Out.o)
 .debug_info    0x000075e9       0xd6 .\CortexM3\ARM_GCC_541\Debug\Z80_3Chip.a(BankBaseAdr.o)
 .debug_info    0x000076bf       0xd6 .\CortexM3\ARM_GCC_541\Debug\Z80_3Chip.a(BankMask.o)
 .debug_info    0x00007795       0xd6 .\CortexM3\ARM_GCC_541\Debug\Z80_3Chip.a(AdrHighOut.o)
 .debug_info    0x0000786b      0x2ab .\CortexM3\ARM_GCC_541\Debug\Z80_3Chip.a(I2C.o)
 .debug_info    0x00007b16      0x184 .\CortexM3\ARM_GCC_541\Debug\Z80_3Chip.a(I2C_INT.o)
 .debug_info    0x00007c9a      0x207 .\CortexM3\ARM_GCC_541\Debug\Z80_3Chip.a(I2C_PM.o)
 .debug_info    0x00007ea1      0x407 .\CortexM3\ARM_GCC_541\Debug\Z80_3Chip.a(I2C_MASTER.o)
 .debug_info    0x000082a8      0x993 .\CortexM3\ARM_GCC_541\Debug\Z80_3Chip.a(USBUART.o)
 .debug_info    0x00008c3b      0xaf7 .\CortexM3\ARM_GCC_541\Debug\Z80_3Chip.a(USBUART_cdc.o)
 .debug_info    0x00009732      0x655 .\CortexM3\ARM_GCC_541\Debug\Z80_3Chip.a(USBUART_drv.o)
 .debug_info    0x00009d87      0x254 .\CortexM3\ARM_GCC_541\Debug\Z80_3Chip.a(USBUART_episr.o)
 .debug_info    0x00009fdb      0x2e4 .\CortexM3\ARM_GCC_541\Debug\Z80_3Chip.a(USBUART_pm.o)
 .debug_info    0x0000a2bf      0xb26 .\CortexM3\ARM_GCC_541\Debug\Z80_3Chip.a(USBUART_std.o)
 .debug_info    0x0000ade5       0xed .\CortexM3\ARM_GCC_541\Debug\Z80_3Chip.a(USBUART_vnd.o)
 .debug_info    0x0000aed2      0x174 .\CortexM3\ARM_GCC_541\Debug\Z80_3Chip.a(USBUART_Dp.o)
 .debug_info    0x0000b046      0x4bb .\CortexM3\ARM_GCC_541\Debug\Z80_3Chip.a(SPI_Master.o)
 .debug_info    0x0000b501      0x283 .\CortexM3\ARM_GCC_541\Debug\Z80_3Chip.a(SPI_Master_IntClock.o)
 .debug_info    0x0000b784      0xae9 .\CortexM3\ARM_GCC_541\Debug\Z80_3Chip.a(RTC.o)
 .debug_info    0x0000c26d      0x271 .\CortexM3\ARM_GCC_541\Debug\Z80_3Chip.a(RTC_INT.o)
 .debug_info    0x0000c4de       0xd6 .\CortexM3\ARM_GCC_541\Debug\Z80_3Chip.a(SPI_SS_Out.o)
 .debug_info    0x0000c5b4      0x507 .\CortexM3\ARM_GCC_541\Debug\Z80_3Chip.a(WaveDAC8.o)
 .debug_info    0x0000cabb      0x283 .\CortexM3\ARM_GCC_541\Debug\Z80_3Chip.a(WaveDAC8_DacClk.o)
 .debug_info    0x0000cd3e      0x1aa .\CortexM3\ARM_GCC_541\Debug\Z80_3Chip.a(WaveDAC8_Wave1_DMA_dma.o)
 .debug_info    0x0000cee8      0x1a7 .\CortexM3\ARM_GCC_541\Debug\Z80_3Chip.a(WaveDAC8_Wave2_DMA_dma.o)
 .debug_info    0x0000d08f      0x1de .\CortexM3\ARM_GCC_541\Debug\Z80_3Chip.a(WaveDAC8_VDAC8.o)
 .debug_info    0x0000d26d       0xc3 .\CortexM3\ARM_GCC_541\Debug\Z80_3Chip.a(CyBootAsmGnu.o)
 .debug_info    0x0000d330      0x64d .\CortexM3\ARM_GCC_541\Debug\Z80_3Chip.a(CyFlash.o)
 .debug_info    0x0000d97d      0x550 .\CortexM3\ARM_GCC_541\Debug\Z80_3Chip.a(CySpc.o)
 .debug_info    0x0000decd      0x1de .\CortexM3\ARM_GCC_541\Debug\Z80_3Chip.a(USBUART_cls.o)
 .debug_info    0x0000e0ab      0x2a3 .\CortexM3\ARM_GCC_541\Debug\Z80_3Chip.a(USBUART_descr.o)

.debug_abbrev   0x00000000     0x3d3f
 *(.debug_abbrev)
 .debug_abbrev  0x00000000       0xfc .\CortexM3\ARM_GCC_541\Debug\main.o
 .debug_abbrev  0x000000fc      0x114 .\CortexM3\ARM_GCC_541\Debug\ExtSRAM.o
 .debug_abbrev  0x00000210      0x185 .\CortexM3\ARM_GCC_541\Debug\FrontPanel.o
 .debug_abbrev  0x00000395       0x4b .\CortexM3\ARM_GCC_541\Debug\GS_9_MON_BASIC_ROM.o
 .debug_abbrev  0x000003e0       0x4b .\CortexM3\ARM_GCC_541\Debug\Z80_SIO_emul.o
 .debug_abbrev  0x0000042b       0xd4 .\CortexM3\ARM_GCC_541\Debug\Z80_IO_Handle.o
 .debug_abbrev  0x000004ff       0xff .\CortexM3\ARM_GCC_541\Debug\Z80_PIO_emul.o
 .debug_abbrev  0x000005fe       0x4b .\CortexM3\ARM_GCC_541\Debug\GS_7_BASIC_ROM.o
 .debug_abbrev  0x00000649      0x136 .\CortexM3\ARM_GCC_541\Debug\Z80_6850_Emul.o
 .debug_abbrev  0x0000077f       0xe0 .\CortexM3\ARM_GCC_541\Debug\Z80_SDCard_Emul.o
 .debug_abbrev  0x0000085f       0x86 .\CortexM3\ARM_GCC_541\Debug\GS_FPGA_CPM_BASIC.o
 .debug_abbrev  0x000008e5       0xe4 .\CortexM3\ARM_GCC_541\Debug\Z80_6850_2_Emul.o
 .debug_abbrev  0x000009c9       0xa9 .\CortexM3\ARM_GCC_541\Debug\Z80_Mem_Mappers.o
 .debug_abbrev  0x00000a72      0x1cd .\CortexM3\ARM_GCC_541\Debug\SDCard.o
 .debug_abbrev  0x00000c3f       0xdd .\CortexM3\ARM_GCC_541\Debug\Z80_PSoC_3Chips.o
 .debug_abbrev  0x00000d1c       0xcc .\CortexM3\ARM_GCC_541\Debug\Z80_RTC.o
 .debug_abbrev  0x00000de8       0xa3 .\CortexM3\ARM_GCC_541\Debug\Z80_DAC.o
 .debug_abbrev  0x00000e8b      0x20d .\CortexM3\ARM_GCC_541\Debug\cyfitter_cfg.o
 .debug_abbrev  0x00001098       0x77 .\CortexM3\ARM_GCC_541\Debug\cymetadata.o
 .debug_abbrev  0x0000110f      0x1e8 .\CortexM3\ARM_GCC_541\Debug\Cm3Start.o
 .debug_abbrev  0x000012f7      0x1b2 .\CortexM3\ARM_GCC_541\Debug\Z80_3Chip.a(CyDmac.o)
 .debug_abbrev  0x000014a9      0x254 .\CortexM3\ARM_GCC_541\Debug\Z80_3Chip.a(CyLib.o)
 .debug_abbrev  0x000016fd      0x1ab .\CortexM3\ARM_GCC_541\Debug\Z80_3Chip.a(cyPm.o)
 .debug_abbrev  0x000018a8       0xac .\CortexM3\ARM_GCC_541\Debug\Z80_3Chip.a(AdrLowIn.o)
 .debug_abbrev  0x00001954       0x90 .\CortexM3\ARM_GCC_541\Debug\Z80_3Chip.a(LED.o)
 .debug_abbrev  0x000019e4       0x90 .\CortexM3\ARM_GCC_541\Debug\Z80_3Chip.a(INT_n.o)
 .debug_abbrev  0x00001a74       0x81 .\CortexM3\ARM_GCC_541\Debug\Z80_3Chip.a(IO_Ctrl_Reg.o)
 .debug_abbrev  0x00001af5       0xac .\CortexM3\ARM_GCC_541\Debug\Z80_3Chip.a(IO_Stat_Reg.o)
 .debug_abbrev  0x00001ba1       0x81 .\CortexM3\ARM_GCC_541\Debug\Z80_3Chip.a(Z80_Data_In.o)
 .debug_abbrev  0x00001c22       0xac .\CortexM3\ARM_GCC_541\Debug\Z80_3Chip.a(Z80_Data_Out.o)
 .debug_abbrev  0x00001cce       0x81 .\CortexM3\ARM_GCC_541\Debug\Z80_3Chip.a(BankBaseAdr.o)
 .debug_abbrev  0x00001d4f       0x81 .\CortexM3\ARM_GCC_541\Debug\Z80_3Chip.a(BankMask.o)
 .debug_abbrev  0x00001dd0       0x81 .\CortexM3\ARM_GCC_541\Debug\Z80_3Chip.a(AdrHighOut.o)
 .debug_abbrev  0x00001e51      0x10a .\CortexM3\ARM_GCC_541\Debug\Z80_3Chip.a(I2C.o)
 .debug_abbrev  0x00001f5b       0xb6 .\CortexM3\ARM_GCC_541\Debug\Z80_3Chip.a(I2C_INT.o)
 .debug_abbrev  0x00002011       0xfe .\CortexM3\ARM_GCC_541\Debug\Z80_3Chip.a(I2C_PM.o)
 .debug_abbrev  0x0000210f      0x13c .\CortexM3\ARM_GCC_541\Debug\Z80_3Chip.a(I2C_MASTER.o)
 .debug_abbrev  0x0000224b      0x215 .\CortexM3\ARM_GCC_541\Debug\Z80_3Chip.a(USBUART.o)
 .debug_abbrev  0x00002460      0x245 .\CortexM3\ARM_GCC_541\Debug\Z80_3Chip.a(USBUART_cdc.o)
 .debug_abbrev  0x000026a5      0x189 .\CortexM3\ARM_GCC_541\Debug\Z80_3Chip.a(USBUART_drv.o)
 .debug_abbrev  0x0000282e      0x11b .\CortexM3\ARM_GCC_541\Debug\Z80_3Chip.a(USBUART_episr.o)
 .debug_abbrev  0x00002949      0x108 .\CortexM3\ARM_GCC_541\Debug\Z80_3Chip.a(USBUART_pm.o)
 .debug_abbrev  0x00002a51      0x20a .\CortexM3\ARM_GCC_541\Debug\Z80_3Chip.a(USBUART_std.o)
 .debug_abbrev  0x00002c5b       0x9b .\CortexM3\ARM_GCC_541\Debug\Z80_3Chip.a(USBUART_vnd.o)
 .debug_abbrev  0x00002cf6       0x90 .\CortexM3\ARM_GCC_541\Debug\Z80_3Chip.a(USBUART_Dp.o)
 .debug_abbrev  0x00002d86      0x146 .\CortexM3\ARM_GCC_541\Debug\Z80_3Chip.a(SPI_Master.o)
 .debug_abbrev  0x00002ecc      0x139 .\CortexM3\ARM_GCC_541\Debug\Z80_3Chip.a(SPI_Master_IntClock.o)
 .debug_abbrev  0x00003005      0x20f .\CortexM3\ARM_GCC_541\Debug\Z80_3Chip.a(RTC.o)
 .debug_abbrev  0x00003214       0xf1 .\CortexM3\ARM_GCC_541\Debug\Z80_3Chip.a(RTC_INT.o)
 .debug_abbrev  0x00003305       0x81 .\CortexM3\ARM_GCC_541\Debug\Z80_3Chip.a(SPI_SS_Out.o)
 .debug_abbrev  0x00003386      0x10b .\CortexM3\ARM_GCC_541\Debug\Z80_3Chip.a(WaveDAC8.o)
 .debug_abbrev  0x00003491      0x139 .\CortexM3\ARM_GCC_541\Debug\Z80_3Chip.a(WaveDAC8_DacClk.o)
 .debug_abbrev  0x000035ca       0xcd .\CortexM3\ARM_GCC_541\Debug\Z80_3Chip.a(WaveDAC8_Wave1_DMA_dma.o)
 .debug_abbrev  0x00003697       0xcd .\CortexM3\ARM_GCC_541\Debug\Z80_3Chip.a(WaveDAC8_Wave2_DMA_dma.o)
 .debug_abbrev  0x00003764       0xf7 .\CortexM3\ARM_GCC_541\Debug\Z80_3Chip.a(WaveDAC8_VDAC8.o)
 .debug_abbrev  0x0000385b       0x14 .\CortexM3\ARM_GCC_541\Debug\Z80_3Chip.a(CyBootAsmGnu.o)
 .debug_abbrev  0x0000386f      0x1a7 .\CortexM3\ARM_GCC_541\Debug\Z80_3Chip.a(CyFlash.o)
 .debug_abbrev  0x00003a16      0x194 .\CortexM3\ARM_GCC_541\Debug\Z80_3Chip.a(CySpc.o)
 .debug_abbrev  0x00003baa       0xe1 .\CortexM3\ARM_GCC_541\Debug\Z80_3Chip.a(USBUART_cls.o)
 .debug_abbrev  0x00003c8b       0xb4 .\CortexM3\ARM_GCC_541\Debug\Z80_3Chip.a(USBUART_descr.o)

.debug_line     0x00000000     0x6973
 *(.debug_line)
 .debug_line    0x00000000      0x2f8 .\CortexM3\ARM_GCC_541\Debug\main.o
 .debug_line    0x000002f8      0x243 .\CortexM3\ARM_GCC_541\Debug\ExtSRAM.o
 .debug_line    0x0000053b      0x358 .\CortexM3\ARM_GCC_541\Debug\FrontPanel.o
 .debug_line    0x00000893      0x13f .\CortexM3\ARM_GCC_541\Debug\GS_9_MON_BASIC_ROM.o
 .debug_line    0x000009d2      0x13f .\CortexM3\ARM_GCC_541\Debug\Z80_SIO_emul.o
 .debug_line    0x00000b11      0x2d2 .\CortexM3\ARM_GCC_541\Debug\Z80_IO_Handle.o
 .debug_line    0x00000de3      0x271 .\CortexM3\ARM_GCC_541\Debug\Z80_PIO_emul.o
 .debug_line    0x00001054      0x13f .\CortexM3\ARM_GCC_541\Debug\GS_7_BASIC_ROM.o
 .debug_line    0x00001193      0x24c .\CortexM3\ARM_GCC_541\Debug\Z80_6850_Emul.o
 .debug_line    0x000013df      0x237 .\CortexM3\ARM_GCC_541\Debug\Z80_SDCard_Emul.o
 .debug_line    0x00001616      0x156 .\CortexM3\ARM_GCC_541\Debug\GS_FPGA_CPM_BASIC.o
 .debug_line    0x0000176c      0x221 .\CortexM3\ARM_GCC_541\Debug\Z80_6850_2_Emul.o
 .debug_line    0x0000198d      0x1bb .\CortexM3\ARM_GCC_541\Debug\Z80_Mem_Mappers.o
 .debug_line    0x00001b48      0x48a .\CortexM3\ARM_GCC_541\Debug\SDCard.o
 .debug_line    0x00001fd2      0x229 .\CortexM3\ARM_GCC_541\Debug\Z80_PSoC_3Chips.o
 .debug_line    0x000021fb      0x22f .\CortexM3\ARM_GCC_541\Debug\Z80_RTC.o
 .debug_line    0x0000242a      0x1f8 .\CortexM3\ARM_GCC_541\Debug\Z80_DAC.o
 .debug_line    0x00002622      0x220 .\CortexM3\ARM_GCC_541\Debug\cyfitter_cfg.o
 .debug_line    0x00002842      0x141 .\CortexM3\ARM_GCC_541\Debug\cymetadata.o
 .debug_line    0x00002983      0x241 .\CortexM3\ARM_GCC_541\Debug\Cm3Start.o
 .debug_line    0x00002bc4      0x2e4 .\CortexM3\ARM_GCC_541\Debug\Z80_3Chip.a(CyDmac.o)
 .debug_line    0x00002ea8      0x816 .\CortexM3\ARM_GCC_541\Debug\Z80_3Chip.a(CyLib.o)
 .debug_line    0x000036be      0x367 .\CortexM3\ARM_GCC_541\Debug\Z80_3Chip.a(cyPm.o)
 .debug_line    0x00003a25       0xb3 .\CortexM3\ARM_GCC_541\Debug\Z80_3Chip.a(AdrLowIn.o)
 .debug_line    0x00003ad8       0x90 .\CortexM3\ARM_GCC_541\Debug\Z80_3Chip.a(LED.o)
 .debug_line    0x00003b68       0x92 .\CortexM3\ARM_GCC_541\Debug\Z80_3Chip.a(INT_n.o)
 .debug_line    0x00003bfa       0x73 .\CortexM3\ARM_GCC_541\Debug\Z80_3Chip.a(IO_Ctrl_Reg.o)
 .debug_line    0x00003c6d       0xb7 .\CortexM3\ARM_GCC_541\Debug\Z80_3Chip.a(IO_Stat_Reg.o)
 .debug_line    0x00003d24       0x73 .\CortexM3\ARM_GCC_541\Debug\Z80_3Chip.a(Z80_Data_In.o)
 .debug_line    0x00003d97       0xb7 .\CortexM3\ARM_GCC_541\Debug\Z80_3Chip.a(Z80_Data_Out.o)
 .debug_line    0x00003e4e       0x73 .\CortexM3\ARM_GCC_541\Debug\Z80_3Chip.a(BankBaseAdr.o)
 .debug_line    0x00003ec1       0x70 .\CortexM3\ARM_GCC_541\Debug\Z80_3Chip.a(BankMask.o)
 .debug_line    0x00003f31       0x72 .\CortexM3\ARM_GCC_541\Debug\Z80_3Chip.a(AdrHighOut.o)
 .debug_line    0x00003fa3       0xd9 .\CortexM3\ARM_GCC_541\Debug\Z80_3Chip.a(I2C.o)
 .debug_line    0x0000407c      0x114 .\CortexM3\ARM_GCC_541\Debug\Z80_3Chip.a(I2C_INT.o)
 .debug_line    0x00004190       0xbb .\CortexM3\ARM_GCC_541\Debug\Z80_3Chip.a(I2C_PM.o)
 .debug_line    0x0000424b      0x1fd .\CortexM3\ARM_GCC_541\Debug\Z80_3Chip.a(I2C_MASTER.o)
 .debug_line    0x00004448      0x2dc .\CortexM3\ARM_GCC_541\Debug\Z80_3Chip.a(USBUART.o)
 .debug_line    0x00004724      0x2f2 .\CortexM3\ARM_GCC_541\Debug\Z80_3Chip.a(USBUART_cdc.o)
 .debug_line    0x00004a16      0x221 .\CortexM3\ARM_GCC_541\Debug\Z80_3Chip.a(USBUART_drv.o)
 .debug_line    0x00004c37       0xe6 .\CortexM3\ARM_GCC_541\Debug\Z80_3Chip.a(USBUART_episr.o)
 .debug_line    0x00004d1d      0x10e .\CortexM3\ARM_GCC_541\Debug\Z80_3Chip.a(USBUART_pm.o)
 .debug_line    0x00004e2b      0x3e2 .\CortexM3\ARM_GCC_541\Debug\Z80_3Chip.a(USBUART_std.o)
 .debug_line    0x0000520d       0x73 .\CortexM3\ARM_GCC_541\Debug\Z80_3Chip.a(USBUART_vnd.o)
 .debug_line    0x00005280       0xbb .\CortexM3\ARM_GCC_541\Debug\Z80_3Chip.a(USBUART_Dp.o)
 .debug_line    0x0000533b      0x24f .\CortexM3\ARM_GCC_541\Debug\Z80_3Chip.a(SPI_Master.o)
 .debug_line    0x0000558a      0x182 .\CortexM3\ARM_GCC_541\Debug\Z80_3Chip.a(SPI_Master_IntClock.o)
 .debug_line    0x0000570c      0x54f .\CortexM3\ARM_GCC_541\Debug\Z80_3Chip.a(RTC.o)
 .debug_line    0x00005c5b      0x1f4 .\CortexM3\ARM_GCC_541\Debug\Z80_3Chip.a(RTC_INT.o)
 .debug_line    0x00005e4f       0x72 .\CortexM3\ARM_GCC_541\Debug\Z80_3Chip.a(SPI_SS_Out.o)
 .debug_line    0x00005ec1      0x156 .\CortexM3\ARM_GCC_541\Debug\Z80_3Chip.a(WaveDAC8.o)
 .debug_line    0x00006017      0x17e .\CortexM3\ARM_GCC_541\Debug\Z80_3Chip.a(WaveDAC8_DacClk.o)
 .debug_line    0x00006195       0x8f .\CortexM3\ARM_GCC_541\Debug\Z80_3Chip.a(WaveDAC8_Wave1_DMA_dma.o)
 .debug_line    0x00006224       0x8f .\CortexM3\ARM_GCC_541\Debug\Z80_3Chip.a(WaveDAC8_Wave2_DMA_dma.o)
 .debug_line    0x000062b3       0xea .\CortexM3\ARM_GCC_541\Debug\Z80_3Chip.a(WaveDAC8_VDAC8.o)
 .debug_line    0x0000639d       0x66 .\CortexM3\ARM_GCC_541\Debug\Z80_3Chip.a(CyBootAsmGnu.o)
 .debug_line    0x00006403      0x21a .\CortexM3\ARM_GCC_541\Debug\Z80_3Chip.a(CyFlash.o)
 .debug_line    0x0000661d      0x260 .\CortexM3\ARM_GCC_541\Debug\Z80_3Chip.a(CySpc.o)
 .debug_line    0x0000687d       0x95 .\CortexM3\ARM_GCC_541\Debug\Z80_3Chip.a(USBUART_cls.o)
 .debug_line    0x00006912       0x61 .\CortexM3\ARM_GCC_541\Debug\Z80_3Chip.a(USBUART_descr.o)

.debug_frame    0x00000000     0x3570
 *(.debug_frame)
 .debug_frame   0x00000000       0x30 .\CortexM3\ARM_GCC_541\Debug\main.o
 .debug_frame   0x00000030       0x9c .\CortexM3\ARM_GCC_541\Debug\ExtSRAM.o
 .debug_frame   0x000000cc      0x13c .\CortexM3\ARM_GCC_541\Debug\FrontPanel.o