Archive member included to satisfy reference by file (symbol)

.\CortexM3\ARM_GCC_541\Debug\Z80_3Chip.a(CyDmac.o)
                              .\CortexM3\ARM_GCC_541\Debug\Cm3Start.o (CyDmacConfigure)
.\CortexM3\ARM_GCC_541\Debug\Z80_3Chip.a(CyLib.o)
                              .\CortexM3\ARM_GCC_541\Debug\Cm3Start.o (CyHalt)
.\CortexM3\ARM_GCC_541\Debug\Z80_3Chip.a(cyPm.o)
                              .\CortexM3\ARM_GCC_541\Debug\Z80_3Chip.a(CyLib.o) (CyPmReadStatus)
.\CortexM3\ARM_GCC_541\Debug\Z80_3Chip.a(AdrLowIn.o)
                              .\CortexM3\ARM_GCC_541\Debug\Z80_IO_Handle.o (AdrLowIn_Read)
.\CortexM3\ARM_GCC_541\Debug\Z80_3Chip.a(AdrLowOut.o)
                              .\CortexM3\ARM_GCC_541\Debug\ExtSRAM.o (AdrLowOut_Write)
.\CortexM3\ARM_GCC_541\Debug\Z80_3Chip.a(LED.o)
                              .\CortexM3\ARM_GCC_541\Debug\Z80_PSoC_3Chips.o (LED_Write)
.\CortexM3\ARM_GCC_541\Debug\Z80_3Chip.a(INT_n.o)
                              .\CortexM3\ARM_GCC_541\Debug\Z80_6850_Emul.o (INT_n_Write)
.\CortexM3\ARM_GCC_541\Debug\Z80_3Chip.a(IO_Ctrl_Reg.o)
                              .\CortexM3\ARM_GCC_541\Debug\Z80_IO_Handle.o (IO_Ctrl_Reg_Write)
.\CortexM3\ARM_GCC_541\Debug\Z80_3Chip.a(IO_Stat_Reg.o)
                              .\CortexM3\ARM_GCC_541\Debug\main.o (IO_Stat_Reg_Read)
.\CortexM3\ARM_GCC_541\Debug\Z80_3Chip.a(Z80_Data_In.o)
                              .\CortexM3\ARM_GCC_541\Debug\ExtSRAM.o (Z80_Data_In_Write)
.\CortexM3\ARM_GCC_541\Debug\Z80_3Chip.a(Z80_Data_Out.o)
                              .\CortexM3\ARM_GCC_541\Debug\FrontPanel.o (Z80_Data_Out_Read)
.\CortexM3\ARM_GCC_541\Debug\Z80_3Chip.a(BankBaseAdr.o)
                              .\CortexM3\ARM_GCC_541\Debug\Z80_Mem_Mappers.o (BankBaseAdr_Write)
.\CortexM3\ARM_GCC_541\Debug\Z80_3Chip.a(BankMask.o)
                              .\CortexM3\ARM_GCC_541\Debug\Z80_Mem_Mappers.o (BankMask_Write)
.\CortexM3\ARM_GCC_541\Debug\Z80_3Chip.a(AdrMidOut.o)
                              .\CortexM3\ARM_GCC_541\Debug\ExtSRAM.o (AdrMidOut_Write)
.\CortexM3\ARM_GCC_541\Debug\Z80_3Chip.a(AdrHighOut.o)
                              .\CortexM3\ARM_GCC_541\Debug\ExtSRAM.o (AdrHighOut_Write)
.\CortexM3\ARM_GCC_541\Debug\Z80_3Chip.a(ExtSRAMCtl.o)
                              .\CortexM3\ARM_GCC_541\Debug\ExtSRAM.o (ExtSRAMCtl_Write)
.\CortexM3\ARM_GCC_541\Debug\Z80_3Chip.a(I2C.o)
                              .\CortexM3\ARM_GCC_541\Debug\main.o (I2C_Start)
.\CortexM3\ARM_GCC_541\Debug\Z80_3Chip.a(I2C_INT.o)
                              .\CortexM3\ARM_GCC_541\Debug\Z80_3Chip.a(I2C.o) (I2C_ISR)
.\CortexM3\ARM_GCC_541\Debug\Z80_3Chip.a(I2C_PM.o)
                              .\CortexM3\ARM_GCC_541\Debug\Z80_3Chip.a(I2C.o) (I2C_backup)
.\CortexM3\ARM_GCC_541\Debug\Z80_3Chip.a(I2C_MASTER.o)
                              .\CortexM3\ARM_GCC_541\Debug\FrontPanel.o (I2C_MasterWriteBuf)
.\CortexM3\ARM_GCC_541\Debug\Z80_3Chip.a(USBUART.o)
                              .\CortexM3\ARM_GCC_541\Debug\main.o (USBUART_Start)
.\CortexM3\ARM_GCC_541\Debug\Z80_3Chip.a(USBUART_cdc.o)
                              .\CortexM3\ARM_GCC_541\Debug\main.o (USBUART_CDC_Init)
.\CortexM3\ARM_GCC_541\Debug\Z80_3Chip.a(USBUART_drv.o)
                              .\CortexM3\ARM_GCC_541\Debug\Z80_3Chip.a(USBUART.o) (USBUART_lastPacketSize)
.\CortexM3\ARM_GCC_541\Debug\Z80_3Chip.a(USBUART_episr.o)
                              .\CortexM3\ARM_GCC_541\Debug\Z80_3Chip.a(USBUART.o) (USBUART_EP_1_ISR)
.\CortexM3\ARM_GCC_541\Debug\Z80_3Chip.a(USBUART_pm.o)
                              .\CortexM3\ARM_GCC_541\Debug\Z80_3Chip.a(USBUART.o) (USBUART_DP_ISR)
.\CortexM3\ARM_GCC_541\Debug\Z80_3Chip.a(USBUART_std.o)
                              .\CortexM3\ARM_GCC_541\Debug\Z80_3Chip.a(USBUART_pm.o) (USBUART_ConfigReg)
.\CortexM3\ARM_GCC_541\Debug\Z80_3Chip.a(USBUART_vnd.o)
                              .\CortexM3\ARM_GCC_541\Debug\Z80_3Chip.a(USBUART_drv.o) (USBUART_HandleVendorRqst)
.\CortexM3\ARM_GCC_541\Debug\Z80_3Chip.a(USBUART_Dp.o)
                              .\CortexM3\ARM_GCC_541\Debug\Z80_3Chip.a(USBUART.o) (USBUART_Dp_ClearInterrupt)
.\CortexM3\ARM_GCC_541\Debug\Z80_3Chip.a(I2CINT_n.o)
                              .\CortexM3\ARM_GCC_541\Debug\main.o (I2CINT_n_SetDriveMode)
.\CortexM3\ARM_GCC_541\Debug\Z80_3Chip.a(SPI_Master.o)
                              .\CortexM3\ARM_GCC_541\Debug\SDCard.o (SPI_Master_ReadTxStatus)
.\CortexM3\ARM_GCC_541\Debug\Z80_3Chip.a(SPI_Master_IntClock.o)
                              .\CortexM3\ARM_GCC_541\Debug\Z80_3Chip.a(SPI_Master.o) (SPI_Master_IntClock_Start)
.\CortexM3\ARM_GCC_541\Debug\Z80_3Chip.a(RTC.o)
                              .\CortexM3\ARM_GCC_541\Debug\Z80_RTC.o (RTC_Start)
.\CortexM3\ARM_GCC_541\Debug\Z80_3Chip.a(RTC_INT.o)
                              .\CortexM3\ARM_GCC_541\Debug\Z80_3Chip.a(RTC.o) (RTC_ISR)
.\CortexM3\ARM_GCC_541\Debug\Z80_3Chip.a(SPI_SS_Out.o)
[...]
Memory Configuration

Name             Origin             Length             Attributes
rom              0x00000000         0x00020000         xr
ram              0x1fffc000         0x00008000         xrw
*default*        0x00000000         0xffffffff

Linker script and memory map

LOAD c:/program files (x86)/cypress/psoc creator/4.2/psoc creator/import/gnu/arm/5.4.1/bin/../lib/gcc/arm-none-eabi/5.4.1/armv7-m/crti.o
LOAD c:/program files (x86)/cypress/psoc creator/4.2/psoc creator/import/gnu/arm/5.4.1/bin/../lib/gcc/arm-none-eabi/5.4.1/armv7-m/crtbegin.o
LOAD c:/program files (x86)/cypress/psoc creator/4.2/psoc creator/import/gnu/arm/5.4.1/bin/../lib/gcc/arm-none-eabi/5.4.1/../../../../arm-none-eabi/lib/armv7-m/crt0.o
START GROUP
LOAD .\CortexM3\ARM_GCC_541\Debug\main.o
LOAD .\CortexM3\ARM_GCC_541\Debug\ExtSRAM.o
LOAD .\CortexM3\ARM_GCC_541\Debug\FrontPanel.o
LOAD .\CortexM3\ARM_GCC_541\Debug\GS_9_MON_BASIC_ROM.o
LOAD .\CortexM3\ARM_GCC_541\Debug\Z80_SIO_emul.o
LOAD .\CortexM3\ARM_GCC_541\Debug\Z80_IO_Handle.o
LOAD .\CortexM3\ARM_GCC_541\Debug\Z80_PIO_emul.o
LOAD .\CortexM3\ARM_GCC_541\Debug\GS_7_BASIC_ROM.o
LOAD .\CortexM3\ARM_GCC_541\Debug\Z80_6850_Emul.o
LOAD .\CortexM3\ARM_GCC_541\Debug\Z80_SDCard_Emul.o
LOAD .\CortexM3\ARM_GCC_541\Debug\GS_FPGA_CPM_BASIC.o
LOAD .\CortexM3\ARM_GCC_541\Debug\Z80_6850_2_Emul.o
LOAD .\CortexM3\ARM_GCC_541\Debug\Z80_Mem_Mappers.o
LOAD .\CortexM3\ARM_GCC_541\Debug\SDCard.o
LOAD .\CortexM3\ARM_GCC_541\Debug\Z80_PSoC_3Chips.o
LOAD .\CortexM3\ARM_GCC_541\Debug\Z80_RTC.o
LOAD .\CortexM3\ARM_GCC_541\Debug\Z80_DAC.o
LOAD .\CortexM3\ARM_GCC_541\Debug\MultiBoot_CPM.o
LOAD .\CortexM3\ARM_GCC_541\Debug\cyfitter_cfg.o
LOAD .\CortexM3\ARM_GCC_541\Debug\cymetadata.o
LOAD .\CortexM3\ARM_GCC_541\Debug\Cm3Start.o
LOAD .\CortexM3\ARM_GCC_541\Debug\Z80_3Chip.a
LOAD C:\Program Files (x86)\Cypress\PSoC Creator\4.2\PSoC Creator\psoc\content\cycomponentlibrary\CyComponentLibrary.cylib\CortexM3\ARM_GCC_541\Debug\CyComponentLibrary.a
END GROUP
START GROUP
LOAD c:/program files (x86)/cypress/psoc creator/4.2/psoc creator/import/gnu/arm/5.4.1/bin/../lib/gcc/arm-none-eabi/5.4.1/armv7-m\libgcc.a
LOAD c:/program files (x86)/cypress/psoc creator/4.2/psoc creator/import/gnu/arm/5.4.1/bin/../lib/gcc/arm-none-eabi/5.4.1/../../../../arm-none-eabi/lib/armv7-m\libg_nano.a
LOAD c:/program files (x86)/cypress/psoc creator/4.2/psoc creator/import/gnu/arm/5.4.1/bin/../lib/gcc/arm-none-eabi/5.4.1/../../../../arm-none-eabi/lib/armv7-m\libc_nano.a
END GROUP
START GROUP
LOAD c:/program files (x86)/cypress/psoc creator/4.2/psoc creator/import/gnu/arm/5.4.1/bin/../lib/gcc/arm-none-eabi/5.4.1/armv7-m\libgcc.a
LOAD c:/program files (x86)/cypress/psoc creator/4.2/psoc creator/import/gnu/arm/5.4.1/bin/../lib/gcc/arm-none-eabi/5.4.1/../../../../arm-none-eabi/lib/armv7-m\libc_nano.a
END GROUP
LOAD c:/program files (x86)/cypress/psoc creator/4.2/psoc creator/import/gnu/arm/5.4.1/bin/../lib/gcc/arm-none-eabi/5.4.1/armv7-m/crtend.o
LOAD c:/program files (x86)/cypress/psoc creator/4.2/psoc creator/import/gnu/arm/5.4.1/bin/../lib/gcc/arm-none-eabi/5.4.1/armv7-m/crtn.o
START GROUP
LOAD c:/program files (x86)/cypress/psoc creator/4.2/psoc creator/import/gnu/arm/5.4.1/bin/../lib/gcc/arm-none-eabi/5.4.1/armv7-m\libgcc.a
LOAD c:/program files (x86)/cypress/psoc creator/4.2/psoc creator/import/gnu/arm/5.4.1/bin/../lib/gcc/arm-none-eabi/5.4.1/../../../../arm-none-eabi/lib/armv7-m\libc.a
LOAD c:/program files (x86)/cypress/psoc creator/4.2/psoc creator/import/gnu/arm/5.4.1/bin/../lib/gcc/arm-none-eabi/5.4.1/../../../../arm-none-eabi/lib/armv7-m\libnosys.a
END GROUP
                0x00000000                CY_APPL_ORIGIN = 0x0
                0x00000100                CY_FLASH_ROW_SIZE = 0x100
                0x00000020                CY_ECC_ROW_SIZE = 0x20
                0x00000000                CY_EE_IN_BTLDR = 0x0
                0x00000000                CY_APPL_LOADABLE = 0x0
                0x00000800                CY_EE_SIZE = 0x800
                0x00000001                CY_APPL_NUM = 0x1
                0x00000001                CY_APPL_MAX = 0x1
                0x00000040                CY_METADATA_SIZE = 0x40
                0x00000000                CY_APPL_LOADABLE = 0x0
                0x00000000                CY_CHECKSUM_EXCLUDE_SIZE = ALIGN (0x0, CY_FLASH_ROW_SIZE)
                [!provide]                PROVIDE (__cy_heap_start, _end)
                0x00000001                PROVIDE (__cy_region_num, ((__cy_regions_end - __cy_regions) / 0x10))
                0x20004000                PROVIDE (__cy_stack, (ORIGIN (ram) + LENGTH (ram)))
                [!provide]                PROVIDE (__cy_heap_end, (__cy_stack - 0x800))

.cybootloader   0x00000000        0x0
 *(.cybootloader)
                0x00000000                appl1_start = CY_APPL_ORIGIN?CY_APPL_ORIGIN:ALIGN (CY_FLASH_ROW_SIZE)
                0x0000ff00                appl2_start = (appl1_start + ALIGN ((((LENGTH (rom) - appl1_start) - (0x2 * CY_FLASH_ROW_SIZE)) / 0x2), CY_FLASH_ROW_SIZE))
                0x00000000                appl_start = (CY_APPL_NUM == 0x1)?appl1_start:appl2_start
                0x00000000                ecc_offset = ((appl_start / CY_FLASH_ROW_SIZE) * CY_ECC_ROW_SIZE)
                0x00000000                ee_offset = (CY_APPL_LOADABLE && ! (CY_EE_IN_BTLDR))?((CY_EE_SIZE / CY_APPL_MAX) * (CY_APPL_NUM - 0x1)):0x0
                0x00000800                ee_size = (CY_APPL_LOADABLE && ! (CY_EE_IN_BTLDR))?(CY_EE_SIZE / CY_APPL_MAX):CY_EE_SIZE
                [!provide]                PROVIDE (CY_ECC_OFFSET, ecc_offset)

.text           0x00000000     0x5ee4
 CREATE_OBJECT_SYMBOLS
                0x00000000                PROVIDE (__cy_interrupt_vector, RomVectors)
 *(.romvectors)
 .romvectors    0x00000000       0x10 .\CortexM3\ARM_GCC_541\Debug\Cm3Start.o
                0x00000000                RomVectors
                0x00000001                ASSERT ((. != __cy_interrupt_vector), No interrupt vector)
                0x00000001                ASSERT (CY_APPL_ORIGIN?(SIZEOF (.cybootloader) <= CY_APPL_ORIGIN):0x1, Wrong image location)
                0x00000010                PROVIDE (__cy_reset, Reset)
 *(.text.Reset)
 .text.Reset    0x00000010       0x18 .\CortexM3\ARM_GCC_541\Debug\Cm3Start.o
                0x00000010                Reset
                0x00000001                ASSERT ((. != __cy_reset), No reset code)
 *(.dma_init)
                0x00000001                ASSERT ((((appl_start + .) <= 0x10000) || 0x1), DMA Init must be within the first 64k of flash)
 *(.text .text.* .gnu.linkonce.t.*)
 .text          0x00000028       0x5c c:/program files (x86)/cypress/psoc creator/4.2/psoc creator/import/gnu/arm/5.4.1/bin/../lib/gcc/arm-none-eabi/5.4.1/armv7-m/crtbegin.o
 .text.main     0x00000084      0x260 .\CortexM3\ARM_GCC_541\Debug\main.o
                0x00000084                main
 .text.SetExtSRAMAddr
                0x000002e4       0x1c .\CortexM3\ARM_GCC_541\Debug\ExtSRAM.o
                0x000002e4                SetExtSRAMAddr
 .text.ReadExtSRAM
                0x00000300       0x28 .\CortexM3\ARM_GCC_541\Debug\ExtSRAM.o
                0x00000300                ReadExtSRAM
 .text.WriteExtSRAM
                0x00000328       0x24 .\CortexM3\ARM_GCC_541\Debug\ExtSRAM.o
                0x00000328                WriteExtSRAM
 .text.TestSRAM
                0x0000034c      0x114 .\CortexM3\ARM_GCC_541\Debug\ExtSRAM.o
                0x0000034c                TestSRAM
 .text.loadSRAM
                0x00000460       0x24 .\CortexM3\ARM_GCC_541\Debug\ExtSRAM.o
                0x00000460                loadSRAM
 .text.readRegister_MCP23017
                0x00000484       0x38 .\CortexM3\ARM_GCC_541\Debug\FrontPanel.o
                0x00000484                readRegister_MCP23017
 .text.readFrontPanelSwitchesStatic
                0x000004bc       0x30 .\CortexM3\ARM_GCC_541\Debug\FrontPanel.o
                0x000004bc                readFrontPanelSwitchesStatic
 .text.FrontPanelZ80Read
                0x000004ec       0x38 .\CortexM3\ARM_GCC_541\Debug\FrontPanel.o
                0x000004ec                FrontPanelZ80Read
 .text.readFrontPanelSwitchesRegistered
                0x00000524       0x34 .\CortexM3\ARM_GCC_541\Debug\FrontPanel.o
                0x00000524                readFrontPanelSwitchesRegistered
 .text.waitFrontPanelSwitchesPressed
                0x00000558       0x24 .\CortexM3\ARM_GCC_541\Debug\FrontPanel.o
                0x00000558                waitFrontPanelSwitchesPressed
 .text.writeRegister_MCP23017
                0x0000057c       0x34 .\CortexM3\ARM_GCC_541\Debug\FrontPanel.o
                0x0000057c                writeRegister_MCP23017
 .text.init_FrontPanel
                0x000005b0       0xa0 .\CortexM3\ARM_GCC_541\Debug\FrontPanel.o
                0x000005b0                init_FrontPanel
 .text.writeFrontPanelLEDs
                0x00000650       0x34 .\CortexM3\ARM_GCC_541\Debug\FrontPanel.o
                0x00000650                writeFrontPanelLEDs
 .text.FrontPanelZ80Write
                0x00000684       0x68 .\CortexM3\ARM_GCC_541\Debug\FrontPanel.o
                0x00000684                FrontPanelZ80Write
 .text.runFrontPanel
                0x000006ec      0x1a0 .\CortexM3\ARM_GCC_541\Debug\FrontPanel.o
                0x000006ec                runFrontPanel
 .text.HandleZ80IO
                0x0000088c      0x3b0 .\CortexM3\ARM_GCC_541\Debug\Z80_IO_Handle.o
                0x0000088c                HandleZ80IO
 .text.ackIO    0x00000c3c       0x14 .\CortexM3\ARM_GCC_541\Debug\Z80_IO_Handle.o
                0x00000c3c                ackIO
 .text.init_PIO
                0x00000c50       0xc4 .\CortexM3\ARM_GCC_541\Debug\Z80_PIO_emul.o
                0x00000c50                init_PIO
 .text.PioReadDataA
                0x00000d14       0x2c .\CortexM3\ARM_GCC_541\Debug\Z80_PIO_emul.o
                0x00000d14                PioReadDataA
 .text.PioWriteDataA
                0x00000d40       0x18 .\CortexM3\ARM_GCC_541\Debug\Z80_PIO_emul.o
                0x00000d40                PioWriteDataA
 .text.PioWriteCtrlA
                0x00000d58      0x118 .\CortexM3\ARM_GCC_541\Debug\Z80_PIO_emul.o
                0x00000d58                PioWriteCtrlA
 .text.PioReadDataB
                0x00000e70       0x2c .\CortexM3\ARM_GCC_541\Debug\Z80_PIO_emul.o
                0x00000e70                PioReadDataB
 .text.PioWriteDataB
                0x00000e9c       0x18 .\CortexM3\ARM_GCC_541\Debug\Z80_PIO_emul.o
                0x00000e9c                PioWriteDataB
 .text.PioWriteCtrlB
                0x00000eb4      0x118 .\CortexM3\ARM_GCC_541\Debug\Z80_PIO_emul.o
                0x00000eb4                PioWriteCtrlB
 .text.initM6850StatusRegister
                0x00000fcc        0xc .\CortexM3\ARM_GCC_541\Debug\Z80_6850_Emul.o
                0x00000fcc                initM6850StatusRegister
 .text.M6850ReadIntReg
                0x00000fd8       0x14 .\CortexM3\ARM_GCC_541\Debug\Z80_6850_Emul.o
                0x00000fd8                M6850ReadIntReg
 .text.sendCharToZ80
                0x00000fec       0x30 .\CortexM3\ARM_GCC_541\Debug\Z80_6850_Emul.o
                0x00000fec                sendCharToZ80
 .text.checkSerialReceiverBusy
                0x0000101c       0x24 .\CortexM3\ARM_GCC_541\Debug\Z80_6850_Emul.o
                0x0000101c                checkSerialReceiverBusy
 .text.M6850ReadData
                0x00001040       0x24 .\CortexM3\ARM_GCC_541\Debug\Z80_6850_Emul.o
                0x00001040                M6850ReadData
 .text.M6850WriteData
                0x00001064       0x28 .\CortexM3\ARM_GCC_541\Debug\Z80_6850_Emul.o
                0x00001064                M6850WriteData
 .text.M6850ReadStatus
                0x0000108c       0x14 .\CortexM3\ARM_GCC_541\Debug\Z80_6850_Emul.o
                0x0000108c                M6850ReadStatus
 .text.M6850WriteCtrl
                0x000010a0       0x14 .\CortexM3\ARM_GCC_541\Debug\Z80_6850_Emul.o
                0x000010a0                M6850WriteCtrl
 .text.SDReadData
                0x000010b4       0x38 .\CortexM3\ARM_GCC_541\Debug\Z80_SDCard_Emul.o
                0x000010b4                SDReadData
 .text.SDWriteData
                0x000010ec       0x54 .\CortexM3\ARM_GCC_541\Debug\Z80_SDCard_Emul.o
                0x000010ec                SDWriteData
 .text.SDWriteCommand
                0x00001140       0xb4 .\CortexM3\ARM_GCC_541\Debug\Z80_SDCard_Emul.o
                0x00001140                SDWriteCommand
 .text.SDReadStatus
                0x000011f4       0x14 .\CortexM3\ARM_GCC_541\Debug\Z80_SDCard_Emul.o
                0x000011f4                SDReadStatus
 .text.SDWriteLBA0
                0x00001208       0x14 .\CortexM3\ARM_GCC_541\Debug\Z80_SDCard_Emul.o
                0x00001208                SDWriteLBA0
 .text.SDWriteLBA1
                0x0000121c       0x14 .\CortexM3\ARM_GCC_541\Debug\Z80_SDCard_Emul.o
                0x0000121c                SDWriteLBA1
 .text.SDWriteLBA2
                0x00001230       0x14 .\CortexM3\ARM_GCC_541\Debug\Z80_SDCard_Emul.o
                0x00001230                SDWriteLBA2
 .text.initM6850_2_StatusRegister
                0x00001244        0xc .\CortexM3\ARM_GCC_541\Debug\Z80_6850_2_Emul.o
                0x00001244                initM6850_2_StatusRegister
 .text.M6850_2_ReadData
                0x00001250        0x8 .\CortexM3\ARM_GCC_541\Debug\Z80_6850_2_Emul.o
                0x00001250                M6850_2_ReadData
 .text.M6850_2_WriteData
                0x00001258        0x8 .\CortexM3\ARM_GCC_541\Debug\Z80_6850_2_Emul.o
                0x00001258                M6850_2_WriteData
 .text.M6850_2_ReadStatus
                0x00001260       0x14 .\CortexM3\ARM_GCC_541\Debug\Z80_6850_2_Emul.o
                0x00001260                M6850_2_ReadStatus
 .text.M6850_2_WriteCtrl
                0x00001274       0x14 .\CortexM3\ARM_GCC_541\Debug\Z80_6850_2_Emul.o
                0x00001274                M6850_2_WriteCtrl
 .text.init_mem_map_1
                0x00001288       0x1c .\CortexM3\ARM_GCC_541\Debug\Z80_Mem_Mappers.o
                0x00001288                init_mem_map_1
 .text.swap_out_ROM_space
                0x000012a4       0x10 .\CortexM3\ARM_GCC_541\Debug\Z80_Mem_Mappers.o
                0x000012a4                swap_out_ROM_space
 .text.SPI_write_byte
                0x000012b4       0x18 .\CortexM3\ARM_GCC_541\Debug\SDCard.o
                0x000012b4                SPI_write_byte
 .text.SD_command
                0x000012cc       0x6c .\CortexM3\ARM_GCC_541\Debug\SDCard.o
                0x000012cc                SD_command
 .text.SDInit   0x00001338      0x11c .\CortexM3\ARM_GCC_541\Debug\SDCard.o
                0x00001338                SDInit
 .text.dumpBuffer
                0x00001454       0xd0 .\CortexM3\ARM_GCC_541\Debug\SDCard.o
                0x00001454                dumpBuffer
 .text.SD_ReadSector
                0x00001524       0xe8 .\CortexM3\ARM_GCC_541\Debug\SDCard.o
                0x00001524                SD_ReadSector
 .text.readSDCard
                0x0000160c       0x18 .\CortexM3\ARM_GCC_541\Debug\SDCard.o
                0x0000160c                readSDCard
 .text.SD_WriteSector
                0x00001624       0xfc .\CortexM3\ARM_GCC_541\Debug\SDCard.o
                0x00001624                SD_WriteSector
 .text.writeSDCard
                0x00001720       0x34 .\CortexM3\ARM_GCC_541\Debug\SDCard.o
                0x00001720                writeSDCard
 .text.PostLed  0x00001754       0x28 .\CortexM3\ARM_GCC_541\Debug\Z80_PSoC_3Chips.o
                0x00001754                PostLed
 .text.putStringToUSB
                0x0000177c       0x1c .\CortexM3\ARM_GCC_541\Debug\Z80_PSoC_3Chips.o
                0x0000177c                putStringToUSB
 .text.I2CIntISR
                0x00001798       0x78 .\CortexM3\ARM_GCC_541\Debug\Z80_PSoC_3Chips.o
                0x00001798                I2CIntISR
 .text.init_Z80_RTC
                0x00001810       0x14 .\CortexM3\ARM_GCC_541\Debug\Z80_RTC.o
                0x00001810                init_Z80_RTC
 .text.writeCmdRTC
                0x00001824       0x14 .\CortexM3\ARM_GCC_541\Debug\Z80_RTC.o
                0x00001824                writeCmdRTC
 .text.readCmdRTC
                0x00001838       0x14 .\CortexM3\ARM_GCC_541\Debug\Z80_RTC.o
                0x00001838                readCmdRTC
 .text.writeRTC
                0x0000184c       0x84 .\CortexM3\ARM_GCC_541\Debug\Z80_RTC.o
                0x0000184c                writeRTC
 .text.readRTC  0x000018d0       0x80 .\CortexM3\ARM_GCC_541\Debug\Z80_RTC.o
                0x000018d0                readRTC
 .text.init_DAC
                0x00001950       0x24 .\CortexM3\ARM_GCC_541\Debug\Z80_DAC.o
                0x00001950                init_DAC
 .text.writeDAC
                0x00001974       0x24 .\CortexM3\ARM_GCC_541\Debug\Z80_DAC.o
                0x00001974                writeDAC
 .text.readDAC  0x00001998       0x14 .\CortexM3\ARM_GCC_541\Debug\Z80_DAC.o
                0x00001998                readDAC
 .text.readStatDAC
                0x000019ac       0x14 .\CortexM3\ARM_GCC_541\Debug\Z80_DAC.o
                0x000019ac                readStatDAC
 .text.writeCmdDAC
                0x000019c0       0x70 .\CortexM3\ARM_GCC_541\Debug\Z80_DAC.o
                0x000019c0                writeCmdDAC
 .text.CyClockStartupError
                0x00001a30        0x4 .\CortexM3\ARM_GCC_541\Debug\cyfitter_cfg.o
 .text.cfg_write_bytes32
                0x00001a34       0x34 .\CortexM3\ARM_GCC_541\Debug\cyfitter_cfg.o
 .text.AnalogSetDefault
                0x00001a68       0x38 .\CortexM3\ARM_GCC_541\Debug\cyfitter_cfg.o
 .text.CYMEMZERO
                0x00001aa0        0xc .\CortexM3\ARM_GCC_541\Debug\cyfitter_cfg.o
 .text.ClockSetup
                0x00001aac      0x12c .\CortexM3\ARM_GCC_541\Debug\cyfitter_cfg.o
 .text.CYCONFIGCPY
                0x00001bd8        0x8 .\CortexM3\ARM_GCC_541\Debug\cyfitter_cfg.o
 .text.cyfitter_cfg
                0x00001be0      0x188 .\CortexM3\ARM_GCC_541\Debug\cyfitter_cfg.o
                0x00001be0                cyfitter_cfg
 .text.IntDefaultHandler
                0x00001d68       0x10 .\CortexM3\ARM_GCC_541\Debug\Cm3Start.o
                0x00001d68                IntDefaultHandler
 .text._sbrk    0x00001d78       0x30 .\CortexM3\ARM_GCC_541\Debug\Cm3Start.o
                0x00001d78                _sbrk
 .text.Start_c  0x00001da8       0x4c .\CortexM3\ARM_GCC_541\Debug\Cm3Start.o
                0x00001da8                Start_c
 .text.initialize_psoc
                0x00001df4       0x6c .\CortexM3\ARM_GCC_541\Debug\Cm3Start.o
                0x00001df4                initialize_psoc
 .text.CyDmacConfigure
                0x00001e60       0x34 .\CortexM3\ARM_GCC_541\Debug\Z80_3Chip.a(CyDmac.o)
                0x00001e60                CyDmacConfigure
 .text.CyDmaChEnable
                0x00001e94       0x38 .\CortexM3\ARM_GCC_541\Debug\Z80_3Chip.a(CyDmac.o)
                0x00001e94                CyDmaChEnable
 .text.CyDmaChDisable
                0x00001ecc       0x24 .\CortexM3\ARM_GCC_541\Debug\Z80_3Chip.a(CyDmac.o)
                0x00001ecc                CyDmaChDisable
 .text.CyDmaChPriority
                0x00001ef0       0x24 .\CortexM3\ARM_GCC_541\Debug\Z80_3Chip.a(CyDmac.o)
                0x00001ef0                CyDmaChPriority
 .text.CyDmaChSetExtendedAddress
                0x00001f14       0x34 .\CortexM3\ARM_GCC_541\Debug\Z80_3Chip.a(CyDmac.o)
                0x00001f14                CyDmaChSetExtendedAddress
 .text.CyDmaChSetInitialTd
                0x00001f48       0x18 .\CortexM3\ARM_GCC_541\Debug\Z80_3Chip.a(CyDmac.o)
                0x00001f48                CyDmaChSetInitialTd
 .text.CyDmaChSetConfiguration
                0x00001f60       0x44 .\CortexM3\ARM_GCC_541\Debug\Z80_3Chip.a(CyDmac.o)
                0x00001f60                CyDmaChSetConfiguration
 .text.CyDmaTdAllocate
                0x00001fa4       0x34 .\CortexM3\ARM_GCC_541\Debug\Z80_3Chip.a(CyDmac.o)
                0x00001fa4                CyDmaTdAllocate
 .text.CyDmaTdSetConfiguration
                0x00001fd8       0x28 .\CortexM3\ARM_GCC_541\Debug\Z80_3Chip.a(CyDmac.o)
                0x00001fd8                CyDmaTdSetConfiguration
 .text.CyDmaTdSetAddress
                0x00002000       0x1c .\CortexM3\ARM_GCC_541\Debug\Z80_3Chip.a(CyDmac.o)
                0x00002000                CyDmaTdSetAddress
 .text.CyHalt   0x0000201c        0x4 .\CortexM3\ARM_GCC_541\Debug\Z80_3Chip.a(CyLib.o)
                0x0000201c                CyHalt
 .text.CyDelay  0x00002020       0x2c .\CortexM3\ARM_GCC_541\Debug\Z80_3Chip.a(CyLib.o)
                0x00002020                CyDelay
 .text.CyDelayUs
                0x0000204c       0x14 .\CortexM3\ARM_GCC_541\Debug\Z80_3Chip.a(CyLib.o)
                0x0000204c                CyDelayUs
 .text.CyIntSetVector
                0x00002060       0x28 .\CortexM3\ARM_GCC_541\Debug\Z80_3Chip.a(CyLib.o)
                0x00002060                CyIntSetVector
 .text.CyIntSetPriority
                0x00002088       0x30 .\CortexM3\ARM_GCC_541\Debug\Z80_3Chip.a(CyLib.o)
                0x00002088                CyIntSetPriority
 .text.CyGetUniqueId
                0x000020b8       0x70 .\CortexM3\ARM_GCC_541\Debug\Z80_3Chip.a(CyLib.o)
                0x000020b8                CyGetUniqueId
 .text.CyPmReadStatus
                0x00002128       0x30 .\CortexM3\ARM_GCC_541\Debug\Z80_3Chip.a(cyPm.o)
                0x00002128                CyPmReadStatus
 .text.AdrLowIn_Read
                0x00002158        0xc .\CortexM3\ARM_GCC_541\Debug\Z80_3Chip.a(AdrLowIn.o)
                0x00002158                AdrLowIn_Read
 .text.AdrLowOut_Write
                0x00002164        0xc .\CortexM3\ARM_GCC_541\Debug\Z80_3Chip.a(AdrLowOut.o)
                0x00002164                AdrLowOut_Write
 .text.LED_Write
                0x00002170       0x18 .\CortexM3\ARM_GCC_541\Debug\Z80_3Chip.a(LED.o)
                0x00002170                LED_Write
 .text.INT_n_Write
                0x00002188       0x18 .\CortexM3\ARM_GCC_541\Debug\Z80_3Chip.a(INT_n.o)
                0x00002188                INT_n_Write
 .text.IO_Ctrl_Reg_Write
                0x000021a0        0xc .\CortexM3\ARM_GCC_541\Debug\Z80_3Chip.a(IO_Ctrl_Reg.o)
                0x000021a0                IO_Ctrl_Reg_Write
 .text.IO_Ctrl_Reg_Read
                0x000021ac        0xc .\CortexM3\ARM_GCC_541\Debug\Z80_3Chip.a(IO_Ctrl_Reg.o)
                0x000021ac                IO_Ctrl_Reg_Read
 .text.IO_Stat_Reg_Read
                0x000021b8        0xc .\CortexM3\ARM_GCC_541\Debug\Z80_3Chip.a(IO_Stat_Reg.o)
                0x000021b8                IO_Stat_Reg_Read
 .text.Z80_Data_In_Write
                0x000021c4        0xc .\CortexM3\ARM_GCC_541\Debug\Z80_3Chip.a(Z80_Data_In.o)
                0x000021c4                Z80_Data_In_Write
 .text.Z80_Data_Out_Read
                0x000021d0        0xc .\CortexM3\ARM_GCC_541\Debug\Z80_3Chip.a(Z80_Data_Out.o)
                0x000021d0                Z80_Data_Out_Read
 .text.BankBaseAdr_Write
                0x000021dc        0xc .\CortexM3\ARM_GCC_541\Debug\Z80_3Chip.a(BankBaseAdr.o)
                0x000021dc                BankBaseAdr_Write
 .text.BankMask_Write
                0x000021e8        0xc .\CortexM3\ARM_GCC_541\Debug\Z80_3Chip.a(BankMask.o)
                0x000021e8                BankMask_Write
 .text.AdrMidOut_Write
                0x000021f4        0xc .\CortexM3\ARM_GCC_541\Debug\Z80_3Chip.a(AdrMidOut.o)
                0x000021f4                AdrMidOut_Write
 .text.AdrHighOut_Write
                0x00002200        0xc .\CortexM3\ARM_GCC_541\Debug\Z80_3Chip.a(AdrHighOut.o)
                0x00002200                AdrHighOut_Write
 .text.ExtSRAMCtl_Write
                0x0000220c        0xc .\CortexM3\ARM_GCC_541\Debug\Z80_3Chip.a(ExtSRAMCtl.o)
                0x0000220c                ExtSRAMCtl_Write
 .text.I2C_Init
                0x00002218       0x68 .\CortexM3\ARM_GCC_541\Debug\Z80_3Chip.a(I2C.o)
                0x00002218                I2C_Init
 .text.I2C_Enable
                0x00002280       0x24 .\CortexM3\ARM_GCC_541\Debug\Z80_3Chip.a(I2C.o)
                0x00002280                I2C_Enable
 .text.I2C_Start
                0x000022a4       0x28 .\CortexM3\ARM_GCC_541\Debug\Z80_3Chip.a(I2C.o)
                0x000022a4                I2C_Start
 .text.I2C_ISR  0x000022cc      0x2d0 .\CortexM3\ARM_GCC_541\Debug\Z80_3Chip.a(I2C_INT.o)
                0x000022cc                I2C_ISR
 .text.I2C_MasterWriteBuf
                0x0000259c       0xcc .\CortexM3\ARM_GCC_541\Debug\Z80_3Chip.a(I2C_MASTER.o)
                0x0000259c                I2C_MasterWriteBuf
 .text.I2C_MasterSendStart
                0x00002668       0x80 .\CortexM3\ARM_GCC_541\Debug\Z80_3Chip.a(I2C_MASTER.o)
                0x00002668                I2C_MasterSendStart
 .text.I2C_MasterSendStop
                0x000026e8       0x38 .\CortexM3\ARM_GCC_541\Debug\Z80_3Chip.a(I2C_MASTER.o)
                0x000026e8                I2C_MasterSendStop
 .text.I2C_MasterWriteByte
                0x00002720       0x58 .\CortexM3\ARM_GCC_541\Debug\Z80_3Chip.a(I2C_MASTER.o)
                0x00002720                I2C_MasterWriteByte
 .text.I2C_MasterReadByte
                0x00002778       0x58 .\CortexM3\ARM_GCC_541\Debug\Z80_3Chip.a(I2C_MASTER.o)
                0x00002778                I2C_MasterReadByte
 .text.I2C_MasterStatus
                0x000027d0       0x38 .\CortexM3\ARM_GCC_541\Debug\Z80_3Chip.a(I2C_MASTER.o)
                0x000027d0                I2C_MasterStatus
 .text.I2C_MasterClearStatus
                0x00002808       0x24 .\CortexM3\ARM_GCC_541\Debug\Z80_3Chip.a(I2C_MASTER.o)
                0x00002808                I2C_MasterClearStatus
 .text.USBUART_Init
                0x0000282c      0x140 .\CortexM3\ARM_GCC_541\Debug\Z80_3Chip.a(USBUART.o)
                0x0000282c                USBUART_Init
 .text.USBUART_InitComponent
                0x0000296c       0xb8 .\CortexM3\ARM_GCC_541\Debug\Z80_3Chip.a(USBUART.o)
                0x0000296c                USBUART_InitComponent
 .text.USBUART_Start
                0x00002a24       0x24 .\CortexM3\ARM_GCC_541\Debug\Z80_3Chip.a(USBUART.o)
                0x00002a24                USBUART_Start
 .text.USBUART_ReInitComponent
                0x00002a48       0x4c .\CortexM3\ARM_GCC_541\Debug\Z80_3Chip.a(USBUART.o)
                0x00002a48                USBUART_ReInitComponent
 .text.USBUART_GetConfiguration
                0x00002a94        0xc .\CortexM3\ARM_GCC_541\Debug\Z80_3Chip.a(USBUART.o)
                0x00002a94                USBUART_GetConfiguration
 .text.USBUART_IsConfigurationChanged
                0x00002aa0       0x20 .\CortexM3\ARM_GCC_541\Debug\Z80_3Chip.a(USBUART.o)
                0x00002aa0                USBUART_IsConfigurationChanged
 .text.USBUART_GetEPState
                0x00002ac0       0x14 .\CortexM3\ARM_GCC_541\Debug\Z80_3Chip.a(USBUART.o)
                0x00002ac0                USBUART_GetEPState
 .text.USBUART_GetEPCount
                0x00002ad4       0x28 .\CortexM3\ARM_GCC_541\Debug\Z80_3Chip.a(USBUART.o)
                0x00002ad4                USBUART_GetEPCount
 .text.USBUART_LoadInEP
                0x00002afc       0x94 .\CortexM3\ARM_GCC_541\Debug\Z80_3Chip.a(USBUART.o)
                0x00002afc                USBUART_LoadInEP
 .text.USBUART_EnableOutEP
                0x00002b90       0x2c .\CortexM3\ARM_GCC_541\Debug\Z80_3Chip.a(USBUART.o)
                0x00002b90                USBUART_EnableOutEP
 .text.USBUART_ReadOutEP
                0x00002bbc       0x50 .\CortexM3\ARM_GCC_541\Debug\Z80_3Chip.a(USBUART.o)
                0x00002bbc                USBUART_ReadOutEP
 .text.USBUART_GetInterfaceComPort
                0x00002c0c       0x38 .\CortexM3\ARM_GCC_541\Debug\Z80_3Chip.a(USBUART_cdc.o)
                0x00002c0c                USBUART_GetInterfaceComPort
 .text.USBUART_DispatchCDCClassRqst
                0x00002c44       0x98 .\CortexM3\ARM_GCC_541\Debug\Z80_3Chip.a(USBUART_cdc.o)
                0x00002c44                USBUART_DispatchCDCClassRqst
 .text.USBUART_CDC_Init
                0x00002cdc       0x98 .\CortexM3\ARM_GCC_541\Debug\Z80_3Chip.a(USBUART_cdc.o)
                0x00002cdc                USBUART_CDC_Init
 .text.USBUART_PutData
                0x00002d74       0x50 .\CortexM3\ARM_GCC_541\Debug\Z80_3Chip.a(USBUART_cdc.o)
                0x00002d74                USBUART_PutData
 .text.USBUART_DataIsReady
                0x00002dc4       0x18 .\CortexM3\ARM_GCC_541\Debug\Z80_3Chip.a(USBUART_cdc.o)
                0x00002dc4                USBUART_DataIsReady
 .text.USBUART_CDCIsReady
                0x00002ddc       0x18 .\CortexM3\ARM_GCC_541\Debug\Z80_3Chip.a(USBUART_cdc.o)
                0x00002ddc                USBUART_CDCIsReady
 .text.USBUART_GetAll
                0x00002df4       0x30 .\CortexM3\ARM_GCC_541\Debug\Z80_3Chip.a(USBUART_cdc.o)
                0x00002df4                USBUART_GetAll
 .text.USBUART_Cdc_EpInit
                0x00002e24       0x50 .\CortexM3\ARM_GCC_541\Debug\Z80_3Chip.a(USBUART_cdc.o)
                0x00002e24                USBUART_Cdc_EpInit
 .text.USBUART_LoadEP0
                0x00002e74       0x98 .\CortexM3\ARM_GCC_541\Debug\Z80_3Chip.a(USBUART_drv.o)
                0x00002e74                USBUART_LoadEP0
 .text.USBUART_InitZeroLengthControlTransfer
                0x00002f0c       0x34 .\CortexM3\ARM_GCC_541\Debug\Z80_3Chip.a(USBUART_drv.o)
                0x00002f0c                USBUART_InitZeroLengthControlTransfer
 .text.USBUART_ControlReadDataStage
                0x00002f40        0x8 .\CortexM3\ARM_GCC_541\Debug\Z80_3Chip.a(USBUART_drv.o)
                0x00002f40                USBUART_ControlReadDataStage
 .text.USBUART_ControlWriteDataStage
                0x00002f48       0x84 .\CortexM3\ARM_GCC_541\Debug\Z80_3Chip.a(USBUART_drv.o)
                0x00002f48                USBUART_ControlWriteDataStage
 .text.USBUART_InitNoDataControlTransfer
                0x00002fcc       0x2c .\CortexM3\ARM_GCC_541\Debug\Z80_3Chip.a(USBUART_drv.o)
                0x00002fcc                USBUART_InitNoDataControlTransfer
 .text.USBUART_UpdateStatusBlock
                0x00002ff8       0x24 .\CortexM3\ARM_GCC_541\Debug\Z80_3Chip.a(USBUART_drv.o)
                0x00002ff8                USBUART_UpdateStatusBlock
 .text.USBUART_HandleSetup
                0x0000301c       0x5c .\CortexM3\ARM_GCC_541\Debug\Z80_3Chip.a(USBUART_drv.o)
                0x0000301c                USBUART_HandleSetup
 .text.USBUART_ControlReadStatusStage
                0x00003078       0x38 .\CortexM3\ARM_GCC_541\Debug\Z80_3Chip.a(USBUART_drv.o)
                0x00003078                USBUART_ControlReadStatusStage
 .text.USBUART_HandleOUT
                0x000030b0       0x38 .\CortexM3\ARM_GCC_541\Debug\Z80_3Chip.a(USBUART_drv.o)
                0x000030b0                USBUART_HandleOUT
 .text.USBUART_ControlWriteStatusStage
                0x000030e8       0x20 .\CortexM3\ARM_GCC_541\Debug\Z80_3Chip.a(USBUART_drv.o)
                0x000030e8                USBUART_ControlWriteStatusStage
 .text.USBUART_NoDataControlStatusStage
                0x00003108       0x40 .\CortexM3\ARM_GCC_541\Debug\Z80_3Chip.a(USBUART_drv.o)
                0x00003108                USBUART_NoDataControlStatusStage
 .text.USBUART_HandleIN
                0x00003148       0x2c .\CortexM3\ARM_GCC_541\Debug\Z80_3Chip.a(USBUART_drv.o)
                0x00003148                USBUART_HandleIN
 .text.USBUART_EP_0_ISR
                0x00003174       0xb8 .\CortexM3\ARM_GCC_541\Debug\Z80_3Chip.a(USBUART_drv.o)
                0x00003174                USBUART_EP_0_ISR
 .text.USBUART_InitializeStatusBlock
                0x0000322c       0x24 .\CortexM3\ARM_GCC_541\Debug\Z80_3Chip.a(USBUART_drv.o)
                0x0000322c                USBUART_InitializeStatusBlock
 .text.USBUART_InitControlRead
                0x00003250       0x50 .\CortexM3\ARM_GCC_541\Debug\Z80_3Chip.a(USBUART_drv.o)
                0x00003250                USBUART_InitControlRead
 .text.USBUART_InitControlWrite
                0x000032a0       0x48 .\CortexM3\ARM_GCC_541\Debug\Z80_3Chip.a(USBUART_drv.o)
                0x000032a0                USBUART_InitControlWrite
 .text.USBUART_EP_1_ISR
                0x000032e8       0x30 .\CortexM3\ARM_GCC_541\Debug\Z80_3Chip.a(USBUART_episr.o)
                0x000032e8                USBUART_EP_1_ISR
 .text.USBUART_EP_2_ISR
                0x00003318       0x34 .\CortexM3\ARM_GCC_541\Debug\Z80_3Chip.a(USBUART_episr.o)
                0x00003318                USBUART_EP_2_ISR
 .text.USBUART_EP_3_ISR
                0x0000334c       0x3c .\CortexM3\ARM_GCC_541\Debug\Z80_3Chip.a(USBUART_episr.o)
                0x0000334c                USBUART_EP_3_ISR
 .text.USBUART_SOF_ISR
                0x00003388        0x4 .\CortexM3\ARM_GCC_541\Debug\Z80_3Chip.a(USBUART_episr.o)
                0x00003388                USBUART_SOF_ISR
 .text.USBUART_BUS_RESET_ISR
                0x0000338c        0x8 .\CortexM3\ARM_GCC_541\Debug\Z80_3Chip.a(USBUART_episr.o)
                0x0000338c                USBUART_BUS_RESET_ISR
 .text.USBUART_DP_ISR
                0x00003394        0x8 .\CortexM3\ARM_GCC_541\Debug\Z80_3Chip.a(USBUART_pm.o)
                0x00003394                USBUART_DP_ISR
 .text.USBUART_ReadDieID
                0x0000339c       0x6c .\CortexM3\ARM_GCC_541\Debug\Z80_3Chip.a(USBUART_std.o)
                0x0000339c                USBUART_ReadDieID
 .text.USBUART_ConfigReg
                0x00003408       0xa4 .\CortexM3\ARM_GCC_541\Debug\Z80_3Chip.a(USBUART_std.o)
                0x00003408                USBUART_ConfigReg
 .text.USBUART_GetConfigTablePtr
                0x000034ac       0x28 .\CortexM3\ARM_GCC_541\Debug\Z80_3Chip.a(USBUART_std.o)
                0x000034ac                USBUART_GetConfigTablePtr
 .text.USBUART_ConfigAltChanged
                0x000034d4      0x11c .\CortexM3\ARM_GCC_541\Debug\Z80_3Chip.a(USBUART_std.o)
                0x000034d4                USBUART_ConfigAltChanged
 .text.USBUART_GetDeviceTablePtr
                0x000035f0       0x18 .\CortexM3\ARM_GCC_541\Debug\Z80_3Chip.a(USBUART_std.o)
                0x000035f0                USBUART_GetDeviceTablePtr
 .text.USBUART_GetInterfaceClassTablePtr
                0x00003608       0x28 .\CortexM3\ARM_GCC_541\Debug\Z80_3Chip.a(USBUART_std.o)
                0x00003608                USBUART_GetInterfaceClassTablePtr
 .text.USBUART_Config
                0x00003630      0x1ec .\CortexM3\ARM_GCC_541\Debug\Z80_3Chip.a(USBUART_std.o)
                0x00003630                USBUART_Config
 .text.USBUART_SetEndpointHalt
                0x0000381c       0x64 .\CortexM3\ARM_GCC_541\Debug\Z80_3Chip.a(USBUART_std.o)
                0x0000381c                USBUART_SetEndpointHalt
 .text.USBUART_ClearEndpointHalt
                0x00003880       0xac .\CortexM3\ARM_GCC_541\Debug\Z80_3Chip.a(USBUART_std.o)
                0x00003880                USBUART_ClearEndpointHalt
 .text.USBUART_ValidateAlternateSetting
                0x0000392c       0x4c .\CortexM3\ARM_GCC_541\Debug\Z80_3Chip.a(USBUART_std.o)
                0x0000392c                USBUART_ValidateAlternateSetting
 .text.USBUART_HandleStandardRqst
                0x00003978      0x354 .\CortexM3\ARM_GCC_541\Debug\Z80_3Chip.a(USBUART_std.o)
                0x00003978                USBUART_HandleStandardRqst
 .text.USBUART_HandleVendorRqst
                0x00003ccc       0x18 .\CortexM3\ARM_GCC_541\Debug\Z80_3Chip.a(USBUART_vnd.o)
                0x00003ccc                USBUART_HandleVendorRqst
 .text.USBUART_Dp_ClearInterrupt
                0x00003ce4       0x10 .\CortexM3\ARM_GCC_541\Debug\Z80_3Chip.a(USBUART_Dp.o)
                0x00003ce4                USBUART_Dp_ClearInterrupt
 .text.I2CINT_n_SetDriveMode
                0x00003cf4       0x18 .\CortexM3\ARM_GCC_541\Debug\Z80_3Chip.a(I2CINT_n.o)
                0x00003cf4                I2CINT_n_SetDriveMode
 .text.SPI_Master_Enable
                0x00003d0c       0x34 .\CortexM3\ARM_GCC_541\Debug\Z80_3Chip.a(SPI_Master.o)
                0x00003d0c                SPI_Master_Enable
 .text.SPI_Master_ReadTxStatus
                0x00003d40        0xc .\CortexM3\ARM_GCC_541\Debug\Z80_3Chip.a(SPI_Master.o)
                0x00003d40                SPI_Master_ReadTxStatus
 .text.SPI_Master_ReadRxStatus
                0x00003d4c        0xc .\CortexM3\ARM_GCC_541\Debug\Z80_3Chip.a(SPI_Master.o)
                0x00003d4c                SPI_Master_ReadRxStatus
 .text.SPI_Master_WriteTxData
                0x00003d58       0x18 .\CortexM3\ARM_GCC_541\Debug\Z80_3Chip.a(SPI_Master.o)
                0x00003d58                SPI_Master_WriteTxData
 .text.SPI_Master_ReadRxData
                0x00003d70        0xc .\CortexM3\ARM_GCC_541\Debug\Z80_3Chip.a(SPI_Master.o)
                0x00003d70                SPI_Master_ReadRxData
 .text.SPI_Master_ClearRxBuffer
                0x00003d7c       0x1c .\CortexM3\ARM_GCC_541\Debug\Z80_3Chip.a(SPI_Master.o)
                0x00003d7c                SPI_Master_ClearRxBuffer
 .text.SPI_Master_ClearFIFO
                0x00003d98       0x3c .\CortexM3\ARM_GCC_541\Debug\Z80_3Chip.a(SPI_Master.o)
                0x00003d98                SPI_Master_ClearFIFO
 .text.SPI_Master_Init
                0x00003dd4       0x28 .\CortexM3\ARM_GCC_541\Debug\Z80_3Chip.a(SPI_Master.o)
                0x00003dd4                SPI_Master_Init
 .text.SPI_Master_Start
                0x00003dfc       0x1c .\CortexM3\ARM_GCC_541\Debug\Z80_3Chip.a(SPI_Master.o)
                0x00003dfc                SPI_Master_Start
 .text.SPI_Master_IntClock_Start
                0x00003e18       0x1c .\CortexM3\ARM_GCC_541\Debug\Z80_3Chip.a(SPI_Master_IntClock.o)
                0x00003e18                SPI_Master_IntClock_Start
 .text.RTC_DayOfWeek
                0x00003e34       0x50 .\CortexM3\ARM_GCC_541\Debug\Z80_3Chip.a(RTC.o)
 .text.RTC_DSTDateConversion
                0x00003e84       0xa0 .\CortexM3\ARM_GCC_541\Debug\Z80_3Chip.a(RTC.o)
 .text.RTC_SetInitValues
                0x00003f24      0x728 .\CortexM3\ARM_GCC_541\Debug\Z80_3Chip.a(RTC.o)
 .text.RTC_Init
                0x0000464c       0x28 .\CortexM3\ARM_GCC_541\Debug\Z80_3Chip.a(RTC.o)
                0x0000464c                RTC_Init
 .text.RTC_Enable
                0x00004674       0x24 .\CortexM3\ARM_GCC_541\Debug\Z80_3Chip.a(RTC.o)
                0x00004674                RTC_Enable
 .text.RTC_Start
                0x00004698       0x1c .\CortexM3\ARM_GCC_541\Debug\Z80_3Chip.a(RTC.o)
                0x00004698                RTC_Start
 .text.RTC_WriteSecond
                0x000046b4        0xc .\CortexM3\ARM_GCC_541\Debug\Z80_3Chip.a(RTC.o)
                0x000046b4                RTC_WriteSecond
 .text.RTC_WriteMinute
                0x000046c0        0xc .\CortexM3\ARM_GCC_541\Debug\Z80_3Chip.a(RTC.o)
                0x000046c0                RTC_WriteMinute
 .text.RTC_WriteHour
                0x000046cc        0xc .\CortexM3\ARM_GCC_541\Debug\Z80_3Chip.a(RTC.o)
                0x000046cc                RTC_WriteHour
 .text.RTC_WriteDayOfMonth
                0x000046d8        0xc .\CortexM3\ARM_GCC_541\Debug\Z80_3Chip.a(RTC.o)
                0x000046d8                RTC_WriteDayOfMonth
 .text.RTC_WriteMonth
                0x000046e4        0xc .\CortexM3\ARM_GCC_541\Debug\Z80_3Chip.a(RTC.o)
                0x000046e4                RTC_WriteMonth
 .text.RTC_WriteYear
                0x000046f0        0xc .\CortexM3\ARM_GCC_541\Debug\Z80_3Chip.a(RTC.o)
                0x000046f0                RTC_WriteYear
 .text.RTC_ReadSecond
                0x000046fc        0xc .\CortexM3\ARM_GCC_541\Debug\Z80_3Chip.a(RTC.o)
                0x000046fc                RTC_ReadSecond
 .text.RTC_ReadMinute
                0x00004708        0xc .\CortexM3\ARM_GCC_541\Debug\Z80_3Chip.a(RTC.o)
                0x00004708                RTC_ReadMinute
 .text.RTC_ReadHour
                0x00004714        0xc .\CortexM3\ARM_GCC_541\Debug\Z80_3Chip.a(RTC.o)
                0x00004714                RTC_ReadHour
 .text.RTC_ReadDayOfMonth
                0x00004720        0xc .\CortexM3\ARM_GCC_541\Debug\Z80_3Chip.a(RTC.o)
                0x00004720                RTC_ReadDayOfMonth
 .text.RTC_ReadMonth
                0x0000472c        0xc .\CortexM3\ARM_GCC_541\Debug\Z80_3Chip.a(RTC.o)
                0x0000472c                RTC_ReadMonth
 .text.RTC_ReadYear
                0x00004738        0xc .\CortexM3\ARM_GCC_541\Debug\Z80_3Chip.a(RTC.o)
                0x00004738                RTC_ReadYear
 .text.RTC_ISR  0x00004744      0xa58 .\CortexM3\ARM_GCC_541\Debug\Z80_3Chip.a(RTC_INT.o)
                0x00004744                RTC_ISR
 .text.SPI_SS_Out_Write
                0x0000519c        0xc .\CortexM3\ARM_GCC_541\Debug\Z80_3Chip.a(SPI_SS_Out.o)
                0x0000519c                SPI_SS_Out_Write
 .text.WaveDAC8_Enable
                0x000051a8       0x24 .\CortexM3\ARM_GCC_541\Debug\Z80_3Chip.a(WaveDAC8.o)
                0x000051a8                WaveDAC8_Enable
 .text.WaveDAC8_Stop
                0x000051cc       0x1c .\CortexM3\ARM_GCC_541\Debug\Z80_3Chip.a(WaveDAC8.o)
                0x000051cc                WaveDAC8_Stop
 .text.WaveDAC8_Wave1Setup
                0x000051e8       0x40 .\CortexM3\ARM_GCC_541\Debug\Z80_3Chip.a(WaveDAC8.o)
                0x000051e8                WaveDAC8_Wave1Setup
 .text.WaveDAC8_Wave2Setup
                0x00005228       0x40 .\CortexM3\ARM_GCC_541\Debug\Z80_3Chip.a(WaveDAC8.o)
                0x00005228                WaveDAC8_Wave2Setup
 .text.WaveDAC8_Init
                0x00005268       0x3c .\CortexM3\ARM_GCC_541\Debug\Z80_3Chip.a(WaveDAC8.o)
                0x00005268                WaveDAC8_Init
 .text.WaveDAC8_Start
                0x000052a4       0x1c .\CortexM3\ARM_GCC_541\Debug\Z80_3Chip.a(WaveDAC8.o)
                0x000052a4                WaveDAC8_Start
 .text.WaveDAC8_Wave1_DMA_DmaInitialize
                0x000052c0       0x3c .\CortexM3\ARM_GCC_541\Debug\Z80_3Chip.a(WaveDAC8_Wave1_DMA_dma.o)
                0x000052c0                WaveDAC8_Wave1_DMA_DmaInitialize
 .text.WaveDAC8_Wave2_DMA_DmaInitialize
                0x000052fc       0x3c .\CortexM3\ARM_GCC_541\Debug\Z80_3Chip.a(WaveDAC8_Wave2_DMA_dma.o)
                0x000052fc                WaveDAC8_Wave2_DMA_DmaInitialize
 .text.WaveDAC8_VDAC8_Enable
                0x00005338       0x1c .\CortexM3\ARM_GCC_541\Debug\Z80_3Chip.a(WaveDAC8_VDAC8.o)
                0x00005338                WaveDAC8_VDAC8_Enable
 .text.WaveDAC8_VDAC8_Stop
                0x00005354       0x1c .\CortexM3\ARM_GCC_541\Debug\Z80_3Chip.a(WaveDAC8_VDAC8.o)
                0x00005354                WaveDAC8_VDAC8_Stop
 .text.WaveDAC8_VDAC8_SetSpeed
                0x00005370       0x1c .\CortexM3\ARM_GCC_541\Debug\Z80_3Chip.a(WaveDAC8_VDAC8.o)
                0x00005370                WaveDAC8_VDAC8_SetSpeed
 .text.WaveDAC8_VDAC8_SetValue
                0x0000538c        0xc .\CortexM3\ARM_GCC_541\Debug\Z80_3Chip.a(WaveDAC8_VDAC8.o)
                0x0000538c                WaveDAC8_VDAC8_SetValue
 .text.WaveDAC8_VDAC8_DacTrim
                0x00005398       0x24 .\CortexM3\ARM_GCC_541\Debug\Z80_3Chip.a(WaveDAC8_VDAC8.o)
                0x00005398                WaveDAC8_VDAC8_DacTrim
 .text.WaveDAC8_VDAC8_SetRange
                0x000053bc       0x20 .\CortexM3\ARM_GCC_541\Debug\Z80_3Chip.a(WaveDAC8_VDAC8.o)
                0x000053bc                WaveDAC8_VDAC8_SetRange
 .text.WaveDAC8_VDAC8_Init
                0x000053dc       0x2c .\CortexM3\ARM_GCC_541\Debug\Z80_3Chip.a(WaveDAC8_VDAC8.o)
                0x000053dc                WaveDAC8_VDAC8_Init
 .text.DAC_Control_Write
                0x00005408        0xc .\CortexM3\ARM_GCC_541\Debug\Z80_3Chip.a(DAC_Control.o)
                0x00005408                DAC_Control_Write
 .text.Sound_Counter_Enable
                0x00005414       0x28 .\CortexM3\ARM_GCC_541\Debug\Z80_3Chip.a(Sound_Counter.o)
                0x00005414                Sound_Counter_Enable
 .text.Sound_Counter_SetInterruptMode
                0x0000543c        0xc .\CortexM3\ARM_GCC_541\Debug\Z80_3Chip.a(Sound_Counter.o)
                0x0000543c                Sound_Counter_SetInterruptMode
 .text.Sound_Counter_WriteCounter
                0x00005448       0x34 .\CortexM3\ARM_GCC_541\Debug\Z80_3Chip.a(Sound_Counter.o)
                0x00005448                Sound_Counter_WriteCounter
 .text.Sound_Counter_WritePeriod
                0x0000547c        0xc .\CortexM3\ARM_GCC_541\Debug\Z80_3Chip.a(Sound_Counter.o)
                0x0000547c                Sound_Counter_WritePeriod
 .text.Sound_Counter_Init
                0x00005488       0x64 .\CortexM3\ARM_GCC_541\Debug\Z80_3Chip.a(Sound_Counter.o)
                0x00005488                Sound_Counter_Init
 .text.Sound_Counter_Start
                0x000054ec       0x1c .\CortexM3\ARM_GCC_541\Debug\Z80_3Chip.a(Sound_Counter.o)
                0x000054ec                Sound_Counter_Start
 .text.I2CINT_ISR_Interrupt
                0x00005508        0x8 .\CortexM3\ARM_GCC_541\Debug\Z80_3Chip.a(I2CINT_ISR.o)
                0x00005508                I2CINT_ISR_Interrupt
 .text.I2CINT_ISR_SetVector
                0x00005510        0xc .\CortexM3\ARM_GCC_541\Debug\Z80_3Chip.a(I2CINT_ISR.o)
                0x00005510                I2CINT_ISR_SetVector
 .text.I2CINT_ISR_SetPriority
                0x0000551c       0x10 .\CortexM3\ARM_GCC_541\Debug\Z80_3Chip.a(I2CINT_ISR.o)
                0x0000551c                I2CINT_ISR_SetPriority
 .text.I2CINT_ISR_Enable
                0x0000552c        0xc .\CortexM3\ARM_GCC_541\Debug\Z80_3Chip.a(I2CINT_ISR.o)
                0x0000552c                I2CINT_ISR_Enable
 .text.I2CINT_ISR_Disable
                0x00005538        0xc .\CortexM3\ARM_GCC_541\Debug\Z80_3Chip.a(I2CINT_ISR.o)
                0x00005538                I2CINT_ISR_Disable
 .text.I2CINT_ISR_Start
                0x00005544       0x1c .\CortexM3\ARM_GCC_541\Debug\Z80_3Chip.a(I2CINT_ISR.o)
                0x00005544                I2CINT_ISR_Start
 .text.MMU_Sel_Write
                0x00005560        0xc .\CortexM3\ARM_GCC_541\Debug\Z80_3Chip.a(MMU_Sel.o)
                0x00005560                MMU_Sel_Write
 *fill*         0x0000556c        0x4 
 .text          0x00005570       0x20 .\CortexM3\ARM_GCC_541\Debug\Z80_3Chip.a(CyBootAsmGnu.o)
                0x00005570                CyDelayCycles
                0x00005580                CyEnterCriticalSection
                0x00005588                CyExitCriticalSection
 .text.USBUART_DispatchClassRqst
                0x00005590       0x60 .\CortexM3\ARM_GCC_541\Debug\Z80_3Chip.a(USBUART_cls.o)
                0x00005590                USBUART_DispatchClassRqst
 .text.__errno  0x000055f0        0xc c:/program files (x86)/cypress/psoc creator/4.2/psoc creator/import/gnu/arm/5.4.1/bin/../lib/gcc/arm-none-eabi/5.4.1/../../../../arm-none-eabi/lib/armv7-m\libg_nano.a(lib_a-errno.o)
                0x000055f0                __errno
 .text.__libc_init_array
                0x000055fc       0x4c c:/program files (x86)/cypress/psoc creator/4.2/psoc creator/import/gnu/arm/5.4.1/bin/../lib/gcc/arm-none-eabi/5.4.1/../../../../arm-none-eabi/lib/armv7-m\libg_nano.a(lib_a-init.o)
                0x000055fc                __libc_init_array
 .text.memcpy   0x00005648       0x16 c:/program files (x86)/cypress/psoc creator/4.2/psoc creator/import/gnu/arm/5.4.1/bin/../lib/gcc/arm-none-eabi/5.4.1/../../../../arm-none-eabi/lib/armv7-m\libg_nano.a(lib_a-memcpy-stub.o)
                0x00005648                memcpy
 .text.memset   0x0000565e       0x10 c:/program files (x86)/cypress/psoc creator/4.2/psoc creator/import/gnu/arm/5.4.1/bin/../lib/gcc/arm-none-eabi/5.4.1/../../../../arm-none-eabi/lib/armv7-m\libg_nano.a(lib_a-memset.o)
                0x0000565e                memset
 *fill*         0x0000566e        0x2 
 .text.sprintf  0x00005670       0x48 c:/program files (x86)/cypress/psoc creator/4.2/psoc creator/import/gnu/arm/5.4.1/bin/../lib/gcc/arm-none-eabi/5.4.1/../../../../arm-none-eabi/lib/armv7-m\libg_nano.a(lib_a-sprintf.o)
                0x00005670                siprintf
                0x00005670                sprintf
 .text.strcat   0x000056b8       0x1e c:/program files (x86)/cypress/psoc creator/4.2/psoc creator/import/gnu/arm/5.4.1/bin/../lib/gcc/arm-none-eabi/5.4.1/../../../../arm-none-eabi/lib/armv7-m\libg_nano.a(lib_a-strcat.o)
                0x000056b8                strcat
 .text          0x000056d6       0x10 c:/program files (x86)/cypress/psoc creator/4.2/psoc creator/import/gnu/arm/5.4.1/bin/../lib/gcc/arm-none-eabi/5.4.1/../../../../arm-none-eabi/lib/armv7-m\libg_nano.a(lib_a-strlen.o)
                0x000056d6                strlen
 .text.__ssputs_r
                0x000056e6       0xb2 c:/program files (x86)/cypress/psoc creator/4.2/psoc creator/import/gnu/arm/5.4.1/bin/../lib/gcc/arm-none-eabi/5.4.1/../../../../arm-none-eabi/lib/armv7-m\libg_nano.a(lib_a-nano-svfprintf.o)
                0x000056e6                __ssputs_r
 .text._svfprintf_r
                0x00005798      0x1e8 c:/program files (x86)/cypress/psoc creator/4.2/psoc creator/import/gnu/arm/5.4.1/bin/../lib/gcc/arm-none-eabi/5.4.1/../../../../arm-none-eabi/lib/armv7-m\libg_nano.a(lib_a-nano-svfprintf.o)
                0x00005798                _svfiprintf_r
                0x00005798                _svfprintf_r
 .text._printf_common
                0x00005980       0xec c:/program files (x86)/cypress/psoc creator/4.2/psoc creator/import/gnu/arm/5.4.1/bin/../lib/gcc/arm-none-eabi/5.4.1/../../../../arm-none-eabi/lib/armv7-m\libg_nano.a(lib_a-nano-vfprintf_i.o)
                0x00005980                _printf_common
 .text._printf_i
                0x00005a6c      0x24c c:/program files (x86)/cypress/psoc creator/4.2/psoc creator/import/gnu/arm/5.4.1/bin/../lib/gcc/arm-none-eabi/5.4.1/../../../../arm-none-eabi/lib/armv7-m\libg_nano.a(lib_a-nano-vfprintf_i.o)
                0x00005a6c                _printf_i
 .text.memchr   0x00005cb8       0x1c c:/program files (x86)/cypress/psoc creator/4.2/psoc creator/import/gnu/arm/5.4.1/bin/../lib/gcc/arm-none-eabi/5.4.1/../../../../arm-none-eabi/lib/armv7-m\libg_nano.a(lib_a-memchr-stub.o)
                0x00005cb8                memchr
 .text.memmove  0x00005cd4       0x36 c:/program files (x86)/cypress/psoc creator/4.2/psoc creator/import/gnu/arm/5.4.1/bin/../lib/gcc/arm-none-eabi/5.4.1/../../../../arm-none-eabi/lib/armv7-m\libg_nano.a(lib_a-memmove.o)
                0x00005cd4                memmove
 *fill*         0x00005d0a        0x2 
 .text._free_r  0x00005d0c       0x98 c:/program files (x86)/cypress/psoc creator/4.2/psoc creator/import/gnu/arm/5.4.1/bin/../lib/gcc/arm-none-eabi/5.4.1/../../../../arm-none-eabi/lib/armv7-m\libg_nano.a(lib_a-nano-freer.o)
                0x00005d0c                _free_r
 .text._malloc_r
                0x00005da4       0xbc c:/program files (x86)/cypress/psoc creator/4.2/psoc creator/import/gnu/arm/5.4.1/bin/../lib/gcc/arm-none-eabi/5.4.1/../../../../arm-none-eabi/lib/armv7-m\libg_nano.a(lib_a-nano-mallocr.o)
                0x00005da4                _malloc_r
 .text._realloc_r
                0x00005e60       0x4c c:/program files (x86)/cypress/psoc creator/4.2/psoc creator/import/gnu/arm/5.4.1/bin/../lib/gcc/arm-none-eabi/5.4.1/../../../../arm-none-eabi/lib/armv7-m\libg_nano.a(lib_a-nano-reallocr.o)
                0x00005e60                _realloc_r
 .text._sbrk_r  0x00005eac       0x20 c:/program files (x86)/cypress/psoc creator/4.2/psoc creator/import/gnu/arm/5.4.1/bin/../lib/gcc/arm-none-eabi/5.4.1/../../../../arm-none-eabi/lib/armv7-m\libg_nano.a(lib_a-sbrkr.o)
                0x00005eac                _sbrk_r
 .text.__malloc_lock
                0x00005ecc        0x2 c:/program files (x86)/cypress/psoc creator/4.2/psoc creator/import/gnu/arm/5.4.1/bin/../lib/gcc/arm-none-eabi/5.4.1/../../../../arm-none-eabi/lib/armv7-m\libg_nano.a(lib_a-mlock.o)
                0x00005ecc                __malloc_lock
 .text.__malloc_unlock
                0x00005ece        0x2 c:/program files (x86)/cypress/psoc creator/4.2/psoc creator/import/gnu/arm/5.4.1/bin/../lib/gcc/arm-none-eabi/5.4.1/../../../../arm-none-eabi/lib/armv7-m\libg_nano.a(lib_a-mlock.o)
                0x00005ece                __malloc_unlock
 .text._malloc_usable_size_r
                0x00005ed0       0x14 c:/program files (x86)/cypress/psoc creator/4.2/psoc creator/import/gnu/arm/5.4.1/bin/../lib/gcc/arm-none-eabi/5.4.1/../../../../arm-none-eabi/lib/armv7-m\libg_nano.a(lib_a-nano-msizer.o)
                0x00005ed0                _malloc_usable_size_r
 *(.plt)
 *(.gnu.warning)
 *(.glue_7t)
 .glue_7t       0x00005ee4        0x0 linker stubs
 *(.glue_7)
 .glue_7        0x00005ee4        0x0 linker stubs
 *(.vfp11_veneer)
 .vfp11_veneer  0x00005ee4        0x0 linker stubs
 *(.bootloader)
 *(.ARM.extab* .gnu.linkonce.armextab.*)
 *(.gcc_except_table)

.v4_bx          0x00005ee4        0x0
 .v4_bx         0x00005ee4        0x0 linker stubs

.iplt           0x00005ee4        0x0
 .iplt          0x00005ee4        0x0 c:/program files (x86)/cypress/psoc creator/4.2/psoc creator/import/gnu/arm/5.4.1/bin/../lib/gcc/arm-none-eabi/5.4.1/armv7-m/crtbegin.o

.eh_frame_hdr
 *(.eh_frame_hdr)

.eh_frame       0x00005ee4        0x4
 *(.eh_frame)
 .eh_frame      0x00005ee4        0x0 c:/program files (x86)/cypress/psoc creator/4.2/psoc creator/import/gnu/arm/5.4.1/bin/../lib/gcc/arm-none-eabi/5.4.1/armv7-m/crtbegin.o
 .eh_frame      0x00005ee4        0x4 c:/program files (x86)/cypress/psoc creator/4.2/psoc creator/import/gnu/arm/5.4.1/bin/../lib/gcc/arm-none-eabi/5.4.1/armv7-m/crtend.o
                [!provide]                PROVIDE (__exidx_start, .)

.ARM.exidx
 *(.ARM.exidx* .gnu.linkonce.armexidx.*)
                0x00005ee8                __exidx_end = .

.rodata         0x00005ee8     0x25c8
 *(.rodata .rodata.* .gnu.linkonce.r.*)
 .rodata.str1.4
                0x00005ee8      0x1be .\CortexM3\ARM_GCC_541\Debug\main.o
                                0x1c2 (size before relaxing)
 *fill*         0x000060a6        0x2 
 .rodata        0x000060a8     0x2008 .\CortexM3\ARM_GCC_541\Debug\GS_FPGA_CPM_BASIC.o
                0x000060a8                eprom_length
                0x000060ac                eprom_finish
                0x000060b0                eprom_start
                0x000060b4                eprom_termination
                0x000060b8                Z80_eeprom
 .rodata.str1.4
                0x000080b0       0x43 .\CortexM3\ARM_GCC_541\Debug\SDCard.o
                                 0x47 (size before relaxing)
 *fill*         0x000080f3        0x1 
 .rodata        0x000080f4       0xc8 .\CortexM3\ARM_GCC_541\Debug\Z80_DAC.o
                0x000080f4                notes
 .rodata        0x000081bc       0x36 .\CortexM3\ARM_GCC_541\Debug\cyfitter_cfg.o
 *fill*         0x000081f2        0x2 
 .rodata.str1.4
                0x000081f4       0x14 .\CortexM3\ARM_GCC_541\Debug\Z80_3Chip.a(USBUART_std.o)
                                 0x11 (size before relaxing)
 .rodata        0x00008208       0x18 .\CortexM3\ARM_GCC_541\Debug\Z80_3Chip.a(RTC.o)
                0x00008214                RTC_daysInMonths
 .rodata        0x00008220       0xc8 .\CortexM3\ARM_GCC_541\Debug\Z80_3Chip.a(WaveDAC8.o)
                0x00008220                WaveDAC8_wave1
                0x00008284                WaveDAC8_wave2
 .rodata        0x000082e8      0x15e .\CortexM3\ARM_GCC_541\Debug\Z80_3Chip.a(USBUART_descr.o)
                0x000082e8                USBUART_TABLE
                0x000082f0                USBUART_DEVICE0_TABLE
                0x00008308                USBUART_DEVICE0_CONFIGURATION0_TABLE
                0x00008330                USBUART_DEVICE0_CONFIGURATION0_INTERFACE_CLASS
                0x00008334                USBUART_DEVICE0_CONFIGURATION0_EP_SETTINGS_TABLE
                0x0000834c                USBUART_SN_STRING_DESCRIPTOR
                0x00008350                USBUART_STRING_DESCRIPTORS
                0x000083f0                USBUART_DEVICE0_CONFIGURATION0_DESCR
                0x00008434                USBUART_DEVICE0_DESCR
 .rodata.str1.1
                0x00008446        0x2 c:/program files (x86)/cypress/psoc creator/4.2/psoc creator/import/gnu/arm/5.4.1/bin/../lib/gcc/arm-none-eabi/5.4.1/../../../../arm-none-eabi/lib/armv7-m\libg_nano.a(lib_a-impure.o)
 .rodata.str1.1
                0x00008448       0x11 c:/program files (x86)/cypress/psoc creator/4.2/psoc creator/import/gnu/arm/5.4.1/bin/../lib/gcc/arm-none-eabi/5.4.1/../../../../arm-none-eabi/lib/armv7-m\libg_nano.a(lib_a-nano-svfprintf.o)
 .rodata.str1.1
                0x00008459       0x22 c:/program files (x86)/cypress/psoc creator/4.2/psoc creator/import/gnu/arm/5.4.1/bin/../lib/gcc/arm-none-eabi/5.4.1/../../../../arm-none-eabi/lib/armv7-m\libg_nano.a(lib_a-nano-vfprintf_i.o)
                0x0000847c                . = ALIGN (0x4)
 *fill*         0x0000847b        0x1 
 *(.init)
 .init          0x0000847c        0x4 c:/program files (x86)/cypress/psoc creator/4.2/psoc creator/import/gnu/arm/5.4.1/bin/../lib/gcc/arm-none-eabi/5.4.1/armv7-m/crti.o
                0x0000847c                _init
 .init          0x00008480        0x8 c:/program files (x86)/cypress/psoc creator/4.2/psoc creator/import/gnu/arm/5.4.1/bin/../lib/gcc/arm-none-eabi/5.4.1/armv7-m/crtn.o
                0x00008488                . = ALIGN (0x4)
                0x00008488                __preinit_array_start = .
 *(.preinit_array)
                0x00008488                __preinit_array_end = .
                0x00008488                . = ALIGN (0x4)
                0x00008488                __init_array_start = .
 *(SORT(.init_array.*))
 *(.init_array)
 .init_array    0x00008488        0x4 c:/program files (x86)/cypress/psoc creator/4.2/psoc creator/import/gnu/arm/5.4.1/bin/../lib/gcc/arm-none-eabi/5.4.1/armv7-m/crtbegin.o
 .init_array    0x0000848c        0x4 .\CortexM3\ARM_GCC_541\Debug\Cm3Start.o
                0x00008490                __init_array_end = .
                0x00008490                . = ALIGN (0x4)
 *(.fini)
 .fini          0x00008490        0x4 c:/program files (x86)/cypress/psoc creator/4.2/psoc creator/import/gnu/arm/5.4.1/bin/../lib/gcc/arm-none-eabi/5.4.1/armv7-m/crti.o
                0x00008490                _fini
 .fini          0x00008494        0x8 c:/program files (x86)/cypress/psoc creator/4.2/psoc creator/import/gnu/arm/5.4.1/bin/../lib/gcc/arm-none-eabi/5.4.1/armv7-m/crtn.o
                0x0000849c                . = ALIGN (0x4)
                0x0000849c                __fini_array_start = .
 *(.fini_array)
 .fini_array    0x0000849c        0x4 c:/program files (x86)/cypress/psoc creator/4.2/psoc creator/import/gnu/arm/5.4.1/bin/../lib/gcc/arm-none-eabi/5.4.1/armv7-m/crtbegin.o
 *(SORT(.fini_array.*))
                0x000084a0                __fini_array_end = .
                0x000084a0                . = ALIGN (0x4)
 *crtbegin.o(.ctors)
 *(EXCLUDE_FILE(*crtend.o) .ctors)
 *(SORT(.ctors.*))
 *crtend.o(.ctors)
                0x000084a0                . = ALIGN (0x4)
 *crtbegin.o(.dtors)
 *(EXCLUDE_FILE(*crtend.o) .dtors)
 *(SORT(.dtors.*))
 *crtend.o(.dtors)
                0x000084a0                . = ALIGN (0x4)
                0x000084a0                __cy_regions = .
                0x000084a0        0x4 LONG 0x84b0 __cy_region_init_ram
                0x000084a4        0x4 LONG 0x1fffc0c8 __cy_region_start_data
                0x000084a8        0x4 LONG 0xd0 __cy_region_init_size_ram
                0x000084ac        0x4 LONG 0x5b8 __cy_region_zero_size_ram
                0x000084b0                __cy_regions_end = .
                0x000084b0                . = ALIGN (0x8)
                0x000084b0                _etext = .

.cy_checksum_exclude
                0x000084b0        0x0
 *(.cy_checksum_exclude)

.ramvectors     0x1fffc000       0xc0
                0x1fffc000                __cy_region_start_ram = .
 *(.ramvectors)
 .ramvectors    0x1fffc000       0xc0 .\CortexM3\ARM_GCC_541\Debug\Cm3Start.o
                0x1fffc000                CyRamVectors

.noinit         0x1fffc0c0        0x1
 *(.noinit)
 .noinit        0x1fffc0c0        0x1 .\CortexM3\ARM_GCC_541\Debug\Z80_3Chip.a(CyLib.o)
                0x1fffc0c0                CyResetStatus

.data           0x1fffc0c8       0xd0 load address 0x000084b0
                0x1fffc0c8                __cy_region_start_data = .
 *(.jcr)
 .jcr           0x1fffc0c8        0x0 c:/program files (x86)/cypress/psoc creator/4.2/psoc creator/import/gnu/arm/5.4.1/bin/../lib/gcc/arm-none-eabi/5.4.1/armv7-m/crtbegin.o
 .jcr           0x1fffc0c8        0x4 c:/program files (x86)/cypress/psoc creator/4.2/psoc creator/import/gnu/arm/5.4.1/bin/../lib/gcc/arm-none-eabi/5.4.1/armv7-m/crtend.o
 *(.got.plt)
 *(.got)
 *(.shdata)
 *(.data .data.* .gnu.linkonce.d.*)
 .data          0x1fffc0cc        0x4 .\CortexM3\ARM_GCC_541\Debug\Cm3Start.o
 .data          0x1fffc0d0        0x8 .\CortexM3\ARM_GCC_541\Debug\Z80_3Chip.a(CyDmac.o)
 .data          0x1fffc0d8       0x10 .\CortexM3\ARM_GCC_541\Debug\Z80_3Chip.a(CyLib.o)
                0x1fffc0d8                cydelay_32k_ms
                0x1fffc0dc                cydelay_freq_khz
                0x1fffc0e0                cydelay_freq_mhz
                0x1fffc0e4                cydelay_freq_hz
 .data          0x1fffc0e8       0x1a .\CortexM3\ARM_GCC_541\Debug\Z80_3Chip.a(USBUART_cdc.o)
                0x1fffc0e8                USBUART_linesCoding
 *fill*         0x1fffc102        0x2 
 .data          0x1fffc104       0x28 .\CortexM3\ARM_GCC_541\Debug\Z80_3Chip.a(RTC.o)
                0x1fffc104                RTC_dstTimeDateStart
                0x1fffc10c                RTC_currentTimeDate
                0x1fffc118                RTC_dstTimeDateStop
                0x1fffc120                RTC_alarmCfgTimeDate
 .data          0x1fffc12c        0x1 .\CortexM3\ARM_GCC_541\Debug\Z80_3Chip.a(WaveDAC8_Wave1_DMA_dma.o)
                0x1fffc12c                WaveDAC8_Wave1_DMA_DmaHandle
 .data          0x1fffc12d        0x1 .\CortexM3\ARM_GCC_541\Debug\Z80_3Chip.a(WaveDAC8_Wave2_DMA_dma.o)
                0x1fffc12d                WaveDAC8_Wave2_DMA_DmaHandle
 *fill*         0x1fffc12e        0x2 
 .data.impure_data
                0x1fffc130       0x60 c:/program files (x86)/cypress/psoc creator/4.2/psoc creator/import/gnu/arm/5.4.1/bin/../lib/gcc/arm-none-eabi/5.4.1/../../../../arm-none-eabi/lib/armv7-m\libg_nano.a(lib_a-impure.o)
 .data._impure_ptr
                0x1fffc190        0x4 c:/program files (x86)/cypress/psoc creator/4.2/psoc creator/import/gnu/arm/5.4.1/bin/../lib/gcc/arm-none-eabi/5.4.1/../../../../arm-none-eabi/lib/armv7-m\libg_nano.a(lib_a-impure.o)
                0x1fffc190                _impure_ptr
                0x1fffc198                . = ALIGN (0x8)
 *fill*         0x1fffc194        0x4 
 *(.ram)
                0x1fffc198                _edata = .

.igot.plt       0x1fffc198        0x0 load address 0x00008580
 .igot.plt      0x1fffc198        0x0 c:/program files (x86)/cypress/psoc creator/4.2/psoc creator/import/gnu/arm/5.4.1/bin/../lib/gcc/arm-none-eabi/5.4.1/armv7-m/crtbegin.o

.bss            0x1fffc198      0x5b8 load address 0x00008580
                0x1fffc198                PROVIDE (__bss_start__, .)
 *(.shbss)
 *(.bss .bss.* .gnu.linkonce.b.*)
 .bss           0x1fffc198       0x1c c:/program files (x86)/cypress/psoc creator/4.2/psoc creator/import/gnu/arm/5.4.1/bin/../lib/gcc/arm-none-eabi/5.4.1/armv7-m/crtbegin.o
 .bss           0x1fffc1b4       0x43 .\CortexM3\ARM_GCC_541\Debug\Z80_3Chip.a(cyPm.o)
 .bss           0x1fffc1f7        0x1 .\CortexM3\ARM_GCC_541\Debug\Z80_3Chip.a(I2C.o)
                0x1fffc1f7                I2C_initVar
 .bss           0x1fffc1f8        0x1 .\CortexM3\ARM_GCC_541\Debug\Z80_3Chip.a(USBUART.o)
                0x1fffc1f8                USBUART_initVar
 .bss           0x1fffc1f9        0x1 .\CortexM3\ARM_GCC_541\Debug\Z80_3Chip.a(USBUART_cdc.o)
 *fill*         0x1fffc1fa        0x2 
 .bss           0x1fffc1fc        0x2 .\CortexM3\ARM_GCC_541\Debug\Z80_3Chip.a(USBUART_std.o)
 .bss           0x1fffc1fe        0x1 .\CortexM3\ARM_GCC_541\Debug\Z80_3Chip.a(SPI_Master.o)
                0x1fffc1fe                SPI_Master_initVar
 .bss           0x1fffc1ff        0x9 .\CortexM3\ARM_GCC_541\Debug\Z80_3Chip.a(RTC.o)
                0x1fffc1ff                RTC_statusDateTime
                0x1fffc200                RTC_dstModeType
                0x1fffc201                RTC_dstStartStatus
                0x1fffc202                RTC_dstStopStatus
                0x1fffc203                RTC_dstOffsetMin
                0x1fffc204                RTC_alarmCfgMask
                0x1fffc205                RTC_alarmCurStatus
                0x1fffc206                RTC_initVar
                0x1fffc207                RTC_intervalCfgMask
 .bss           0x1fffc208        0x5 .\CortexM3\ARM_GCC_541\Debug\Z80_3Chip.a(WaveDAC8.o)
                0x1fffc20c                WaveDAC8_initVar
 .bss           0x1fffc20d        0x1 .\CortexM3\ARM_GCC_541\Debug\Z80_3Chip.a(Sound_Counter.o)
                0x1fffc20d                Sound_Counter_initVar
 *fill*         0x1fffc20e        0x2 
 .bss.__malloc_sbrk_start
                0x1fffc210        0x4 c:/program files (x86)/cypress/psoc creator/4.2/psoc creator/import/gnu/arm/5.4.1/bin/../lib/gcc/arm-none-eabi/5.4.1/../../../../arm-none-eabi/lib/armv7-m\libg_nano.a(lib_a-nano-mallocr.o)
                0x1fffc210                __malloc_sbrk_start
 .bss.__malloc_free_list
                0x1fffc214        0x4 c:/program files (x86)/cypress/psoc creator/4.2/psoc creator/import/gnu/arm/5.4.1/bin/../lib/gcc/arm-none-eabi/5.4.1/../../../../arm-none-eabi/lib/armv7-m\libg_nano.a(lib_a-nano-mallocr.o)
                0x1fffc214                __malloc_free_list
 *(COMMON)
 COMMON         0x1fffc218        0x8 .\CortexM3\ARM_GCC_541\Debug\main.o
                0x1fffc218                pioBIntVals
                0x1fffc219                pioAIntVals
                0x1fffc21c                fpIntVal
 COMMON         0x1fffc220       0x10 .\CortexM3\ARM_GCC_541\Debug\FrontPanel.o
                0x1fffc220                FPAddr
                0x1fffc222                FPCtrl
                0x1fffc224                LEDsVal
                0x1fffc228                FPData
                0x1fffc22c                FPLong
 COMMON         0x1fffc230        0xe .\CortexM3\ARM_GCC_541\Debug\Z80_PIO_emul.o
                0x1fffc230                PIO_Mask_Port_B
                0x1fffc231                PIO_Interrupt_Vector_Port_A
                0x1fffc232                PIO_Interrupt_Vector_Port_B
                0x1fffc233                PIO_Interrupt_Ctrl_Word_B
                0x1fffc234                PIO_Mask_Port_A
                0x1fffc235                PIO_Interrupt_Ctrl_Word_A
                0x1fffc236                PIO_State_A
                0x1fffc237                PIO_Vector_Address_Port_A
                0x1fffc238                PIO_Mode_B
                0x1fffc239                PIO_Vector_Address_Port_B
                0x1fffc23a                PIO_Input_Register_Port_B
                0x1fffc23b                PIO_Mode_A
                0x1fffc23c                PIO_Input_Register_Port_A
                0x1fffc23d                PIO_State_B
 COMMON         0x1fffc23e        0x4 .\CortexM3\ARM_GCC_541\Debug\Z80_6850_Emul.o
                0x1fffc23e                M6850_DataOut
                0x1fffc23f                M6850_Status
                0x1fffc240                M6850_Ctrl
                0x1fffc241                M6850_DataIn
 *fill*         0x1fffc242        0x2 
 COMMON         0x1fffc244        0xc .\CortexM3\ARM_GCC_541\Debug\Z80_SDCard_Emul.o
                0x1fffc244                writeSectorNumber
                0x1fffc248                SD_LBA1_Val
                0x1fffc249                SD_DataOut
                0x1fffc24a                SD_Status
                0x1fffc24b                SD_DataIn
                0x1fffc24c                SD_LBA0_Val
                0x1fffc24d                SD_LBA3_Val
                0x1fffc24e                SD_LBA2_Val
                0x1fffc24f                SD_Command
 COMMON         0x1fffc250        0x4 .\CortexM3\ARM_GCC_541\Debug\Z80_6850_2_Emul.o
                0x1fffc250                M6850_2_Ctrl
                0x1fffc251                M6850_2_Status
                0x1fffc252                M6850_2_DataIn
                0x1fffc253                M6850_2_DataOut
 COMMON         0x1fffc254      0x404 .\CortexM3\ARM_GCC_541\Debug\SDCard.o
                0x1fffc254                readPointer
                0x1fffc256                writePointer
                0x1fffc258                readSDBuffer
                0x1fffc458                writeSDBuffer
 COMMON         0x1fffc658        0x1 .\CortexM3\ARM_GCC_541\Debug\Z80_RTC.o
                0x1fffc658                rtcState
 COMMON         0x1fffc659        0x3 .\CortexM3\ARM_GCC_541\Debug\Z80_DAC.o
                0x1fffc659                dacState
                0x1fffc65a                inDataDAC
                0x1fffc65b                outDataDAC
 COMMON         0x1fffc65c        0x1 .\CortexM3\ARM_GCC_541\Debug\Z80_3Chip.a(I2C.o)
                0x1fffc65c                I2C_state
 *fill*         0x1fffc65d        0x3 
 COMMON         0x1fffc660       0x10 .\CortexM3\ARM_GCC_541\Debug\Z80_3Chip.a(I2C_MASTER.o)
                0x1fffc660                I2C_mstrWrBufIndex
                0x1fffc661                I2C_mstrWrBufSize
                0x1fffc662                I2C_mstrStatus
                0x1fffc664                I2C_mstrRdBufPtr
                0x1fffc668                I2C_mstrControl
                0x1fffc669                I2C_mstrRdBufSize
                0x1fffc66a                I2C_mstrRdBufIndex
                0x1fffc66c                I2C_mstrWrBufPtr
 COMMON         0x1fffc670       0x18 .\CortexM3\ARM_GCC_541\Debug\Z80_3Chip.a(USBUART_cdc.o)
                0x1fffc670                USBUART_linesChanged
                0x1fffc674                USBUART_cdcDataInEp
                0x1fffc678                USBUART_cdcCommInInterruptEp
                0x1fffc67c                USBUART_cdcDataOutEp
                0x1fffc680                USBUART_serialStateBitmap
                0x1fffc684                USBUART_linesControlBitmap
 COMMON         0x1fffc688       0x9a .\CortexM3\ARM_GCC_541\Debug\Z80_3Chip.a(USBUART_drv.o)
                0x1fffc688                USBUART_lastPacketSize
                0x1fffc689                USBUART_device
                0x1fffc68a                USBUART_transferByteCount
                0x1fffc68c                USBUART_transferState
                0x1fffc690                USBUART_interfaceSettingLast
                0x1fffc694                USBUART_currentTD
                0x1fffc6a0                USBUART_interfaceNumber
                0x1fffc6a4                USBUART_interfaceClass
                0x1fffc6a8                USBUART_configurationChanged
                0x1fffc6a9                USBUART_ep0Mode
                0x1fffc6aa                USBUART_deviceAddress
                0x1fffc6ab                USBUART_configuration
                0x1fffc6ac                USBUART_ep0Count
                0x1fffc6ad                USBUART_deviceStatus
                0x1fffc6b0                USBUART_EP
                0x1fffc71c                USBUART_interfaceSetting
                0x1fffc71e                USBUART_ep0Toggle
                0x1fffc720                USBUART_interfaceStatus
 *fill*         0x1fffc722        0x2 
 COMMON         0x1fffc724       0x22 .\CortexM3\ARM_GCC_541\Debug\Z80_3Chip.a(USBUART_descr.o)
                0x1fffc724                USBUART_idSerialNumberStringDescriptor
 *fill*         0x1fffc746        0x2 
 COMMON         0x1fffc748        0x4 c:/program files (x86)/cypress/psoc creator/4.2/psoc creator/import/gnu/arm/5.4.1/bin/../lib/gcc/arm-none-eabi/5.4.1/../../../../arm-none-eabi/lib/armv7-m\libg_nano.a(lib_a-reent.o)
                0x1fffc748                errno
                0x1fffc750                . = ALIGN (0x8)
 *fill*         0x1fffc74c        0x4 
 *(.ram.b)
                0x1fffc750                _end = .
                0x1fffc750                __end = .
                0x1fffc750                PROVIDE (end, .)
                0x1fffc750                PROVIDE (__bss_end__, .)
                0x000084b0                __cy_region_init_ram = LOADADDR (.data)
                0x000000d0                __cy_region_init_size_ram = (_edata - ADDR (.data))
                0x000005b8                __cy_region_zero_size_ram = (_end - _edata)

.heap           0x1fffc750      0x200 load address 0x00008580
                0x1fffc750                . = _end
                0x1fffc950                . = (. + 0x200)
 *fill*         0x1fffc750      0x200 
                0x1fffc950                __cy_heap_limit = .

.stack          0x20003800      0x800
                0x20003800                __cy_stack_limit = .
                0x20004000                . = (. + 0x800)
 *fill*         0x20003800      0x800 
                0x00000001                ASSERT ((__cy_stack_limit >= __cy_heap_limit), region RAM overflowed with stack)
                0x00000000                cy_checksum_exclude_size = (CY_APPL_LOADABLE == 0x1)?SIZEOF (.cy_checksum_exclude):0x0
                0x00000001                ASSERT ((cy_checksum_exclude_size <= CY_CHECKSUM_EXCLUDE_SIZE), CY_BOOT: Section .cy_checksum_exclude size exceedes specified limit.)

.cyloadermeta
 *(.cyloadermeta)

.cyloadablemeta
 *(.cyloadablemeta)

.cyconfigecc    0x80000000      0xe64
 *(.cyconfigecc)
 .cyconfigecc   0x80000000      0xe64 .\CortexM3\ARM_GCC_541\Debug\cymetadata.o
                0x80000000                cy_meta_configecc

.cycustnvl      0x90000000        0x4
 *(.cycustnvl)
 .cycustnvl     0x90000000        0x4 .\CortexM3\ARM_GCC_541\Debug\cymetadata.o
                0x90000000                cy_meta_custnvl

.cywolatch      0x90100000        0x4
 *(.cywolatch)
 .cywolatch     0x90100000        0x4 .\CortexM3\ARM_GCC_541\Debug\cymetadata.o
                0x90100000                cy_meta_wonvl

.cyeeprom       0x90200000        0x0
 *(.cyeeprom)
                0x00000001                ASSERT ((. <= ((0x90200000 + ee_offset) + ee_size)), .cyeeprom data will not fit in EEPROM)

.cyflashprotect
                0x90400000       0x80
 *(.cyflashprotect)
 .cyflashprotect
                0x90400000       0x80 .\CortexM3\ARM_GCC_541\Debug\cymetadata.o
                0x90400000                cy_meta_flashprotect

.cymeta         0x90500000        0xc
 *(.cymeta)
 .cymeta        0x90500000        0xc .\CortexM3\ARM_GCC_541\Debug\cymetadata.o
                0x90500000                cy_metadata

.rel.dyn        0x00008580        0x0 load address 0x9050000c
 .rel.iplt      0x00008580        0x0 c:/program files (x86)/cypress/psoc creator/4.2/psoc creator/import/gnu/arm/5.4.1/bin/../lib/gcc/arm-none-eabi/5.4.1/armv7-m/crtbegin.o

.stab
 *(.stab)

.stabstr
 *(.stabstr)

.debug
 *(.debug)

.line
 *(.line)

.debug_srcinfo
 *(.debug_srcinfo)

.debug_sfnames
 *(.debug_sfnames)

.debug_aranges  0x00000000     0x1720
 *(.debug_aranges)
 .debug_aranges
                0x00000000       0x20 .\CortexM3\ARM_GCC_541\Debug\main.o
 .debug_aranges
                0x00000020       0x40 .\CortexM3\ARM_GCC_541\Debug\ExtSRAM.o
 .debug_aranges
                0x00000060       0x68 .\CortexM3\ARM_GCC_541\Debug\FrontPanel.o
 .debug_aranges
                0x000000c8       0x18 .\CortexM3\ARM_GCC_541\Debug\GS_9_MON_BASIC_ROM.o
 .debug_aranges
                0x000000e0       0x18 .\CortexM3\ARM_GCC_541\Debug\Z80_SIO_emul.o
 .debug_aranges
                0x000000f8       0x30 .\CortexM3\ARM_GCC_541\Debug\Z80_IO_Handle.o
 .debug_aranges
                0x00000128       0x50 .\CortexM3\ARM_GCC_541\Debug\Z80_PIO_emul.o
 .debug_aranges
                0x00000178       0x18 .\CortexM3\ARM_GCC_541\Debug\GS_7_BASIC_ROM.o
 .debug_aranges
                0x00000190       0x58 .\CortexM3\ARM_GCC_541\Debug\Z80_6850_Emul.o
 .debug_aranges
                0x000001e8       0x50 .\CortexM3\ARM_GCC_541\Debug\Z80_SDCard_Emul.o
 .debug_aranges
                0x00000238       0x18 .\CortexM3\ARM_GCC_541\Debug\GS_FPGA_CPM_BASIC.o
 .debug_aranges
                0x00000250       0x58 .\CortexM3\ARM_GCC_541\Debug\Z80_6850_2_Emul.o
 .debug_aranges
                0x000002a8       0x28 .\CortexM3\ARM_GCC_541\Debug\Z80_Mem_Mappers.o
 .debug_aranges
                0x000002d0       0x58 .\CortexM3\ARM_GCC_541\Debug\SDCard.o
 .debug_aranges
                0x00000328       0x30 .\CortexM3\ARM_GCC_541\Debug\Z80_PSoC_3Chips.o
 .debug_aranges
                0x00000358       0x40 .\CortexM3\ARM_GCC_541\Debug\Z80_RTC.o
 .debug_aranges
                0x00000398       0x40 .\CortexM3\ARM_GCC_541\Debug\Z80_DAC.o
 .debug_aranges
                0x000003d8       0x18 .\CortexM3\ARM_GCC_541\Debug\MultiBoot_CPM.o
 .debug_aranges
                0x000003f0       0x58 .\CortexM3\ARM_GCC_541\Debug\cyfitter_cfg.o
 .debug_aranges
                0x00000448       0x18 .\CortexM3\ARM_GCC_541\Debug\cymetadata.o
 .debug_aranges
                0x00000460       0x48 .\CortexM3\ARM_GCC_541\Debug\Cm3Start.o
 .debug_aranges
                0x000004a8       0xd8 .\CortexM3\ARM_GCC_541\Debug\Z80_3Chip.a(CyDmac.o)
 .debug_aranges
                0x00000580      0x2a0 .\CortexM3\ARM_GCC_541\Debug\Z80_3Chip.a(CyLib.o)
 .debug_aranges
                0x00000820       0x98 .\CortexM3\ARM_GCC_541\Debug\Z80_3Chip.a(cyPm.o)
 .debug_aranges
                0x000008b8       0x40 .\CortexM3\ARM_GCC_541\Debug\Z80_3Chip.a(AdrLowIn.o)
 .debug_aranges
                0x000008f8       0x28 .\CortexM3\ARM_GCC_541\Debug\Z80_3Chip.a(AdrLowOut.o)
 .debug_aranges
                0x00000920       0x38 .\CortexM3\ARM_GCC_541\Debug\Z80_3Chip.a(LED.o)
 .debug_aranges
                0x00000958       0x38 .\CortexM3\ARM_GCC_541\Debug\Z80_3Chip.a(INT_n.o)
 .debug_aranges
                0x00000990       0x28 .\CortexM3\ARM_GCC_541\Debug\Z80_3Chip.a(IO_Ctrl_Reg.o)
 .debug_aranges
                0x000009b8       0x40 .\CortexM3\ARM_GCC_541\Debug\Z80_3Chip.a(IO_Stat_Reg.o)
 .debug_aranges
                0x000009f8       0x28 .\CortexM3\ARM_GCC_541\Debug\Z80_3Chip.a(Z80_Data_In.o)
 .debug_aranges
                0x00000a20       0x40 .\CortexM3\ARM_GCC_541\Debug\Z80_3Chip.a(Z80_Data_Out.o)
 .debug_aranges
                0x00000a60       0x28 .\CortexM3\ARM_GCC_541\Debug\Z80_3Chip.a(BankBaseAdr.o)
 .debug_aranges
                0x00000a88       0x28 .\CortexM3\ARM_GCC_541\Debug\Z80_3Chip.a(BankMask.o)
 .debug_aranges
                0x00000ab0       0x28 .\CortexM3\ARM_GCC_541\Debug\Z80_3Chip.a(AdrMidOut.o)
 .debug_aranges
                0x00000ad8       0x28 .\CortexM3\ARM_GCC_541\Debug\Z80_3Chip.a(AdrHighOut.o)
 .debug_aranges
                0x00000b00       0x28 .\CortexM3\ARM_GCC_541\Debug\Z80_3Chip.a(ExtSRAMCtl.o)
 .debug_aranges
                0x00000b28       0x38 .\CortexM3\ARM_GCC_541\Debug\Z80_3Chip.a(I2C.o)
 .debug_aranges
                0x00000b60       0x20 .\CortexM3\ARM_GCC_541\Debug\Z80_3Chip.a(I2C_INT.o)
 .debug_aranges
                0x00000b80       0x38 .\CortexM3\ARM_GCC_541\Debug\Z80_3Chip.a(I2C_PM.o)
 .debug_aranges
                0x00000bb8       0x80 .\CortexM3\ARM_GCC_541\Debug\Z80_3Chip.a(I2C_MASTER.o)
 .debug_aranges
                0x00000c38       0xc8 .\CortexM3\ARM_GCC_541\Debug\Z80_3Chip.a(USBUART.o)
 .debug_aranges
                0x00000d00       0xe8 .\CortexM3\ARM_GCC_541\Debug\Z80_3Chip.a(USBUART_cdc.o)
 .debug_aranges
                0x00000de8       0x98 .\CortexM3\ARM_GCC_541\Debug\Z80_3Chip.a(USBUART_drv.o)
 .debug_aranges
                0x00000e80       0x40 .\CortexM3\ARM_GCC_541\Debug\Z80_3Chip.a(USBUART_episr.o)
 .debug_aranges
                0x00000ec0       0x40 .\CortexM3\ARM_GCC_541\Debug\Z80_3Chip.a(USBUART_pm.o)
 .debug_aranges
                0x00000f00       0x80 .\CortexM3\ARM_GCC_541\Debug\Z80_3Chip.a(USBUART_std.o)
 .debug_aranges
                0x00000f80       0x20 .\CortexM3\ARM_GCC_541\Debug\Z80_3Chip.a(USBUART_vnd.o)
 .debug_aranges
                0x00000fa0       0x48 .\CortexM3\ARM_GCC_541\Debug\Z80_3Chip.a(USBUART_Dp.o)
 .debug_aranges
                0x00000fe8       0x38 .\CortexM3\ARM_GCC_541\Debug\Z80_3Chip.a(I2CINT_n.o)
 .debug_aranges
                0x00001020       0xd8 .\CortexM3\ARM_GCC_541\Debug\Z80_3Chip.a(SPI_Master.o)
 .debug_aranges
                0x000010f8       0x70 .\CortexM3\ARM_GCC_541\Debug\Z80_3Chip.a(SPI_Master_IntClock.o)
 .debug_aranges
                0x00001168      0x1c8 .\CortexM3\ARM_GCC_541\Debug\Z80_3Chip.a(RTC.o)
 .debug_aranges
                0x00001330       0x20 .\CortexM3\ARM_GCC_541\Debug\Z80_3Chip.a(RTC_INT.o)
 .debug_aranges
                0x00001350       0x28 .\CortexM3\ARM_GCC_541\Debug\Z80_3Chip.a(SPI_SS_Out.o)
 .debug_aranges
                0x00001378       0x50 .\CortexM3\ARM_GCC_541\Debug\Z80_3Chip.a(WaveDAC8.o)
 .debug_aranges
                0x000013c8       0x28 .\CortexM3\ARM_GCC_541\Debug\Z80_3Chip.a(WaveDAC8_Wave1_DMA_dma.o)
 .debug_aranges
                0x000013f0       0x28 .\CortexM3\ARM_GCC_541\Debug\Z80_3Chip.a(WaveDAC8_Wave2_DMA_dma.o)
 .debug_aranges
                0x00001418       0x58 .\CortexM3\ARM_GCC_541\Debug\Z80_3Chip.a(WaveDAC8_VDAC8.o)
 .debug_aranges
                0x00001470       0x28 .\CortexM3\ARM_GCC_541\Debug\Z80_3Chip.a(DAC_Control.o)
 .debug_aranges
                0x00001498       0x80 .\CortexM3\ARM_GCC_541\Debug\Z80_3Chip.a(Sound_Counter.o)
 .debug_aranges
                0x00001518       0x80 .\CortexM3\ARM_GCC_541\Debug\Z80_3Chip.a(I2CINT_ISR.o)
 .debug_aranges
                0x00001598       0x28 .\CortexM3\ARM_GCC_541\Debug\Z80_3Chip.a(MMU_Sel.o)
 .debug_aranges
                0x000015c0       0x20 .\CortexM3\ARM_GCC_541\Debug\Z80_3Chip.a(CyBootAsmGnu.o)
 .debug_aranges
                0x000015e0       0x88 .\CortexM3\ARM_GCC_541\Debug\Z80_3Chip.a(CyFlash.o)
 .debug_aranges
                0x00001668       0x80 .\CortexM3\ARM_GCC_541\Debug\Z80_3Chip.a(CySpc.o)
 .debug_aranges
                0x000016e8       0x20 .\CortexM3\ARM_GCC_541\Debug\Z80_3Chip.a(USBUART_cls.o)
 .debug_aranges
                0x00001708       0x18 .\CortexM3\ARM_GCC_541\Debug\Z80_3Chip.a(USBUART_descr.o)

.debug_pubnames
 *(.debug_pubnames)

.debug_info     0x00000000     0xf1b5
 *(.debug_info .gnu.linkonce.wi.*)
 .debug_info    0x00000000      0x6fc .\CortexM3\ARM_GCC_541\Debug\main.o
 .debug_info    0x000006fc      0x3e0 .\CortexM3\ARM_GCC_541\Debug\ExtSRAM.o
 .debug_info    0x00000adc      0x8eb .\CortexM3\ARM_GCC_541\Debug\FrontPanel.o
 .debug_info    0x000013c7       0xae .\CortexM3\ARM_GCC_541\Debug\GS_9_MON_BASIC_ROM.o
 .debug_info    0x00001475       0xae .\CortexM3\ARM_GCC_541\Debug\Z80_SIO_emul.o
 .debug_info    0x00001523      0x49a .\CortexM3\ARM_GCC_541\Debug\Z80_IO_Handle.o
 .debug_info    0x000019bd      0x64c .\CortexM3\ARM_GCC_541\Debug\Z80_PIO_emul.o
 .debug_info    0x00002009       0xae .\CortexM3\ARM_GCC_541\Debug\GS_7_BASIC_ROM.o
 .debug_info    0x000020b7      0x2e6 .\CortexM3\ARM_GCC_541\Debug\Z80_6850_Emul.o
 .debug_info    0x0000239d      0x34a .\CortexM3\ARM_GCC_541\Debug\Z80_SDCard_Emul.o
 .debug_info    0x000026e7      0x127 .\CortexM3\ARM_GCC_541\Debug\GS_FPGA_CPM_BASIC.o
 .debug_info    0x0000280e      0x222 .\CortexM3\ARM_GCC_541\Debug\Z80_6850_2_Emul.o
 .debug_info    0x00002a30      0x17e .\CortexM3\ARM_GCC_541\Debug\Z80_Mem_Mappers.o
 .debug_info    0x00002bae      0xb39 .\CortexM3\ARM_GCC_541\Debug\SDCard.o
 .debug_info    0x000036e7      0x310 .\CortexM3\ARM_GCC_541\Debug\Z80_PSoC_3Chips.o
 .debug_info    0x000039f7      0x33d .\CortexM3\ARM_GCC_541\Debug\Z80_RTC.o
 .debug_info    0x00003d34      0x305 .\CortexM3\ARM_GCC_541\Debug\Z80_DAC.o
 .debug_info    0x00004039       0xae .\CortexM3\ARM_GCC_541\Debug\MultiBoot_CPM.o
 .debug_info    0x000040e7      0x6ce .\CortexM3\ARM_GCC_541\Debug\cyfitter_cfg.o
 .debug_info    0x000047b5      0x139 .\CortexM3\ARM_GCC_541\Debug\cymetadata.o
 .debug_info    0x000048ee      0x3cf .\CortexM3\ARM_GCC_541\Debug\Cm3Start.o
 .debug_info    0x00004cbd      0x94e .\CortexM3\ARM_GCC_541\Debug\Z80_3Chip.a(CyDmac.o)
 .debug_info    0x0000560b     0x1374 .\CortexM3\ARM_GCC_541\Debug\Z80_3Chip.a(CyLib.o)
 .debug_info    0x0000697f      0xa2a .\CortexM3\ARM_GCC_541\Debug\Z80_3Chip.a(cyPm.o)
 .debug_info    0x000073a9      0x17d .\CortexM3\ARM_GCC_541\Debug\Z80_3Chip.a(AdrLowIn.o)
 .debug_info    0x00007526       0xd6 .\CortexM3\ARM_GCC_541\Debug\Z80_3Chip.a(AdrLowOut.o)
 .debug_info    0x000075fc      0x11f .\CortexM3\ARM_GCC_541\Debug\Z80_3Chip.a(LED.o)
 .debug_info    0x0000771b      0x11f .\CortexM3\ARM_GCC_541\Debug\Z80_3Chip.a(INT_n.o)
 .debug_info    0x0000783a       0xd6 .\CortexM3\ARM_GCC_541\Debug\Z80_3Chip.a(IO_Ctrl_Reg.o)
 .debug_info    0x00007910      0x17f .\CortexM3\ARM_GCC_541\Debug\Z80_3Chip.a(IO_Stat_Reg.o)
 .debug_info    0x00007a8f       0xd6 .\CortexM3\ARM_GCC_541\Debug\Z80_3Chip.a(Z80_Data_In.o)
 .debug_info    0x00007b65      0x17d .\CortexM3\ARM_GCC_541\Debug\Z80_3Chip.a(Z80_Data_Out.o)
 .debug_info    0x00007ce2       0xd6 .\CortexM3\ARM_GCC_541\Debug\Z80_3Chip.a(BankBaseAdr.o)
 .debug_info    0x00007db8       0xd6 .\CortexM3\ARM_GCC_541\Debug\Z80_3Chip.a(BankMask.o)
 .debug_info    0x00007e8e       0xd6 .\CortexM3\ARM_GCC_541\Debug\Z80_3Chip.a(AdrMidOut.o)
 .debug_info    0x00007f64       0xd6 .\CortexM3\ARM_GCC_541\Debug\Z80_3Chip.a(AdrHighOut.o)
 .debug_info    0x0000803a       0xd6 .\CortexM3\ARM_GCC_541\Debug\Z80_3Chip.a(ExtSRAMCtl.o)
 .debug_info    0x00008110      0x2ab .\CortexM3\ARM_GCC_541\Debug\Z80_3Chip.a(I2C.o)
 .debug_info    0x000083bb      0x184 .\CortexM3\ARM_GCC_541\Debug\Z80_3Chip.a(I2C_INT.o)
 .debug_info    0x0000853f      0x207 .\CortexM3\ARM_GCC_541\Debug\Z80_3Chip.a(I2C_PM.o)
 .debug_info    0x00008746      0x407 .\CortexM3\ARM_GCC_541\Debug\Z80_3Chip.a(I2C_MASTER.o)
 .debug_info    0x00008b4d      0x98f .\CortexM3\ARM_GCC_541\Debug\Z80_3Chip.a(USBUART.o)
 .debug_info    0x000094dc      0xaf7 .\CortexM3\ARM_GCC_541\Debug\Z80_3Chip.a(USBUART_cdc.o)
 .debug_info    0x00009fd3      0x655 .\CortexM3\ARM_GCC_541\Debug\Z80_3Chip.a(USBUART_drv.o)
 .debug_info    0x0000a628      0x254 .\CortexM3\ARM_GCC_541\Debug\Z80_3Chip.a(USBUART_episr.o)
 .debug_info    0x0000a87c      0x2e4 .\CortexM3\ARM_GCC_541\Debug\Z80_3Chip.a(USBUART_pm.o)
 .debug_info    0x0000ab60      0xb26 .\CortexM3\ARM_GCC_541\Debug\Z80_3Chip.a(USBUART_std.o)
 .debug_info    0x0000b686       0xed .\CortexM3\ARM_GCC_541\Debug\Z80_3Chip.a(USBUART_vnd.o)
 .debug_info    0x0000b773      0x174 .\CortexM3\ARM_GCC_541\Debug\Z80_3Chip.a(USBUART_Dp.o)
 .debug_info    0x0000b8e7      0x11f .\CortexM3\ARM_GCC_541\Debug\Z80_3Chip.a(I2CINT_n.o)
 .debug_info    0x0000ba06      0x4bb .\CortexM3\ARM_GCC_541\Debug\Z80_3Chip.a(SPI_Master.o)
 .debug_info    0x0000bec1      0x283 .\CortexM3\ARM_GCC_541\Debug\Z80_3Chip.a(SPI_Master_IntClock.o)
 .debug_info    0x0000c144      0xae9 .\CortexM3\ARM_GCC_541\Debug\Z80_3Chip.a(RTC.o)
 .debug_info    0x0000cc2d      0x271 .\CortexM3\ARM_GCC_541\Debug\Z80_3Chip.a(RTC_INT.o)
 .debug_info    0x0000ce9e       0xd6 .\CortexM3\ARM_GCC_541\Debug\Z80_3Chip.a(SPI_SS_Out.o)
 .debug_info    0x0000cf74      0x4db .\CortexM3\ARM_GCC_541\Debug\Z80_3Chip.a(WaveDAC8.o)
 .debug_info    0x0000d44f      0x1aa .\CortexM3\ARM_GCC_541\Debug\Z80_3Chip.a(WaveDAC8_Wave1_DMA_dma.o)
 .debug_info    0x0000d5f9      0x1a7 .\CortexM3\ARM_GCC_541\Debug\Z80_3Chip.a(WaveDAC8_Wave2_DMA_dma.o)
 .debug_info    0x0000d7a0      0x1de .\CortexM3\ARM_GCC_541\Debug\Z80_3Chip.a(WaveDAC8_VDAC8.o)
 .debug_info    0x0000d97e       0xd6 .\CortexM3\ARM_GCC_541\Debug\Z80_3Chip.a(DAC_Control.o)
 .debug_info    0x0000da54      0x28d .\CortexM3\ARM_GCC_541\Debug\Z80_3Chip.a(Sound_Counter.o)
 .debug_info    0x0000dce1      0x312 .\CortexM3\ARM_GCC_541\Debug\Z80_3Chip.a(I2CINT_ISR.o)
 .debug_info    0x0000dff3       0xd6 .\CortexM3\ARM_GCC_541\Debug\Z80_3Chip.a(MMU_Sel.o)
 .debug_info    0x0000e0c9       0xce .\CortexM3\ARM_GCC_541\Debug\Z80_3Chip.a(CyBootAsmGnu.o)
 .debug_info    0x0000e197      0x64d .\CortexM3\ARM_GCC_541\Debug\Z80_3Chip.a(CyFlash.o)
 .debug_info    0x0000e7e4      0x550 .\CortexM3\ARM_GCC_541\Debug\Z80_3Chip.a(CySpc.o)
 .debug_info    0x0000ed34      0x1de .\CortexM3\ARM_GCC_541\Debug\Z80_3Chip.a(USBUART_cls.o)
 .debug_info    0x0000ef12      0x2a3 .\CortexM3\ARM_GCC_541\Debug\Z80_3Chip.a(USBUART_descr.o)

.debug_abbrev   0x00000000     0x427c
 *(.debug_abbrev)
 .debug_abbrev  0x00000000      0x10d .\CortexM3\ARM_GCC_541\Debug\main.o
 .debug_abbrev  0x0000010d      0x139 .\CortexM3\ARM_GCC_541\Debug\ExtSRAM.o
 .debug_abbrev  0x00000246      0x185 .\CortexM3\ARM_GCC_541\Debug\FrontPanel.o
 .debug_abbrev  0x000003cb       0x4b .\CortexM3\ARM_GCC_541\Debug\GS_9_MON_BASIC_ROM.o
 .debug_abbrev  0x00000416       0x4b .\CortexM3\ARM_GCC_541\Debug\Z80_SIO_emul.o
 .debug_abbrev  0x00000461       0xd4 .\CortexM3\ARM_GCC_541\Debug\Z80_IO_Handle.o
 .debug_abbrev  0x00000535       0xf0 .\CortexM3\ARM_GCC_541\Debug\Z80_PIO_emul.o
 .debug_abbrev  0x00000625       0x4b .\CortexM3\ARM_GCC_541\Debug\GS_7_BASIC_ROM.o
 .debug_abbrev  0x00000670      0x136 .\CortexM3\ARM_GCC_541\Debug\Z80_6850_Emul.o
 .debug_abbrev  0x000007a6       0xe0 .\CortexM3\ARM_GCC_541\Debug\Z80_SDCard_Emul.o
 .debug_abbrev  0x00000886       0x86 .\CortexM3\ARM_GCC_541\Debug\GS_FPGA_CPM_BASIC.o
 .debug_abbrev  0x0000090c       0xe4 .\CortexM3\ARM_GCC_541\Debug\Z80_6850_2_Emul.o
 .debug_abbrev  0x000009f0       0xa9 .\CortexM3\ARM_GCC_541\Debug\Z80_Mem_Mappers.o
 .debug_abbrev  0x00000a99      0x1cd .\CortexM3\ARM_GCC_541\Debug\SDCard.o
 .debug_abbrev  0x00000c66       0xee .\CortexM3\ARM_GCC_541\Debug\Z80_PSoC_3Chips.o
 .debug_abbrev  0x00000d54       0xcc .\CortexM3\ARM_GCC_541\Debug\Z80_RTC.o
 .debug_abbrev  0x00000e20       0xd5 .\CortexM3\ARM_GCC_541\Debug\Z80_DAC.o
 .debug_abbrev  0x00000ef5       0x4b .\CortexM3\ARM_GCC_541\Debug\MultiBoot_CPM.o
 .debug_abbrev  0x00000f40      0x20d .\CortexM3\ARM_GCC_541\Debug\cyfitter_cfg.o
 .debug_abbrev  0x0000114d       0x77 .\CortexM3\ARM_GCC_541\Debug\cymetadata.o
 .debug_abbrev  0x000011c4      0x1e8 .\CortexM3\ARM_GCC_541\Debug\Cm3Start.o
 .debug_abbrev  0x000013ac      0x1b2 .\CortexM3\ARM_GCC_541\Debug\Z80_3Chip.a(CyDmac.o)
 .debug_abbrev  0x0000155e      0x254 .\CortexM3\ARM_GCC_541\Debug\Z80_3Chip.a(CyLib.o)
 .debug_abbrev  0x000017b2      0x1ab .\CortexM3\ARM_GCC_541\Debug\Z80_3Chip.a(cyPm.o)
 .debug_abbrev  0x0000195d       0xac .\CortexM3\ARM_GCC_541\Debug\Z80_3Chip.a(AdrLowIn.o)
 .debug_abbrev  0x00001a09       0x81 .\CortexM3\ARM_GCC_541\Debug\Z80_3Chip.a(AdrLowOut.o)
 .debug_abbrev  0x00001a8a       0x90 .\CortexM3\ARM_GCC_541\Debug\Z80_3Chip.a(LED.o)
 .debug_abbrev  0x00001b1a       0x90 .\CortexM3\ARM_GCC_541\Debug\Z80_3Chip.a(INT_n.o)
 .debug_abbrev  0x00001baa       0x81 .\CortexM3\ARM_GCC_541\Debug\Z80_3Chip.a(IO_Ctrl_Reg.o)
 .debug_abbrev  0x00001c2b       0xac .\CortexM3\ARM_GCC_541\Debug\Z80_3Chip.a(IO_Stat_Reg.o)
 .debug_abbrev  0x00001cd7       0x81 .\CortexM3\ARM_GCC_541\Debug\Z80_3Chip.a(Z80_Data_In.o)
 .debug_abbrev  0x00001d58       0xac .\CortexM3\ARM_GCC_541\Debug\Z80_3Chip.a(Z80_Data_Out.o)
 .debug_abbrev  0x00001e04       0x81 .\CortexM3\ARM_GCC_541\Debug\Z80_3Chip.a(BankBaseAdr.o)
 .debug_abbrev  0x00001e85       0x81 .\CortexM3\ARM_GCC_541\Debug\Z80_3Chip.a(BankMask.o)
 .debug_abbrev  0x00001f06       0x81 .\CortexM3\ARM_GCC_541\Debug\Z80_3Chip.a(AdrMidOut.o)
 .debug_abbrev  0x00001f87       0x81 .\CortexM3\ARM_GCC_541\Debug\Z80_3Chip.a(AdrHighOut.o)
 .debug_abbrev  0x00002008       0x81 .\CortexM3\ARM_GCC_541\Debug\Z80_3Chip.a(ExtSRAMCtl.o)
 .debug_abbrev  0x00002089      0x10a .\CortexM3\ARM_GCC_541\Debug\Z80_3Chip.a(I2C.o)
 .debug_abbrev  0x00002193       0xb6 .\CortexM3\ARM_GCC_541\Debug\Z80_3Chip.a(I2C_INT.o)
 .debug_abbrev  0x00002249       0xfe .\CortexM3\ARM_GCC_541\Debug\Z80_3Chip.a(I2C_PM.o)
 .debug_abbrev  0x00002347      0x13c .\CortexM3\ARM_GCC_541\Debug\Z80_3Chip.a(I2C_MASTER.o)
 .debug_abbrev  0x00002483      0x215 .\CortexM3\ARM_GCC_541\Debug\Z80_3Chip.a(USBUART.o)
 .debug_abbrev  0x00002698      0x245 .\CortexM3\ARM_GCC_541\Debug\Z80_3Chip.a(USBUART_cdc.o)
 .debug_abbrev  0x000028dd      0x189 .\CortexM3\ARM_GCC_541\Debug\Z80_3Chip.a(USBUART_drv.o)
 .debug_abbrev  0x00002a66      0x11b .\CortexM3\ARM_GCC_541\Debug\Z80_3Chip.a(USBUART_episr.o)
 .debug_abbrev  0x00002b81      0x108 .\CortexM3\ARM_GCC_541\Debug\Z80_3Chip.a(USBUART_pm.o)
 .debug_abbrev  0x00002c89      0x20a .\CortexM3\ARM_GCC_541\Debug\Z80_3Chip.a(USBUART_std.o)
 .debug_abbrev  0x00002e93       0x9b .\CortexM3\ARM_GCC_541\Debug\Z80_3Chip.a(USBUART_vnd.o)
 .debug_abbrev  0x00002f2e       0x90 .\CortexM3\ARM_GCC_541\Debug\Z80_3Chip.a(USBUART_Dp.o)
 .debug_abbrev  0x00002fbe       0x90 .\CortexM3\ARM_GCC_541\Debug\Z80_3Chip.a(I2CINT_n.o)
 .debug_abbrev  0x0000304e      0x146 .\CortexM3\ARM_GCC_541\Debug\Z80_3Chip.a(SPI_Master.o)
 .debug_abbrev  0x00003194      0x139 .\CortexM3\ARM_GCC_541\Debug\Z80_3Chip.a(SPI_Master_IntClock.o)
 .debug_abbrev  0x000032cd      0x20f .\CortexM3\ARM_GCC_541\Debug\Z80_3Chip.a(RTC.o)
 .debug_abbrev  0x000034dc       0xf1 .\CortexM3\ARM_GCC_541\Debug\Z80_3Chip.a(RTC_INT.o)
 .debug_abbrev  0x000035cd       0x81 .\CortexM3\ARM_GCC_541\Debug\Z80_3Chip.a(SPI_SS_Out.o)
 .debug_abbrev  0x0000364e      0x10b .\CortexM3\ARM_GCC_541\Debug\Z80_3Chip.a(WaveDAC8.o)
 .debug_abbrev  0x00003759       0xcd .\CortexM3\ARM_GCC_541\Debug\Z80_3Chip.a(WaveDAC8_Wave1_DMA_dma.o)
 .debug_abbrev  0x00003826       0xcd .\CortexM3\ARM_GCC_541\Debug\Z80_3Chip.a(WaveDAC8_Wave2_DMA_dma.o)
 .debug_abbrev  0x000038f3       0xf7 .\CortexM3\ARM_GCC_541\Debug\Z80_3Chip.a(WaveDAC8_VDAC8.o)
 .debug_abbrev  0x000039ea       0x81 .\CortexM3\ARM_GCC_541\Debug\Z80_3Chip.a(DAC_Control.o)
 .debug_abbrev  0x00003a6b      0x122 .\CortexM3\ARM_GCC_541\Debug\Z80_3Chip.a(Sound_Counter.o)