Archive member included to satisfy reference by file (symbol)

.\CortexM3\ARM_GCC_541\Debug\Z80_3Chip.a(CyDmac.o)
                              .\CortexM3\ARM_GCC_541\Debug\Cm3Start.o (CyDmacConfigure)
.\CortexM3\ARM_GCC_541\Debug\Z80_3Chip.a(CyLib.o)
                              .\CortexM3\ARM_GCC_541\Debug\Cm3Start.o (CyHalt)
.\CortexM3\ARM_GCC_541\Debug\Z80_3Chip.a(cyPm.o)
                              .\CortexM3\ARM_GCC_541\Debug\Z80_3Chip.a(CyLib.o) (CyPmReadStatus)
.\CortexM3\ARM_GCC_541\Debug\Z80_3Chip.a(AdrLowIn.o)
                              .\CortexM3\ARM_GCC_541\Debug\Z80_IO_Handle.o (AdrLowIn_Read)
.\CortexM3\ARM_GCC_541\Debug\Z80_3Chip.a(LED.o)
                              .\CortexM3\ARM_GCC_541\Debug\Z80_PSoC_3Chips.o (LED_Write)
.\CortexM3\ARM_GCC_541\Debug\Z80_3Chip.a(INT_n.o)
                              .\CortexM3\ARM_GCC_541\Debug\Z80_6850_Emul.o (INT_n_Write)
.\CortexM3\ARM_GCC_541\Debug\Z80_3Chip.a(IO_Ctrl_Reg.o)
                              .\CortexM3\ARM_GCC_541\Debug\Z80_IO_Handle.o (IO_Ctrl_Reg_Write)
.\CortexM3\ARM_GCC_541\Debug\Z80_3Chip.a(IO_Stat_Reg.o)
                              .\CortexM3\ARM_GCC_541\Debug\main.o (IO_Stat_Reg_Read)
.\CortexM3\ARM_GCC_541\Debug\Z80_3Chip.a(Z80_Data_In.o)
                              .\CortexM3\ARM_GCC_541\Debug\FrontPanel.o (Z80_Data_In_Write)
.\CortexM3\ARM_GCC_541\Debug\Z80_3Chip.a(Z80_Data_Out.o)
                              .\CortexM3\ARM_GCC_541\Debug\FrontPanel.o (Z80_Data_Out_Read)
.\CortexM3\ARM_GCC_541\Debug\Z80_3Chip.a(BankBaseAdr.o)
                              .\CortexM3\ARM_GCC_541\Debug\Z80_Mem_Mappers.o (BankBaseAdr_Write)
.\CortexM3\ARM_GCC_541\Debug\Z80_3Chip.a(BankMask.o)
                              .\CortexM3\ARM_GCC_541\Debug\Z80_Mem_Mappers.o (BankMask_Write)
.\CortexM3\ARM_GCC_541\Debug\Z80_3Chip.a(AdrHighOut.o)
                              .\CortexM3\ARM_GCC_541\Debug\Z80_Mem_Mappers.o (AdrHighOut_Write)
.\CortexM3\ARM_GCC_541\Debug\Z80_3Chip.a(I2C.o)
                              .\CortexM3\ARM_GCC_541\Debug\main.o (I2C_Start)
.\CortexM3\ARM_GCC_541\Debug\Z80_3Chip.a(I2C_INT.o)
                              .\CortexM3\ARM_GCC_541\Debug\Z80_3Chip.a(I2C.o) (I2C_ISR)
.\CortexM3\ARM_GCC_541\Debug\Z80_3Chip.a(I2C_PM.o)
                              .\CortexM3\ARM_GCC_541\Debug\Z80_3Chip.a(I2C.o) (I2C_backup)
.\CortexM3\ARM_GCC_541\Debug\Z80_3Chip.a(I2C_MASTER.o)
                              .\CortexM3\ARM_GCC_541\Debug\FrontPanel.o (I2C_MasterWriteBuf)
.\CortexM3\ARM_GCC_541\Debug\Z80_3Chip.a(USBUART.o)
                              .\CortexM3\ARM_GCC_541\Debug\main.o (USBUART_Start)
.\CortexM3\ARM_GCC_541\Debug\Z80_3Chip.a(USBUART_cdc.o)
                              .\CortexM3\ARM_GCC_541\Debug\main.o (USBUART_CDC_Init)
.\CortexM3\ARM_GCC_541\Debug\Z80_3Chip.a(USBUART_drv.o)
                              .\CortexM3\ARM_GCC_541\Debug\Z80_3Chip.a(USBUART.o) (USBUART_lastPacketSize)
.\CortexM3\ARM_GCC_541\Debug\Z80_3Chip.a(USBUART_episr.o)
                              .\CortexM3\ARM_GCC_541\Debug\Z80_3Chip.a(USBUART.o) (USBUART_EP_1_ISR)
.\CortexM3\ARM_GCC_541\Debug\Z80_3Chip.a(USBUART_pm.o)
                              .\CortexM3\ARM_GCC_541\Debug\Z80_3Chip.a(USBUART.o) (USBUART_DP_ISR)
.\CortexM3\ARM_GCC_541\Debug\Z80_3Chip.a(USBUART_std.o)
                              .\CortexM3\ARM_GCC_541\Debug\Z80_3Chip.a(USBUART_pm.o) (USBUART_ConfigReg)
.\CortexM3\ARM_GCC_541\Debug\Z80_3Chip.a(USBUART_vnd.o)
                              .\CortexM3\ARM_GCC_541\Debug\Z80_3Chip.a(USBUART_drv.o) (USBUART_HandleVendorRqst)
.\CortexM3\ARM_GCC_541\Debug\Z80_3Chip.a(USBUART_Dp.o)
                              .\CortexM3\ARM_GCC_541\Debug\Z80_3Chip.a(USBUART.o) (USBUART_Dp_ClearInterrupt)
.\CortexM3\ARM_GCC_541\Debug\Z80_3Chip.a(SPI_Master.o)
                              .\CortexM3\ARM_GCC_541\Debug\SDCard.o (SPI_Master_ReadTxStatus)
.\CortexM3\ARM_GCC_541\Debug\Z80_3Chip.a(SPI_Master_IntClock.o)
                              .\CortexM3\ARM_GCC_541\Debug\Z80_3Chip.a(SPI_Master.o) (SPI_Master_IntClock_Start)
.\CortexM3\ARM_GCC_541\Debug\Z80_3Chip.a(RTC.o)
                              .\CortexM3\ARM_GCC_541\Debug\Z80_RTC.o (RTC_Start)
.\CortexM3\ARM_GCC_541\Debug\Z80_3Chip.a(RTC_INT.o)
                              .\CortexM3\ARM_GCC_541\Debug\Z80_3Chip.a(RTC.o) (RTC_ISR)
.\CortexM3\ARM_GCC_541\Debug\Z80_3Chip.a(SPI_SS_Out.o)
                              .\CortexM3\ARM_GCC_541\Debug\SDCard.o (SPI_SS_Out_Write)
.\CortexM3\ARM_GCC_541\Debug\Z80_3Chip.a(WaveDAC8.o)
                              .\CortexM3\ARM_GCC_541\Debug\Z80_DAC.o (WaveDAC8_Stop)
.\CortexM3\ARM_GCC_541\Debug\Z80_3Chip.a(WaveDAC8_Wave1_DMA_dma.o)
                              .\CortexM3\ARM_GCC_541\Debug\Z80_3Chip.a(WaveDAC8.o) (WaveDAC8_Wave1_DMA_DmaInitialize)
.\CortexM3\ARM_GCC_541\Debug\Z80_3Chip.a(WaveDAC8_Wave2_DMA_dma.o)
                              .\CortexM3\ARM_GCC_541\Debug\Z80_3Chip.a(WaveDAC8.o) (WaveDAC8_Wave2_DMA_DmaInitialize)
[...]
Memory Configuration

Name             Origin             Length             Attributes
rom              0x00000000         0x00020000         xr
ram              0x1fffc000         0x00008000         xrw
*default*        0x00000000         0xffffffff

Linker script and memory map

LOAD c:/program files (x86)/cypress/psoc creator/4.2/psoc creator/import/gnu/arm/5.4.1/bin/../lib/gcc/arm-none-eabi/5.4.1/armv7-m/crti.o
LOAD c:/program files (x86)/cypress/psoc creator/4.2/psoc creator/import/gnu/arm/5.4.1/bin/../lib/gcc/arm-none-eabi/5.4.1/armv7-m/crtbegin.o
LOAD c:/program files (x86)/cypress/psoc creator/4.2/psoc creator/import/gnu/arm/5.4.1/bin/../lib/gcc/arm-none-eabi/5.4.1/../../../../arm-none-eabi/lib/armv7-m/crt0.o
START GROUP
LOAD .\CortexM3\ARM_GCC_541\Debug\main.o
LOAD .\CortexM3\ARM_GCC_541\Debug\ExtSRAM.o
LOAD .\CortexM3\ARM_GCC_541\Debug\FrontPanel.o
LOAD .\CortexM3\ARM_GCC_541\Debug\GS_9_MON_BASIC_ROM.o
LOAD .\CortexM3\ARM_GCC_541\Debug\Z80_SIO_emul.o
LOAD .\CortexM3\ARM_GCC_541\Debug\Z80_IO_Handle.o
LOAD .\CortexM3\ARM_GCC_541\Debug\Z80_PIO_emul.o
LOAD .\CortexM3\ARM_GCC_541\Debug\GS_7_BASIC_ROM.o
LOAD .\CortexM3\ARM_GCC_541\Debug\Z80_6850_Emul.o
LOAD .\CortexM3\ARM_GCC_541\Debug\Z80_SDCard_Emul.o
LOAD .\CortexM3\ARM_GCC_541\Debug\GS_FPGA_CPM_BASIC.o
LOAD .\CortexM3\ARM_GCC_541\Debug\Z80_6850_2_Emul.o
LOAD .\CortexM3\ARM_GCC_541\Debug\Z80_Mem_Mappers.o
LOAD .\CortexM3\ARM_GCC_541\Debug\SDCard.o
LOAD .\CortexM3\ARM_GCC_541\Debug\Z80_PSoC_3Chips.o
LOAD .\CortexM3\ARM_GCC_541\Debug\Z80_RTC.o
LOAD .\CortexM3\ARM_GCC_541\Debug\Z80_DAC.o
LOAD .\CortexM3\ARM_GCC_541\Debug\cyfitter_cfg.o
LOAD .\CortexM3\ARM_GCC_541\Debug\cymetadata.o
LOAD .\CortexM3\ARM_GCC_541\Debug\Cm3Start.o
LOAD .\CortexM3\ARM_GCC_541\Debug\Z80_3Chip.a
LOAD C:\Program Files (x86)\Cypress\PSoC Creator\4.2\PSoC Creator\psoc\content\cycomponentlibrary\CyComponentLibrary.cylib\CortexM3\ARM_GCC_541\Debug\CyComponentLibrary.a
END GROUP
START GROUP
LOAD c:/program files (x86)/cypress/psoc creator/4.2/psoc creator/import/gnu/arm/5.4.1/bin/../lib/gcc/arm-none-eabi/5.4.1/armv7-m\libgcc.a
LOAD c:/program files (x86)/cypress/psoc creator/4.2/psoc creator/import/gnu/arm/5.4.1/bin/../lib/gcc/arm-none-eabi/5.4.1/../../../../arm-none-eabi/lib/armv7-m\libg_nano.a
LOAD c:/program files (x86)/cypress/psoc creator/4.2/psoc creator/import/gnu/arm/5.4.1/bin/../lib/gcc/arm-none-eabi/5.4.1/../../../../arm-none-eabi/lib/armv7-m\libc_nano.a
END GROUP
START GROUP
LOAD c:/program files (x86)/cypress/psoc creator/4.2/psoc creator/import/gnu/arm/5.4.1/bin/../lib/gcc/arm-none-eabi/5.4.1/armv7-m\libgcc.a
LOAD c:/program files (x86)/cypress/psoc creator/4.2/psoc creator/import/gnu/arm/5.4.1/bin/../lib/gcc/arm-none-eabi/5.4.1/../../../../arm-none-eabi/lib/armv7-m\libc_nano.a
END GROUP
LOAD c:/program files (x86)/cypress/psoc creator/4.2/psoc creator/import/gnu/arm/5.4.1/bin/../lib/gcc/arm-none-eabi/5.4.1/armv7-m/crtend.o
LOAD c:/program files (x86)/cypress/psoc creator/4.2/psoc creator/import/gnu/arm/5.4.1/bin/../lib/gcc/arm-none-eabi/5.4.1/armv7-m/crtn.o
START GROUP
LOAD c:/program files (x86)/cypress/psoc creator/4.2/psoc creator/import/gnu/arm/5.4.1/bin/../lib/gcc/arm-none-eabi/5.4.1/armv7-m\libgcc.a
LOAD c:/program files (x86)/cypress/psoc creator/4.2/psoc creator/import/gnu/arm/5.4.1/bin/../lib/gcc/arm-none-eabi/5.4.1/../../../../arm-none-eabi/lib/armv7-m\libc.a
LOAD c:/program files (x86)/cypress/psoc creator/4.2/psoc creator/import/gnu/arm/5.4.1/bin/../lib/gcc/arm-none-eabi/5.4.1/../../../../arm-none-eabi/lib/armv7-m\libnosys.a
END GROUP
                0x00000000                CY_APPL_ORIGIN = 0x0
                0x00000100                CY_FLASH_ROW_SIZE = 0x100
                0x00000020                CY_ECC_ROW_SIZE = 0x20
                0x00000000                CY_EE_IN_BTLDR = 0x0
                0x00000000                CY_APPL_LOADABLE = 0x0
                0x00000800                CY_EE_SIZE = 0x800
                0x00000001                CY_APPL_NUM = 0x1
                0x00000001                CY_APPL_MAX = 0x1
                0x00000040                CY_METADATA_SIZE = 0x40
                0x00000000                CY_APPL_LOADABLE = 0x0
                0x00000000                CY_CHECKSUM_EXCLUDE_SIZE = ALIGN (0x0, CY_FLASH_ROW_SIZE)
                [!provide]                PROVIDE (__cy_heap_start, _end)
                0x00000001                PROVIDE (__cy_region_num, ((__cy_regions_end - __cy_regions) / 0x10))
                0x20004000                PROVIDE (__cy_stack, (ORIGIN (ram) + LENGTH (ram)))
                [!provide]                PROVIDE (__cy_heap_end, (__cy_stack - 0x800))

.cybootloader   0x00000000        0x0
 *(.cybootloader)
                0x00000000                appl1_start = CY_APPL_ORIGIN?CY_APPL_ORIGIN:ALIGN (CY_FLASH_ROW_SIZE)
                0x0000ff00                appl2_start = (appl1_start + ALIGN ((((LENGTH (rom) - appl1_start) - (0x2 * CY_FLASH_ROW_SIZE)) / 0x2), CY_FLASH_ROW_SIZE))
                0x00000000                appl_start = (CY_APPL_NUM == 0x1)?appl1_start:appl2_start
                0x00000000                ecc_offset = ((appl_start / CY_FLASH_ROW_SIZE) * CY_ECC_ROW_SIZE)
                0x00000000                ee_offset = (CY_APPL_LOADABLE && ! (CY_EE_IN_BTLDR))?((CY_EE_SIZE / CY_APPL_MAX) * (CY_APPL_NUM - 0x1)):0x0
                0x00000800                ee_size = (CY_APPL_LOADABLE && ! (CY_EE_IN_BTLDR))?(CY_EE_SIZE / CY_APPL_MAX):CY_EE_SIZE
                [!provide]                PROVIDE (CY_ECC_OFFSET, ecc_offset)

.text           0x00000000     0x5d6c
 CREATE_OBJECT_SYMBOLS
                0x00000000                PROVIDE (__cy_interrupt_vector, RomVectors)
 *(.romvectors)
 .romvectors    0x00000000       0x10 .\CortexM3\ARM_GCC_541\Debug\Cm3Start.o
                0x00000000                RomVectors
                0x00000001                ASSERT ((. != __cy_interrupt_vector), No interrupt vector)
                0x00000001                ASSERT (CY_APPL_ORIGIN?(SIZEOF (.cybootloader) <= CY_APPL_ORIGIN):0x1, Wrong image location)
                0x00000010                PROVIDE (__cy_reset, Reset)
 *(.text.Reset)
 .text.Reset    0x00000010       0x18 .\CortexM3\ARM_GCC_541\Debug\Cm3Start.o
                0x00000010                Reset
                0x00000001                ASSERT ((. != __cy_reset), No reset code)
 *(.dma_init)
                0x00000001                ASSERT ((((appl_start + .) <= 0x10000) || 0x1), DMA Init must be within the first 64k of flash)
 *(.text .text.* .gnu.linkonce.t.*)
 .text          0x00000028       0x5c c:/program files (x86)/cypress/psoc creator/4.2/psoc creator/import/gnu/arm/5.4.1/bin/../lib/gcc/arm-none-eabi/5.4.1/armv7-m/crtbegin.o
 .text.main     0x00000084      0x1e4 .\CortexM3\ARM_GCC_541\Debug\main.o
                0x00000084                main
 .text.SetExtSRAMAddr
                0x00000268       0x1c .\CortexM3\ARM_GCC_541\Debug\ExtSRAM.o
                0x00000268                SetExtSRAMAddr
 .text.ReadExtSRAM
                0x00000284       0x24 .\CortexM3\ARM_GCC_541\Debug\ExtSRAM.o
                0x00000284                ReadExtSRAM
 .text.WriteExtSRAM
                0x000002a8       0x24 .\CortexM3\ARM_GCC_541\Debug\ExtSRAM.o
                0x000002a8                WriteExtSRAM
 .text.TestSRAM
                0x000002cc      0x114 .\CortexM3\ARM_GCC_541\Debug\ExtSRAM.o
                0x000002cc                TestSRAM
 .text.loadSRAM
                0x000003e0       0x30 .\CortexM3\ARM_GCC_541\Debug\ExtSRAM.o
                0x000003e0                loadSRAM
 .text.readRegister_MCP23017
                0x00000410       0x38 .\CortexM3\ARM_GCC_541\Debug\FrontPanel.o
                0x00000410                readRegister_MCP23017
 .text.readFrontPanelSwitchesStatic
                0x00000448       0x30 .\CortexM3\ARM_GCC_541\Debug\FrontPanel.o
                0x00000448                readFrontPanelSwitchesStatic
 .text.FrontPanelZ80Read
                0x00000478       0x38 .\CortexM3\ARM_GCC_541\Debug\FrontPanel.o
                0x00000478                FrontPanelZ80Read
 .text.readFrontPanelSwitchesRegistered
                0x000004b0       0x34 .\CortexM3\ARM_GCC_541\Debug\FrontPanel.o
                0x000004b0                readFrontPanelSwitchesRegistered
 .text.waitFrontPanelSwitchesPressed
                0x000004e4       0x24 .\CortexM3\ARM_GCC_541\Debug\FrontPanel.o
                0x000004e4                waitFrontPanelSwitchesPressed
 .text.writeRegister_MCP23017
                0x00000508       0x34 .\CortexM3\ARM_GCC_541\Debug\FrontPanel.o
                0x00000508                writeRegister_MCP23017
 .text.init_FrontPanel
                0x0000053c       0xa0 .\CortexM3\ARM_GCC_541\Debug\FrontPanel.o
                0x0000053c                init_FrontPanel
 .text.writeFrontPanelLEDs
                0x000005dc       0x34 .\CortexM3\ARM_GCC_541\Debug\FrontPanel.o
                0x000005dc                writeFrontPanelLEDs
 .text.FrontPanelZ80Write
                0x00000610       0x68 .\CortexM3\ARM_GCC_541\Debug\FrontPanel.o
                0x00000610                FrontPanelZ80Write
 .text.runFrontPanel
                0x00000678      0x1ac .\CortexM3\ARM_GCC_541\Debug\FrontPanel.o
                0x00000678                runFrontPanel
 .text.HandleZ80IO
                0x00000824      0x3b0 .\CortexM3\ARM_GCC_541\Debug\Z80_IO_Handle.o
                0x00000824                HandleZ80IO
 .text.ackIO    0x00000bd4       0x14 .\CortexM3\ARM_GCC_541\Debug\Z80_IO_Handle.o
                0x00000bd4                ackIO
 .text.init_PIO
                0x00000be8       0xc4 .\CortexM3\ARM_GCC_541\Debug\Z80_PIO_emul.o
                0x00000be8                init_PIO
 .text.PioReadDataA
                0x00000cac       0x2c .\CortexM3\ARM_GCC_541\Debug\Z80_PIO_emul.o
                0x00000cac                PioReadDataA
 .text.PioWriteDataA
                0x00000cd8       0x18 .\CortexM3\ARM_GCC_541\Debug\Z80_PIO_emul.o
                0x00000cd8                PioWriteDataA
 .text.PioWriteCtrlA
                0x00000cf0      0x118 .\CortexM3\ARM_GCC_541\Debug\Z80_PIO_emul.o
                0x00000cf0                PioWriteCtrlA
 .text.PioReadDataB
                0x00000e08       0x2c .\CortexM3\ARM_GCC_541\Debug\Z80_PIO_emul.o
                0x00000e08                PioReadDataB
 .text.PioWriteDataB
                0x00000e34       0x18 .\CortexM3\ARM_GCC_541\Debug\Z80_PIO_emul.o
                0x00000e34                PioWriteDataB
 .text.PioWriteCtrlB
                0x00000e4c      0x118 .\CortexM3\ARM_GCC_541\Debug\Z80_PIO_emul.o
                0x00000e4c                PioWriteCtrlB
 .text.initM6850StatusRegister
                0x00000f64        0xc .\CortexM3\ARM_GCC_541\Debug\Z80_6850_Emul.o
                0x00000f64                initM6850StatusRegister
 .text.M6850ReadIntReg
                0x00000f70       0x14 .\CortexM3\ARM_GCC_541\Debug\Z80_6850_Emul.o
                0x00000f70                M6850ReadIntReg
 .text.sendCharToZ80
                0x00000f84       0x30 .\CortexM3\ARM_GCC_541\Debug\Z80_6850_Emul.o
                0x00000f84                sendCharToZ80
 .text.checkSerialReceiverBusy
                0x00000fb4       0x24 .\CortexM3\ARM_GCC_541\Debug\Z80_6850_Emul.o
                0x00000fb4                checkSerialReceiverBusy
 .text.M6850ReadData
                0x00000fd8       0x24 .\CortexM3\ARM_GCC_541\Debug\Z80_6850_Emul.o
                0x00000fd8                M6850ReadData
 .text.M6850WriteData
                0x00000ffc       0x28 .\CortexM3\ARM_GCC_541\Debug\Z80_6850_Emul.o
                0x00000ffc                M6850WriteData
 .text.M6850ReadStatus
                0x00001024       0x14 .\CortexM3\ARM_GCC_541\Debug\Z80_6850_Emul.o
                0x00001024                M6850ReadStatus
 .text.M6850WriteCtrl
                0x00001038       0x14 .\CortexM3\ARM_GCC_541\Debug\Z80_6850_Emul.o
                0x00001038                M6850WriteCtrl
 .text.SDReadData
                0x0000104c       0x38 .\CortexM3\ARM_GCC_541\Debug\Z80_SDCard_Emul.o
                0x0000104c                SDReadData
 .text.SDWriteData
                0x00001084       0x54 .\CortexM3\ARM_GCC_541\Debug\Z80_SDCard_Emul.o
                0x00001084                SDWriteData
 .text.SDWriteCommand
                0x000010d8       0xb4 .\CortexM3\ARM_GCC_541\Debug\Z80_SDCard_Emul.o
                0x000010d8                SDWriteCommand
 .text.SDReadStatus
                0x0000118c       0x14 .\CortexM3\ARM_GCC_541\Debug\Z80_SDCard_Emul.o
                0x0000118c                SDReadStatus
 .text.SDWriteLBA0
                0x000011a0       0x14 .\CortexM3\ARM_GCC_541\Debug\Z80_SDCard_Emul.o
                0x000011a0                SDWriteLBA0
 .text.SDWriteLBA1
                0x000011b4       0x14 .\CortexM3\ARM_GCC_541\Debug\Z80_SDCard_Emul.o
                0x000011b4                SDWriteLBA1
 .text.SDWriteLBA2
                0x000011c8       0x14 .\CortexM3\ARM_GCC_541\Debug\Z80_SDCard_Emul.o
                0x000011c8                SDWriteLBA2
 .text.initM6850_2_StatusRegister
                0x000011dc        0xc .\CortexM3\ARM_GCC_541\Debug\Z80_6850_2_Emul.o
                0x000011dc                initM6850_2_StatusRegister
 .text.M6850_2_ReadData
                0x000011e8        0x8 .\CortexM3\ARM_GCC_541\Debug\Z80_6850_2_Emul.o
                0x000011e8                M6850_2_ReadData
 .text.M6850_2_WriteData
                0x000011f0        0x8 .\CortexM3\ARM_GCC_541\Debug\Z80_6850_2_Emul.o
                0x000011f0                M6850_2_WriteData
 .text.M6850_2_ReadStatus
                0x000011f8       0x14 .\CortexM3\ARM_GCC_541\Debug\Z80_6850_2_Emul.o
                0x000011f8                M6850_2_ReadStatus
 .text.M6850_2_WriteCtrl
                0x0000120c       0x14 .\CortexM3\ARM_GCC_541\Debug\Z80_6850_2_Emul.o
                0x0000120c                M6850_2_WriteCtrl
 .text.init_mem_map_1
                0x00001220       0x18 .\CortexM3\ARM_GCC_541\Debug\Z80_Mem_Mappers.o
                0x00001220                init_mem_map_1
 .text.swap_out_ROM_space
                0x00001238       0x10 .\CortexM3\ARM_GCC_541\Debug\Z80_Mem_Mappers.o
                0x00001238                swap_out_ROM_space
 .text.SPI_write_byte
                0x00001248       0x18 .\CortexM3\ARM_GCC_541\Debug\SDCard.o
                0x00001248                SPI_write_byte
 .text.SD_command
                0x00001260       0x6c .\CortexM3\ARM_GCC_541\Debug\SDCard.o
                0x00001260                SD_command
 .text.SDInit   0x000012cc      0x11c .\CortexM3\ARM_GCC_541\Debug\SDCard.o
                0x000012cc                SDInit
 .text.dumpBuffer
                0x000013e8       0xd0 .\CortexM3\ARM_GCC_541\Debug\SDCard.o
                0x000013e8                dumpBuffer
 .text.SD_ReadSector
                0x000014b8       0xf4 .\CortexM3\ARM_GCC_541\Debug\SDCard.o
                0x000014b8                SD_ReadSector
 .text.readSDCard
                0x000015ac       0x18 .\CortexM3\ARM_GCC_541\Debug\SDCard.o
                0x000015ac                readSDCard
 .text.SD_WriteSector
                0x000015c4       0xfc .\CortexM3\ARM_GCC_541\Debug\SDCard.o
                0x000015c4                SD_WriteSector
 .text.writeSDCard
                0x000016c0       0x34 .\CortexM3\ARM_GCC_541\Debug\SDCard.o
                0x000016c0                writeSDCard
 .text.PostLed  0x000016f4       0x28 .\CortexM3\ARM_GCC_541\Debug\Z80_PSoC_3Chips.o
                0x000016f4                PostLed
 .text.putStringToUSB
                0x0000171c       0x1c .\CortexM3\ARM_GCC_541\Debug\Z80_PSoC_3Chips.o
                0x0000171c                putStringToUSB
 .text.init_Z80_RTC
                0x00001738       0x14 .\CortexM3\ARM_GCC_541\Debug\Z80_RTC.o
                0x00001738                init_Z80_RTC
 .text.writeCmdRTC
                0x0000174c       0x14 .\CortexM3\ARM_GCC_541\Debug\Z80_RTC.o
                0x0000174c                writeCmdRTC
 .text.readCmdRTC
                0x00001760       0x14 .\CortexM3\ARM_GCC_541\Debug\Z80_RTC.o
                0x00001760                readCmdRTC
 .text.writeRTC
                0x00001774       0x84 .\CortexM3\ARM_GCC_541\Debug\Z80_RTC.o
                0x00001774                writeRTC
 .text.readRTC  0x000017f8       0x80 .\CortexM3\ARM_GCC_541\Debug\Z80_RTC.o
                0x000017f8                readRTC
 .text.init_DAC
                0x00001878       0x24 .\CortexM3\ARM_GCC_541\Debug\Z80_DAC.o
                0x00001878                init_DAC
 .text.writeDAC
                0x0000189c       0x24 .\CortexM3\ARM_GCC_541\Debug\Z80_DAC.o
                0x0000189c                writeDAC
 .text.readDAC  0x000018c0       0x14 .\CortexM3\ARM_GCC_541\Debug\Z80_DAC.o
                0x000018c0                readDAC
 .text.readStatDAC
                0x000018d4       0x14 .\CortexM3\ARM_GCC_541\Debug\Z80_DAC.o
                0x000018d4                readStatDAC
 .text.writeCmdDAC
                0x000018e8       0x70 .\CortexM3\ARM_GCC_541\Debug\Z80_DAC.o
                0x000018e8                writeCmdDAC
 .text.CyClockStartupError
                0x00001958        0x4 .\CortexM3\ARM_GCC_541\Debug\cyfitter_cfg.o
 .text.cfg_write_bytes32
                0x0000195c       0x34 .\CortexM3\ARM_GCC_541\Debug\cyfitter_cfg.o
 .text.AnalogSetDefault
                0x00001990       0x38 .\CortexM3\ARM_GCC_541\Debug\cyfitter_cfg.o
 .text.CYMEMZERO
                0x000019c8        0xc .\CortexM3\ARM_GCC_541\Debug\cyfitter_cfg.o
 .text.ClockSetup
                0x000019d4      0x12c .\CortexM3\ARM_GCC_541\Debug\cyfitter_cfg.o
 .text.CYCONFIGCPY
                0x00001b00        0x8 .\CortexM3\ARM_GCC_541\Debug\cyfitter_cfg.o
 .text.cyfitter_cfg
                0x00001b08      0x188 .\CortexM3\ARM_GCC_541\Debug\cyfitter_cfg.o
                0x00001b08                cyfitter_cfg
 .text.IntDefaultHandler
                0x00001c90       0x10 .\CortexM3\ARM_GCC_541\Debug\Cm3Start.o
                0x00001c90                IntDefaultHandler
 .text._sbrk    0x00001ca0       0x30 .\CortexM3\ARM_GCC_541\Debug\Cm3Start.o
                0x00001ca0                _sbrk
 .text.Start_c  0x00001cd0       0x4c .\CortexM3\ARM_GCC_541\Debug\Cm3Start.o
                0x00001cd0                Start_c
 .text.initialize_psoc
                0x00001d1c       0x6c .\CortexM3\ARM_GCC_541\Debug\Cm3Start.o
                0x00001d1c                initialize_psoc
 .text.CyDmacConfigure
                0x00001d88       0x34 .\CortexM3\ARM_GCC_541\Debug\Z80_3Chip.a(CyDmac.o)
                0x00001d88                CyDmacConfigure
 .text.CyDmaChEnable
                0x00001dbc       0x38 .\CortexM3\ARM_GCC_541\Debug\Z80_3Chip.a(CyDmac.o)
                0x00001dbc                CyDmaChEnable
 .text.CyDmaChDisable
                0x00001df4       0x24 .\CortexM3\ARM_GCC_541\Debug\Z80_3Chip.a(CyDmac.o)
                0x00001df4                CyDmaChDisable
 .text.CyDmaChPriority
                0x00001e18       0x24 .\CortexM3\ARM_GCC_541\Debug\Z80_3Chip.a(CyDmac.o)
                0x00001e18                CyDmaChPriority
 .text.CyDmaChSetExtendedAddress
                0x00001e3c       0x34 .\CortexM3\ARM_GCC_541\Debug\Z80_3Chip.a(CyDmac.o)
                0x00001e3c                CyDmaChSetExtendedAddress
 .text.CyDmaChSetInitialTd
                0x00001e70       0x18 .\CortexM3\ARM_GCC_541\Debug\Z80_3Chip.a(CyDmac.o)
                0x00001e70                CyDmaChSetInitialTd
 .text.CyDmaChSetConfiguration
                0x00001e88       0x44 .\CortexM3\ARM_GCC_541\Debug\Z80_3Chip.a(CyDmac.o)
                0x00001e88                CyDmaChSetConfiguration
 .text.CyDmaTdAllocate
                0x00001ecc       0x34 .\CortexM3\ARM_GCC_541\Debug\Z80_3Chip.a(CyDmac.o)
                0x00001ecc                CyDmaTdAllocate
 .text.CyDmaTdSetConfiguration
                0x00001f00       0x28 .\CortexM3\ARM_GCC_541\Debug\Z80_3Chip.a(CyDmac.o)
                0x00001f00                CyDmaTdSetConfiguration
 .text.CyDmaTdSetAddress
                0x00001f28       0x1c .\CortexM3\ARM_GCC_541\Debug\Z80_3Chip.a(CyDmac.o)
                0x00001f28                CyDmaTdSetAddress
 .text.CyHalt   0x00001f44        0x4 .\CortexM3\ARM_GCC_541\Debug\Z80_3Chip.a(CyLib.o)
                0x00001f44                CyHalt
 .text.CyDelay  0x00001f48       0x2c .\CortexM3\ARM_GCC_541\Debug\Z80_3Chip.a(CyLib.o)
                0x00001f48                CyDelay
 .text.CyDelayUs
                0x00001f74       0x14 .\CortexM3\ARM_GCC_541\Debug\Z80_3Chip.a(CyLib.o)
                0x00001f74                CyDelayUs
 .text.CyIntSetVector
                0x00001f88       0x28 .\CortexM3\ARM_GCC_541\Debug\Z80_3Chip.a(CyLib.o)
                0x00001f88                CyIntSetVector
 .text.CyIntSetPriority
                0x00001fb0       0x30 .\CortexM3\ARM_GCC_541\Debug\Z80_3Chip.a(CyLib.o)
                0x00001fb0                CyIntSetPriority
 .text.CyGetUniqueId
                0x00001fe0       0x70 .\CortexM3\ARM_GCC_541\Debug\Z80_3Chip.a(CyLib.o)
                0x00001fe0                CyGetUniqueId
 .text.CyPmReadStatus
                0x00002050       0x30 .\CortexM3\ARM_GCC_541\Debug\Z80_3Chip.a(cyPm.o)
                0x00002050                CyPmReadStatus
 .text.AdrLowIn_Read
                0x00002080        0xc .\CortexM3\ARM_GCC_541\Debug\Z80_3Chip.a(AdrLowIn.o)
                0x00002080                AdrLowIn_Read
 .text.LED_Write
                0x0000208c       0x18 .\CortexM3\ARM_GCC_541\Debug\Z80_3Chip.a(LED.o)
                0x0000208c                LED_Write
 .text.INT_n_Write
                0x000020a4       0x18 .\CortexM3\ARM_GCC_541\Debug\Z80_3Chip.a(INT_n.o)
                0x000020a4                INT_n_Write
 .text.IO_Ctrl_Reg_Write
                0x000020bc        0xc .\CortexM3\ARM_GCC_541\Debug\Z80_3Chip.a(IO_Ctrl_Reg.o)
                0x000020bc                IO_Ctrl_Reg_Write
 .text.IO_Ctrl_Reg_Read
                0x000020c8        0xc .\CortexM3\ARM_GCC_541\Debug\Z80_3Chip.a(IO_Ctrl_Reg.o)
                0x000020c8                IO_Ctrl_Reg_Read
 .text.IO_Stat_Reg_Read
                0x000020d4        0xc .\CortexM3\ARM_GCC_541\Debug\Z80_3Chip.a(IO_Stat_Reg.o)
                0x000020d4                IO_Stat_Reg_Read
 .text.Z80_Data_In_Write
                0x000020e0        0xc .\CortexM3\ARM_GCC_541\Debug\Z80_3Chip.a(Z80_Data_In.o)
                0x000020e0                Z80_Data_In_Write
 .text.Z80_Data_Out_Read
                0x000020ec        0xc .\CortexM3\ARM_GCC_541\Debug\Z80_3Chip.a(Z80_Data_Out.o)
                0x000020ec                Z80_Data_Out_Read
 .text.BankBaseAdr_Write
                0x000020f8        0xc .\CortexM3\ARM_GCC_541\Debug\Z80_3Chip.a(BankBaseAdr.o)
                0x000020f8                BankBaseAdr_Write
 .text.BankMask_Write
                0x00002104        0xc .\CortexM3\ARM_GCC_541\Debug\Z80_3Chip.a(BankMask.o)
                0x00002104                BankMask_Write
 .text.AdrHighOut_Write
                0x00002110        0xc .\CortexM3\ARM_GCC_541\Debug\Z80_3Chip.a(AdrHighOut.o)
                0x00002110                AdrHighOut_Write
 .text.I2C_Init
                0x0000211c       0x68 .\CortexM3\ARM_GCC_541\Debug\Z80_3Chip.a(I2C.o)
                0x0000211c                I2C_Init
 .text.I2C_Enable
                0x00002184       0x24 .\CortexM3\ARM_GCC_541\Debug\Z80_3Chip.a(I2C.o)
                0x00002184                I2C_Enable
 .text.I2C_Start
                0x000021a8       0x28 .\CortexM3\ARM_GCC_541\Debug\Z80_3Chip.a(I2C.o)
                0x000021a8                I2C_Start
 .text.I2C_ISR  0x000021d0      0x2d0 .\CortexM3\ARM_GCC_541\Debug\Z80_3Chip.a(I2C_INT.o)
                0x000021d0                I2C_ISR
 .text.I2C_MasterWriteBuf
                0x000024a0       0xcc .\CortexM3\ARM_GCC_541\Debug\Z80_3Chip.a(I2C_MASTER.o)
                0x000024a0                I2C_MasterWriteBuf
 .text.I2C_MasterSendStart
                0x0000256c       0x80 .\CortexM3\ARM_GCC_541\Debug\Z80_3Chip.a(I2C_MASTER.o)
                0x0000256c                I2C_MasterSendStart
 .text.I2C_MasterSendStop
                0x000025ec       0x38 .\CortexM3\ARM_GCC_541\Debug\Z80_3Chip.a(I2C_MASTER.o)
                0x000025ec                I2C_MasterSendStop
 .text.I2C_MasterWriteByte
                0x00002624       0x58 .\CortexM3\ARM_GCC_541\Debug\Z80_3Chip.a(I2C_MASTER.o)
                0x00002624                I2C_MasterWriteByte
 .text.I2C_MasterReadByte
                0x0000267c       0x58 .\CortexM3\ARM_GCC_541\Debug\Z80_3Chip.a(I2C_MASTER.o)
                0x0000267c                I2C_MasterReadByte
 .text.I2C_MasterStatus
                0x000026d4       0x38 .\CortexM3\ARM_GCC_541\Debug\Z80_3Chip.a(I2C_MASTER.o)
                0x000026d4                I2C_MasterStatus
 .text.I2C_MasterClearStatus
                0x0000270c       0x24 .\CortexM3\ARM_GCC_541\Debug\Z80_3Chip.a(I2C_MASTER.o)
                0x0000270c                I2C_MasterClearStatus
 .text.USBUART_Init
                0x00002730      0x140 .\CortexM3\ARM_GCC_541\Debug\Z80_3Chip.a(USBUART.o)
                0x00002730                USBUART_Init
 .text.USBUART_InitComponent
                0x00002870       0xb8 .\CortexM3\ARM_GCC_541\Debug\Z80_3Chip.a(USBUART.o)
                0x00002870                USBUART_InitComponent
 .text.USBUART_Start
                0x00002928       0x24 .\CortexM3\ARM_GCC_541\Debug\Z80_3Chip.a(USBUART.o)
                0x00002928                USBUART_Start
 .text.USBUART_ReInitComponent
                0x0000294c       0x4c .\CortexM3\ARM_GCC_541\Debug\Z80_3Chip.a(USBUART.o)
                0x0000294c                USBUART_ReInitComponent
 .text.USBUART_GetConfiguration
                0x00002998        0xc .\CortexM3\ARM_GCC_541\Debug\Z80_3Chip.a(USBUART.o)
                0x00002998                USBUART_GetConfiguration
 .text.USBUART_IsConfigurationChanged
                0x000029a4       0x20 .\CortexM3\ARM_GCC_541\Debug\Z80_3Chip.a(USBUART.o)
                0x000029a4                USBUART_IsConfigurationChanged
 .text.USBUART_GetEPState
                0x000029c4       0x14 .\CortexM3\ARM_GCC_541\Debug\Z80_3Chip.a(USBUART.o)
                0x000029c4                USBUART_GetEPState
 .text.USBUART_GetEPCount
                0x000029d8       0x28 .\CortexM3\ARM_GCC_541\Debug\Z80_3Chip.a(USBUART.o)
                0x000029d8                USBUART_GetEPCount
 .text.USBUART_LoadInEP
                0x00002a00       0x94 .\CortexM3\ARM_GCC_541\Debug\Z80_3Chip.a(USBUART.o)
                0x00002a00                USBUART_LoadInEP
 .text.USBUART_EnableOutEP
                0x00002a94       0x2c .\CortexM3\ARM_GCC_541\Debug\Z80_3Chip.a(USBUART.o)
                0x00002a94                USBUART_EnableOutEP
 .text.USBUART_ReadOutEP
                0x00002ac0       0x50 .\CortexM3\ARM_GCC_541\Debug\Z80_3Chip.a(USBUART.o)
                0x00002ac0                USBUART_ReadOutEP
 .text.USBUART_GetInterfaceComPort
                0x00002b10       0x38 .\CortexM3\ARM_GCC_541\Debug\Z80_3Chip.a(USBUART_cdc.o)
                0x00002b10                USBUART_GetInterfaceComPort
 .text.USBUART_DispatchCDCClassRqst
                0x00002b48       0x98 .\CortexM3\ARM_GCC_541\Debug\Z80_3Chip.a(USBUART_cdc.o)
                0x00002b48                USBUART_DispatchCDCClassRqst
 .text.USBUART_CDC_Init
                0x00002be0       0x98 .\CortexM3\ARM_GCC_541\Debug\Z80_3Chip.a(USBUART_cdc.o)
                0x00002be0                USBUART_CDC_Init
 .text.USBUART_PutData
                0x00002c78       0x50 .\CortexM3\ARM_GCC_541\Debug\Z80_3Chip.a(USBUART_cdc.o)
                0x00002c78                USBUART_PutData
 .text.USBUART_DataIsReady
                0x00002cc8       0x18 .\CortexM3\ARM_GCC_541\Debug\Z80_3Chip.a(USBUART_cdc.o)
                0x00002cc8                USBUART_DataIsReady
 .text.USBUART_CDCIsReady
                0x00002ce0       0x18 .\CortexM3\ARM_GCC_541\Debug\Z80_3Chip.a(USBUART_cdc.o)
                0x00002ce0                USBUART_CDCIsReady
 .text.USBUART_GetAll
                0x00002cf8       0x30 .\CortexM3\ARM_GCC_541\Debug\Z80_3Chip.a(USBUART_cdc.o)
                0x00002cf8                USBUART_GetAll
 .text.USBUART_Cdc_EpInit
                0x00002d28       0x50 .\CortexM3\ARM_GCC_541\Debug\Z80_3Chip.a(USBUART_cdc.o)
                0x00002d28                USBUART_Cdc_EpInit
 .text.USBUART_LoadEP0
                0x00002d78       0x98 .\CortexM3\ARM_GCC_541\Debug\Z80_3Chip.a(USBUART_drv.o)
                0x00002d78                USBUART_LoadEP0
 .text.USBUART_InitZeroLengthControlTransfer
                0x00002e10       0x34 .\CortexM3\ARM_GCC_541\Debug\Z80_3Chip.a(USBUART_drv.o)
                0x00002e10                USBUART_InitZeroLengthControlTransfer
 .text.USBUART_ControlReadDataStage
                0x00002e44        0x8 .\CortexM3\ARM_GCC_541\Debug\Z80_3Chip.a(USBUART_drv.o)
                0x00002e44                USBUART_ControlReadDataStage
 .text.USBUART_ControlWriteDataStage
                0x00002e4c       0x84 .\CortexM3\ARM_GCC_541\Debug\Z80_3Chip.a(USBUART_drv.o)
                0x00002e4c                USBUART_ControlWriteDataStage
 .text.USBUART_InitNoDataControlTransfer
                0x00002ed0       0x2c .\CortexM3\ARM_GCC_541\Debug\Z80_3Chip.a(USBUART_drv.o)
                0x00002ed0                USBUART_InitNoDataControlTransfer
 .text.USBUART_UpdateStatusBlock
                0x00002efc       0x24 .\CortexM3\ARM_GCC_541\Debug\Z80_3Chip.a(USBUART_drv.o)
                0x00002efc                USBUART_UpdateStatusBlock
 .text.USBUART_HandleSetup
                0x00002f20       0x5c .\CortexM3\ARM_GCC_541\Debug\Z80_3Chip.a(USBUART_drv.o)
                0x00002f20                USBUART_HandleSetup
 .text.USBUART_ControlReadStatusStage
                0x00002f7c       0x38 .\CortexM3\ARM_GCC_541\Debug\Z80_3Chip.a(USBUART_drv.o)
                0x00002f7c                USBUART_ControlReadStatusStage
 .text.USBUART_HandleOUT
                0x00002fb4       0x38 .\CortexM3\ARM_GCC_541\Debug\Z80_3Chip.a(USBUART_drv.o)
                0x00002fb4                USBUART_HandleOUT
 .text.USBUART_ControlWriteStatusStage
                0x00002fec       0x20 .\CortexM3\ARM_GCC_541\Debug\Z80_3Chip.a(USBUART_drv.o)
                0x00002fec                USBUART_ControlWriteStatusStage
 .text.USBUART_NoDataControlStatusStage
                0x0000300c       0x40 .\CortexM3\ARM_GCC_541\Debug\Z80_3Chip.a(USBUART_drv.o)
                0x0000300c                USBUART_NoDataControlStatusStage
 .text.USBUART_HandleIN
                0x0000304c       0x2c .\CortexM3\ARM_GCC_541\Debug\Z80_3Chip.a(USBUART_drv.o)
                0x0000304c                USBUART_HandleIN
 .text.USBUART_EP_0_ISR
                0x00003078       0xb8 .\CortexM3\ARM_GCC_541\Debug\Z80_3Chip.a(USBUART_drv.o)
                0x00003078                USBUART_EP_0_ISR
 .text.USBUART_InitializeStatusBlock
                0x00003130       0x24 .\CortexM3\ARM_GCC_541\Debug\Z80_3Chip.a(USBUART_drv.o)
                0x00003130                USBUART_InitializeStatusBlock
 .text.USBUART_InitControlRead
                0x00003154       0x50 .\CortexM3\ARM_GCC_541\Debug\Z80_3Chip.a(USBUART_drv.o)
                0x00003154                USBUART_InitControlRead
 .text.USBUART_InitControlWrite
                0x000031a4       0x48 .\CortexM3\ARM_GCC_541\Debug\Z80_3Chip.a(USBUART_drv.o)
                0x000031a4                USBUART_InitControlWrite
 .text.USBUART_EP_1_ISR
                0x000031ec       0x30 .\CortexM3\ARM_GCC_541\Debug\Z80_3Chip.a(USBUART_episr.o)
                0x000031ec                USBUART_EP_1_ISR
 .text.USBUART_EP_2_ISR
                0x0000321c       0x34 .\CortexM3\ARM_GCC_541\Debug\Z80_3Chip.a(USBUART_episr.o)
                0x0000321c                USBUART_EP_2_ISR
 .text.USBUART_EP_3_ISR
                0x00003250       0x3c .\CortexM3\ARM_GCC_541\Debug\Z80_3Chip.a(USBUART_episr.o)
                0x00003250                USBUART_EP_3_ISR
 .text.USBUART_SOF_ISR
                0x0000328c        0x4 .\CortexM3\ARM_GCC_541\Debug\Z80_3Chip.a(USBUART_episr.o)
                0x0000328c                USBUART_SOF_ISR
 .text.USBUART_BUS_RESET_ISR
                0x00003290        0x8 .\CortexM3\ARM_GCC_541\Debug\Z80_3Chip.a(USBUART_episr.o)
                0x00003290                USBUART_BUS_RESET_ISR
 .text.USBUART_DP_ISR
                0x00003298        0x8 .\CortexM3\ARM_GCC_541\Debug\Z80_3Chip.a(USBUART_pm.o)
                0x00003298                USBUART_DP_ISR
 .text.USBUART_ReadDieID
                0x000032a0       0x6c .\CortexM3\ARM_GCC_541\Debug\Z80_3Chip.a(USBUART_std.o)
                0x000032a0                USBUART_ReadDieID
 .text.USBUART_ConfigReg
                0x0000330c       0xa4 .\CortexM3\ARM_GCC_541\Debug\Z80_3Chip.a(USBUART_std.o)
                0x0000330c                USBUART_ConfigReg
 .text.USBUART_GetConfigTablePtr
                0x000033b0       0x28 .\CortexM3\ARM_GCC_541\Debug\Z80_3Chip.a(USBUART_std.o)
                0x000033b0                USBUART_GetConfigTablePtr
 .text.USBUART_ConfigAltChanged
                0x000033d8      0x11c .\CortexM3\ARM_GCC_541\Debug\Z80_3Chip.a(USBUART_std.o)
                0x000033d8                USBUART_ConfigAltChanged
 .text.USBUART_GetDeviceTablePtr
                0x000034f4       0x18 .\CortexM3\ARM_GCC_541\Debug\Z80_3Chip.a(USBUART_std.o)
                0x000034f4                USBUART_GetDeviceTablePtr
 .text.USBUART_GetInterfaceClassTablePtr
                0x0000350c       0x28 .\CortexM3\ARM_GCC_541\Debug\Z80_3Chip.a(USBUART_std.o)
                0x0000350c                USBUART_GetInterfaceClassTablePtr
 .text.USBUART_Config
                0x00003534      0x1ec .\CortexM3\ARM_GCC_541\Debug\Z80_3Chip.a(USBUART_std.o)
                0x00003534                USBUART_Config
 .text.USBUART_SetEndpointHalt
                0x00003720       0x64 .\CortexM3\ARM_GCC_541\Debug\Z80_3Chip.a(USBUART_std.o)
                0x00003720                USBUART_SetEndpointHalt
 .text.USBUART_ClearEndpointHalt
                0x00003784       0xac .\CortexM3\ARM_GCC_541\Debug\Z80_3Chip.a(USBUART_std.o)
                0x00003784                USBUART_ClearEndpointHalt
 .text.USBUART_ValidateAlternateSetting
                0x00003830       0x4c .\CortexM3\ARM_GCC_541\Debug\Z80_3Chip.a(USBUART_std.o)
                0x00003830                USBUART_ValidateAlternateSetting
 .text.USBUART_HandleStandardRqst
                0x0000387c      0x354 .\CortexM3\ARM_GCC_541\Debug\Z80_3Chip.a(USBUART_std.o)
                0x0000387c                USBUART_HandleStandardRqst
 .text.USBUART_HandleVendorRqst
                0x00003bd0       0x18 .\CortexM3\ARM_GCC_541\Debug\Z80_3Chip.a(USBUART_vnd.o)
                0x00003bd0                USBUART_HandleVendorRqst
 .text.USBUART_Dp_ClearInterrupt
                0x00003be8       0x10 .\CortexM3\ARM_GCC_541\Debug\Z80_3Chip.a(USBUART_Dp.o)
                0x00003be8                USBUART_Dp_ClearInterrupt
 .text.SPI_Master_Enable
                0x00003bf8       0x34 .\CortexM3\ARM_GCC_541\Debug\Z80_3Chip.a(SPI_Master.o)
                0x00003bf8                SPI_Master_Enable
 .text.SPI_Master_ReadTxStatus
                0x00003c2c        0xc .\CortexM3\ARM_GCC_541\Debug\Z80_3Chip.a(SPI_Master.o)
                0x00003c2c                SPI_Master_ReadTxStatus
 .text.SPI_Master_ReadRxStatus
                0x00003c38        0xc .\CortexM3\ARM_GCC_541\Debug\Z80_3Chip.a(SPI_Master.o)
                0x00003c38                SPI_Master_ReadRxStatus
 .text.SPI_Master_WriteTxData
                0x00003c44       0x18 .\CortexM3\ARM_GCC_541\Debug\Z80_3Chip.a(SPI_Master.o)
                0x00003c44                SPI_Master_WriteTxData
 .text.SPI_Master_ReadRxData
                0x00003c5c        0xc .\CortexM3\ARM_GCC_541\Debug\Z80_3Chip.a(SPI_Master.o)
                0x00003c5c                SPI_Master_ReadRxData
 .text.SPI_Master_ClearRxBuffer
                0x00003c68       0x1c .\CortexM3\ARM_GCC_541\Debug\Z80_3Chip.a(SPI_Master.o)
                0x00003c68                SPI_Master_ClearRxBuffer
 .text.SPI_Master_ClearFIFO
                0x00003c84       0x3c .\CortexM3\ARM_GCC_541\Debug\Z80_3Chip.a(SPI_Master.o)
                0x00003c84                SPI_Master_ClearFIFO
 .text.SPI_Master_Init
                0x00003cc0       0x28 .\CortexM3\ARM_GCC_541\Debug\Z80_3Chip.a(SPI_Master.o)
                0x00003cc0                SPI_Master_Init
 .text.SPI_Master_Start
                0x00003ce8       0x1c .\CortexM3\ARM_GCC_541\Debug\Z80_3Chip.a(SPI_Master.o)
                0x00003ce8                SPI_Master_Start
 .text.SPI_Master_IntClock_Start
                0x00003d04       0x1c .\CortexM3\ARM_GCC_541\Debug\Z80_3Chip.a(SPI_Master_IntClock.o)
                0x00003d04                SPI_Master_IntClock_Start
 .text.RTC_DayOfWeek
                0x00003d20       0x50 .\CortexM3\ARM_GCC_541\Debug\Z80_3Chip.a(RTC.o)
 .text.RTC_DSTDateConversion
                0x00003d70       0xa0 .\CortexM3\ARM_GCC_541\Debug\Z80_3Chip.a(RTC.o)
 .text.RTC_SetInitValues
                0x00003e10      0x728 .\CortexM3\ARM_GCC_541\Debug\Z80_3Chip.a(RTC.o)
 .text.RTC_Init
                0x00004538       0x28 .\CortexM3\ARM_GCC_541\Debug\Z80_3Chip.a(RTC.o)
                0x00004538                RTC_Init
 .text.RTC_Enable
                0x00004560       0x24 .\CortexM3\ARM_GCC_541\Debug\Z80_3Chip.a(RTC.o)
                0x00004560                RTC_Enable
 .text.RTC_Start
                0x00004584       0x1c .\CortexM3\ARM_GCC_541\Debug\Z80_3Chip.a(RTC.o)
                0x00004584                RTC_Start
 .text.RTC_WriteSecond
                0x000045a0        0xc .\CortexM3\ARM_GCC_541\Debug\Z80_3Chip.a(RTC.o)
                0x000045a0                RTC_WriteSecond
 .text.RTC_WriteMinute
                0x000045ac        0xc .\CortexM3\ARM_GCC_541\Debug\Z80_3Chip.a(RTC.o)
                0x000045ac                RTC_WriteMinute
 .text.RTC_WriteHour
                0x000045b8        0xc .\CortexM3\ARM_GCC_541\Debug\Z80_3Chip.a(RTC.o)
                0x000045b8                RTC_WriteHour
 .text.RTC_WriteDayOfMonth
                0x000045c4        0xc .\CortexM3\ARM_GCC_541\Debug\Z80_3Chip.a(RTC.o)
                0x000045c4                RTC_WriteDayOfMonth
 .text.RTC_WriteMonth
                0x000045d0        0xc .\CortexM3\ARM_GCC_541\Debug\Z80_3Chip.a(RTC.o)
                0x000045d0                RTC_WriteMonth
 .text.RTC_WriteYear
                0x000045dc        0xc .\CortexM3\ARM_GCC_541\Debug\Z80_3Chip.a(RTC.o)
                0x000045dc                RTC_WriteYear
 .text.RTC_ReadSecond
                0x000045e8        0xc .\CortexM3\ARM_GCC_541\Debug\Z80_3Chip.a(RTC.o)
                0x000045e8                RTC_ReadSecond
 .text.RTC_ReadMinute
                0x000045f4        0xc .\CortexM3\ARM_GCC_541\Debug\Z80_3Chip.a(RTC.o)
                0x000045f4                RTC_ReadMinute
 .text.RTC_ReadHour
                0x00004600        0xc .\CortexM3\ARM_GCC_541\Debug\Z80_3Chip.a(RTC.o)
                0x00004600                RTC_ReadHour
 .text.RTC_ReadDayOfMonth
                0x0000460c        0xc .\CortexM3\ARM_GCC_541\Debug\Z80_3Chip.a(RTC.o)
                0x0000460c                RTC_ReadDayOfMonth
 .text.RTC_ReadMonth
                0x00004618        0xc .\CortexM3\ARM_GCC_541\Debug\Z80_3Chip.a(RTC.o)
                0x00004618                RTC_ReadMonth
 .text.RTC_ReadYear
                0x00004624        0xc .\CortexM3\ARM_GCC_541\Debug\Z80_3Chip.a(RTC.o)
                0x00004624                RTC_ReadYear
 .text.RTC_ISR  0x00004630      0xa58 .\CortexM3\ARM_GCC_541\Debug\Z80_3Chip.a(RTC_INT.o)
                0x00004630                RTC_ISR
 .text.SPI_SS_Out_Write
                0x00005088        0xc .\CortexM3\ARM_GCC_541\Debug\Z80_3Chip.a(SPI_SS_Out.o)
                0x00005088                SPI_SS_Out_Write
 .text.WaveDAC8_Enable
                0x00005094       0x24 .\CortexM3\ARM_GCC_541\Debug\Z80_3Chip.a(WaveDAC8.o)
                0x00005094                WaveDAC8_Enable
 .text.WaveDAC8_Stop
                0x000050b8       0x1c .\CortexM3\ARM_GCC_541\Debug\Z80_3Chip.a(WaveDAC8.o)
                0x000050b8                WaveDAC8_Stop
 .text.WaveDAC8_Wave1Setup
                0x000050d4       0x40 .\CortexM3\ARM_GCC_541\Debug\Z80_3Chip.a(WaveDAC8.o)
                0x000050d4                WaveDAC8_Wave1Setup
 .text.WaveDAC8_Wave2Setup
                0x00005114       0x40 .\CortexM3\ARM_GCC_541\Debug\Z80_3Chip.a(WaveDAC8.o)
                0x00005114                WaveDAC8_Wave2Setup
 .text.WaveDAC8_Init
                0x00005154       0x3c .\CortexM3\ARM_GCC_541\Debug\Z80_3Chip.a(WaveDAC8.o)
                0x00005154                WaveDAC8_Init
 .text.WaveDAC8_Start
                0x00005190       0x1c .\CortexM3\ARM_GCC_541\Debug\Z80_3Chip.a(WaveDAC8.o)
                0x00005190                WaveDAC8_Start
 .text.WaveDAC8_Wave1_DMA_DmaInitialize
                0x000051ac       0x3c .\CortexM3\ARM_GCC_541\Debug\Z80_3Chip.a(WaveDAC8_Wave1_DMA_dma.o)
                0x000051ac                WaveDAC8_Wave1_DMA_DmaInitialize
 .text.WaveDAC8_Wave2_DMA_DmaInitialize
                0x000051e8       0x3c .\CortexM3\ARM_GCC_541\Debug\Z80_3Chip.a(WaveDAC8_Wave2_DMA_dma.o)
                0x000051e8                WaveDAC8_Wave2_DMA_DmaInitialize
 .text.WaveDAC8_VDAC8_Enable
                0x00005224       0x1c .\CortexM3\ARM_GCC_541\Debug\Z80_3Chip.a(WaveDAC8_VDAC8.o)
                0x00005224                WaveDAC8_VDAC8_Enable
 .text.WaveDAC8_VDAC8_Stop
                0x00005240       0x1c .\CortexM3\ARM_GCC_541\Debug\Z80_3Chip.a(WaveDAC8_VDAC8.o)
                0x00005240                WaveDAC8_VDAC8_Stop
 .text.WaveDAC8_VDAC8_SetSpeed
                0x0000525c       0x1c .\CortexM3\ARM_GCC_541\Debug\Z80_3Chip.a(WaveDAC8_VDAC8.o)
                0x0000525c                WaveDAC8_VDAC8_SetSpeed
 .text.WaveDAC8_VDAC8_SetValue
                0x00005278        0xc .\CortexM3\ARM_GCC_541\Debug\Z80_3Chip.a(WaveDAC8_VDAC8.o)
                0x00005278                WaveDAC8_VDAC8_SetValue
 .text.WaveDAC8_VDAC8_DacTrim
                0x00005284       0x24 .\CortexM3\ARM_GCC_541\Debug\Z80_3Chip.a(WaveDAC8_VDAC8.o)
                0x00005284                WaveDAC8_VDAC8_DacTrim
 .text.WaveDAC8_VDAC8_SetRange
                0x000052a8       0x20 .\CortexM3\ARM_GCC_541\Debug\Z80_3Chip.a(WaveDAC8_VDAC8.o)
                0x000052a8                WaveDAC8_VDAC8_SetRange
 .text.WaveDAC8_VDAC8_Init
                0x000052c8       0x2c .\CortexM3\ARM_GCC_541\Debug\Z80_3Chip.a(WaveDAC8_VDAC8.o)
                0x000052c8                WaveDAC8_VDAC8_Init
 .text.DAC_Control_Write
                0x000052f4        0xc .\CortexM3\ARM_GCC_541\Debug\Z80_3Chip.a(DAC_Control.o)
                0x000052f4                DAC_Control_Write
 .text.Sound_Counter_Enable
                0x00005300       0x28 .\CortexM3\ARM_GCC_541\Debug\Z80_3Chip.a(Sound_Counter.o)
                0x00005300                Sound_Counter_Enable
 .text.Sound_Counter_SetInterruptMode
                0x00005328        0xc .\CortexM3\ARM_GCC_541\Debug\Z80_3Chip.a(Sound_Counter.o)
                0x00005328                Sound_Counter_SetInterruptMode
 .text.Sound_Counter_WriteCounter
                0x00005334       0x34 .\CortexM3\ARM_GCC_541\Debug\Z80_3Chip.a(Sound_Counter.o)
                0x00005334                Sound_Counter_WriteCounter
 .text.Sound_Counter_WritePeriod
                0x00005368        0xc .\CortexM3\ARM_GCC_541\Debug\Z80_3Chip.a(Sound_Counter.o)
                0x00005368                Sound_Counter_WritePeriod
 .text.Sound_Counter_Init
                0x00005374       0x64 .\CortexM3\ARM_GCC_541\Debug\Z80_3Chip.a(Sound_Counter.o)
                0x00005374                Sound_Counter_Init
 .text.Sound_Counter_Start
                0x000053d8       0x1c .\CortexM3\ARM_GCC_541\Debug\Z80_3Chip.a(Sound_Counter.o)
                0x000053d8                Sound_Counter_Start
 *fill*         0x000053f4        0x4 
 .text          0x000053f8       0x20 .\CortexM3\ARM_GCC_541\Debug\Z80_3Chip.a(CyBootAsmGnu.o)
                0x000053f8                CyDelayCycles
                0x00005408                CyEnterCriticalSection
                0x00005410                CyExitCriticalSection
 .text.USBUART_DispatchClassRqst
                0x00005418       0x60 .\CortexM3\ARM_GCC_541\Debug\Z80_3Chip.a(USBUART_cls.o)
                0x00005418                USBUART_DispatchClassRqst
 .text.__errno  0x00005478        0xc c:/program files (x86)/cypress/psoc creator/4.2/psoc creator/import/gnu/arm/5.4.1/bin/../lib/gcc/arm-none-eabi/5.4.1/../../../../arm-none-eabi/lib/armv7-m\libg_nano.a(lib_a-errno.o)
                0x00005478                __errno
 .text.__libc_init_array
                0x00005484       0x4c c:/program files (x86)/cypress/psoc creator/4.2/psoc creator/import/gnu/arm/5.4.1/bin/../lib/gcc/arm-none-eabi/5.4.1/../../../../arm-none-eabi/lib/armv7-m\libg_nano.a(lib_a-init.o)
                0x00005484                __libc_init_array
 .text.memcpy   0x000054d0       0x16 c:/program files (x86)/cypress/psoc creator/4.2/psoc creator/import/gnu/arm/5.4.1/bin/../lib/gcc/arm-none-eabi/5.4.1/../../../../arm-none-eabi/lib/armv7-m\libg_nano.a(lib_a-memcpy-stub.o)
                0x000054d0                memcpy
 .text.memset   0x000054e6       0x10 c:/program files (x86)/cypress/psoc creator/4.2/psoc creator/import/gnu/arm/5.4.1/bin/../lib/gcc/arm-none-eabi/5.4.1/../../../../arm-none-eabi/lib/armv7-m\libg_nano.a(lib_a-memset.o)
                0x000054e6                memset
 *fill*         0x000054f6        0x2 
 .text.sprintf  0x000054f8       0x48 c:/program files (x86)/cypress/psoc creator/4.2/psoc creator/import/gnu/arm/5.4.1/bin/../lib/gcc/arm-none-eabi/5.4.1/../../../../arm-none-eabi/lib/armv7-m\libg_nano.a(lib_a-sprintf.o)
                0x000054f8                siprintf
                0x000054f8                sprintf
 .text.strcat   0x00005540       0x1e c:/program files (x86)/cypress/psoc creator/4.2/psoc creator/import/gnu/arm/5.4.1/bin/../lib/gcc/arm-none-eabi/5.4.1/../../../../arm-none-eabi/lib/armv7-m\libg_nano.a(lib_a-strcat.o)
                0x00005540                strcat
 .text          0x0000555e       0x10 c:/program files (x86)/cypress/psoc creator/4.2/psoc creator/import/gnu/arm/5.4.1/bin/../lib/gcc/arm-none-eabi/5.4.1/../../../../arm-none-eabi/lib/armv7-m\libg_nano.a(lib_a-strlen.o)
                0x0000555e                strlen
 .text.__ssputs_r
                0x0000556e       0xb2 c:/program files (x86)/cypress/psoc creator/4.2/psoc creator/import/gnu/arm/5.4.1/bin/../lib/gcc/arm-none-eabi/5.4.1/../../../../arm-none-eabi/lib/armv7-m\libg_nano.a(lib_a-nano-svfprintf.o)
                0x0000556e                __ssputs_r
 .text._svfprintf_r
                0x00005620      0x1e8 c:/program files (x86)/cypress/psoc creator/4.2/psoc creator/import/gnu/arm/5.4.1/bin/../lib/gcc/arm-none-eabi/5.4.1/../../../../arm-none-eabi/lib/armv7-m\libg_nano.a(lib_a-nano-svfprintf.o)
                0x00005620                _svfiprintf_r
                0x00005620                _svfprintf_r
 .text._printf_common
                0x00005808       0xec c:/program files (x86)/cypress/psoc creator/4.2/psoc creator/import/gnu/arm/5.4.1/bin/../lib/gcc/arm-none-eabi/5.4.1/../../../../arm-none-eabi/lib/armv7-m\libg_nano.a(lib_a-nano-vfprintf_i.o)
                0x00005808                _printf_common
 .text._printf_i
                0x000058f4      0x24c c:/program files (x86)/cypress/psoc creator/4.2/psoc creator/import/gnu/arm/5.4.1/bin/../lib/gcc/arm-none-eabi/5.4.1/../../../../arm-none-eabi/lib/armv7-m\libg_nano.a(lib_a-nano-vfprintf_i.o)
                0x000058f4                _printf_i
 .text.memchr   0x00005b40       0x1c c:/program files (x86)/cypress/psoc creator/4.2/psoc creator/import/gnu/arm/5.4.1/bin/../lib/gcc/arm-none-eabi/5.4.1/../../../../arm-none-eabi/lib/armv7-m\libg_nano.a(lib_a-memchr-stub.o)
                0x00005b40                memchr
 .text.memmove  0x00005b5c       0x36 c:/program files (x86)/cypress/psoc creator/4.2/psoc creator/import/gnu/arm/5.4.1/bin/../lib/gcc/arm-none-eabi/5.4.1/../../../../arm-none-eabi/lib/armv7-m\libg_nano.a(lib_a-memmove.o)
                0x00005b5c                memmove
 *fill*         0x00005b92        0x2 
 .text._free_r  0x00005b94       0x98 c:/program files (x86)/cypress/psoc creator/4.2/psoc creator/import/gnu/arm/5.4.1/bin/../lib/gcc/arm-none-eabi/5.4.1/../../../../arm-none-eabi/lib/armv7-m\libg_nano.a(lib_a-nano-freer.o)
                0x00005b94                _free_r
 .text._malloc_r
                0x00005c2c       0xbc c:/program files (x86)/cypress/psoc creator/4.2/psoc creator/import/gnu/arm/5.4.1/bin/../lib/gcc/arm-none-eabi/5.4.1/../../../../arm-none-eabi/lib/armv7-m\libg_nano.a(lib_a-nano-mallocr.o)
                0x00005c2c                _malloc_r
 .text._realloc_r
                0x00005ce8       0x4c c:/program files (x86)/cypress/psoc creator/4.2/psoc creator/import/gnu/arm/5.4.1/bin/../lib/gcc/arm-none-eabi/5.4.1/../../../../arm-none-eabi/lib/armv7-m\libg_nano.a(lib_a-nano-reallocr.o)
                0x00005ce8                _realloc_r
 .text._sbrk_r  0x00005d34       0x20 c:/program files (x86)/cypress/psoc creator/4.2/psoc creator/import/gnu/arm/5.4.1/bin/../lib/gcc/arm-none-eabi/5.4.1/../../../../arm-none-eabi/lib/armv7-m\libg_nano.a(lib_a-sbrkr.o)
                0x00005d34                _sbrk_r
 .text.__malloc_lock
                0x00005d54        0x2 c:/program files (x86)/cypress/psoc creator/4.2/psoc creator/import/gnu/arm/5.4.1/bin/../lib/gcc/arm-none-eabi/5.4.1/../../../../arm-none-eabi/lib/armv7-m\libg_nano.a(lib_a-mlock.o)
                0x00005d54                __malloc_lock
 .text.__malloc_unlock
                0x00005d56        0x2 c:/program files (x86)/cypress/psoc creator/4.2/psoc creator/import/gnu/arm/5.4.1/bin/../lib/gcc/arm-none-eabi/5.4.1/../../../../arm-none-eabi/lib/armv7-m\libg_nano.a(lib_a-mlock.o)
                0x00005d56                __malloc_unlock
 .text._malloc_usable_size_r
                0x00005d58       0x14 c:/program files (x86)/cypress/psoc creator/4.2/psoc creator/import/gnu/arm/5.4.1/bin/../lib/gcc/arm-none-eabi/5.4.1/../../../../arm-none-eabi/lib/armv7-m\libg_nano.a(lib_a-nano-msizer.o)
                0x00005d58                _malloc_usable_size_r
 *(.plt)
 *(.gnu.warning)
 *(.glue_7t)
 .glue_7t       0x00005d6c        0x0 linker stubs
 *(.glue_7)
 .glue_7        0x00005d6c        0x0 linker stubs
 *(.vfp11_veneer)
 .vfp11_veneer  0x00005d6c        0x0 linker stubs
 *(.bootloader)
 *(.ARM.extab* .gnu.linkonce.armextab.*)
 *(.gcc_except_table)

.v4_bx          0x00005d6c        0x0
 .v4_bx         0x00005d6c        0x0 linker stubs

.iplt           0x00005d6c        0x0
 .iplt          0x00005d6c        0x0 c:/program files (x86)/cypress/psoc creator/4.2/psoc creator/import/gnu/arm/5.4.1/bin/../lib/gcc/arm-none-eabi/5.4.1/armv7-m/crtbegin.o

.eh_frame_hdr
 *(.eh_frame_hdr)

.eh_frame       0x00005d6c        0x4
 *(.eh_frame)
 .eh_frame      0x00005d6c        0x0 c:/program files (x86)/cypress/psoc creator/4.2/psoc creator/import/gnu/arm/5.4.1/bin/../lib/gcc/arm-none-eabi/5.4.1/armv7-m/crtbegin.o
 .eh_frame      0x00005d6c        0x4 c:/program files (x86)/cypress/psoc creator/4.2/psoc creator/import/gnu/arm/5.4.1/bin/../lib/gcc/arm-none-eabi/5.4.1/armv7-m/crtend.o
                [!provide]                PROVIDE (__exidx_start, .)

.ARM.exidx
 *(.ARM.exidx* .gnu.linkonce.armexidx.*)
                0x00005d70                __exidx_end = .

.rodata         0x00005d70     0x25a8
 *(.rodata .rodata.* .gnu.linkonce.r.*)
 .rodata.str1.4
                0x00005d70      0x186 .\CortexM3\ARM_GCC_541\Debug\main.o
 *fill*         0x00005ef6        0x2 
 .rodata        0x00005ef8     0x2008 .\CortexM3\ARM_GCC_541\Debug\GS_FPGA_CPM_BASIC.o
                0x00005ef8                eprom_length
                0x00005efc                eprom_finish
                0x00005f00                eprom_start
                0x00005f04                eprom_termination
                0x00005f08                gs_fpga_basic_eeprom
 .rodata.str1.4
                0x00007f00       0x43 .\CortexM3\ARM_GCC_541\Debug\SDCard.o
                                 0x47 (size before relaxing)
 *fill*         0x00007f43        0x1 
 .rodata        0x00007f44       0xc8 .\CortexM3\ARM_GCC_541\Debug\Z80_DAC.o
                0x00007f44                notes
 .rodata        0x0000800c       0x4e .\CortexM3\ARM_GCC_541\Debug\cyfitter_cfg.o
 *fill*         0x0000805a        0x2 
 .rodata.str1.4
                0x0000805c       0x14 .\CortexM3\ARM_GCC_541\Debug\Z80_3Chip.a(USBUART_std.o)
                                 0x11 (size before relaxing)
 .rodata        0x00008070       0x18 .\CortexM3\ARM_GCC_541\Debug\Z80_3Chip.a(RTC.o)
                0x0000807c                RTC_daysInMonths
 .rodata        0x00008088       0xc8 .\CortexM3\ARM_GCC_541\Debug\Z80_3Chip.a(WaveDAC8.o)
                0x00008088                WaveDAC8_wave1
                0x000080ec                WaveDAC8_wave2
 .rodata        0x00008150      0x15e .\CortexM3\ARM_GCC_541\Debug\Z80_3Chip.a(USBUART_descr.o)
                0x00008150                USBUART_TABLE
                0x00008158                USBUART_DEVICE0_TABLE
                0x00008170                USBUART_DEVICE0_CONFIGURATION0_TABLE
                0x00008198                USBUART_DEVICE0_CONFIGURATION0_INTERFACE_CLASS
                0x0000819c                USBUART_DEVICE0_CONFIGURATION0_EP_SETTINGS_TABLE
                0x000081b4                USBUART_SN_STRING_DESCRIPTOR
                0x000081b8                USBUART_STRING_DESCRIPTORS
                0x00008258                USBUART_DEVICE0_CONFIGURATION0_DESCR
                0x0000829c                USBUART_DEVICE0_DESCR
 .rodata.str1.1
                0x000082ae        0x2 c:/program files (x86)/cypress/psoc creator/4.2/psoc creator/import/gnu/arm/5.4.1/bin/../lib/gcc/arm-none-eabi/5.4.1/../../../../arm-none-eabi/lib/armv7-m\libg_nano.a(lib_a-impure.o)
 .rodata.str1.1
                0x000082b0       0x11 c:/program files (x86)/cypress/psoc creator/4.2/psoc creator/import/gnu/arm/5.4.1/bin/../lib/gcc/arm-none-eabi/5.4.1/../../../../arm-none-eabi/lib/armv7-m\libg_nano.a(lib_a-nano-svfprintf.o)
 .rodata.str1.1
                0x000082c1       0x22 c:/program files (x86)/cypress/psoc creator/4.2/psoc creator/import/gnu/arm/5.4.1/bin/../lib/gcc/arm-none-eabi/5.4.1/../../../../arm-none-eabi/lib/armv7-m\libg_nano.a(lib_a-nano-vfprintf_i.o)
                0x000082e4                . = ALIGN (0x4)
 *fill*         0x000082e3        0x1 
 *(.init)
 .init          0x000082e4        0x4 c:/program files (x86)/cypress/psoc creator/4.2/psoc creator/import/gnu/arm/5.4.1/bin/../lib/gcc/arm-none-eabi/5.4.1/armv7-m/crti.o
                0x000082e4                _init
 .init          0x000082e8        0x8 c:/program files (x86)/cypress/psoc creator/4.2/psoc creator/import/gnu/arm/5.4.1/bin/../lib/gcc/arm-none-eabi/5.4.1/armv7-m/crtn.o
                0x000082f0                . = ALIGN (0x4)
                0x000082f0                __preinit_array_start = .
 *(.preinit_array)
                0x000082f0                __preinit_array_end = .
                0x000082f0                . = ALIGN (0x4)
                0x000082f0                __init_array_start = .
 *(SORT(.init_array.*))
 *(.init_array)
 .init_array    0x000082f0        0x4 c:/program files (x86)/cypress/psoc creator/4.2/psoc creator/import/gnu/arm/5.4.1/bin/../lib/gcc/arm-none-eabi/5.4.1/armv7-m/crtbegin.o
 .init_array    0x000082f4        0x4 .\CortexM3\ARM_GCC_541\Debug\Cm3Start.o
                0x000082f8                __init_array_end = .
                0x000082f8                . = ALIGN (0x4)
 *(.fini)
 .fini          0x000082f8        0x4 c:/program files (x86)/cypress/psoc creator/4.2/psoc creator/import/gnu/arm/5.4.1/bin/../lib/gcc/arm-none-eabi/5.4.1/armv7-m/crti.o
                0x000082f8                _fini
 .fini          0x000082fc        0x8 c:/program files (x86)/cypress/psoc creator/4.2/psoc creator/import/gnu/arm/5.4.1/bin/../lib/gcc/arm-none-eabi/5.4.1/armv7-m/crtn.o
                0x00008304                . = ALIGN (0x4)
                0x00008304                __fini_array_start = .
 *(.fini_array)
 .fini_array    0x00008304        0x4 c:/program files (x86)/cypress/psoc creator/4.2/psoc creator/import/gnu/arm/5.4.1/bin/../lib/gcc/arm-none-eabi/5.4.1/armv7-m/crtbegin.o
 *(SORT(.fini_array.*))
                0x00008308                __fini_array_end = .
                0x00008308                . = ALIGN (0x4)
 *crtbegin.o(.ctors)
 *(EXCLUDE_FILE(*crtend.o) .ctors)
 *(SORT(.ctors.*))
 *crtend.o(.ctors)
                0x00008308                . = ALIGN (0x4)
 *crtbegin.o(.dtors)
 *(EXCLUDE_FILE(*crtend.o) .dtors)
 *(SORT(.dtors.*))
 *crtend.o(.dtors)
                0x00008308                . = ALIGN (0x4)
                0x00008308                __cy_regions = .
                0x00008308        0x4 LONG 0x8318 __cy_region_init_ram
                0x0000830c        0x4 LONG 0x1fffc0c8 __cy_region_start_data
                0x00008310        0x4 LONG 0xd0 __cy_region_init_size_ram
                0x00008314        0x4 LONG 0x5b0 __cy_region_zero_size_ram
                0x00008318                __cy_regions_end = .
                0x00008318                . = ALIGN (0x8)
                0x00008318                _etext = .

.cy_checksum_exclude
                0x00008318        0x0
 *(.cy_checksum_exclude)

.ramvectors     0x1fffc000       0xc0
                0x1fffc000                __cy_region_start_ram = .
 *(.ramvectors)
 .ramvectors    0x1fffc000       0xc0 .\CortexM3\ARM_GCC_541\Debug\Cm3Start.o
                0x1fffc000                CyRamVectors

.noinit         0x1fffc0c0        0x1
 *(.noinit)
 .noinit        0x1fffc0c0        0x1 .\CortexM3\ARM_GCC_541\Debug\Z80_3Chip.a(CyLib.o)
                0x1fffc0c0                CyResetStatus

.data           0x1fffc0c8       0xd0 load address 0x00008318
                0x1fffc0c8                __cy_region_start_data = .
 *(.jcr)
 .jcr           0x1fffc0c8        0x0 c:/program files (x86)/cypress/psoc creator/4.2/psoc creator/import/gnu/arm/5.4.1/bin/../lib/gcc/arm-none-eabi/5.4.1/armv7-m/crtbegin.o
 .jcr           0x1fffc0c8        0x4 c:/program files (x86)/cypress/psoc creator/4.2/psoc creator/import/gnu/arm/5.4.1/bin/../lib/gcc/arm-none-eabi/5.4.1/armv7-m/crtend.o
 *(.got.plt)
 *(.got)
 *(.shdata)
 *(.data .data.* .gnu.linkonce.d.*)
 .data          0x1fffc0cc        0x4 .\CortexM3\ARM_GCC_541\Debug\Cm3Start.o
 .data          0x1fffc0d0        0x8 .\CortexM3\ARM_GCC_541\Debug\Z80_3Chip.a(CyDmac.o)
 .data          0x1fffc0d8       0x10 .\CortexM3\ARM_GCC_541\Debug\Z80_3Chip.a(CyLib.o)
                0x1fffc0d8                cydelay_32k_ms
                0x1fffc0dc                cydelay_freq_khz
                0x1fffc0e0                cydelay_freq_mhz
                0x1fffc0e4                cydelay_freq_hz
 .data          0x1fffc0e8       0x1a .\CortexM3\ARM_GCC_541\Debug\Z80_3Chip.a(USBUART_cdc.o)
                0x1fffc0e8                USBUART_linesCoding
 *fill*         0x1fffc102        0x2 
 .data          0x1fffc104       0x28 .\CortexM3\ARM_GCC_541\Debug\Z80_3Chip.a(RTC.o)
                0x1fffc104                RTC_dstTimeDateStart
                0x1fffc10c                RTC_currentTimeDate
                0x1fffc118                RTC_dstTimeDateStop
                0x1fffc120                RTC_alarmCfgTimeDate
 .data          0x1fffc12c        0x1 .\CortexM3\ARM_GCC_541\Debug\Z80_3Chip.a(WaveDAC8_Wave1_DMA_dma.o)
                0x1fffc12c                WaveDAC8_Wave1_DMA_DmaHandle
 .data          0x1fffc12d        0x1 .\CortexM3\ARM_GCC_541\Debug\Z80_3Chip.a(WaveDAC8_Wave2_DMA_dma.o)
                0x1fffc12d                WaveDAC8_Wave2_DMA_DmaHandle
 *fill*         0x1fffc12e        0x2 
 .data.impure_data
                0x1fffc130       0x60 c:/program files (x86)/cypress/psoc creator/4.2/psoc creator/import/gnu/arm/5.4.1/bin/../lib/gcc/arm-none-eabi/5.4.1/../../../../arm-none-eabi/lib/armv7-m\libg_nano.a(lib_a-impure.o)
 .data._impure_ptr
                0x1fffc190        0x4 c:/program files (x86)/cypress/psoc creator/4.2/psoc creator/import/gnu/arm/5.4.1/bin/../lib/gcc/arm-none-eabi/5.4.1/../../../../arm-none-eabi/lib/armv7-m\libg_nano.a(lib_a-impure.o)
                0x1fffc190                _impure_ptr
                0x1fffc198                . = ALIGN (0x8)
 *fill*         0x1fffc194        0x4 
 *(.ram)
                0x1fffc198                _edata = .

.igot.plt       0x1fffc198        0x0 load address 0x000083e8
 .igot.plt      0x1fffc198        0x0 c:/program files (x86)/cypress/psoc creator/4.2/psoc creator/import/gnu/arm/5.4.1/bin/../lib/gcc/arm-none-eabi/5.4.1/armv7-m/crtbegin.o

.bss            0x1fffc198      0x5b0 load address 0x000083e8
                0x1fffc198                PROVIDE (__bss_start__, .)
 *(.shbss)
 *(.bss .bss.* .gnu.linkonce.b.*)
 .bss           0x1fffc198       0x1c c:/program files (x86)/cypress/psoc creator/4.2/psoc creator/import/gnu/arm/5.4.1/bin/../lib/gcc/arm-none-eabi/5.4.1/armv7-m/crtbegin.o
 .bss           0x1fffc1b4       0x43 .\CortexM3\ARM_GCC_541\Debug\Z80_3Chip.a(cyPm.o)
 .bss           0x1fffc1f7        0x1 .\CortexM3\ARM_GCC_541\Debug\Z80_3Chip.a(I2C.o)
                0x1fffc1f7                I2C_initVar
 .bss           0x1fffc1f8        0x1 .\CortexM3\ARM_GCC_541\Debug\Z80_3Chip.a(USBUART.o)
                0x1fffc1f8                USBUART_initVar
 .bss           0x1fffc1f9        0x1 .\CortexM3\ARM_GCC_541\Debug\Z80_3Chip.a(USBUART_cdc.o)
 *fill*         0x1fffc1fa        0x2 
 .bss           0x1fffc1fc        0x2 .\CortexM3\ARM_GCC_541\Debug\Z80_3Chip.a(USBUART_std.o)
 .bss           0x1fffc1fe        0x1 .\CortexM3\ARM_GCC_541\Debug\Z80_3Chip.a(SPI_Master.o)
                0x1fffc1fe                SPI_Master_initVar
 .bss           0x1fffc1ff        0x9 .\CortexM3\ARM_GCC_541\Debug\Z80_3Chip.a(RTC.o)
                0x1fffc1ff                RTC_statusDateTime
                0x1fffc200                RTC_dstModeType
                0x1fffc201                RTC_dstStartStatus
                0x1fffc202                RTC_dstStopStatus
                0x1fffc203                RTC_dstOffsetMin
                0x1fffc204                RTC_alarmCfgMask
                0x1fffc205                RTC_alarmCurStatus
                0x1fffc206                RTC_initVar
                0x1fffc207                RTC_intervalCfgMask
 .bss           0x1fffc208        0x5 .\CortexM3\ARM_GCC_541\Debug\Z80_3Chip.a(WaveDAC8.o)
                0x1fffc20c                WaveDAC8_initVar
 .bss           0x1fffc20d        0x1 .\CortexM3\ARM_GCC_541\Debug\Z80_3Chip.a(Sound_Counter.o)
                0x1fffc20d                Sound_Counter_initVar
 *fill*         0x1fffc20e        0x2 
 .bss.__malloc_sbrk_start
                0x1fffc210        0x4 c:/program files (x86)/cypress/psoc creator/4.2/psoc creator/import/gnu/arm/5.4.1/bin/../lib/gcc/arm-none-eabi/5.4.1/../../../../arm-none-eabi/lib/armv7-m\libg_nano.a(lib_a-nano-mallocr.o)
                0x1fffc210                __malloc_sbrk_start
 .bss.__malloc_free_list
                0x1fffc214        0x4 c:/program files (x86)/cypress/psoc creator/4.2/psoc creator/import/gnu/arm/5.4.1/bin/../lib/gcc/arm-none-eabi/5.4.1/../../../../arm-none-eabi/lib/armv7-m\libg_nano.a(lib_a-nano-mallocr.o)
                0x1fffc214                __malloc_free_list
 *(COMMON)
 COMMON         0x1fffc218       0x10 .\CortexM3\ARM_GCC_541\Debug\FrontPanel.o
                0x1fffc218                FPAddr
                0x1fffc21a                FPCtrl
                0x1fffc21c                LEDsVal
                0x1fffc220                FPData
                0x1fffc224                FPLong
 COMMON         0x1fffc228        0xe .\CortexM3\ARM_GCC_541\Debug\Z80_PIO_emul.o
                0x1fffc228                PIO_Mask_Port_B
                0x1fffc229                PIO_Interrupt_Vector_Port_A
                0x1fffc22a                PIO_Interrupt_Vector_Port_B
                0x1fffc22b                PIO_Interrupt_Ctrl_Word_B
                0x1fffc22c                PIO_Mask_Port_A
                0x1fffc22d                PIO_Interrupt_Ctrl_Word_A
                0x1fffc22e                PIO_Output_Register_Port_B
                0x1fffc22f                PIO_State_A
                0x1fffc230                PIO_Vector_Address_Port_A
                0x1fffc231                PIO_Mode_B
                0x1fffc232                PIO_Vector_Address_Port_B
                0x1fffc233                PIO_Mode_A
                0x1fffc234                PIO_Output_Register_Port_A
                0x1fffc235                PIO_State_B
 COMMON         0x1fffc236        0x4 .\CortexM3\ARM_GCC_541\Debug\Z80_6850_Emul.o
                0x1fffc236                M6850_DataOut
                0x1fffc237                M6850_Status
                0x1fffc238                M6850_Ctrl
                0x1fffc239                M6850_DataIn
 *fill*         0x1fffc23a        0x2 
 COMMON         0x1fffc23c        0xc .\CortexM3\ARM_GCC_541\Debug\Z80_SDCard_Emul.o
                0x1fffc23c                writeSectorNumber
                0x1fffc240                SD_LBA1_Val
                0x1fffc241                SD_DataOut
                0x1fffc242                SD_Status
                0x1fffc243                SD_DataIn
                0x1fffc244                SD_LBA0_Val
                0x1fffc245                SD_LBA3_Val
                0x1fffc246                SD_LBA2_Val
                0x1fffc247                SD_Command
 COMMON         0x1fffc248        0x4 .\CortexM3\ARM_GCC_541\Debug\Z80_6850_2_Emul.o
                0x1fffc248                M6850_2_Ctrl
                0x1fffc249                M6850_2_Status
                0x1fffc24a                M6850_2_DataIn
                0x1fffc24b                M6850_2_DataOut
 COMMON         0x1fffc24c      0x404 .\CortexM3\ARM_GCC_541\Debug\SDCard.o
                0x1fffc24c                readPointer
                0x1fffc24e                writePointer
                0x1fffc250                readSDBuffer
                0x1fffc450                writeSDBuffer
 COMMON         0x1fffc650        0x1 .\CortexM3\ARM_GCC_541\Debug\Z80_RTC.o
                0x1fffc650                rtcState
 COMMON         0x1fffc651        0x3 .\CortexM3\ARM_GCC_541\Debug\Z80_DAC.o
                0x1fffc651                dacState
                0x1fffc652                inDataDAC
                0x1fffc653                outDataDAC
 COMMON         0x1fffc654        0x1 .\CortexM3\ARM_GCC_541\Debug\Z80_3Chip.a(I2C.o)
                0x1fffc654                I2C_state
 *fill*         0x1fffc655        0x3 
 COMMON         0x1fffc658       0x10 .\CortexM3\ARM_GCC_541\Debug\Z80_3Chip.a(I2C_MASTER.o)
                0x1fffc658                I2C_mstrWrBufIndex
                0x1fffc659                I2C_mstrWrBufSize
                0x1fffc65a                I2C_mstrStatus
                0x1fffc65c                I2C_mstrRdBufPtr
                0x1fffc660                I2C_mstrControl
                0x1fffc661                I2C_mstrRdBufSize
                0x1fffc662                I2C_mstrRdBufIndex
                0x1fffc664                I2C_mstrWrBufPtr
 COMMON         0x1fffc668       0x18 .\CortexM3\ARM_GCC_541\Debug\Z80_3Chip.a(USBUART_cdc.o)
                0x1fffc668                USBUART_linesChanged
                0x1fffc66c                USBUART_cdcDataInEp
                0x1fffc670                USBUART_cdcCommInInterruptEp
                0x1fffc674                USBUART_cdcDataOutEp
                0x1fffc678                USBUART_serialStateBitmap
                0x1fffc67c                USBUART_linesControlBitmap
 COMMON         0x1fffc680       0x9a .\CortexM3\ARM_GCC_541\Debug\Z80_3Chip.a(USBUART_drv.o)
                0x1fffc680                USBUART_lastPacketSize
                0x1fffc681                USBUART_device
                0x1fffc682                USBUART_transferByteCount
                0x1fffc684                USBUART_transferState
                0x1fffc688                USBUART_interfaceSettingLast
                0x1fffc68c                USBUART_currentTD
                0x1fffc698                USBUART_interfaceNumber
                0x1fffc69c                USBUART_interfaceClass
                0x1fffc6a0                USBUART_configurationChanged
                0x1fffc6a1                USBUART_ep0Mode
                0x1fffc6a2                USBUART_deviceAddress
                0x1fffc6a3                USBUART_configuration
                0x1fffc6a4                USBUART_ep0Count
                0x1fffc6a5                USBUART_deviceStatus
                0x1fffc6a8                USBUART_EP
                0x1fffc714                USBUART_interfaceSetting
                0x1fffc716                USBUART_ep0Toggle
                0x1fffc718                USBUART_interfaceStatus
 *fill*         0x1fffc71a        0x2 
 COMMON         0x1fffc71c       0x22 .\CortexM3\ARM_GCC_541\Debug\Z80_3Chip.a(USBUART_descr.o)
                0x1fffc71c                USBUART_idSerialNumberStringDescriptor
 *fill*         0x1fffc73e        0x2 
 COMMON         0x1fffc740        0x4 c:/program files (x86)/cypress/psoc creator/4.2/psoc creator/import/gnu/arm/5.4.1/bin/../lib/gcc/arm-none-eabi/5.4.1/../../../../arm-none-eabi/lib/armv7-m\libg_nano.a(lib_a-reent.o)
                0x1fffc740                errno
                0x1fffc748                . = ALIGN (0x8)
 *fill*         0x1fffc744        0x4 
 *(.ram.b)
                0x1fffc748                _end = .
                0x1fffc748                __end = .
                0x1fffc748                PROVIDE (end, .)
                0x1fffc748                PROVIDE (__bss_end__, .)
                0x00008318                __cy_region_init_ram = LOADADDR (.data)
                0x000000d0                __cy_region_init_size_ram = (_edata - ADDR (.data))
                0x000005b0                __cy_region_zero_size_ram = (_end - _edata)

.heap           0x1fffc748       0x80 load address 0x000083e8
                0x1fffc748                . = _end
                0x1fffc7c8                . = (. + 0x80)
 *fill*         0x1fffc748       0x80 
                0x1fffc7c8                __cy_heap_limit = .

.stack          0x20003800      0x800
                0x20003800                __cy_stack_limit = .
                0x20004000                . = (. + 0x800)
 *fill*         0x20003800      0x800 
                0x00000001                ASSERT ((__cy_stack_limit >= __cy_heap_limit), region RAM overflowed with stack)
                0x00000000                cy_checksum_exclude_size = (CY_APPL_LOADABLE == 0x1)?SIZEOF (.cy_checksum_exclude):0x0
                0x00000001                ASSERT ((cy_checksum_exclude_size <= CY_CHECKSUM_EXCLUDE_SIZE), CY_BOOT: Section .cy_checksum_exclude size exceedes specified limit.)

.cyloadermeta
 *(.cyloadermeta)

.cyloadablemeta
 *(.cyloadablemeta)

.cyconfigecc    0x80000000      0xb08
 *(.cyconfigecc)
 .cyconfigecc   0x80000000      0xb08 .\CortexM3\ARM_GCC_541\Debug\cymetadata.o
                0x80000000                cy_meta_configecc

.cycustnvl      0x90000000        0x4
 *(.cycustnvl)
 .cycustnvl     0x90000000        0x4 .\CortexM3\ARM_GCC_541\Debug\cymetadata.o
                0x90000000                cy_meta_custnvl

.cywolatch      0x90100000        0x4
 *(.cywolatch)
 .cywolatch     0x90100000        0x4 .\CortexM3\ARM_GCC_541\Debug\cymetadata.o
                0x90100000                cy_meta_wonvl

.cyeeprom       0x90200000        0x0
 *(.cyeeprom)
                0x00000001                ASSERT ((. <= ((0x90200000 + ee_offset) + ee_size)), .cyeeprom data will not fit in EEPROM)

.cyflashprotect
                0x90400000       0x80
 *(.cyflashprotect)
 .cyflashprotect
                0x90400000       0x80 .\CortexM3\ARM_GCC_541\Debug\cymetadata.o
                0x90400000                cy_meta_flashprotect

.cymeta         0x90500000        0xc
 *(.cymeta)
 .cymeta        0x90500000        0xc .\CortexM3\ARM_GCC_541\Debug\cymetadata.o
                0x90500000                cy_metadata

.rel.dyn        0x000083e8        0x0 load address 0x9050000c
 .rel.iplt      0x000083e8        0x0 c:/program files (x86)/cypress/psoc creator/4.2/psoc creator/import/gnu/arm/5.4.1/bin/../lib/gcc/arm-none-eabi/5.4.1/armv7-m/crtbegin.o

.stab
 *(.stab)

.stabstr
 *(.stabstr)

.debug
 *(.debug)

.line
 *(.line)

.debug_srcinfo
 *(.debug_srcinfo)

.debug_sfnames
 *(.debug_sfnames)

.debug_aranges  0x00000000     0x15a8
 *(.debug_aranges)
 .debug_aranges
                0x00000000       0x20 .\CortexM3\ARM_GCC_541\Debug\main.o
 .debug_aranges
                0x00000020       0x40 .\CortexM3\ARM_GCC_541\Debug\ExtSRAM.o
 .debug_aranges
                0x00000060       0x68 .\CortexM3\ARM_GCC_541\Debug\FrontPanel.o
 .debug_aranges
                0x000000c8       0x18 .\CortexM3\ARM_GCC_541\Debug\GS_9_MON_BASIC_ROM.o
 .debug_aranges
                0x000000e0       0x18 .\CortexM3\ARM_GCC_541\Debug\Z80_SIO_emul.o
 .debug_aranges
                0x000000f8       0x30 .\CortexM3\ARM_GCC_541\Debug\Z80_IO_Handle.o
 .debug_aranges
                0x00000128       0x50 .\CortexM3\ARM_GCC_541\Debug\Z80_PIO_emul.o
 .debug_aranges
                0x00000178       0x18 .\CortexM3\ARM_GCC_541\Debug\GS_7_BASIC_ROM.o
 .debug_aranges
                0x00000190       0x58 .\CortexM3\ARM_GCC_541\Debug\Z80_6850_Emul.o
 .debug_aranges
                0x000001e8       0x50 .\CortexM3\ARM_GCC_541\Debug\Z80_SDCard_Emul.o
 .debug_aranges
                0x00000238       0x18 .\CortexM3\ARM_GCC_541\Debug\GS_FPGA_CPM_BASIC.o
 .debug_aranges
                0x00000250       0x58 .\CortexM3\ARM_GCC_541\Debug\Z80_6850_2_Emul.o
 .debug_aranges
                0x000002a8       0x28 .\CortexM3\ARM_GCC_541\Debug\Z80_Mem_Mappers.o
 .debug_aranges
                0x000002d0       0x58 .\CortexM3\ARM_GCC_541\Debug\SDCard.o
 .debug_aranges
                0x00000328       0x28 .\CortexM3\ARM_GCC_541\Debug\Z80_PSoC_3Chips.o
 .debug_aranges
                0x00000350       0x40 .\CortexM3\ARM_GCC_541\Debug\Z80_RTC.o
 .debug_aranges
                0x00000390       0x40 .\CortexM3\ARM_GCC_541\Debug\Z80_DAC.o
 .debug_aranges
                0x000003d0       0x58 .\CortexM3\ARM_GCC_541\Debug\cyfitter_cfg.o
 .debug_aranges
                0x00000428       0x18 .\CortexM3\ARM_GCC_541\Debug\cymetadata.o
 .debug_aranges
                0x00000440       0x48 .\CortexM3\ARM_GCC_541\Debug\Cm3Start.o
 .debug_aranges
                0x00000488       0xd8 .\CortexM3\ARM_GCC_541\Debug\Z80_3Chip.a(CyDmac.o)
 .debug_aranges
                0x00000560      0x2a0 .\CortexM3\ARM_GCC_541\Debug\Z80_3Chip.a(CyLib.o)
 .debug_aranges
                0x00000800       0x98 .\CortexM3\ARM_GCC_541\Debug\Z80_3Chip.a(cyPm.o)
 .debug_aranges
                0x00000898       0x40 .\CortexM3\ARM_GCC_541\Debug\Z80_3Chip.a(AdrLowIn.o)
 .debug_aranges
                0x000008d8       0x38 .\CortexM3\ARM_GCC_541\Debug\Z80_3Chip.a(LED.o)
 .debug_aranges
                0x00000910       0x38 .\CortexM3\ARM_GCC_541\Debug\Z80_3Chip.a(INT_n.o)
 .debug_aranges
                0x00000948       0x28 .\CortexM3\ARM_GCC_541\Debug\Z80_3Chip.a(IO_Ctrl_Reg.o)
 .debug_aranges
                0x00000970       0x40 .\CortexM3\ARM_GCC_541\Debug\Z80_3Chip.a(IO_Stat_Reg.o)
 .debug_aranges
                0x000009b0       0x28 .\CortexM3\ARM_GCC_541\Debug\Z80_3Chip.a(Z80_Data_In.o)
 .debug_aranges
                0x000009d8       0x40 .\CortexM3\ARM_GCC_541\Debug\Z80_3Chip.a(Z80_Data_Out.o)
 .debug_aranges
                0x00000a18       0x28 .\CortexM3\ARM_GCC_541\Debug\Z80_3Chip.a(BankBaseAdr.o)
 .debug_aranges
                0x00000a40       0x28 .\CortexM3\ARM_GCC_541\Debug\Z80_3Chip.a(BankMask.o)
 .debug_aranges
                0x00000a68       0x28 .\CortexM3\ARM_GCC_541\Debug\Z80_3Chip.a(AdrHighOut.o)
 .debug_aranges
                0x00000a90       0x38 .\CortexM3\ARM_GCC_541\Debug\Z80_3Chip.a(I2C.o)
 .debug_aranges
                0x00000ac8       0x20 .\CortexM3\ARM_GCC_541\Debug\Z80_3Chip.a(I2C_INT.o)
 .debug_aranges
                0x00000ae8       0x38 .\CortexM3\ARM_GCC_541\Debug\Z80_3Chip.a(I2C_PM.o)
 .debug_aranges
                0x00000b20       0x80 .\CortexM3\ARM_GCC_541\Debug\Z80_3Chip.a(I2C_MASTER.o)
 .debug_aranges
                0x00000ba0       0xc8 .\CortexM3\ARM_GCC_541\Debug\Z80_3Chip.a(USBUART.o)
 .debug_aranges
                0x00000c68       0xe8 .\CortexM3\ARM_GCC_541\Debug\Z80_3Chip.a(USBUART_cdc.o)
 .debug_aranges
                0x00000d50       0x98 .\CortexM3\ARM_GCC_541\Debug\Z80_3Chip.a(USBUART_drv.o)
 .debug_aranges
                0x00000de8       0x40 .\CortexM3\ARM_GCC_541\Debug\Z80_3Chip.a(USBUART_episr.o)
 .debug_aranges
                0x00000e28       0x40 .\CortexM3\ARM_GCC_541\Debug\Z80_3Chip.a(USBUART_pm.o)
 .debug_aranges
                0x00000e68       0x80 .\CortexM3\ARM_GCC_541\Debug\Z80_3Chip.a(USBUART_std.o)
 .debug_aranges
                0x00000ee8       0x20 .\CortexM3\ARM_GCC_541\Debug\Z80_3Chip.a(USBUART_vnd.o)
 .debug_aranges
                0x00000f08       0x48 .\CortexM3\ARM_GCC_541\Debug\Z80_3Chip.a(USBUART_Dp.o)
 .debug_aranges
                0x00000f50       0xd8 .\CortexM3\ARM_GCC_541\Debug\Z80_3Chip.a(SPI_Master.o)
 .debug_aranges
                0x00001028       0x70 .\CortexM3\ARM_GCC_541\Debug\Z80_3Chip.a(SPI_Master_IntClock.o)
 .debug_aranges
                0x00001098      0x1c8 .\CortexM3\ARM_GCC_541\Debug\Z80_3Chip.a(RTC.o)
 .debug_aranges
                0x00001260       0x20 .\CortexM3\ARM_GCC_541\Debug\Z80_3Chip.a(RTC_INT.o)
 .debug_aranges
                0x00001280       0x28 .\CortexM3\ARM_GCC_541\Debug\Z80_3Chip.a(SPI_SS_Out.o)
 .debug_aranges
                0x000012a8       0x50 .\CortexM3\ARM_GCC_541\Debug\Z80_3Chip.a(WaveDAC8.o)
 .debug_aranges
                0x000012f8       0x28 .\CortexM3\ARM_GCC_541\Debug\Z80_3Chip.a(WaveDAC8_Wave1_DMA_dma.o)
 .debug_aranges
                0x00001320       0x28 .\CortexM3\ARM_GCC_541\Debug\Z80_3Chip.a(WaveDAC8_Wave2_DMA_dma.o)
 .debug_aranges
                0x00001348       0x58 .\CortexM3\ARM_GCC_541\Debug\Z80_3Chip.a(WaveDAC8_VDAC8.o)
 .debug_aranges
                0x000013a0       0x28 .\CortexM3\ARM_GCC_541\Debug\Z80_3Chip.a(DAC_Control.o)
 .debug_aranges
                0x000013c8       0x80 .\CortexM3\ARM_GCC_541\Debug\Z80_3Chip.a(Sound_Counter.o)
 .debug_aranges
                0x00001448       0x20 .\CortexM3\ARM_GCC_541\Debug\Z80_3Chip.a(CyBootAsmGnu.o)
 .debug_aranges
                0x00001468       0x88 .\CortexM3\ARM_GCC_541\Debug\Z80_3Chip.a(CyFlash.o)
 .debug_aranges
                0x000014f0       0x80 .\CortexM3\ARM_GCC_541\Debug\Z80_3Chip.a(CySpc.o)
 .debug_aranges
                0x00001570       0x20 .\CortexM3\ARM_GCC_541\Debug\Z80_3Chip.a(USBUART_cls.o)
 .debug_aranges
                0x00001590       0x18 .\CortexM3\ARM_GCC_541\Debug\Z80_3Chip.a(USBUART_descr.o)

.debug_pubnames
 *(.debug_pubnames)

.debug_info     0x00000000     0xe5d4
 *(.debug_info .gnu.linkonce.wi.*)
 .debug_info    0x00000000      0x584 .\CortexM3\ARM_GCC_541\Debug\main.o
 .debug_info    0x00000584      0x29b .\CortexM3\ARM_GCC_541\Debug\ExtSRAM.o
 .debug_info    0x0000081f      0x8e8 .\CortexM3\ARM_GCC_541\Debug\FrontPanel.o
 .debug_info    0x00001107       0xae .\CortexM3\ARM_GCC_541\Debug\GS_9_MON_BASIC_ROM.o
 .debug_info    0x000011b5       0xae .\CortexM3\ARM_GCC_541\Debug\Z80_SIO_emul.o
 .debug_info    0x00001263      0x49a .\CortexM3\ARM_GCC_541\Debug\Z80_IO_Handle.o
 .debug_info    0x000016fd      0x68a .\CortexM3\ARM_GCC_541\Debug\Z80_PIO_emul.o
 .debug_info    0x00001d87       0xae .\CortexM3\ARM_GCC_541\Debug\GS_7_BASIC_ROM.o
 .debug_info    0x00001e35      0x2e6 .\CortexM3\ARM_GCC_541\Debug\Z80_6850_Emul.o
 .debug_info    0x0000211b      0x34a .\CortexM3\ARM_GCC_541\Debug\Z80_SDCard_Emul.o
 .debug_info    0x00002465      0x127 .\CortexM3\ARM_GCC_541\Debug\GS_FPGA_CPM_BASIC.o
 .debug_info    0x0000258c      0x222 .\CortexM3\ARM_GCC_541\Debug\Z80_6850_2_Emul.o
 .debug_info    0x000027ae      0x160 .\CortexM3\ARM_GCC_541\Debug\Z80_Mem_Mappers.o
 .debug_info    0x0000290e      0xb47 .\CortexM3\ARM_GCC_541\Debug\SDCard.o
 .debug_info    0x00003455      0x1e0 .\CortexM3\ARM_GCC_541\Debug\Z80_PSoC_3Chips.o
 .debug_info    0x00003635      0x33d .\CortexM3\ARM_GCC_541\Debug\Z80_RTC.o
 .debug_info    0x00003972      0x305 .\CortexM3\ARM_GCC_541\Debug\Z80_DAC.o
 .debug_info    0x00003c77      0x6e2 .\CortexM3\ARM_GCC_541\Debug\cyfitter_cfg.o
 .debug_info    0x00004359      0x139 .\CortexM3\ARM_GCC_541\Debug\cymetadata.o
 .debug_info    0x00004492      0x3cf .\CortexM3\ARM_GCC_541\Debug\Cm3Start.o
 .debug_info    0x00004861      0x94e .\CortexM3\ARM_GCC_541\Debug\Z80_3Chip.a(CyDmac.o)
 .debug_info    0x000051af     0x1374 .\CortexM3\ARM_GCC_541\Debug\Z80_3Chip.a(CyLib.o)
 .debug_info    0x00006523      0xa2a .\CortexM3\ARM_GCC_541\Debug\Z80_3Chip.a(cyPm.o)
 .debug_info    0x00006f4d      0x17d .\CortexM3\ARM_GCC_541\Debug\Z80_3Chip.a(AdrLowIn.o)
 .debug_info    0x000070ca      0x11f .\CortexM3\ARM_GCC_541\Debug\Z80_3Chip.a(LED.o)
 .debug_info    0x000071e9      0x11f .\CortexM3\ARM_GCC_541\Debug\Z80_3Chip.a(INT_n.o)
 .debug_info    0x00007308       0xd6 .\CortexM3\ARM_GCC_541\Debug\Z80_3Chip.a(IO_Ctrl_Reg.o)
 .debug_info    0x000073de      0x17f .\CortexM3\ARM_GCC_541\Debug\Z80_3Chip.a(IO_Stat_Reg.o)
 .debug_info    0x0000755d       0xd6 .\CortexM3\ARM_GCC_541\Debug\Z80_3Chip.a(Z80_Data_In.o)
 .debug_info    0x00007633      0x17d .\CortexM3\ARM_GCC_541\Debug\Z80_3Chip.a(Z80_Data_Out.o)
 .debug_info    0x000077b0       0xd6 .\CortexM3\ARM_GCC_541\Debug\Z80_3Chip.a(BankBaseAdr.o)
 .debug_info    0x00007886       0xd6 .\CortexM3\ARM_GCC_541\Debug\Z80_3Chip.a(BankMask.o)
 .debug_info    0x0000795c       0xd6 .\CortexM3\ARM_GCC_541\Debug\Z80_3Chip.a(AdrHighOut.o)
 .debug_info    0x00007a32      0x2ab .\CortexM3\ARM_GCC_541\Debug\Z80_3Chip.a(I2C.o)
 .debug_info    0x00007cdd      0x184 .\CortexM3\ARM_GCC_541\Debug\Z80_3Chip.a(I2C_INT.o)
 .debug_info    0x00007e61      0x207 .\CortexM3\ARM_GCC_541\Debug\Z80_3Chip.a(I2C_PM.o)
 .debug_info    0x00008068      0x407 .\CortexM3\ARM_GCC_541\Debug\Z80_3Chip.a(I2C_MASTER.o)
 .debug_info    0x0000846f      0x993 .\CortexM3\ARM_GCC_541\Debug\Z80_3Chip.a(USBUART.o)
 .debug_info    0x00008e02      0xaf7 .\CortexM3\ARM_GCC_541\Debug\Z80_3Chip.a(USBUART_cdc.o)
 .debug_info    0x000098f9      0x655 .\CortexM3\ARM_GCC_541\Debug\Z80_3Chip.a(USBUART_drv.o)
 .debug_info    0x00009f4e      0x254 .\CortexM3\ARM_GCC_541\Debug\Z80_3Chip.a(USBUART_episr.o)
 .debug_info    0x0000a1a2      0x2e4 .\CortexM3\ARM_GCC_541\Debug\Z80_3Chip.a(USBUART_pm.o)
 .debug_info    0x0000a486      0xb26 .\CortexM3\ARM_GCC_541\Debug\Z80_3Chip.a(USBUART_std.o)
 .debug_info    0x0000afac       0xed .\CortexM3\ARM_GCC_541\Debug\Z80_3Chip.a(USBUART_vnd.o)
 .debug_info    0x0000b099      0x174 .\CortexM3\ARM_GCC_541\Debug\Z80_3Chip.a(USBUART_Dp.o)
 .debug_info    0x0000b20d      0x4bb .\CortexM3\ARM_GCC_541\Debug\Z80_3Chip.a(SPI_Master.o)
 .debug_info    0x0000b6c8      0x283 .\CortexM3\ARM_GCC_541\Debug\Z80_3Chip.a(SPI_Master_IntClock.o)
 .debug_info    0x0000b94b      0xae9 .\CortexM3\ARM_GCC_541\Debug\Z80_3Chip.a(RTC.o)
 .debug_info    0x0000c434      0x271 .\CortexM3\ARM_GCC_541\Debug\Z80_3Chip.a(RTC_INT.o)
 .debug_info    0x0000c6a5       0xd6 .\CortexM3\ARM_GCC_541\Debug\Z80_3Chip.a(SPI_SS_Out.o)
 .debug_info    0x0000c77b      0x4db .\CortexM3\ARM_GCC_541\Debug\Z80_3Chip.a(WaveDAC8.o)
 .debug_info    0x0000cc56      0x1aa .\CortexM3\ARM_GCC_541\Debug\Z80_3Chip.a(WaveDAC8_Wave1_DMA_dma.o)
 .debug_info    0x0000ce00      0x1a7 .\CortexM3\ARM_GCC_541\Debug\Z80_3Chip.a(WaveDAC8_Wave2_DMA_dma.o)
 .debug_info    0x0000cfa7      0x1de .\CortexM3\ARM_GCC_541\Debug\Z80_3Chip.a(WaveDAC8_VDAC8.o)
 .debug_info    0x0000d185       0xd6 .\CortexM3\ARM_GCC_541\Debug\Z80_3Chip.a(DAC_Control.o)
 .debug_info    0x0000d25b      0x28d .\CortexM3\ARM_GCC_541\Debug\Z80_3Chip.a(Sound_Counter.o)
 .debug_info    0x0000d4e8       0xce .\CortexM3\ARM_GCC_541\Debug\Z80_3Chip.a(CyBootAsmGnu.o)
 .debug_info    0x0000d5b6      0x64d .\CortexM3\ARM_GCC_541\Debug\Z80_3Chip.a(CyFlash.o)
 .debug_info    0x0000dc03      0x550 .\CortexM3\ARM_GCC_541\Debug\Z80_3Chip.a(CySpc.o)
 .debug_info    0x0000e153      0x1de .\CortexM3\ARM_GCC_541\Debug\Z80_3Chip.a(USBUART_cls.o)
 .debug_info    0x0000e331      0x2a3 .\CortexM3\ARM_GCC_541\Debug\Z80_3Chip.a(USBUART_descr.o)

.debug_abbrev   0x00000000     0x3ddb
 *(.debug_abbrev)
 .debug_abbrev  0x00000000       0xfc .\CortexM3\ARM_GCC_541\Debug\main.o
 .debug_abbrev  0x000000fc      0x114 .\CortexM3\ARM_GCC_541\Debug\ExtSRAM.o
 .debug_abbrev  0x00000210      0x185 .\CortexM3\ARM_GCC_541\Debug\FrontPanel.o
 .debug_abbrev  0x00000395       0x4b .\CortexM3\ARM_GCC_541\Debug\GS_9_MON_BASIC_ROM.o
 .debug_abbrev  0x000003e0       0x4b .\CortexM3\ARM_GCC_541\Debug\Z80_SIO_emul.o
 .debug_abbrev  0x0000042b       0xd4 .\CortexM3\ARM_GCC_541\Debug\Z80_IO_Handle.o
 .debug_abbrev  0x000004ff       0xff .\CortexM3\ARM_GCC_541\Debug\Z80_PIO_emul.o
 .debug_abbrev  0x000005fe       0x4b .\CortexM3\ARM_GCC_541\Debug\GS_7_BASIC_ROM.o
 .debug_abbrev  0x00000649      0x136 .\CortexM3\ARM_GCC_541\Debug\Z80_6850_Emul.o
 .debug_abbrev  0x0000077f       0xe0 .\CortexM3\ARM_GCC_541\Debug\Z80_SDCard_Emul.o
 .debug_abbrev  0x0000085f       0x86 .\CortexM3\ARM_GCC_541\Debug\GS_FPGA_CPM_BASIC.o
 .debug_abbrev  0x000008e5       0xe4 .\CortexM3\ARM_GCC_541\Debug\Z80_6850_2_Emul.o
 .debug_abbrev  0x000009c9       0xa9 .\CortexM3\ARM_GCC_541\Debug\Z80_Mem_Mappers.o
 .debug_abbrev  0x00000a72      0x1cd .\CortexM3\ARM_GCC_541\Debug\SDCard.o
 .debug_abbrev  0x00000c3f       0xdd .\CortexM3\ARM_GCC_541\Debug\Z80_PSoC_3Chips.o
 .debug_abbrev  0x00000d1c       0xcc .\CortexM3\ARM_GCC_541\Debug\Z80_RTC.o
 .debug_abbrev  0x00000de8       0xd5 .\CortexM3\ARM_GCC_541\Debug\Z80_DAC.o
 .debug_abbrev  0x00000ebd      0x20d .\CortexM3\ARM_GCC_541\Debug\cyfitter_cfg.o
 .debug_abbrev  0x000010ca       0x77 .\CortexM3\ARM_GCC_541\Debug\cymetadata.o
 .debug_abbrev  0x00001141      0x1e8 .\CortexM3\ARM_GCC_541\Debug\Cm3Start.o
 .debug_abbrev  0x00001329      0x1b2 .\CortexM3\ARM_GCC_541\Debug\Z80_3Chip.a(CyDmac.o)
 .debug_abbrev  0x000014db      0x254 .\CortexM3\ARM_GCC_541\Debug\Z80_3Chip.a(CyLib.o)
 .debug_abbrev  0x0000172f      0x1ab .\CortexM3\ARM_GCC_541\Debug\Z80_3Chip.a(cyPm.o)
 .debug_abbrev  0x000018da       0xac .\CortexM3\ARM_GCC_541\Debug\Z80_3Chip.a(AdrLowIn.o)
 .debug_abbrev  0x00001986       0x90 .\CortexM3\ARM_GCC_541\Debug\Z80_3Chip.a(LED.o)
 .debug_abbrev  0x00001a16       0x90 .\CortexM3\ARM_GCC_541\Debug\Z80_3Chip.a(INT_n.o)
 .debug_abbrev  0x00001aa6       0x81 .\CortexM3\ARM_GCC_541\Debug\Z80_3Chip.a(IO_Ctrl_Reg.o)
 .debug_abbrev  0x00001b27       0xac .\CortexM3\ARM_GCC_541\Debug\Z80_3Chip.a(IO_Stat_Reg.o)
 .debug_abbrev  0x00001bd3       0x81 .\CortexM3\ARM_GCC_541\Debug\Z80_3Chip.a(Z80_Data_In.o)
 .debug_abbrev  0x00001c54       0xac .\CortexM3\ARM_GCC_541\Debug\Z80_3Chip.a(Z80_Data_Out.o)
 .debug_abbrev  0x00001d00       0x81 .\CortexM3\ARM_GCC_541\Debug\Z80_3Chip.a(BankBaseAdr.o)
 .debug_abbrev  0x00001d81       0x81 .\CortexM3\ARM_GCC_541\Debug\Z80_3Chip.a(BankMask.o)
 .debug_abbrev  0x00001e02       0x81 .\CortexM3\ARM_GCC_541\Debug\Z80_3Chip.a(AdrHighOut.o)
 .debug_abbrev  0x00001e83      0x10a .\CortexM3\ARM_GCC_541\Debug\Z80_3Chip.a(I2C.o)
 .debug_abbrev  0x00001f8d       0xb6 .\CortexM3\ARM_GCC_541\Debug\Z80_3Chip.a(I2C_INT.o)
 .debug_abbrev  0x00002043       0xfe .\CortexM3\ARM_GCC_541\Debug\Z80_3Chip.a(I2C_PM.o)
 .debug_abbrev  0x00002141      0x13c .\CortexM3\ARM_GCC_541\Debug\Z80_3Chip.a(I2C_MASTER.o)
 .debug_abbrev  0x0000227d      0x215 .\CortexM3\ARM_GCC_541\Debug\Z80_3Chip.a(USBUART.o)
 .debug_abbrev  0x00002492      0x245 .\CortexM3\ARM_GCC_541\Debug\Z80_3Chip.a(USBUART_cdc.o)
 .debug_abbrev  0x000026d7      0x189 .\CortexM3\ARM_GCC_541\Debug\Z80_3Chip.a(USBUART_drv.o)
 .debug_abbrev  0x00002860      0x11b .\CortexM3\ARM_GCC_541\Debug\Z80_3Chip.a(USBUART_episr.o)
 .debug_abbrev  0x0000297b      0x108 .\CortexM3\ARM_GCC_541\Debug\Z80_3Chip.a(USBUART_pm.o)
 .debug_abbrev  0x00002a83      0x20a .\CortexM3\ARM_GCC_541\Debug\Z80_3Chip.a(USBUART_std.o)
 .debug_abbrev  0x00002c8d       0x9b .\CortexM3\ARM_GCC_541\Debug\Z80_3Chip.a(USBUART_vnd.o)
 .debug_abbrev  0x00002d28       0x90 .\CortexM3\ARM_GCC_541\Debug\Z80_3Chip.a(USBUART_Dp.o)
 .debug_abbrev  0x00002db8      0x146 .\CortexM3\ARM_GCC_541\Debug\Z80_3Chip.a(SPI_Master.o)
 .debug_abbrev  0x00002efe      0x139 .\CortexM3\ARM_GCC_541\Debug\Z80_3Chip.a(SPI_Master_IntClock.o)
 .debug_abbrev  0x00003037      0x20f .\CortexM3\ARM_GCC_541\Debug\Z80_3Chip.a(RTC.o)
 .debug_abbrev  0x00003246       0xf1 .\CortexM3\ARM_GCC_541\Debug\Z80_3Chip.a(RTC_INT.o)
 .debug_abbrev  0x00003337       0x81 .\CortexM3\ARM_GCC_541\Debug\Z80_3Chip.a(SPI_SS_Out.o)
 .debug_abbrev  0x000033b8      0x10b .\CortexM3\ARM_GCC_541\Debug\Z80_3Chip.a(WaveDAC8.o)
 .debug_abbrev  0x000034c3       0xcd .\CortexM3\ARM_GCC_541\Debug\Z80_3Chip.a(WaveDAC8_Wave1_DMA_dma.o)
 .debug_abbrev  0x00003590       0xcd .\CortexM3\ARM_GCC_541\Debug\Z80_3Chip.a(WaveDAC8_Wave2_DMA_dma.o)
 .debug_abbrev  0x0000365d       0xf7 .\CortexM3\ARM_GCC_541\Debug\Z80_3Chip.a(WaveDAC8_VDAC8.o)
 .debug_abbrev  0x00003754       0x81 .\CortexM3\ARM_GCC_541\Debug\Z80_3Chip.a(DAC_Control.o)
 .debug_abbrev  0x000037d5      0x122 .\CortexM3\ARM_GCC_541\Debug\Z80_3Chip.a(Sound_Counter.o)
 .debug_abbrev  0x000038f7       0x14 .\CortexM3\ARM_GCC_541\Debug\Z80_3Chip.a(CyBootAsmGnu.o)
 .debug_abbrev  0x0000390b      0x1a7 .\CortexM3\ARM_GCC_541\Debug\Z80_3Chip.a(CyFlash.o)
 .debug_abbrev  0x00003ab2      0x194 .\CortexM3\ARM_GCC_541\Debug\Z80_3Chip.a(CySpc.o)
 .debug_abbrev  0x00003c46       0xe1 .\CortexM3\ARM_GCC_541\Debug\Z80_3Chip.a(USBUART_cls.o)
 .debug_abbrev  0x00003d27       0xb4 .\CortexM3\ARM_GCC_541\Debug\Z80_3Chip.a(USBUART_descr.o)

.debug_line     0x00000000     0x6a18
 *(.debug_line)
 .debug_line    0x00000000      0x2f8 .\CortexM3\ARM_GCC_541\Debug\main.o
 .debug_line    0x000002f8      0x243 .\CortexM3\ARM_GCC_541\Debug\ExtSRAM.o
 .debug_line    0x0000053b      0x358 .\CortexM3\ARM_GCC_541\Debug\FrontPanel.o
 .debug_line    0x00000893      0x13f .\CortexM3\ARM_GCC_541\Debug\GS_9_MON_BASIC_ROM.o
 .debug_line    0x000009d2      0x13f .\CortexM3\ARM_GCC_541\Debug\Z80_SIO_emul.o
 .debug_line    0x00000b11      0x2d2 .\CortexM3\ARM_GCC_541\Debug\Z80_IO_Handle.o
 .debug_line    0x00000de3      0x28d .\CortexM3\ARM_GCC_541\Debug\Z80_PIO_emul.o
 .debug_line    0x00001070      0x13f .\CortexM3\ARM_GCC_541\Debug\GS_7_BASIC_ROM.o
 .debug_line    0x000011af      0x24c .\CortexM3\ARM_GCC_541\Debug\Z80_6850_Emul.o
 .debug_line    0x000013fb      0x238 .\CortexM3\ARM_GCC_541\Debug\Z80_SDCard_Emul.o
 .debug_line    0x00001633      0x156 .\CortexM3\ARM_GCC_541\Debug\GS_FPGA_CPM_BASIC.o
 .debug_line    0x00001789      0x221 .\CortexM3\ARM_GCC_541\Debug\Z80_6850_2_Emul.o
 .debug_line    0x000019aa      0x1bb .\CortexM3\ARM_GCC_541\Debug\Z80_Mem_Mappers.o
 .debug_line    0x00001b65      0x48a .\CortexM3\ARM_GCC_541\Debug\SDCard.o
 .debug_line    0x00001fef      0x229 .\CortexM3\ARM_GCC_541\Debug\Z80_PSoC_3Chips.o
 .debug_line    0x00002218      0x22f .\CortexM3\ARM_GCC_541\Debug\Z80_RTC.o
 .debug_line    0x00002447      0x241 .\CortexM3\ARM_GCC_541\Debug\Z80_DAC.o
 .debug_line    0x00002688      0x220 .\CortexM3\ARM_GCC_541\Debug\cyfitter_cfg.o
 .debug_line    0x000028a8      0x141 .\CortexM3\ARM_GCC_541\Debug\cymetadata.o
 .debug_line    0x000029e9      0x241 .\CortexM3\ARM_GCC_541\Debug\Cm3Start.o
 .debug_line    0x00002c2a      0x2e4 .\CortexM3\ARM_GCC_541\Debug\Z80_3Chip.a(CyDmac.o)
 .debug_line    0x00002f0e      0x816 .\CortexM3\ARM_GCC_541\Debug\Z80_3Chip.a(CyLib.o)
 .debug_line    0x00003724      0x367 .\CortexM3\ARM_GCC_541\Debug\Z80_3Chip.a(cyPm.o)
 .debug_line    0x00003a8b       0xb3 .\CortexM3\ARM_GCC_541\Debug\Z80_3Chip.a(AdrLowIn.o)
 .debug_line    0x00003b3e       0x90 .\CortexM3\ARM_GCC_541\Debug\Z80_3Chip.a(LED.o)
 .debug_line    0x00003bce       0x92 .\CortexM3\ARM_GCC_541\Debug\Z80_3Chip.a(INT_n.o)
 .debug_line    0x00003c60       0x73 .\CortexM3\ARM_GCC_541\Debug\Z80_3Chip.a(IO_Ctrl_Reg.o)
 .debug_line    0x00003cd3       0xb7 .\CortexM3\ARM_GCC_541\Debug\Z80_3Chip.a(IO_Stat_Reg.o)
 .debug_line    0x00003d8a       0x73 .\CortexM3\ARM_GCC_541\Debug\Z80_3Chip.a(Z80_Data_In.o)
 .debug_line    0x00003dfd       0xb7 .\CortexM3\ARM_GCC_541\Debug\Z80_3Chip.a(Z80_Data_Out.o)
 .debug_line    0x00003eb4       0x73 .\CortexM3\ARM_GCC_541\Debug\Z80_3Chip.a(BankBaseAdr.o)
 .debug_line    0x00003f27       0x70 .\CortexM3\ARM_GCC_541\Debug\Z80_3Chip.a(BankMask.o)
 .debug_line    0x00003f97       0x72 .\CortexM3\ARM_GCC_541\Debug\Z80_3Chip.a(AdrHighOut.o)
 .debug_line    0x00004009       0xd9 .\CortexM3\ARM_GCC_541\Debug\Z80_3Chip.a(I2C.o)
 .debug_line    0x000040e2      0x114 .\CortexM3\ARM_GCC_541\Debug\Z80_3Chip.a(I2C_INT.o)
 .debug_line    0x000041f6       0xbb .\CortexM3\ARM_GCC_541\Debug\Z80_3Chip.a(I2C_PM.o)
 .debug_line    0x000042b1      0x1fd .\CortexM3\ARM_GCC_541\Debug\Z80_3Chip.a(I2C_MASTER.o)
 .debug_line    0x000044ae      0x2dc .\CortexM3\ARM_GCC_541\Debug\Z80_3Chip.a(USBUART.o)
 .debug_line    0x0000478a      0x2f2 .\CortexM3\ARM_GCC_541\Debug\Z80_3Chip.a(USBUART_cdc.o)
 .debug_line    0x00004a7c      0x221 .\CortexM3\ARM_GCC_541\Debug\Z80_3Chip.a(USBUART_drv.o)
 .debug_line    0x00004c9d       0xe6 .\CortexM3\ARM_GCC_541\Debug\Z80_3Chip.a(USBUART_episr.o)
 .debug_line    0x00004d83      0x10e .\CortexM3\ARM_GCC_541\Debug\Z80_3Chip.a(USBUART_pm.o)
 .debug_line    0x00004e91      0x3e2 .\CortexM3\ARM_GCC_541\Debug\Z80_3Chip.a(USBUART_std.o)