Archive member included to satisfy reference by file (symbol)

.\CortexM3\ARM_GCC_541\Debug\Z80_3Chip.a(CyDmac.o)
                              .\CortexM3\ARM_GCC_541\Debug\Cm3Start.o (CyDmacConfigure)
.\CortexM3\ARM_GCC_541\Debug\Z80_3Chip.a(CyLib.o)
                              .\CortexM3\ARM_GCC_541\Debug\Cm3Start.o (CyHalt)
.\CortexM3\ARM_GCC_541\Debug\Z80_3Chip.a(cyPm.o)
                              .\CortexM3\ARM_GCC_541\Debug\Z80_3Chip.a(CyLib.o) (CyPmReadStatus)
.\CortexM3\ARM_GCC_541\Debug\Z80_3Chip.a(AdrLowIn.o)
                              .\CortexM3\ARM_GCC_541\Debug\Z80_IO_Handle.o (AdrLowIn_Read)
.\CortexM3\ARM_GCC_541\Debug\Z80_3Chip.a(AdrLowOut.o)
                              .\CortexM3\ARM_GCC_541\Debug\ExtSRAM.o (AdrLowOut_Write)
.\CortexM3\ARM_GCC_541\Debug\Z80_3Chip.a(LED.o)
                              .\CortexM3\ARM_GCC_541\Debug\Z80_PSoC_3Chips.o (LED_Write)
.\CortexM3\ARM_GCC_541\Debug\Z80_3Chip.a(INT_n.o)
                              .\CortexM3\ARM_GCC_541\Debug\Z80_6850_Emul.o (INT_n_Write)
.\CortexM3\ARM_GCC_541\Debug\Z80_3Chip.a(IO_Ctrl_Reg.o)
                              .\CortexM3\ARM_GCC_541\Debug\Z80_IO_Handle.o (IO_Ctrl_Reg_Write)
.\CortexM3\ARM_GCC_541\Debug\Z80_3Chip.a(IO_Stat_Reg.o)
                              .\CortexM3\ARM_GCC_541\Debug\main.o (IO_Stat_Reg_Read)
.\CortexM3\ARM_GCC_541\Debug\Z80_3Chip.a(Z80_Data_In.o)
                              .\CortexM3\ARM_GCC_541\Debug\FrontPanel.o (Z80_Data_In_Write)
.\CortexM3\ARM_GCC_541\Debug\Z80_3Chip.a(Z80_Data_Out.o)
                              .\CortexM3\ARM_GCC_541\Debug\FrontPanel.o (Z80_Data_Out_Read)
.\CortexM3\ARM_GCC_541\Debug\Z80_3Chip.a(AdrMidOut.o)
                              .\CortexM3\ARM_GCC_541\Debug\ExtSRAM.o (AdrMidOut_Write)
.\CortexM3\ARM_GCC_541\Debug\Z80_3Chip.a(AdrHighOut.o)
                              .\CortexM3\ARM_GCC_541\Debug\ExtSRAM.o (AdrHighOut_Write)
.\CortexM3\ARM_GCC_541\Debug\Z80_3Chip.a(I2C.o)
                              .\CortexM3\ARM_GCC_541\Debug\main.o (I2C_Start)
.\CortexM3\ARM_GCC_541\Debug\Z80_3Chip.a(I2C_INT.o)
                              .\CortexM3\ARM_GCC_541\Debug\Z80_3Chip.a(I2C.o) (I2C_ISR)
.\CortexM3\ARM_GCC_541\Debug\Z80_3Chip.a(I2C_PM.o)
                              .\CortexM3\ARM_GCC_541\Debug\Z80_3Chip.a(I2C.o) (I2C_backup)
.\CortexM3\ARM_GCC_541\Debug\Z80_3Chip.a(I2C_MASTER.o)
                              .\CortexM3\ARM_GCC_541\Debug\FrontPanel.o (I2C_MasterWriteBuf)
.\CortexM3\ARM_GCC_541\Debug\Z80_3Chip.a(USBUART.o)
                              .\CortexM3\ARM_GCC_541\Debug\main.o (USBUART_Start)
.\CortexM3\ARM_GCC_541\Debug\Z80_3Chip.a(USBUART_cdc.o)
                              .\CortexM3\ARM_GCC_541\Debug\main.o (USBUART_CDC_Init)
.\CortexM3\ARM_GCC_541\Debug\Z80_3Chip.a(USBUART_drv.o)
                              .\CortexM3\ARM_GCC_541\Debug\Z80_3Chip.a(USBUART.o) (USBUART_lastPacketSize)
.\CortexM3\ARM_GCC_541\Debug\Z80_3Chip.a(USBUART_episr.o)
                              .\CortexM3\ARM_GCC_541\Debug\Z80_3Chip.a(USBUART.o) (USBUART_EP_1_ISR)
.\CortexM3\ARM_GCC_541\Debug\Z80_3Chip.a(USBUART_pm.o)
                              .\CortexM3\ARM_GCC_541\Debug\Z80_3Chip.a(USBUART.o) (USBUART_DP_ISR)
.\CortexM3\ARM_GCC_541\Debug\Z80_3Chip.a(USBUART_std.o)
                              .\CortexM3\ARM_GCC_541\Debug\Z80_3Chip.a(USBUART_pm.o) (USBUART_ConfigReg)
.\CortexM3\ARM_GCC_541\Debug\Z80_3Chip.a(USBUART_vnd.o)
                              .\CortexM3\ARM_GCC_541\Debug\Z80_3Chip.a(USBUART_drv.o) (USBUART_HandleVendorRqst)
.\CortexM3\ARM_GCC_541\Debug\Z80_3Chip.a(USBUART_Dp.o)
                              .\CortexM3\ARM_GCC_541\Debug\Z80_3Chip.a(USBUART.o) (USBUART_Dp_ClearInterrupt)
.\CortexM3\ARM_GCC_541\Debug\Z80_3Chip.a(I2CINT_n.o)
                              .\CortexM3\ARM_GCC_541\Debug\main.o (I2CINT_n_SetDriveMode)
.\CortexM3\ARM_GCC_541\Debug\Z80_3Chip.a(SPI_Master.o)
                              .\CortexM3\ARM_GCC_541\Debug\SDCard.o (SPI_Master_ReadTxStatus)
.\CortexM3\ARM_GCC_541\Debug\Z80_3Chip.a(SPI_Master_IntClock.o)
                              .\CortexM3\ARM_GCC_541\Debug\Z80_3Chip.a(SPI_Master.o) (SPI_Master_IntClock_Start)
.\CortexM3\ARM_GCC_541\Debug\Z80_3Chip.a(RTC.o)
                              .\CortexM3\ARM_GCC_541\Debug\Z80_RTC.o (RTC_Start)
.\CortexM3\ARM_GCC_541\Debug\Z80_3Chip.a(RTC_INT.o)
                              .\CortexM3\ARM_GCC_541\Debug\Z80_3Chip.a(RTC.o) (RTC_ISR)
.\CortexM3\ARM_GCC_541\Debug\Z80_3Chip.a(SPI_SS_Out.o)
                              .\CortexM3\ARM_GCC_541\Debug\SDCard.o (SPI_SS_Out_Write)
.\CortexM3\ARM_GCC_541\Debug\Z80_3Chip.a(WaveDAC8.o)
                              .\CortexM3\ARM_GCC_541\Debug\Z80_DAC.o (WaveDAC8_Stop)
.\CortexM3\ARM_GCC_541\Debug\Z80_3Chip.a(WaveDAC8_Wave1_DMA_dma.o)
                              .\CortexM3\ARM_GCC_541\Debug\Z80_3Chip.a(WaveDAC8.o) (WaveDAC8_Wave1_DMA_DmaInitialize)
.\CortexM3\ARM_GCC_541\Debug\Z80_3Chip.a(WaveDAC8_Wave2_DMA_dma.o)
[...]
Memory Configuration

Name             Origin             Length             Attributes
rom              0x00000000         0x00020000         xr
ram              0x1fffc000         0x00008000         xrw
*default*        0x00000000         0xffffffff

Linker script and memory map

LOAD c:/program files (x86)/cypress/psoc creator/4.2/psoc creator/import/gnu/arm/5.4.1/bin/../lib/gcc/arm-none-eabi/5.4.1/armv7-m/crti.o
LOAD c:/program files (x86)/cypress/psoc creator/4.2/psoc creator/import/gnu/arm/5.4.1/bin/../lib/gcc/arm-none-eabi/5.4.1/armv7-m/crtbegin.o
LOAD c:/program files (x86)/cypress/psoc creator/4.2/psoc creator/import/gnu/arm/5.4.1/bin/../lib/gcc/arm-none-eabi/5.4.1/../../../../arm-none-eabi/lib/armv7-m/crt0.o
START GROUP
LOAD .\CortexM3\ARM_GCC_541\Debug\main.o
LOAD .\CortexM3\ARM_GCC_541\Debug\ExtSRAM.o
LOAD .\CortexM3\ARM_GCC_541\Debug\FrontPanel.o
LOAD .\CortexM3\ARM_GCC_541\Debug\GS_9_MON_BASIC_ROM.o
LOAD .\CortexM3\ARM_GCC_541\Debug\Z80_SIO_emul.o
LOAD .\CortexM3\ARM_GCC_541\Debug\Z80_IO_Handle.o
LOAD .\CortexM3\ARM_GCC_541\Debug\Z80_PIO_emul.o
LOAD .\CortexM3\ARM_GCC_541\Debug\GS_7_BASIC_ROM.o
LOAD .\CortexM3\ARM_GCC_541\Debug\Z80_6850_Emul.o
LOAD .\CortexM3\ARM_GCC_541\Debug\Z80_SDCard_Emul.o
LOAD .\CortexM3\ARM_GCC_541\Debug\GS_FPGA_CPM_BASIC.o
LOAD .\CortexM3\ARM_GCC_541\Debug\Z80_6850_2_Emul.o
LOAD .\CortexM3\ARM_GCC_541\Debug\Z80_Mem_Mappers.o
LOAD .\CortexM3\ARM_GCC_541\Debug\SDCard.o
LOAD .\CortexM3\ARM_GCC_541\Debug\Z80_PSoC_3Chips.o
LOAD .\CortexM3\ARM_GCC_541\Debug\Z80_RTC.o
LOAD .\CortexM3\ARM_GCC_541\Debug\Z80_DAC.o
LOAD .\CortexM3\ARM_GCC_541\Debug\cyfitter_cfg.o
LOAD .\CortexM3\ARM_GCC_541\Debug\cymetadata.o
LOAD .\CortexM3\ARM_GCC_541\Debug\Cm3Start.o
LOAD .\CortexM3\ARM_GCC_541\Debug\Z80_3Chip.a
LOAD C:\Program Files (x86)\Cypress\PSoC Creator\4.2\PSoC Creator\psoc\content\cycomponentlibrary\CyComponentLibrary.cylib\CortexM3\ARM_GCC_541\Debug\CyComponentLibrary.a
END GROUP
START GROUP
LOAD c:/program files (x86)/cypress/psoc creator/4.2/psoc creator/import/gnu/arm/5.4.1/bin/../lib/gcc/arm-none-eabi/5.4.1/armv7-m\libgcc.a
LOAD c:/program files (x86)/cypress/psoc creator/4.2/psoc creator/import/gnu/arm/5.4.1/bin/../lib/gcc/arm-none-eabi/5.4.1/../../../../arm-none-eabi/lib/armv7-m\libg_nano.a
LOAD c:/program files (x86)/cypress/psoc creator/4.2/psoc creator/import/gnu/arm/5.4.1/bin/../lib/gcc/arm-none-eabi/5.4.1/../../../../arm-none-eabi/lib/armv7-m\libc_nano.a
END GROUP
START GROUP
LOAD c:/program files (x86)/cypress/psoc creator/4.2/psoc creator/import/gnu/arm/5.4.1/bin/../lib/gcc/arm-none-eabi/5.4.1/armv7-m\libgcc.a
LOAD c:/program files (x86)/cypress/psoc creator/4.2/psoc creator/import/gnu/arm/5.4.1/bin/../lib/gcc/arm-none-eabi/5.4.1/../../../../arm-none-eabi/lib/armv7-m\libc_nano.a
END GROUP
LOAD c:/program files (x86)/cypress/psoc creator/4.2/psoc creator/import/gnu/arm/5.4.1/bin/../lib/gcc/arm-none-eabi/5.4.1/armv7-m/crtend.o
LOAD c:/program files (x86)/cypress/psoc creator/4.2/psoc creator/import/gnu/arm/5.4.1/bin/../lib/gcc/arm-none-eabi/5.4.1/armv7-m/crtn.o
START GROUP
LOAD c:/program files (x86)/cypress/psoc creator/4.2/psoc creator/import/gnu/arm/5.4.1/bin/../lib/gcc/arm-none-eabi/5.4.1/armv7-m\libgcc.a
LOAD c:/program files (x86)/cypress/psoc creator/4.2/psoc creator/import/gnu/arm/5.4.1/bin/../lib/gcc/arm-none-eabi/5.4.1/../../../../arm-none-eabi/lib/armv7-m\libc.a
LOAD c:/program files (x86)/cypress/psoc creator/4.2/psoc creator/import/gnu/arm/5.4.1/bin/../lib/gcc/arm-none-eabi/5.4.1/../../../../arm-none-eabi/lib/armv7-m\libnosys.a
END GROUP
                0x00000000                CY_APPL_ORIGIN = 0x0
                0x00000100                CY_FLASH_ROW_SIZE = 0x100
                0x00000020                CY_ECC_ROW_SIZE = 0x20
                0x00000000                CY_EE_IN_BTLDR = 0x0
                0x00000000                CY_APPL_LOADABLE = 0x0
                0x00000800                CY_EE_SIZE = 0x800
                0x00000001                CY_APPL_NUM = 0x1
                0x00000001                CY_APPL_MAX = 0x1
                0x00000040                CY_METADATA_SIZE = 0x40
                0x00000000                CY_APPL_LOADABLE = 0x0
                0x00000000                CY_CHECKSUM_EXCLUDE_SIZE = ALIGN (0x0, CY_FLASH_ROW_SIZE)
                [!provide]                PROVIDE (__cy_heap_start, _end)
                0x00000001                PROVIDE (__cy_region_num, ((__cy_regions_end - __cy_regions) / 0x10))
                0x20004000                PROVIDE (__cy_stack, (ORIGIN (ram) + LENGTH (ram)))
                [!provide]                PROVIDE (__cy_heap_end, (__cy_stack - 0x800))

.cybootloader   0x00000000        0x0
 *(.cybootloader)
                0x00000000                appl1_start = CY_APPL_ORIGIN?CY_APPL_ORIGIN:ALIGN (CY_FLASH_ROW_SIZE)
                0x0000ff00                appl2_start = (appl1_start + ALIGN ((((LENGTH (rom) - appl1_start) - (0x2 * CY_FLASH_ROW_SIZE)) / 0x2), CY_FLASH_ROW_SIZE))
                0x00000000                appl_start = (CY_APPL_NUM == 0x1)?appl1_start:appl2_start
                0x00000000                ecc_offset = ((appl_start / CY_FLASH_ROW_SIZE) * CY_ECC_ROW_SIZE)
                0x00000000                ee_offset = (CY_APPL_LOADABLE && ! (CY_EE_IN_BTLDR))?((CY_EE_SIZE / CY_APPL_MAX) * (CY_APPL_NUM - 0x1)):0x0
                0x00000800                ee_size = (CY_APPL_LOADABLE && ! (CY_EE_IN_BTLDR))?(CY_EE_SIZE / CY_APPL_MAX):CY_EE_SIZE
                [!provide]                PROVIDE (CY_ECC_OFFSET, ecc_offset)

.text           0x00000000     0x6034
 CREATE_OBJECT_SYMBOLS
                0x00000000                PROVIDE (__cy_interrupt_vector, RomVectors)
 *(.romvectors)
 .romvectors    0x00000000       0x10 .\CortexM3\ARM_GCC_541\Debug\Cm3Start.o
                0x00000000                RomVectors
                0x00000001                ASSERT ((. != __cy_interrupt_vector), No interrupt vector)
                0x00000001                ASSERT (CY_APPL_ORIGIN?(SIZEOF (.cybootloader) <= CY_APPL_ORIGIN):0x1, Wrong image location)
                0x00000010                PROVIDE (__cy_reset, Reset)
 *(.text.Reset)
 .text.Reset    0x00000010       0x18 .\CortexM3\ARM_GCC_541\Debug\Cm3Start.o
                0x00000010                Reset
                0x00000001                ASSERT ((. != __cy_reset), No reset code)
 *(.dma_init)
                0x00000001                ASSERT ((((appl_start + .) <= 0x10000) || 0x1), DMA Init must be within the first 64k of flash)
 *(.text .text.* .gnu.linkonce.t.*)
 .text          0x00000028       0x5c c:/program files (x86)/cypress/psoc creator/4.2/psoc creator/import/gnu/arm/5.4.1/bin/../lib/gcc/arm-none-eabi/5.4.1/armv7-m/crtbegin.o
 .text.main     0x00000084      0x25c .\CortexM3\ARM_GCC_541\Debug\main.o
                0x00000084                main
 .text.SetExtSRAMAddr
                0x000002e0       0x1c .\CortexM3\ARM_GCC_541\Debug\ExtSRAM.o
                0x000002e0                SetExtSRAMAddr
 .text.ReadExtSRAM
                0x000002fc       0x24 .\CortexM3\ARM_GCC_541\Debug\ExtSRAM.o
                0x000002fc                ReadExtSRAM
 .text.WriteExtSRAM
                0x00000320       0x24 .\CortexM3\ARM_GCC_541\Debug\ExtSRAM.o
                0x00000320                WriteExtSRAM
 .text.TestSRAM
                0x00000344      0x114 .\CortexM3\ARM_GCC_541\Debug\ExtSRAM.o
                0x00000344                TestSRAM
 .text.loadSRAM
                0x00000458       0x24 .\CortexM3\ARM_GCC_541\Debug\ExtSRAM.o
                0x00000458                loadSRAM
 .text.readRegister_MCP23017
                0x0000047c       0x38 .\CortexM3\ARM_GCC_541\Debug\FrontPanel.o
                0x0000047c                readRegister_MCP23017
 .text.readFrontPanelSwitchesStatic
                0x000004b4       0x30 .\CortexM3\ARM_GCC_541\Debug\FrontPanel.o
                0x000004b4                readFrontPanelSwitchesStatic
 .text.FrontPanelZ80Read
                0x000004e4       0x38 .\CortexM3\ARM_GCC_541\Debug\FrontPanel.o
                0x000004e4                FrontPanelZ80Read
 .text.readFrontPanelSwitchesRegistered
                0x0000051c       0x34 .\CortexM3\ARM_GCC_541\Debug\FrontPanel.o
                0x0000051c                readFrontPanelSwitchesRegistered
 .text.waitFrontPanelSwitchesPressed
                0x00000550       0x24 .\CortexM3\ARM_GCC_541\Debug\FrontPanel.o
                0x00000550                waitFrontPanelSwitchesPressed
 .text.writeRegister_MCP23017
                0x00000574       0x34 .\CortexM3\ARM_GCC_541\Debug\FrontPanel.o
                0x00000574                writeRegister_MCP23017
 .text.init_FrontPanel
                0x000005a8       0xa0 .\CortexM3\ARM_GCC_541\Debug\FrontPanel.o
                0x000005a8                init_FrontPanel
 .text.writeFrontPanelLEDs
                0x00000648       0x34 .\CortexM3\ARM_GCC_541\Debug\FrontPanel.o
                0x00000648                writeFrontPanelLEDs
 .text.FrontPanelZ80Write
                0x0000067c       0x68 .\CortexM3\ARM_GCC_541\Debug\FrontPanel.o
                0x0000067c                FrontPanelZ80Write
 .text.runFrontPanel
                0x000006e4      0x1ac .\CortexM3\ARM_GCC_541\Debug\FrontPanel.o
                0x000006e4                runFrontPanel
 .text.HandleZ80IO
                0x00000890      0x498 .\CortexM3\ARM_GCC_541\Debug\Z80_IO_Handle.o
                0x00000890                HandleZ80IO
 .text.ackIO    0x00000d28       0x14 .\CortexM3\ARM_GCC_541\Debug\Z80_IO_Handle.o
                0x00000d28                ackIO
 .text.init_PIO
                0x00000d3c       0xc4 .\CortexM3\ARM_GCC_541\Debug\Z80_PIO_emul.o
                0x00000d3c                init_PIO
 .text.PioReadDataA
                0x00000e00       0x2c .\CortexM3\ARM_GCC_541\Debug\Z80_PIO_emul.o
                0x00000e00                PioReadDataA
 .text.PioWriteDataA
                0x00000e2c       0x18 .\CortexM3\ARM_GCC_541\Debug\Z80_PIO_emul.o
                0x00000e2c                PioWriteDataA
 .text.PioWriteCtrlA
                0x00000e44      0x118 .\CortexM3\ARM_GCC_541\Debug\Z80_PIO_emul.o
                0x00000e44                PioWriteCtrlA
 .text.PioReadDataB
                0x00000f5c       0x2c .\CortexM3\ARM_GCC_541\Debug\Z80_PIO_emul.o
                0x00000f5c                PioReadDataB
 .text.PioWriteDataB
                0x00000f88       0x18 .\CortexM3\ARM_GCC_541\Debug\Z80_PIO_emul.o
                0x00000f88                PioWriteDataB
 .text.PioWriteCtrlB
                0x00000fa0      0x118 .\CortexM3\ARM_GCC_541\Debug\Z80_PIO_emul.o
                0x00000fa0                PioWriteCtrlB
 .text.initM6850StatusRegister
                0x000010b8        0xc .\CortexM3\ARM_GCC_541\Debug\Z80_6850_Emul.o
                0x000010b8                initM6850StatusRegister
 .text.M6850ReadIntReg
                0x000010c4       0x14 .\CortexM3\ARM_GCC_541\Debug\Z80_6850_Emul.o
                0x000010c4                M6850ReadIntReg
 .text.sendCharToZ80
                0x000010d8       0x30 .\CortexM3\ARM_GCC_541\Debug\Z80_6850_Emul.o
                0x000010d8                sendCharToZ80
 .text.checkSerialReceiverBusy
                0x00001108       0x24 .\CortexM3\ARM_GCC_541\Debug\Z80_6850_Emul.o
                0x00001108                checkSerialReceiverBusy
 .text.M6850ReadData
                0x0000112c       0x24 .\CortexM3\ARM_GCC_541\Debug\Z80_6850_Emul.o
                0x0000112c                M6850ReadData
 .text.M6850WriteData
                0x00001150       0x28 .\CortexM3\ARM_GCC_541\Debug\Z80_6850_Emul.o
                0x00001150                M6850WriteData
 .text.M6850ReadStatus
                0x00001178       0x14 .\CortexM3\ARM_GCC_541\Debug\Z80_6850_Emul.o
                0x00001178                M6850ReadStatus
 .text.M6850WriteCtrl
                0x0000118c       0x14 .\CortexM3\ARM_GCC_541\Debug\Z80_6850_Emul.o
                0x0000118c                M6850WriteCtrl
 .text.SDReadData
                0x000011a0       0x38 .\CortexM3\ARM_GCC_541\Debug\Z80_SDCard_Emul.o
                0x000011a0                SDReadData
 .text.SDWriteData
                0x000011d8       0x54 .\CortexM3\ARM_GCC_541\Debug\Z80_SDCard_Emul.o
                0x000011d8                SDWriteData
 .text.SDWriteCommand
                0x0000122c       0xb4 .\CortexM3\ARM_GCC_541\Debug\Z80_SDCard_Emul.o
                0x0000122c                SDWriteCommand
 .text.SDReadStatus
                0x000012e0       0x14 .\CortexM3\ARM_GCC_541\Debug\Z80_SDCard_Emul.o
                0x000012e0                SDReadStatus
 .text.SDWriteLBA0
                0x000012f4       0x14 .\CortexM3\ARM_GCC_541\Debug\Z80_SDCard_Emul.o
                0x000012f4                SDWriteLBA0
 .text.SDWriteLBA1
                0x00001308       0x14 .\CortexM3\ARM_GCC_541\Debug\Z80_SDCard_Emul.o
                0x00001308                SDWriteLBA1
 .text.SDWriteLBA2
                0x0000131c       0x14 .\CortexM3\ARM_GCC_541\Debug\Z80_SDCard_Emul.o
                0x0000131c                SDWriteLBA2
 .text.initM6850_2_StatusRegister
                0x00001330        0xc .\CortexM3\ARM_GCC_541\Debug\Z80_6850_2_Emul.o
                0x00001330                initM6850_2_StatusRegister
 .text.M6850_2_ReadData
                0x0000133c        0x8 .\CortexM3\ARM_GCC_541\Debug\Z80_6850_2_Emul.o
                0x0000133c                M6850_2_ReadData
 .text.M6850_2_WriteData
                0x00001344        0x8 .\CortexM3\ARM_GCC_541\Debug\Z80_6850_2_Emul.o
                0x00001344                M6850_2_WriteData
 .text.M6850_2_ReadStatus
                0x0000134c       0x14 .\CortexM3\ARM_GCC_541\Debug\Z80_6850_2_Emul.o
                0x0000134c                M6850_2_ReadStatus
 .text.M6850_2_WriteCtrl
                0x00001360       0x14 .\CortexM3\ARM_GCC_541\Debug\Z80_6850_2_Emul.o
                0x00001360                M6850_2_WriteCtrl
 .text.init_mem_map_4
                0x00001374       0x24 .\CortexM3\ARM_GCC_541\Debug\Z80_Mem_Mappers.o
                0x00001374                init_mem_map_4
 .text.wrMMU4SelectReg
                0x00001398       0x18 .\CortexM3\ARM_GCC_541\Debug\Z80_Mem_Mappers.o
                0x00001398                wrMMU4SelectReg
 .text.wrMMU4Bank
                0x000013b0       0x40 .\CortexM3\ARM_GCC_541\Debug\Z80_Mem_Mappers.o
                0x000013b0                wrMMU4Bank
 .text.SPI_write_byte
                0x000013f0       0x18 .\CortexM3\ARM_GCC_541\Debug\SDCard.o
                0x000013f0                SPI_write_byte
 .text.SD_command
                0x00001408       0x6c .\CortexM3\ARM_GCC_541\Debug\SDCard.o
                0x00001408                SD_command
 .text.SDInit   0x00001474      0x11c .\CortexM3\ARM_GCC_541\Debug\SDCard.o
                0x00001474                SDInit
 .text.dumpBuffer
                0x00001590       0xd0 .\CortexM3\ARM_GCC_541\Debug\SDCard.o
                0x00001590                dumpBuffer
 .text.SD_ReadSector
                0x00001660       0xe8 .\CortexM3\ARM_GCC_541\Debug\SDCard.o
                0x00001660                SD_ReadSector
 .text.readSDCard
                0x00001748       0x18 .\CortexM3\ARM_GCC_541\Debug\SDCard.o
                0x00001748                readSDCard
 .text.SD_WriteSector
                0x00001760       0xfc .\CortexM3\ARM_GCC_541\Debug\SDCard.o
                0x00001760                SD_WriteSector
 .text.writeSDCard
                0x0000185c       0x34 .\CortexM3\ARM_GCC_541\Debug\SDCard.o
                0x0000185c                writeSDCard
 .text.PostLed  0x00001890       0x28 .\CortexM3\ARM_GCC_541\Debug\Z80_PSoC_3Chips.o
                0x00001890                PostLed
 .text.putStringToUSB
                0x000018b8       0x1c .\CortexM3\ARM_GCC_541\Debug\Z80_PSoC_3Chips.o
                0x000018b8                putStringToUSB
 .text.I2CIntISR
                0x000018d4       0x78 .\CortexM3\ARM_GCC_541\Debug\Z80_PSoC_3Chips.o
                0x000018d4                I2CIntISR
 .text.init_Z80_RTC
                0x0000194c       0x14 .\CortexM3\ARM_GCC_541\Debug\Z80_RTC.o
                0x0000194c                init_Z80_RTC
 .text.writeCmdRTC
                0x00001960       0x14 .\CortexM3\ARM_GCC_541\Debug\Z80_RTC.o
                0x00001960                writeCmdRTC
 .text.readCmdRTC
                0x00001974       0x14 .\CortexM3\ARM_GCC_541\Debug\Z80_RTC.o
                0x00001974                readCmdRTC
 .text.writeRTC
                0x00001988       0x84 .\CortexM3\ARM_GCC_541\Debug\Z80_RTC.o
                0x00001988                writeRTC
 .text.readRTC  0x00001a0c       0x80 .\CortexM3\ARM_GCC_541\Debug\Z80_RTC.o
                0x00001a0c                readRTC
 .text.init_DAC
                0x00001a8c       0x24 .\CortexM3\ARM_GCC_541\Debug\Z80_DAC.o
                0x00001a8c                init_DAC
 .text.writeDAC
                0x00001ab0       0x24 .\CortexM3\ARM_GCC_541\Debug\Z80_DAC.o
                0x00001ab0                writeDAC
 .text.readDAC  0x00001ad4       0x14 .\CortexM3\ARM_GCC_541\Debug\Z80_DAC.o
                0x00001ad4                readDAC
 .text.readStatDAC
                0x00001ae8       0x14 .\CortexM3\ARM_GCC_541\Debug\Z80_DAC.o
                0x00001ae8                readStatDAC
 .text.writeCmdDAC
                0x00001afc       0x70 .\CortexM3\ARM_GCC_541\Debug\Z80_DAC.o
                0x00001afc                writeCmdDAC
 .text.CyClockStartupError
                0x00001b6c        0x4 .\CortexM3\ARM_GCC_541\Debug\cyfitter_cfg.o
 .text.cfg_write_bytes32
                0x00001b70       0x34 .\CortexM3\ARM_GCC_541\Debug\cyfitter_cfg.o
 .text.AnalogSetDefault
                0x00001ba4       0x38 .\CortexM3\ARM_GCC_541\Debug\cyfitter_cfg.o
 .text.CYMEMZERO
                0x00001bdc        0xc .\CortexM3\ARM_GCC_541\Debug\cyfitter_cfg.o
 .text.ClockSetup
                0x00001be8      0x12c .\CortexM3\ARM_GCC_541\Debug\cyfitter_cfg.o
 .text.CYCONFIGCPY
                0x00001d14        0x8 .\CortexM3\ARM_GCC_541\Debug\cyfitter_cfg.o
 .text.cyfitter_cfg
                0x00001d1c      0x188 .\CortexM3\ARM_GCC_541\Debug\cyfitter_cfg.o
                0x00001d1c                cyfitter_cfg
 .text.IntDefaultHandler
                0x00001ea4       0x10 .\CortexM3\ARM_GCC_541\Debug\Cm3Start.o
                0x00001ea4                IntDefaultHandler
 .text._sbrk    0x00001eb4       0x30 .\CortexM3\ARM_GCC_541\Debug\Cm3Start.o
                0x00001eb4                _sbrk
 .text.Start_c  0x00001ee4       0x4c .\CortexM3\ARM_GCC_541\Debug\Cm3Start.o
                0x00001ee4                Start_c
 .text.initialize_psoc
                0x00001f30       0x6c .\CortexM3\ARM_GCC_541\Debug\Cm3Start.o
                0x00001f30                initialize_psoc
 .text.CyDmacConfigure
                0x00001f9c       0x34 .\CortexM3\ARM_GCC_541\Debug\Z80_3Chip.a(CyDmac.o)
                0x00001f9c                CyDmacConfigure
 .text.CyDmaChEnable
                0x00001fd0       0x38 .\CortexM3\ARM_GCC_541\Debug\Z80_3Chip.a(CyDmac.o)
                0x00001fd0                CyDmaChEnable
 .text.CyDmaChDisable
                0x00002008       0x24 .\CortexM3\ARM_GCC_541\Debug\Z80_3Chip.a(CyDmac.o)
                0x00002008                CyDmaChDisable
 .text.CyDmaChPriority
                0x0000202c       0x24 .\CortexM3\ARM_GCC_541\Debug\Z80_3Chip.a(CyDmac.o)
                0x0000202c                CyDmaChPriority
 .text.CyDmaChSetExtendedAddress
                0x00002050       0x34 .\CortexM3\ARM_GCC_541\Debug\Z80_3Chip.a(CyDmac.o)
                0x00002050                CyDmaChSetExtendedAddress
 .text.CyDmaChSetInitialTd
                0x00002084       0x18 .\CortexM3\ARM_GCC_541\Debug\Z80_3Chip.a(CyDmac.o)
                0x00002084                CyDmaChSetInitialTd
 .text.CyDmaChSetConfiguration
                0x0000209c       0x44 .\CortexM3\ARM_GCC_541\Debug\Z80_3Chip.a(CyDmac.o)
                0x0000209c                CyDmaChSetConfiguration
 .text.CyDmaTdAllocate
                0x000020e0       0x34 .\CortexM3\ARM_GCC_541\Debug\Z80_3Chip.a(CyDmac.o)
                0x000020e0                CyDmaTdAllocate
 .text.CyDmaTdSetConfiguration
                0x00002114       0x28 .\CortexM3\ARM_GCC_541\Debug\Z80_3Chip.a(CyDmac.o)
                0x00002114                CyDmaTdSetConfiguration
 .text.CyDmaTdSetAddress
                0x0000213c       0x1c .\CortexM3\ARM_GCC_541\Debug\Z80_3Chip.a(CyDmac.o)
                0x0000213c                CyDmaTdSetAddress
 .text.CyHalt   0x00002158        0x4 .\CortexM3\ARM_GCC_541\Debug\Z80_3Chip.a(CyLib.o)
                0x00002158                CyHalt
 .text.CyDelay  0x0000215c       0x2c .\CortexM3\ARM_GCC_541\Debug\Z80_3Chip.a(CyLib.o)
                0x0000215c                CyDelay
 .text.CyDelayUs
                0x00002188       0x14 .\CortexM3\ARM_GCC_541\Debug\Z80_3Chip.a(CyLib.o)
                0x00002188                CyDelayUs
 .text.CyIntSetVector
                0x0000219c       0x28 .\CortexM3\ARM_GCC_541\Debug\Z80_3Chip.a(CyLib.o)
                0x0000219c                CyIntSetVector
 .text.CyIntSetPriority
                0x000021c4       0x30 .\CortexM3\ARM_GCC_541\Debug\Z80_3Chip.a(CyLib.o)
                0x000021c4                CyIntSetPriority
 .text.CyGetUniqueId
                0x000021f4       0x70 .\CortexM3\ARM_GCC_541\Debug\Z80_3Chip.a(CyLib.o)
                0x000021f4                CyGetUniqueId
 .text.CyPmReadStatus
                0x00002264       0x30 .\CortexM3\ARM_GCC_541\Debug\Z80_3Chip.a(cyPm.o)
                0x00002264                CyPmReadStatus
 .text.AdrLowIn_Read
                0x00002294        0xc .\CortexM3\ARM_GCC_541\Debug\Z80_3Chip.a(AdrLowIn.o)
                0x00002294                AdrLowIn_Read
 .text.AdrLowOut_Write
                0x000022a0        0xc .\CortexM3\ARM_GCC_541\Debug\Z80_3Chip.a(AdrLowOut.o)
                0x000022a0                AdrLowOut_Write
 .text.LED_Write
                0x000022ac       0x18 .\CortexM3\ARM_GCC_541\Debug\Z80_3Chip.a(LED.o)
                0x000022ac                LED_Write
 .text.INT_n_Write
                0x000022c4       0x18 .\CortexM3\ARM_GCC_541\Debug\Z80_3Chip.a(INT_n.o)
                0x000022c4                INT_n_Write
 .text.IO_Ctrl_Reg_Write
                0x000022dc        0xc .\CortexM3\ARM_GCC_541\Debug\Z80_3Chip.a(IO_Ctrl_Reg.o)
                0x000022dc                IO_Ctrl_Reg_Write
 .text.IO_Ctrl_Reg_Read
                0x000022e8        0xc .\CortexM3\ARM_GCC_541\Debug\Z80_3Chip.a(IO_Ctrl_Reg.o)
                0x000022e8                IO_Ctrl_Reg_Read
 .text.IO_Stat_Reg_Read
                0x000022f4        0xc .\CortexM3\ARM_GCC_541\Debug\Z80_3Chip.a(IO_Stat_Reg.o)
                0x000022f4                IO_Stat_Reg_Read
 .text.Z80_Data_In_Write
                0x00002300        0xc .\CortexM3\ARM_GCC_541\Debug\Z80_3Chip.a(Z80_Data_In.o)
                0x00002300                Z80_Data_In_Write
 .text.Z80_Data_In_Read
                0x0000230c        0xc .\CortexM3\ARM_GCC_541\Debug\Z80_3Chip.a(Z80_Data_In.o)
                0x0000230c                Z80_Data_In_Read
 .text.Z80_Data_Out_Read
                0x00002318        0xc .\CortexM3\ARM_GCC_541\Debug\Z80_3Chip.a(Z80_Data_Out.o)
                0x00002318                Z80_Data_Out_Read
 .text.AdrMidOut_Write
                0x00002324        0xc .\CortexM3\ARM_GCC_541\Debug\Z80_3Chip.a(AdrMidOut.o)
                0x00002324                AdrMidOut_Write
 .text.AdrHighOut_Write
                0x00002330        0xc .\CortexM3\ARM_GCC_541\Debug\Z80_3Chip.a(AdrHighOut.o)
                0x00002330                AdrHighOut_Write
 .text.I2C_Init
                0x0000233c       0x68 .\CortexM3\ARM_GCC_541\Debug\Z80_3Chip.a(I2C.o)
                0x0000233c                I2C_Init
 .text.I2C_Enable
                0x000023a4       0x24 .\CortexM3\ARM_GCC_541\Debug\Z80_3Chip.a(I2C.o)
                0x000023a4                I2C_Enable
 .text.I2C_Start
                0x000023c8       0x28 .\CortexM3\ARM_GCC_541\Debug\Z80_3Chip.a(I2C.o)
                0x000023c8                I2C_Start
 .text.I2C_ISR  0x000023f0      0x2d0 .\CortexM3\ARM_GCC_541\Debug\Z80_3Chip.a(I2C_INT.o)
                0x000023f0                I2C_ISR
 .text.I2C_MasterWriteBuf
                0x000026c0       0xcc .\CortexM3\ARM_GCC_541\Debug\Z80_3Chip.a(I2C_MASTER.o)
                0x000026c0                I2C_MasterWriteBuf
 .text.I2C_MasterSendStart
                0x0000278c       0x80 .\CortexM3\ARM_GCC_541\Debug\Z80_3Chip.a(I2C_MASTER.o)
                0x0000278c                I2C_MasterSendStart
 .text.I2C_MasterSendStop
                0x0000280c       0x38 .\CortexM3\ARM_GCC_541\Debug\Z80_3Chip.a(I2C_MASTER.o)
                0x0000280c                I2C_MasterSendStop
 .text.I2C_MasterWriteByte
                0x00002844       0x58 .\CortexM3\ARM_GCC_541\Debug\Z80_3Chip.a(I2C_MASTER.o)
                0x00002844                I2C_MasterWriteByte
 .text.I2C_MasterReadByte
                0x0000289c       0x58 .\CortexM3\ARM_GCC_541\Debug\Z80_3Chip.a(I2C_MASTER.o)
                0x0000289c                I2C_MasterReadByte
 .text.I2C_MasterStatus
                0x000028f4       0x38 .\CortexM3\ARM_GCC_541\Debug\Z80_3Chip.a(I2C_MASTER.o)
                0x000028f4                I2C_MasterStatus
 .text.I2C_MasterClearStatus
                0x0000292c       0x24 .\CortexM3\ARM_GCC_541\Debug\Z80_3Chip.a(I2C_MASTER.o)
                0x0000292c                I2C_MasterClearStatus
 .text.USBUART_Init
                0x00002950      0x140 .\CortexM3\ARM_GCC_541\Debug\Z80_3Chip.a(USBUART.o)
                0x00002950                USBUART_Init
 .text.USBUART_InitComponent
                0x00002a90       0xb8 .\CortexM3\ARM_GCC_541\Debug\Z80_3Chip.a(USBUART.o)
                0x00002a90                USBUART_InitComponent
 .text.USBUART_Start
                0x00002b48       0x24 .\CortexM3\ARM_GCC_541\Debug\Z80_3Chip.a(USBUART.o)
                0x00002b48                USBUART_Start
 .text.USBUART_ReInitComponent
                0x00002b6c       0x4c .\CortexM3\ARM_GCC_541\Debug\Z80_3Chip.a(USBUART.o)
                0x00002b6c                USBUART_ReInitComponent
 .text.USBUART_GetConfiguration
                0x00002bb8        0xc .\CortexM3\ARM_GCC_541\Debug\Z80_3Chip.a(USBUART.o)
                0x00002bb8                USBUART_GetConfiguration
 .text.USBUART_IsConfigurationChanged
                0x00002bc4       0x20 .\CortexM3\ARM_GCC_541\Debug\Z80_3Chip.a(USBUART.o)
                0x00002bc4                USBUART_IsConfigurationChanged
 .text.USBUART_GetEPState
                0x00002be4       0x14 .\CortexM3\ARM_GCC_541\Debug\Z80_3Chip.a(USBUART.o)
                0x00002be4                USBUART_GetEPState
 .text.USBUART_GetEPCount
                0x00002bf8       0x28 .\CortexM3\ARM_GCC_541\Debug\Z80_3Chip.a(USBUART.o)
                0x00002bf8                USBUART_GetEPCount
 .text.USBUART_LoadInEP
                0x00002c20       0x94 .\CortexM3\ARM_GCC_541\Debug\Z80_3Chip.a(USBUART.o)
                0x00002c20                USBUART_LoadInEP
 .text.USBUART_EnableOutEP
                0x00002cb4       0x2c .\CortexM3\ARM_GCC_541\Debug\Z80_3Chip.a(USBUART.o)
                0x00002cb4                USBUART_EnableOutEP
 .text.USBUART_ReadOutEP
                0x00002ce0       0x50 .\CortexM3\ARM_GCC_541\Debug\Z80_3Chip.a(USBUART.o)
                0x00002ce0                USBUART_ReadOutEP
 .text.USBUART_GetInterfaceComPort
                0x00002d30       0x38 .\CortexM3\ARM_GCC_541\Debug\Z80_3Chip.a(USBUART_cdc.o)
                0x00002d30                USBUART_GetInterfaceComPort
 .text.USBUART_DispatchCDCClassRqst
                0x00002d68       0x98 .\CortexM3\ARM_GCC_541\Debug\Z80_3Chip.a(USBUART_cdc.o)
                0x00002d68                USBUART_DispatchCDCClassRqst
 .text.USBUART_CDC_Init
                0x00002e00       0x98 .\CortexM3\ARM_GCC_541\Debug\Z80_3Chip.a(USBUART_cdc.o)
                0x00002e00                USBUART_CDC_Init
 .text.USBUART_PutData
                0x00002e98       0x50 .\CortexM3\ARM_GCC_541\Debug\Z80_3Chip.a(USBUART_cdc.o)
                0x00002e98                USBUART_PutData
 .text.USBUART_DataIsReady
                0x00002ee8       0x18 .\CortexM3\ARM_GCC_541\Debug\Z80_3Chip.a(USBUART_cdc.o)
                0x00002ee8                USBUART_DataIsReady
 .text.USBUART_CDCIsReady
                0x00002f00       0x18 .\CortexM3\ARM_GCC_541\Debug\Z80_3Chip.a(USBUART_cdc.o)
                0x00002f00                USBUART_CDCIsReady
 .text.USBUART_GetAll
                0x00002f18       0x30 .\CortexM3\ARM_GCC_541\Debug\Z80_3Chip.a(USBUART_cdc.o)
                0x00002f18                USBUART_GetAll
 .text.USBUART_Cdc_EpInit
                0x00002f48       0x50 .\CortexM3\ARM_GCC_541\Debug\Z80_3Chip.a(USBUART_cdc.o)
                0x00002f48                USBUART_Cdc_EpInit
 .text.USBUART_LoadEP0
                0x00002f98       0x98 .\CortexM3\ARM_GCC_541\Debug\Z80_3Chip.a(USBUART_drv.o)
                0x00002f98                USBUART_LoadEP0
 .text.USBUART_InitZeroLengthControlTransfer
                0x00003030       0x34 .\CortexM3\ARM_GCC_541\Debug\Z80_3Chip.a(USBUART_drv.o)
                0x00003030                USBUART_InitZeroLengthControlTransfer
 .text.USBUART_ControlReadDataStage
                0x00003064        0x8 .\CortexM3\ARM_GCC_541\Debug\Z80_3Chip.a(USBUART_drv.o)
                0x00003064                USBUART_ControlReadDataStage
 .text.USBUART_ControlWriteDataStage
                0x0000306c       0x84 .\CortexM3\ARM_GCC_541\Debug\Z80_3Chip.a(USBUART_drv.o)
                0x0000306c                USBUART_ControlWriteDataStage
 .text.USBUART_InitNoDataControlTransfer
                0x000030f0       0x2c .\CortexM3\ARM_GCC_541\Debug\Z80_3Chip.a(USBUART_drv.o)
                0x000030f0                USBUART_InitNoDataControlTransfer
 .text.USBUART_UpdateStatusBlock
                0x0000311c       0x24 .\CortexM3\ARM_GCC_541\Debug\Z80_3Chip.a(USBUART_drv.o)
                0x0000311c                USBUART_UpdateStatusBlock
 .text.USBUART_HandleSetup
                0x00003140       0x5c .\CortexM3\ARM_GCC_541\Debug\Z80_3Chip.a(USBUART_drv.o)
                0x00003140                USBUART_HandleSetup
 .text.USBUART_ControlReadStatusStage
                0x0000319c       0x38 .\CortexM3\ARM_GCC_541\Debug\Z80_3Chip.a(USBUART_drv.o)
                0x0000319c                USBUART_ControlReadStatusStage
 .text.USBUART_HandleOUT
                0x000031d4       0x38 .\CortexM3\ARM_GCC_541\Debug\Z80_3Chip.a(USBUART_drv.o)
                0x000031d4                USBUART_HandleOUT
 .text.USBUART_ControlWriteStatusStage
                0x0000320c       0x20 .\CortexM3\ARM_GCC_541\Debug\Z80_3Chip.a(USBUART_drv.o)
                0x0000320c                USBUART_ControlWriteStatusStage
 .text.USBUART_NoDataControlStatusStage
                0x0000322c       0x40 .\CortexM3\ARM_GCC_541\Debug\Z80_3Chip.a(USBUART_drv.o)
                0x0000322c                USBUART_NoDataControlStatusStage
 .text.USBUART_HandleIN
                0x0000326c       0x2c .\CortexM3\ARM_GCC_541\Debug\Z80_3Chip.a(USBUART_drv.o)
                0x0000326c                USBUART_HandleIN
 .text.USBUART_EP_0_ISR
                0x00003298       0xb8 .\CortexM3\ARM_GCC_541\Debug\Z80_3Chip.a(USBUART_drv.o)
                0x00003298                USBUART_EP_0_ISR
 .text.USBUART_InitializeStatusBlock
                0x00003350       0x24 .\CortexM3\ARM_GCC_541\Debug\Z80_3Chip.a(USBUART_drv.o)
                0x00003350                USBUART_InitializeStatusBlock
 .text.USBUART_InitControlRead
                0x00003374       0x50 .\CortexM3\ARM_GCC_541\Debug\Z80_3Chip.a(USBUART_drv.o)
                0x00003374                USBUART_InitControlRead
 .text.USBUART_InitControlWrite
                0x000033c4       0x48 .\CortexM3\ARM_GCC_541\Debug\Z80_3Chip.a(USBUART_drv.o)
                0x000033c4                USBUART_InitControlWrite
 .text.USBUART_EP_1_ISR
                0x0000340c       0x30 .\CortexM3\ARM_GCC_541\Debug\Z80_3Chip.a(USBUART_episr.o)
                0x0000340c                USBUART_EP_1_ISR
 .text.USBUART_EP_2_ISR
                0x0000343c       0x34 .\CortexM3\ARM_GCC_541\Debug\Z80_3Chip.a(USBUART_episr.o)
                0x0000343c                USBUART_EP_2_ISR
 .text.USBUART_EP_3_ISR
                0x00003470       0x3c .\CortexM3\ARM_GCC_541\Debug\Z80_3Chip.a(USBUART_episr.o)
                0x00003470                USBUART_EP_3_ISR
 .text.USBUART_SOF_ISR
                0x000034ac        0x4 .\CortexM3\ARM_GCC_541\Debug\Z80_3Chip.a(USBUART_episr.o)
                0x000034ac                USBUART_SOF_ISR
 .text.USBUART_BUS_RESET_ISR
                0x000034b0        0x8 .\CortexM3\ARM_GCC_541\Debug\Z80_3Chip.a(USBUART_episr.o)
                0x000034b0                USBUART_BUS_RESET_ISR
 .text.USBUART_DP_ISR
                0x000034b8        0x8 .\CortexM3\ARM_GCC_541\Debug\Z80_3Chip.a(USBUART_pm.o)
                0x000034b8                USBUART_DP_ISR
 .text.USBUART_ReadDieID
                0x000034c0       0x6c .\CortexM3\ARM_GCC_541\Debug\Z80_3Chip.a(USBUART_std.o)
                0x000034c0                USBUART_ReadDieID
 .text.USBUART_ConfigReg
                0x0000352c       0xa4 .\CortexM3\ARM_GCC_541\Debug\Z80_3Chip.a(USBUART_std.o)
                0x0000352c                USBUART_ConfigReg
 .text.USBUART_GetConfigTablePtr
                0x000035d0       0x28 .\CortexM3\ARM_GCC_541\Debug\Z80_3Chip.a(USBUART_std.o)
                0x000035d0                USBUART_GetConfigTablePtr
 .text.USBUART_ConfigAltChanged
                0x000035f8      0x11c .\CortexM3\ARM_GCC_541\Debug\Z80_3Chip.a(USBUART_std.o)
                0x000035f8                USBUART_ConfigAltChanged
 .text.USBUART_GetDeviceTablePtr
                0x00003714       0x18 .\CortexM3\ARM_GCC_541\Debug\Z80_3Chip.a(USBUART_std.o)
                0x00003714                USBUART_GetDeviceTablePtr
 .text.USBUART_GetInterfaceClassTablePtr
                0x0000372c       0x28 .\CortexM3\ARM_GCC_541\Debug\Z80_3Chip.a(USBUART_std.o)
                0x0000372c                USBUART_GetInterfaceClassTablePtr
 .text.USBUART_Config
                0x00003754      0x1ec .\CortexM3\ARM_GCC_541\Debug\Z80_3Chip.a(USBUART_std.o)
                0x00003754                USBUART_Config
 .text.USBUART_SetEndpointHalt
                0x00003940       0x64 .\CortexM3\ARM_GCC_541\Debug\Z80_3Chip.a(USBUART_std.o)
                0x00003940                USBUART_SetEndpointHalt
 .text.USBUART_ClearEndpointHalt
                0x000039a4       0xac .\CortexM3\ARM_GCC_541\Debug\Z80_3Chip.a(USBUART_std.o)
                0x000039a4                USBUART_ClearEndpointHalt
 .text.USBUART_ValidateAlternateSetting
                0x00003a50       0x4c .\CortexM3\ARM_GCC_541\Debug\Z80_3Chip.a(USBUART_std.o)
                0x00003a50                USBUART_ValidateAlternateSetting
 .text.USBUART_HandleStandardRqst
                0x00003a9c      0x354 .\CortexM3\ARM_GCC_541\Debug\Z80_3Chip.a(USBUART_std.o)
                0x00003a9c                USBUART_HandleStandardRqst
 .text.USBUART_HandleVendorRqst
                0x00003df0       0x18 .\CortexM3\ARM_GCC_541\Debug\Z80_3Chip.a(USBUART_vnd.o)
                0x00003df0                USBUART_HandleVendorRqst
 .text.USBUART_Dp_ClearInterrupt
                0x00003e08       0x10 .\CortexM3\ARM_GCC_541\Debug\Z80_3Chip.a(USBUART_Dp.o)
                0x00003e08                USBUART_Dp_ClearInterrupt
 .text.I2CINT_n_SetDriveMode
                0x00003e18       0x18 .\CortexM3\ARM_GCC_541\Debug\Z80_3Chip.a(I2CINT_n.o)
                0x00003e18                I2CINT_n_SetDriveMode
 .text.SPI_Master_Enable
                0x00003e30       0x34 .\CortexM3\ARM_GCC_541\Debug\Z80_3Chip.a(SPI_Master.o)
                0x00003e30                SPI_Master_Enable
 .text.SPI_Master_ReadTxStatus
                0x00003e64        0xc .\CortexM3\ARM_GCC_541\Debug\Z80_3Chip.a(SPI_Master.o)
                0x00003e64                SPI_Master_ReadTxStatus
 .text.SPI_Master_ReadRxStatus
                0x00003e70        0xc .\CortexM3\ARM_GCC_541\Debug\Z80_3Chip.a(SPI_Master.o)
                0x00003e70                SPI_Master_ReadRxStatus
 .text.SPI_Master_WriteTxData
                0x00003e7c       0x18 .\CortexM3\ARM_GCC_541\Debug\Z80_3Chip.a(SPI_Master.o)
                0x00003e7c                SPI_Master_WriteTxData
 .text.SPI_Master_ReadRxData
                0x00003e94        0xc .\CortexM3\ARM_GCC_541\Debug\Z80_3Chip.a(SPI_Master.o)
                0x00003e94                SPI_Master_ReadRxData
 .text.SPI_Master_ClearRxBuffer
                0x00003ea0       0x1c .\CortexM3\ARM_GCC_541\Debug\Z80_3Chip.a(SPI_Master.o)
                0x00003ea0                SPI_Master_ClearRxBuffer
 .text.SPI_Master_ClearFIFO
                0x00003ebc       0x3c .\CortexM3\ARM_GCC_541\Debug\Z80_3Chip.a(SPI_Master.o)
                0x00003ebc                SPI_Master_ClearFIFO
 .text.SPI_Master_Init
                0x00003ef8       0x28 .\CortexM3\ARM_GCC_541\Debug\Z80_3Chip.a(SPI_Master.o)
                0x00003ef8                SPI_Master_Init
 .text.SPI_Master_Start
                0x00003f20       0x1c .\CortexM3\ARM_GCC_541\Debug\Z80_3Chip.a(SPI_Master.o)
                0x00003f20                SPI_Master_Start
 .text.SPI_Master_IntClock_Start
                0x00003f3c       0x1c .\CortexM3\ARM_GCC_541\Debug\Z80_3Chip.a(SPI_Master_IntClock.o)
                0x00003f3c                SPI_Master_IntClock_Start
 .text.RTC_DayOfWeek
                0x00003f58       0x50 .\CortexM3\ARM_GCC_541\Debug\Z80_3Chip.a(RTC.o)
 .text.RTC_DSTDateConversion
                0x00003fa8       0xa0 .\CortexM3\ARM_GCC_541\Debug\Z80_3Chip.a(RTC.o)
 .text.RTC_SetInitValues
                0x00004048      0x728 .\CortexM3\ARM_GCC_541\Debug\Z80_3Chip.a(RTC.o)
 .text.RTC_Init
                0x00004770       0x28 .\CortexM3\ARM_GCC_541\Debug\Z80_3Chip.a(RTC.o)
                0x00004770                RTC_Init
 .text.RTC_Enable
                0x00004798       0x24 .\CortexM3\ARM_GCC_541\Debug\Z80_3Chip.a(RTC.o)
                0x00004798                RTC_Enable
 .text.RTC_Start
                0x000047bc       0x1c .\CortexM3\ARM_GCC_541\Debug\Z80_3Chip.a(RTC.o)
                0x000047bc                RTC_Start
 .text.RTC_WriteSecond
                0x000047d8        0xc .\CortexM3\ARM_GCC_541\Debug\Z80_3Chip.a(RTC.o)
                0x000047d8                RTC_WriteSecond
 .text.RTC_WriteMinute
                0x000047e4        0xc .\CortexM3\ARM_GCC_541\Debug\Z80_3Chip.a(RTC.o)
                0x000047e4                RTC_WriteMinute
 .text.RTC_WriteHour
                0x000047f0        0xc .\CortexM3\ARM_GCC_541\Debug\Z80_3Chip.a(RTC.o)
                0x000047f0                RTC_WriteHour
 .text.RTC_WriteDayOfMonth
                0x000047fc        0xc .\CortexM3\ARM_GCC_541\Debug\Z80_3Chip.a(RTC.o)
                0x000047fc                RTC_WriteDayOfMonth
 .text.RTC_WriteMonth
                0x00004808        0xc .\CortexM3\ARM_GCC_541\Debug\Z80_3Chip.a(RTC.o)
                0x00004808                RTC_WriteMonth
 .text.RTC_WriteYear
                0x00004814        0xc .\CortexM3\ARM_GCC_541\Debug\Z80_3Chip.a(RTC.o)
                0x00004814                RTC_WriteYear
 .text.RTC_ReadSecond
                0x00004820        0xc .\CortexM3\ARM_GCC_541\Debug\Z80_3Chip.a(RTC.o)
                0x00004820                RTC_ReadSecond
 .text.RTC_ReadMinute
                0x0000482c        0xc .\CortexM3\ARM_GCC_541\Debug\Z80_3Chip.a(RTC.o)
                0x0000482c                RTC_ReadMinute
 .text.RTC_ReadHour
                0x00004838        0xc .\CortexM3\ARM_GCC_541\Debug\Z80_3Chip.a(RTC.o)
                0x00004838                RTC_ReadHour
 .text.RTC_ReadDayOfMonth
                0x00004844        0xc .\CortexM3\ARM_GCC_541\Debug\Z80_3Chip.a(RTC.o)
                0x00004844                RTC_ReadDayOfMonth
 .text.RTC_ReadMonth
                0x00004850        0xc .\CortexM3\ARM_GCC_541\Debug\Z80_3Chip.a(RTC.o)
                0x00004850                RTC_ReadMonth
 .text.RTC_ReadYear
                0x0000485c        0xc .\CortexM3\ARM_GCC_541\Debug\Z80_3Chip.a(RTC.o)
                0x0000485c                RTC_ReadYear
 .text.RTC_ISR  0x00004868      0xa58 .\CortexM3\ARM_GCC_541\Debug\Z80_3Chip.a(RTC_INT.o)
                0x00004868                RTC_ISR
 .text.SPI_SS_Out_Write
                0x000052c0        0xc .\CortexM3\ARM_GCC_541\Debug\Z80_3Chip.a(SPI_SS_Out.o)
                0x000052c0                SPI_SS_Out_Write
 .text.WaveDAC8_Enable
                0x000052cc       0x24 .\CortexM3\ARM_GCC_541\Debug\Z80_3Chip.a(WaveDAC8.o)
                0x000052cc                WaveDAC8_Enable
 .text.WaveDAC8_Stop
                0x000052f0       0x1c .\CortexM3\ARM_GCC_541\Debug\Z80_3Chip.a(WaveDAC8.o)
                0x000052f0                WaveDAC8_Stop
 .text.WaveDAC8_Wave1Setup
                0x0000530c       0x40 .\CortexM3\ARM_GCC_541\Debug\Z80_3Chip.a(WaveDAC8.o)
                0x0000530c                WaveDAC8_Wave1Setup
 .text.WaveDAC8_Wave2Setup
                0x0000534c       0x40 .\CortexM3\ARM_GCC_541\Debug\Z80_3Chip.a(WaveDAC8.o)
                0x0000534c                WaveDAC8_Wave2Setup
 .text.WaveDAC8_Init
                0x0000538c       0x3c .\CortexM3\ARM_GCC_541\Debug\Z80_3Chip.a(WaveDAC8.o)
                0x0000538c                WaveDAC8_Init
 .text.WaveDAC8_Start
                0x000053c8       0x1c .\CortexM3\ARM_GCC_541\Debug\Z80_3Chip.a(WaveDAC8.o)
                0x000053c8                WaveDAC8_Start
 .text.WaveDAC8_Wave1_DMA_DmaInitialize
                0x000053e4       0x3c .\CortexM3\ARM_GCC_541\Debug\Z80_3Chip.a(WaveDAC8_Wave1_DMA_dma.o)
                0x000053e4                WaveDAC8_Wave1_DMA_DmaInitialize
 .text.WaveDAC8_Wave2_DMA_DmaInitialize
                0x00005420       0x3c .\CortexM3\ARM_GCC_541\Debug\Z80_3Chip.a(WaveDAC8_Wave2_DMA_dma.o)
                0x00005420                WaveDAC8_Wave2_DMA_DmaInitialize
 .text.WaveDAC8_VDAC8_Enable
                0x0000545c       0x1c .\CortexM3\ARM_GCC_541\Debug\Z80_3Chip.a(WaveDAC8_VDAC8.o)
                0x0000545c                WaveDAC8_VDAC8_Enable
 .text.WaveDAC8_VDAC8_Stop
                0x00005478       0x1c .\CortexM3\ARM_GCC_541\Debug\Z80_3Chip.a(WaveDAC8_VDAC8.o)
                0x00005478                WaveDAC8_VDAC8_Stop
 .text.WaveDAC8_VDAC8_SetSpeed
                0x00005494       0x1c .\CortexM3\ARM_GCC_541\Debug\Z80_3Chip.a(WaveDAC8_VDAC8.o)
                0x00005494                WaveDAC8_VDAC8_SetSpeed
 .text.WaveDAC8_VDAC8_SetValue
                0x000054b0        0xc .\CortexM3\ARM_GCC_541\Debug\Z80_3Chip.a(WaveDAC8_VDAC8.o)
                0x000054b0                WaveDAC8_VDAC8_SetValue
 .text.WaveDAC8_VDAC8_DacTrim
                0x000054bc       0x24 .\CortexM3\ARM_GCC_541\Debug\Z80_3Chip.a(WaveDAC8_VDAC8.o)
                0x000054bc                WaveDAC8_VDAC8_DacTrim
 .text.WaveDAC8_VDAC8_SetRange
                0x000054e0       0x20 .\CortexM3\ARM_GCC_541\Debug\Z80_3Chip.a(WaveDAC8_VDAC8.o)
                0x000054e0                WaveDAC8_VDAC8_SetRange
 .text.WaveDAC8_VDAC8_Init
                0x00005500       0x2c .\CortexM3\ARM_GCC_541\Debug\Z80_3Chip.a(WaveDAC8_VDAC8.o)
                0x00005500                WaveDAC8_VDAC8_Init
 .text.DAC_Control_Write
                0x0000552c        0xc .\CortexM3\ARM_GCC_541\Debug\Z80_3Chip.a(DAC_Control.o)
                0x0000552c                DAC_Control_Write
 .text.Sound_Counter_Enable
                0x00005538       0x28 .\CortexM3\ARM_GCC_541\Debug\Z80_3Chip.a(Sound_Counter.o)
                0x00005538                Sound_Counter_Enable
 .text.Sound_Counter_SetInterruptMode
                0x00005560        0xc .\CortexM3\ARM_GCC_541\Debug\Z80_3Chip.a(Sound_Counter.o)
                0x00005560                Sound_Counter_SetInterruptMode
 .text.Sound_Counter_WriteCounter
                0x0000556c       0x34 .\CortexM3\ARM_GCC_541\Debug\Z80_3Chip.a(Sound_Counter.o)
                0x0000556c                Sound_Counter_WriteCounter
 .text.Sound_Counter_WritePeriod
                0x000055a0        0xc .\CortexM3\ARM_GCC_541\Debug\Z80_3Chip.a(Sound_Counter.o)
                0x000055a0                Sound_Counter_WritePeriod
 .text.Sound_Counter_Init
                0x000055ac       0x64 .\CortexM3\ARM_GCC_541\Debug\Z80_3Chip.a(Sound_Counter.o)
                0x000055ac                Sound_Counter_Init
 .text.Sound_Counter_Start
                0x00005610       0x1c .\CortexM3\ARM_GCC_541\Debug\Z80_3Chip.a(Sound_Counter.o)
                0x00005610                Sound_Counter_Start
 .text.I2CINT_ISR_Interrupt
                0x0000562c        0x8 .\CortexM3\ARM_GCC_541\Debug\Z80_3Chip.a(I2CINT_ISR.o)
                0x0000562c                I2CINT_ISR_Interrupt
 .text.I2CINT_ISR_SetVector
                0x00005634        0xc .\CortexM3\ARM_GCC_541\Debug\Z80_3Chip.a(I2CINT_ISR.o)
                0x00005634                I2CINT_ISR_SetVector
 .text.I2CINT_ISR_SetPriority
                0x00005640       0x10 .\CortexM3\ARM_GCC_541\Debug\Z80_3Chip.a(I2CINT_ISR.o)
                0x00005640                I2CINT_ISR_SetPriority
 .text.I2CINT_ISR_Enable
                0x00005650        0xc .\CortexM3\ARM_GCC_541\Debug\Z80_3Chip.a(I2CINT_ISR.o)
                0x00005650                I2CINT_ISR_Enable
 .text.I2CINT_ISR_Disable
                0x0000565c        0xc .\CortexM3\ARM_GCC_541\Debug\Z80_3Chip.a(I2CINT_ISR.o)
                0x0000565c                I2CINT_ISR_Disable
 .text.I2CINT_ISR_Start
                0x00005668       0x1c .\CortexM3\ARM_GCC_541\Debug\Z80_3Chip.a(I2CINT_ISR.o)
                0x00005668                I2CINT_ISR_Start
 .text.MMU_Sel_Write
                0x00005684        0xc .\CortexM3\ARM_GCC_541\Debug\Z80_3Chip.a(MMU_Sel.o)
                0x00005684                MMU_Sel_Write
 .text.MMU4_Addr_0_Write
                0x00005690        0xc .\CortexM3\ARM_GCC_541\Debug\Z80_3Chip.a(MMU4_Addr_0.o)
                0x00005690                MMU4_Addr_0_Write
 .text.MMU4_Addr_1_Write
                0x0000569c        0xc .\CortexM3\ARM_GCC_541\Debug\Z80_3Chip.a(MMU4_Addr_1.o)
                0x0000569c                MMU4_Addr_1_Write
 .text.MMU4_Addr_2_Write
                0x000056a8        0xc .\CortexM3\ARM_GCC_541\Debug\Z80_3Chip.a(MMU4_Addr_2.o)
                0x000056a8                MMU4_Addr_2_Write
 .text.MMU4_Addr_3_Write
                0x000056b4        0xc .\CortexM3\ARM_GCC_541\Debug\Z80_3Chip.a(MMU4_Addr_3.o)
                0x000056b4                MMU4_Addr_3_Write
 .text          0x000056c0       0x20 .\CortexM3\ARM_GCC_541\Debug\Z80_3Chip.a(CyBootAsmGnu.o)
                0x000056c0                CyDelayCycles
                0x000056d0                CyEnterCriticalSection
                0x000056d8                CyExitCriticalSection
 .text.USBUART_DispatchClassRqst
                0x000056e0       0x60 .\CortexM3\ARM_GCC_541\Debug\Z80_3Chip.a(USBUART_cls.o)
                0x000056e0                USBUART_DispatchClassRqst
 .text.__errno  0x00005740        0xc c:/program files (x86)/cypress/psoc creator/4.2/psoc creator/import/gnu/arm/5.4.1/bin/../lib/gcc/arm-none-eabi/5.4.1/../../../../arm-none-eabi/lib/armv7-m\libg_nano.a(lib_a-errno.o)
                0x00005740                __errno
 .text.__libc_init_array
                0x0000574c       0x4c c:/program files (x86)/cypress/psoc creator/4.2/psoc creator/import/gnu/arm/5.4.1/bin/../lib/gcc/arm-none-eabi/5.4.1/../../../../arm-none-eabi/lib/armv7-m\libg_nano.a(lib_a-init.o)
                0x0000574c                __libc_init_array
 .text.memcpy   0x00005798       0x16 c:/program files (x86)/cypress/psoc creator/4.2/psoc creator/import/gnu/arm/5.4.1/bin/../lib/gcc/arm-none-eabi/5.4.1/../../../../arm-none-eabi/lib/armv7-m\libg_nano.a(lib_a-memcpy-stub.o)
                0x00005798                memcpy
 .text.memset   0x000057ae       0x10 c:/program files (x86)/cypress/psoc creator/4.2/psoc creator/import/gnu/arm/5.4.1/bin/../lib/gcc/arm-none-eabi/5.4.1/../../../../arm-none-eabi/lib/armv7-m\libg_nano.a(lib_a-memset.o)
                0x000057ae                memset
 *fill*         0x000057be        0x2 
 .text.sprintf  0x000057c0       0x48 c:/program files (x86)/cypress/psoc creator/4.2/psoc creator/import/gnu/arm/5.4.1/bin/../lib/gcc/arm-none-eabi/5.4.1/../../../../arm-none-eabi/lib/armv7-m\libg_nano.a(lib_a-sprintf.o)
                0x000057c0                siprintf
                0x000057c0                sprintf
 .text.strcat   0x00005808       0x1e c:/program files (x86)/cypress/psoc creator/4.2/psoc creator/import/gnu/arm/5.4.1/bin/../lib/gcc/arm-none-eabi/5.4.1/../../../../arm-none-eabi/lib/armv7-m\libg_nano.a(lib_a-strcat.o)
                0x00005808                strcat
 .text          0x00005826       0x10 c:/program files (x86)/cypress/psoc creator/4.2/psoc creator/import/gnu/arm/5.4.1/bin/../lib/gcc/arm-none-eabi/5.4.1/../../../../arm-none-eabi/lib/armv7-m\libg_nano.a(lib_a-strlen.o)
                0x00005826                strlen
 .text.__ssputs_r
                0x00005836       0xb2 c:/program files (x86)/cypress/psoc creator/4.2/psoc creator/import/gnu/arm/5.4.1/bin/../lib/gcc/arm-none-eabi/5.4.1/../../../../arm-none-eabi/lib/armv7-m\libg_nano.a(lib_a-nano-svfprintf.o)
                0x00005836                __ssputs_r
 .text._svfprintf_r
                0x000058e8      0x1e8 c:/program files (x86)/cypress/psoc creator/4.2/psoc creator/import/gnu/arm/5.4.1/bin/../lib/gcc/arm-none-eabi/5.4.1/../../../../arm-none-eabi/lib/armv7-m\libg_nano.a(lib_a-nano-svfprintf.o)
                0x000058e8                _svfiprintf_r
                0x000058e8                _svfprintf_r
 .text._printf_common
                0x00005ad0       0xec c:/program files (x86)/cypress/psoc creator/4.2/psoc creator/import/gnu/arm/5.4.1/bin/../lib/gcc/arm-none-eabi/5.4.1/../../../../arm-none-eabi/lib/armv7-m\libg_nano.a(lib_a-nano-vfprintf_i.o)
                0x00005ad0                _printf_common
 .text._printf_i
                0x00005bbc      0x24c c:/program files (x86)/cypress/psoc creator/4.2/psoc creator/import/gnu/arm/5.4.1/bin/../lib/gcc/arm-none-eabi/5.4.1/../../../../arm-none-eabi/lib/armv7-m\libg_nano.a(lib_a-nano-vfprintf_i.o)
                0x00005bbc                _printf_i
 .text.memchr   0x00005e08       0x1c c:/program files (x86)/cypress/psoc creator/4.2/psoc creator/import/gnu/arm/5.4.1/bin/../lib/gcc/arm-none-eabi/5.4.1/../../../../arm-none-eabi/lib/armv7-m\libg_nano.a(lib_a-memchr-stub.o)
                0x00005e08                memchr
 .text.memmove  0x00005e24       0x36 c:/program files (x86)/cypress/psoc creator/4.2/psoc creator/import/gnu/arm/5.4.1/bin/../lib/gcc/arm-none-eabi/5.4.1/../../../../arm-none-eabi/lib/armv7-m\libg_nano.a(lib_a-memmove.o)
                0x00005e24                memmove
 *fill*         0x00005e5a        0x2 
 .text._free_r  0x00005e5c       0x98 c:/program files (x86)/cypress/psoc creator/4.2/psoc creator/import/gnu/arm/5.4.1/bin/../lib/gcc/arm-none-eabi/5.4.1/../../../../arm-none-eabi/lib/armv7-m\libg_nano.a(lib_a-nano-freer.o)
                0x00005e5c                _free_r
 .text._malloc_r
                0x00005ef4       0xbc c:/program files (x86)/cypress/psoc creator/4.2/psoc creator/import/gnu/arm/5.4.1/bin/../lib/gcc/arm-none-eabi/5.4.1/../../../../arm-none-eabi/lib/armv7-m\libg_nano.a(lib_a-nano-mallocr.o)
                0x00005ef4                _malloc_r
 .text._realloc_r
                0x00005fb0       0x4c c:/program files (x86)/cypress/psoc creator/4.2/psoc creator/import/gnu/arm/5.4.1/bin/../lib/gcc/arm-none-eabi/5.4.1/../../../../arm-none-eabi/lib/armv7-m\libg_nano.a(lib_a-nano-reallocr.o)
                0x00005fb0                _realloc_r
 .text._sbrk_r  0x00005ffc       0x20 c:/program files (x86)/cypress/psoc creator/4.2/psoc creator/import/gnu/arm/5.4.1/bin/../lib/gcc/arm-none-eabi/5.4.1/../../../../arm-none-eabi/lib/armv7-m\libg_nano.a(lib_a-sbrkr.o)
                0x00005ffc                _sbrk_r
 .text.__malloc_lock
                0x0000601c        0x2 c:/program files (x86)/cypress/psoc creator/4.2/psoc creator/import/gnu/arm/5.4.1/bin/../lib/gcc/arm-none-eabi/5.4.1/../../../../arm-none-eabi/lib/armv7-m\libg_nano.a(lib_a-mlock.o)
                0x0000601c                __malloc_lock
 .text.__malloc_unlock
                0x0000601e        0x2 c:/program files (x86)/cypress/psoc creator/4.2/psoc creator/import/gnu/arm/5.4.1/bin/../lib/gcc/arm-none-eabi/5.4.1/../../../../arm-none-eabi/lib/armv7-m\libg_nano.a(lib_a-mlock.o)
                0x0000601e                __malloc_unlock
 .text._malloc_usable_size_r
                0x00006020       0x14 c:/program files (x86)/cypress/psoc creator/4.2/psoc creator/import/gnu/arm/5.4.1/bin/../lib/gcc/arm-none-eabi/5.4.1/../../../../arm-none-eabi/lib/armv7-m\libg_nano.a(lib_a-nano-msizer.o)
                0x00006020                _malloc_usable_size_r
 *(.plt)
 *(.gnu.warning)
 *(.glue_7t)
 .glue_7t       0x00006034        0x0 linker stubs
 *(.glue_7)
 .glue_7        0x00006034        0x0 linker stubs
 *(.vfp11_veneer)
 .vfp11_veneer  0x00006034        0x0 linker stubs
 *(.bootloader)
 *(.ARM.extab* .gnu.linkonce.armextab.*)
 *(.gcc_except_table)

.v4_bx          0x00006034        0x0
 .v4_bx         0x00006034        0x0 linker stubs

.iplt           0x00006034        0x0
 .iplt          0x00006034        0x0 c:/program files (x86)/cypress/psoc creator/4.2/psoc creator/import/gnu/arm/5.4.1/bin/../lib/gcc/arm-none-eabi/5.4.1/armv7-m/crtbegin.o

.eh_frame_hdr
 *(.eh_frame_hdr)

.eh_frame       0x00006034        0x4
 *(.eh_frame)
 .eh_frame      0x00006034        0x0 c:/program files (x86)/cypress/psoc creator/4.2/psoc creator/import/gnu/arm/5.4.1/bin/../lib/gcc/arm-none-eabi/5.4.1/armv7-m/crtbegin.o
 .eh_frame      0x00006034        0x4 c:/program files (x86)/cypress/psoc creator/4.2/psoc creator/import/gnu/arm/5.4.1/bin/../lib/gcc/arm-none-eabi/5.4.1/armv7-m/crtend.o
                [!provide]                PROVIDE (__exidx_start, .)

.ARM.exidx
 *(.ARM.exidx* .gnu.linkonce.armexidx.*)
                0x00006038                __exidx_end = .

.rodata         0x00006038      0x5c0
 *(.rodata .rodata.* .gnu.linkonce.r.*)
 .rodata.str1.4
                0x00006038      0x1be .\CortexM3\ARM_GCC_541\Debug\main.o
                                0x1c2 (size before relaxing)
 *fill*         0x000061f6        0x2 
 .rodata.str1.4
                0x000061f8       0x43 .\CortexM3\ARM_GCC_541\Debug\SDCard.o
                                 0x47 (size before relaxing)
 *fill*         0x0000623b        0x1 
 .rodata        0x0000623c       0xc8 .\CortexM3\ARM_GCC_541\Debug\Z80_DAC.o
                0x0000623c                notes
 .rodata        0x00006304       0x36 .\CortexM3\ARM_GCC_541\Debug\cyfitter_cfg.o
 *fill*         0x0000633a        0x2 
 .rodata.str1.4
                0x0000633c       0x14 .\CortexM3\ARM_GCC_541\Debug\Z80_3Chip.a(USBUART_std.o)
                                 0x11 (size before relaxing)
 .rodata        0x00006350       0x18 .\CortexM3\ARM_GCC_541\Debug\Z80_3Chip.a(RTC.o)
                0x0000635c                RTC_daysInMonths
 .rodata        0x00006368       0xc8 .\CortexM3\ARM_GCC_541\Debug\Z80_3Chip.a(WaveDAC8.o)
                0x00006368                WaveDAC8_wave1
                0x000063cc                WaveDAC8_wave2
 .rodata        0x00006430      0x15e .\CortexM3\ARM_GCC_541\Debug\Z80_3Chip.a(USBUART_descr.o)
                0x00006430                USBUART_TABLE
                0x00006438                USBUART_DEVICE0_TABLE
                0x00006450                USBUART_DEVICE0_CONFIGURATION0_TABLE
                0x00006478                USBUART_DEVICE0_CONFIGURATION0_INTERFACE_CLASS
                0x0000647c                USBUART_DEVICE0_CONFIGURATION0_EP_SETTINGS_TABLE
                0x00006494                USBUART_SN_STRING_DESCRIPTOR
                0x00006498                USBUART_STRING_DESCRIPTORS
                0x00006538                USBUART_DEVICE0_CONFIGURATION0_DESCR
                0x0000657c                USBUART_DEVICE0_DESCR
 .rodata.str1.1
                0x0000658e        0x2 c:/program files (x86)/cypress/psoc creator/4.2/psoc creator/import/gnu/arm/5.4.1/bin/../lib/gcc/arm-none-eabi/5.4.1/../../../../arm-none-eabi/lib/armv7-m\libg_nano.a(lib_a-impure.o)
 .rodata.str1.1
                0x00006590       0x11 c:/program files (x86)/cypress/psoc creator/4.2/psoc creator/import/gnu/arm/5.4.1/bin/../lib/gcc/arm-none-eabi/5.4.1/../../../../arm-none-eabi/lib/armv7-m\libg_nano.a(lib_a-nano-svfprintf.o)
 .rodata.str1.1
                0x000065a1       0x22 c:/program files (x86)/cypress/psoc creator/4.2/psoc creator/import/gnu/arm/5.4.1/bin/../lib/gcc/arm-none-eabi/5.4.1/../../../../arm-none-eabi/lib/armv7-m\libg_nano.a(lib_a-nano-vfprintf_i.o)
                0x000065c4                . = ALIGN (0x4)
 *fill*         0x000065c3        0x1 
 *(.init)
 .init          0x000065c4        0x4 c:/program files (x86)/cypress/psoc creator/4.2/psoc creator/import/gnu/arm/5.4.1/bin/../lib/gcc/arm-none-eabi/5.4.1/armv7-m/crti.o
                0x000065c4                _init
 .init          0x000065c8        0x8 c:/program files (x86)/cypress/psoc creator/4.2/psoc creator/import/gnu/arm/5.4.1/bin/../lib/gcc/arm-none-eabi/5.4.1/armv7-m/crtn.o
                0x000065d0                . = ALIGN (0x4)
                0x000065d0                __preinit_array_start = .
 *(.preinit_array)
                0x000065d0                __preinit_array_end = .
                0x000065d0                . = ALIGN (0x4)
                0x000065d0                __init_array_start = .
 *(SORT(.init_array.*))
 *(.init_array)
 .init_array    0x000065d0        0x4 c:/program files (x86)/cypress/psoc creator/4.2/psoc creator/import/gnu/arm/5.4.1/bin/../lib/gcc/arm-none-eabi/5.4.1/armv7-m/crtbegin.o
 .init_array    0x000065d4        0x4 .\CortexM3\ARM_GCC_541\Debug\Cm3Start.o
                0x000065d8                __init_array_end = .
                0x000065d8                . = ALIGN (0x4)
 *(.fini)
 .fini          0x000065d8        0x4 c:/program files (x86)/cypress/psoc creator/4.2/psoc creator/import/gnu/arm/5.4.1/bin/../lib/gcc/arm-none-eabi/5.4.1/armv7-m/crti.o
                0x000065d8                _fini
 .fini          0x000065dc        0x8 c:/program files (x86)/cypress/psoc creator/4.2/psoc creator/import/gnu/arm/5.4.1/bin/../lib/gcc/arm-none-eabi/5.4.1/armv7-m/crtn.o
                0x000065e4                . = ALIGN (0x4)
                0x000065e4                __fini_array_start = .
 *(.fini_array)
 .fini_array    0x000065e4        0x4 c:/program files (x86)/cypress/psoc creator/4.2/psoc creator/import/gnu/arm/5.4.1/bin/../lib/gcc/arm-none-eabi/5.4.1/armv7-m/crtbegin.o
 *(SORT(.fini_array.*))
                0x000065e8                __fini_array_end = .
                0x000065e8                . = ALIGN (0x4)
 *crtbegin.o(.ctors)
 *(EXCLUDE_FILE(*crtend.o) .ctors)
 *(SORT(.ctors.*))
 *crtend.o(.ctors)
                0x000065e8                . = ALIGN (0x4)
 *crtbegin.o(.dtors)
 *(EXCLUDE_FILE(*crtend.o) .dtors)
 *(SORT(.dtors.*))
 *crtend.o(.dtors)
                0x000065e8                . = ALIGN (0x4)
                0x000065e8                __cy_regions = .
                0x000065e8        0x4 LONG 0x65f8 __cy_region_init_ram
                0x000065ec        0x4 LONG 0x1fffc0c8 __cy_region_start_data
                0x000065f0        0x4 LONG 0xd0 __cy_region_init_size_ram
                0x000065f4        0x4 LONG 0x5c0 __cy_region_zero_size_ram
                0x000065f8                __cy_regions_end = .
                0x000065f8                . = ALIGN (0x8)
                0x000065f8                _etext = .

.cy_checksum_exclude
                0x000065f8        0x0
 *(.cy_checksum_exclude)

.ramvectors     0x1fffc000       0xc0
                0x1fffc000                __cy_region_start_ram = .
 *(.ramvectors)
 .ramvectors    0x1fffc000       0xc0 .\CortexM3\ARM_GCC_541\Debug\Cm3Start.o
                0x1fffc000                CyRamVectors

.noinit         0x1fffc0c0        0x1
 *(.noinit)
 .noinit        0x1fffc0c0        0x1 .\CortexM3\ARM_GCC_541\Debug\Z80_3Chip.a(CyLib.o)
                0x1fffc0c0                CyResetStatus

.data           0x1fffc0c8       0xd0 load address 0x000065f8
                0x1fffc0c8                __cy_region_start_data = .
 *(.jcr)
 .jcr           0x1fffc0c8        0x0 c:/program files (x86)/cypress/psoc creator/4.2/psoc creator/import/gnu/arm/5.4.1/bin/../lib/gcc/arm-none-eabi/5.4.1/armv7-m/crtbegin.o
 .jcr           0x1fffc0c8        0x4 c:/program files (x86)/cypress/psoc creator/4.2/psoc creator/import/gnu/arm/5.4.1/bin/../lib/gcc/arm-none-eabi/5.4.1/armv7-m/crtend.o
 *(.got.plt)
 *(.got)
 *(.shdata)
 *(.data .data.* .gnu.linkonce.d.*)
 .data          0x1fffc0cc        0x4 .\CortexM3\ARM_GCC_541\Debug\Cm3Start.o
 .data          0x1fffc0d0        0x8 .\CortexM3\ARM_GCC_541\Debug\Z80_3Chip.a(CyDmac.o)
 .data          0x1fffc0d8       0x10 .\CortexM3\ARM_GCC_541\Debug\Z80_3Chip.a(CyLib.o)
                0x1fffc0d8                cydelay_32k_ms
                0x1fffc0dc                cydelay_freq_khz
                0x1fffc0e0                cydelay_freq_mhz
                0x1fffc0e4                cydelay_freq_hz
 .data          0x1fffc0e8       0x1a .\CortexM3\ARM_GCC_541\Debug\Z80_3Chip.a(USBUART_cdc.o)
                0x1fffc0e8                USBUART_linesCoding
 *fill*         0x1fffc102        0x2 
 .data          0x1fffc104       0x28 .\CortexM3\ARM_GCC_541\Debug\Z80_3Chip.a(RTC.o)
                0x1fffc104                RTC_dstTimeDateStart
                0x1fffc10c                RTC_currentTimeDate
                0x1fffc118                RTC_dstTimeDateStop
                0x1fffc120                RTC_alarmCfgTimeDate
 .data          0x1fffc12c        0x1 .\CortexM3\ARM_GCC_541\Debug\Z80_3Chip.a(WaveDAC8_Wave1_DMA_dma.o)
                0x1fffc12c                WaveDAC8_Wave1_DMA_DmaHandle
 .data          0x1fffc12d        0x1 .\CortexM3\ARM_GCC_541\Debug\Z80_3Chip.a(WaveDAC8_Wave2_DMA_dma.o)
                0x1fffc12d                WaveDAC8_Wave2_DMA_DmaHandle
 *fill*         0x1fffc12e        0x2 
 .data.impure_data
                0x1fffc130       0x60 c:/program files (x86)/cypress/psoc creator/4.2/psoc creator/import/gnu/arm/5.4.1/bin/../lib/gcc/arm-none-eabi/5.4.1/../../../../arm-none-eabi/lib/armv7-m\libg_nano.a(lib_a-impure.o)
 .data._impure_ptr
                0x1fffc190        0x4 c:/program files (x86)/cypress/psoc creator/4.2/psoc creator/import/gnu/arm/5.4.1/bin/../lib/gcc/arm-none-eabi/5.4.1/../../../../arm-none-eabi/lib/armv7-m\libg_nano.a(lib_a-impure.o)
                0x1fffc190                _impure_ptr
                0x1fffc198                . = ALIGN (0x8)
 *fill*         0x1fffc194        0x4 
 *(.ram)
                0x1fffc198                _edata = .

.igot.plt       0x1fffc198        0x0 load address 0x000066c8
 .igot.plt      0x1fffc198        0x0 c:/program files (x86)/cypress/psoc creator/4.2/psoc creator/import/gnu/arm/5.4.1/bin/../lib/gcc/arm-none-eabi/5.4.1/armv7-m/crtbegin.o

.bss            0x1fffc198      0x5c0 load address 0x000066c8
                0x1fffc198                PROVIDE (__bss_start__, .)
 *(.shbss)
 *(.bss .bss.* .gnu.linkonce.b.*)
 .bss           0x1fffc198       0x1c c:/program files (x86)/cypress/psoc creator/4.2/psoc creator/import/gnu/arm/5.4.1/bin/../lib/gcc/arm-none-eabi/5.4.1/armv7-m/crtbegin.o
 .bss           0x1fffc1b4       0x43 .\CortexM3\ARM_GCC_541\Debug\Z80_3Chip.a(cyPm.o)
 .bss           0x1fffc1f7        0x1 .\CortexM3\ARM_GCC_541\Debug\Z80_3Chip.a(I2C.o)
                0x1fffc1f7                I2C_initVar
 .bss           0x1fffc1f8        0x1 .\CortexM3\ARM_GCC_541\Debug\Z80_3Chip.a(USBUART.o)
                0x1fffc1f8                USBUART_initVar
 .bss           0x1fffc1f9        0x1 .\CortexM3\ARM_GCC_541\Debug\Z80_3Chip.a(USBUART_cdc.o)
 *fill*         0x1fffc1fa        0x2 
 .bss           0x1fffc1fc        0x2 .\CortexM3\ARM_GCC_541\Debug\Z80_3Chip.a(USBUART_std.o)
 .bss           0x1fffc1fe        0x1 .\CortexM3\ARM_GCC_541\Debug\Z80_3Chip.a(SPI_Master.o)
                0x1fffc1fe                SPI_Master_initVar
 .bss           0x1fffc1ff        0x9 .\CortexM3\ARM_GCC_541\Debug\Z80_3Chip.a(RTC.o)
                0x1fffc1ff                RTC_statusDateTime
                0x1fffc200                RTC_dstModeType
                0x1fffc201                RTC_dstStartStatus
                0x1fffc202                RTC_dstStopStatus
                0x1fffc203                RTC_dstOffsetMin
                0x1fffc204                RTC_alarmCfgMask
                0x1fffc205                RTC_alarmCurStatus
                0x1fffc206                RTC_initVar
                0x1fffc207                RTC_intervalCfgMask
 .bss           0x1fffc208        0x5 .\CortexM3\ARM_GCC_541\Debug\Z80_3Chip.a(WaveDAC8.o)
                0x1fffc20c                WaveDAC8_initVar
 .bss           0x1fffc20d        0x1 .\CortexM3\ARM_GCC_541\Debug\Z80_3Chip.a(Sound_Counter.o)
                0x1fffc20d                Sound_Counter_initVar
 *fill*         0x1fffc20e        0x2 
 .bss.__malloc_sbrk_start
                0x1fffc210        0x4 c:/program files (x86)/cypress/psoc creator/4.2/psoc creator/import/gnu/arm/5.4.1/bin/../lib/gcc/arm-none-eabi/5.4.1/../../../../arm-none-eabi/lib/armv7-m\libg_nano.a(lib_a-nano-mallocr.o)
                0x1fffc210                __malloc_sbrk_start
 .bss.__malloc_free_list
                0x1fffc214        0x4 c:/program files (x86)/cypress/psoc creator/4.2/psoc creator/import/gnu/arm/5.4.1/bin/../lib/gcc/arm-none-eabi/5.4.1/../../../../arm-none-eabi/lib/armv7-m\libg_nano.a(lib_a-nano-mallocr.o)
                0x1fffc214                __malloc_free_list
 *(COMMON)
 COMMON         0x1fffc218        0x8 .\CortexM3\ARM_GCC_541\Debug\main.o
                0x1fffc218                pioBIntVals
                0x1fffc219                pioAIntVals
                0x1fffc21c                fpIntVal
 COMMON         0x1fffc220       0x10 .\CortexM3\ARM_GCC_541\Debug\FrontPanel.o
                0x1fffc220                FPAddr
                0x1fffc222                FPCtrl
                0x1fffc224                LEDsVal
                0x1fffc228                FPData
                0x1fffc22c                FPLong
 COMMON         0x1fffc230        0xe .\CortexM3\ARM_GCC_541\Debug\Z80_PIO_emul.o
                0x1fffc230                PIO_Mask_Port_B
                0x1fffc231                PIO_Interrupt_Vector_Port_A
                0x1fffc232                PIO_Interrupt_Vector_Port_B
                0x1fffc233                PIO_Interrupt_Ctrl_Word_B
                0x1fffc234                PIO_Mask_Port_A
                0x1fffc235                PIO_Interrupt_Ctrl_Word_A
                0x1fffc236                PIO_State_A
                0x1fffc237                PIO_Vector_Address_Port_A
                0x1fffc238                PIO_Mode_B
                0x1fffc239                PIO_Vector_Address_Port_B
                0x1fffc23a                PIO_Input_Register_Port_B
                0x1fffc23b                PIO_Mode_A
                0x1fffc23c                PIO_Input_Register_Port_A
                0x1fffc23d                PIO_State_B
 COMMON         0x1fffc23e        0x4 .\CortexM3\ARM_GCC_541\Debug\Z80_6850_Emul.o
                0x1fffc23e                M6850_DataOut
                0x1fffc23f                M6850_Status
                0x1fffc240                M6850_Ctrl
                0x1fffc241                M6850_DataIn
 *fill*         0x1fffc242        0x2 
 COMMON         0x1fffc244        0xc .\CortexM3\ARM_GCC_541\Debug\Z80_SDCard_Emul.o
                0x1fffc244                writeSectorNumber
                0x1fffc248                SD_LBA1_Val
                0x1fffc249                SD_DataOut
                0x1fffc24a                SD_Status
                0x1fffc24b                SD_DataIn
                0x1fffc24c                SD_LBA0_Val
                0x1fffc24d                SD_LBA3_Val
                0x1fffc24e                SD_LBA2_Val
                0x1fffc24f                SD_Command
 COMMON         0x1fffc250        0x4 .\CortexM3\ARM_GCC_541\Debug\Z80_6850_2_Emul.o
                0x1fffc250                M6850_2_Ctrl
                0x1fffc251                M6850_2_Status
                0x1fffc252                M6850_2_DataIn
                0x1fffc253                M6850_2_DataOut
 COMMON         0x1fffc254        0x5 .\CortexM3\ARM_GCC_541\Debug\Z80_Mem_Mappers.o
                0x1fffc254                mmu4Reg3
                0x1fffc255                mmu4Reg1
                0x1fffc256                mmu4Reg2
                0x1fffc257                mmu4Reg0
                0x1fffc258                mmu4select
 *fill*         0x1fffc259        0x3 
 COMMON         0x1fffc25c      0x404 .\CortexM3\ARM_GCC_541\Debug\SDCard.o
                0x1fffc25c                readPointer
                0x1fffc25e                writePointer
                0x1fffc260                readSDBuffer
                0x1fffc460                writeSDBuffer
 COMMON         0x1fffc660        0x1 .\CortexM3\ARM_GCC_541\Debug\Z80_RTC.o
                0x1fffc660                rtcState
 COMMON         0x1fffc661        0x3 .\CortexM3\ARM_GCC_541\Debug\Z80_DAC.o
                0x1fffc661                dacState
                0x1fffc662                inDataDAC
                0x1fffc663                outDataDAC
 COMMON         0x1fffc664        0x1 .\CortexM3\ARM_GCC_541\Debug\Z80_3Chip.a(I2C.o)
                0x1fffc664                I2C_state
 *fill*         0x1fffc665        0x3 
 COMMON         0x1fffc668       0x10 .\CortexM3\ARM_GCC_541\Debug\Z80_3Chip.a(I2C_MASTER.o)
                0x1fffc668                I2C_mstrWrBufIndex
                0x1fffc669                I2C_mstrWrBufSize
                0x1fffc66a                I2C_mstrStatus
                0x1fffc66c                I2C_mstrRdBufPtr
                0x1fffc670                I2C_mstrControl
                0x1fffc671                I2C_mstrRdBufSize
                0x1fffc672                I2C_mstrRdBufIndex
                0x1fffc674                I2C_mstrWrBufPtr
 COMMON         0x1fffc678       0x18 .\CortexM3\ARM_GCC_541\Debug\Z80_3Chip.a(USBUART_cdc.o)
                0x1fffc678                USBUART_linesChanged
                0x1fffc67c                USBUART_cdcDataInEp
                0x1fffc680                USBUART_cdcCommInInterruptEp
                0x1fffc684                USBUART_cdcDataOutEp
                0x1fffc688                USBUART_serialStateBitmap
                0x1fffc68c                USBUART_linesControlBitmap
 COMMON         0x1fffc690       0x9a .\CortexM3\ARM_GCC_541\Debug\Z80_3Chip.a(USBUART_drv.o)
                0x1fffc690                USBUART_lastPacketSize
                0x1fffc691                USBUART_device
                0x1fffc692                USBUART_transferByteCount
                0x1fffc694                USBUART_transferState
                0x1fffc698                USBUART_interfaceSettingLast
                0x1fffc69c                USBUART_currentTD
                0x1fffc6a8                USBUART_interfaceNumber
                0x1fffc6ac                USBUART_interfaceClass
                0x1fffc6b0                USBUART_configurationChanged
                0x1fffc6b1                USBUART_ep0Mode
                0x1fffc6b2                USBUART_deviceAddress
                0x1fffc6b3                USBUART_configuration
                0x1fffc6b4                USBUART_ep0Count
                0x1fffc6b5                USBUART_deviceStatus
                0x1fffc6b8                USBUART_EP
                0x1fffc724                USBUART_interfaceSetting
                0x1fffc726                USBUART_ep0Toggle
                0x1fffc728                USBUART_interfaceStatus
 *fill*         0x1fffc72a        0x2 
 COMMON         0x1fffc72c       0x22 .\CortexM3\ARM_GCC_541\Debug\Z80_3Chip.a(USBUART_descr.o)
                0x1fffc72c                USBUART_idSerialNumberStringDescriptor
 *fill*         0x1fffc74e        0x2 
 COMMON         0x1fffc750        0x4 c:/program files (x86)/cypress/psoc creator/4.2/psoc creator/import/gnu/arm/5.4.1/bin/../lib/gcc/arm-none-eabi/5.4.1/../../../../arm-none-eabi/lib/armv7-m\libg_nano.a(lib_a-reent.o)
                0x1fffc750                errno
                0x1fffc758                . = ALIGN (0x8)
 *fill*         0x1fffc754        0x4 
 *(.ram.b)
                0x1fffc758                _end = .
                0x1fffc758                __end = .
                0x1fffc758                PROVIDE (end, .)
                0x1fffc758                PROVIDE (__bss_end__, .)
                0x000065f8                __cy_region_init_ram = LOADADDR (.data)
                0x000000d0                __cy_region_init_size_ram = (_edata - ADDR (.data))
                0x000005c0                __cy_region_zero_size_ram = (_end - _edata)

.heap           0x1fffc758      0x200 load address 0x000066c8
                0x1fffc758                . = _end
                0x1fffc958                . = (. + 0x200)
 *fill*         0x1fffc758      0x200 
                0x1fffc958                __cy_heap_limit = .

.stack          0x20003800      0x800
                0x20003800                __cy_stack_limit = .
                0x20004000                . = (. + 0x800)
 *fill*         0x20003800      0x800 
                0x00000001                ASSERT ((__cy_stack_limit >= __cy_heap_limit), region RAM overflowed with stack)
                0x00000000                cy_checksum_exclude_size = (CY_APPL_LOADABLE == 0x1)?SIZEOF (.cy_checksum_exclude):0x0
                0x00000001                ASSERT ((cy_checksum_exclude_size <= CY_CHECKSUM_EXCLUDE_SIZE), CY_BOOT: Section .cy_checksum_exclude size exceedes specified limit.)

.cyloadermeta
 *(.cyloadermeta)

.cyloadablemeta
 *(.cyloadablemeta)

.cyconfigecc    0x80000000      0xe64
 *(.cyconfigecc)
 .cyconfigecc   0x80000000      0xe64 .\CortexM3\ARM_GCC_541\Debug\cymetadata.o
                0x80000000                cy_meta_configecc

.cycustnvl      0x90000000        0x4
 *(.cycustnvl)
 .cycustnvl     0x90000000        0x4 .\CortexM3\ARM_GCC_541\Debug\cymetadata.o
                0x90000000                cy_meta_custnvl

.cywolatch      0x90100000        0x4
 *(.cywolatch)
 .cywolatch     0x90100000        0x4 .\CortexM3\ARM_GCC_541\Debug\cymetadata.o
                0x90100000                cy_meta_wonvl

.cyeeprom       0x90200000        0x0
 *(.cyeeprom)
                0x00000001                ASSERT ((. <= ((0x90200000 + ee_offset) + ee_size)), .cyeeprom data will not fit in EEPROM)

.cyflashprotect
                0x90400000       0x80
 *(.cyflashprotect)
 .cyflashprotect
                0x90400000       0x80 .\CortexM3\ARM_GCC_541\Debug\cymetadata.o
                0x90400000                cy_meta_flashprotect

.cymeta         0x90500000        0xc
 *(.cymeta)
 .cymeta        0x90500000        0xc .\CortexM3\ARM_GCC_541\Debug\cymetadata.o
                0x90500000                cy_metadata

.rel.dyn        0x000066c8        0x0 load address 0x9050000c
 .rel.iplt      0x000066c8        0x0 c:/program files (x86)/cypress/psoc creator/4.2/psoc creator/import/gnu/arm/5.4.1/bin/../lib/gcc/arm-none-eabi/5.4.1/armv7-m/crtbegin.o

.stab
 *(.stab)

.stabstr
 *(.stabstr)

.debug
 *(.debug)

.line
 *(.line)

.debug_srcinfo
 *(.debug_srcinfo)

.debug_sfnames
 *(.debug_sfnames)

.debug_aranges  0x00000000     0x1738
 *(.debug_aranges)
 .debug_aranges
                0x00000000       0x20 .\CortexM3\ARM_GCC_541\Debug\main.o
 .debug_aranges
                0x00000020       0x40 .\CortexM3\ARM_GCC_541\Debug\ExtSRAM.o
 .debug_aranges
                0x00000060       0x68 .\CortexM3\ARM_GCC_541\Debug\FrontPanel.o
 .debug_aranges
                0x000000c8       0x18 .\CortexM3\ARM_GCC_541\Debug\GS_9_MON_BASIC_ROM.o
 .debug_aranges
                0x000000e0       0x18 .\CortexM3\ARM_GCC_541\Debug\Z80_SIO_emul.o
 .debug_aranges
                0x000000f8       0x30 .\CortexM3\ARM_GCC_541\Debug\Z80_IO_Handle.o
 .debug_aranges
                0x00000128       0x50 .\CortexM3\ARM_GCC_541\Debug\Z80_PIO_emul.o
 .debug_aranges
                0x00000178       0x18 .\CortexM3\ARM_GCC_541\Debug\GS_7_BASIC_ROM.o
 .debug_aranges
                0x00000190       0x58 .\CortexM3\ARM_GCC_541\Debug\Z80_6850_Emul.o
 .debug_aranges
                0x000001e8       0x50 .\CortexM3\ARM_GCC_541\Debug\Z80_SDCard_Emul.o
 .debug_aranges
                0x00000238       0x18 .\CortexM3\ARM_GCC_541\Debug\GS_FPGA_CPM_BASIC.o
 .debug_aranges
                0x00000250       0x58 .\CortexM3\ARM_GCC_541\Debug\Z80_6850_2_Emul.o
 .debug_aranges
                0x000002a8       0x30 .\CortexM3\ARM_GCC_541\Debug\Z80_Mem_Mappers.o
 .debug_aranges
                0x000002d8       0x58 .\CortexM3\ARM_GCC_541\Debug\SDCard.o
 .debug_aranges
                0x00000330       0x30 .\CortexM3\ARM_GCC_541\Debug\Z80_PSoC_3Chips.o
 .debug_aranges
                0x00000360       0x40 .\CortexM3\ARM_GCC_541\Debug\Z80_RTC.o
 .debug_aranges
                0x000003a0       0x40 .\CortexM3\ARM_GCC_541\Debug\Z80_DAC.o
 .debug_aranges
                0x000003e0       0x58 .\CortexM3\ARM_GCC_541\Debug\cyfitter_cfg.o
 .debug_aranges
                0x00000438       0x18 .\CortexM3\ARM_GCC_541\Debug\cymetadata.o
 .debug_aranges
                0x00000450       0x48 .\CortexM3\ARM_GCC_541\Debug\Cm3Start.o
 .debug_aranges
                0x00000498       0xd8 .\CortexM3\ARM_GCC_541\Debug\Z80_3Chip.a(CyDmac.o)
 .debug_aranges
                0x00000570      0x2a0 .\CortexM3\ARM_GCC_541\Debug\Z80_3Chip.a(CyLib.o)
 .debug_aranges
                0x00000810       0x98 .\CortexM3\ARM_GCC_541\Debug\Z80_3Chip.a(cyPm.o)
 .debug_aranges
                0x000008a8       0x40 .\CortexM3\ARM_GCC_541\Debug\Z80_3Chip.a(AdrLowIn.o)
 .debug_aranges
                0x000008e8       0x28 .\CortexM3\ARM_GCC_541\Debug\Z80_3Chip.a(AdrLowOut.o)
 .debug_aranges
                0x00000910       0x38 .\CortexM3\ARM_GCC_541\Debug\Z80_3Chip.a(LED.o)
 .debug_aranges
                0x00000948       0x38 .\CortexM3\ARM_GCC_541\Debug\Z80_3Chip.a(INT_n.o)
 .debug_aranges
                0x00000980       0x28 .\CortexM3\ARM_GCC_541\Debug\Z80_3Chip.a(IO_Ctrl_Reg.o)
 .debug_aranges
                0x000009a8       0x40 .\CortexM3\ARM_GCC_541\Debug\Z80_3Chip.a(IO_Stat_Reg.o)
 .debug_aranges
                0x000009e8       0x28 .\CortexM3\ARM_GCC_541\Debug\Z80_3Chip.a(Z80_Data_In.o)
 .debug_aranges
                0x00000a10       0x40 .\CortexM3\ARM_GCC_541\Debug\Z80_3Chip.a(Z80_Data_Out.o)
 .debug_aranges
                0x00000a50       0x28 .\CortexM3\ARM_GCC_541\Debug\Z80_3Chip.a(AdrMidOut.o)
 .debug_aranges
                0x00000a78       0x28 .\CortexM3\ARM_GCC_541\Debug\Z80_3Chip.a(AdrHighOut.o)
 .debug_aranges
                0x00000aa0       0x38 .\CortexM3\ARM_GCC_541\Debug\Z80_3Chip.a(I2C.o)
 .debug_aranges
                0x00000ad8       0x20 .\CortexM3\ARM_GCC_541\Debug\Z80_3Chip.a(I2C_INT.o)
 .debug_aranges
                0x00000af8       0x38 .\CortexM3\ARM_GCC_541\Debug\Z80_3Chip.a(I2C_PM.o)
 .debug_aranges
                0x00000b30       0x80 .\CortexM3\ARM_GCC_541\Debug\Z80_3Chip.a(I2C_MASTER.o)
 .debug_aranges
                0x00000bb0       0xc8 .\CortexM3\ARM_GCC_541\Debug\Z80_3Chip.a(USBUART.o)
 .debug_aranges
                0x00000c78       0xe8 .\CortexM3\ARM_GCC_541\Debug\Z80_3Chip.a(USBUART_cdc.o)
 .debug_aranges
                0x00000d60       0x98 .\CortexM3\ARM_GCC_541\Debug\Z80_3Chip.a(USBUART_drv.o)
 .debug_aranges
                0x00000df8       0x40 .\CortexM3\ARM_GCC_541\Debug\Z80_3Chip.a(USBUART_episr.o)
 .debug_aranges
                0x00000e38       0x40 .\CortexM3\ARM_GCC_541\Debug\Z80_3Chip.a(USBUART_pm.o)
 .debug_aranges
                0x00000e78       0x80 .\CortexM3\ARM_GCC_541\Debug\Z80_3Chip.a(USBUART_std.o)
 .debug_aranges
                0x00000ef8       0x20 .\CortexM3\ARM_GCC_541\Debug\Z80_3Chip.a(USBUART_vnd.o)
 .debug_aranges
                0x00000f18       0x48 .\CortexM3\ARM_GCC_541\Debug\Z80_3Chip.a(USBUART_Dp.o)
 .debug_aranges
                0x00000f60       0x38 .\CortexM3\ARM_GCC_541\Debug\Z80_3Chip.a(I2CINT_n.o)
 .debug_aranges
                0x00000f98       0xd8 .\CortexM3\ARM_GCC_541\Debug\Z80_3Chip.a(SPI_Master.o)
 .debug_aranges
                0x00001070       0x70 .\CortexM3\ARM_GCC_541\Debug\Z80_3Chip.a(SPI_Master_IntClock.o)
 .debug_aranges
                0x000010e0      0x1c8 .\CortexM3\ARM_GCC_541\Debug\Z80_3Chip.a(RTC.o)
 .debug_aranges
                0x000012a8       0x20 .\CortexM3\ARM_GCC_541\Debug\Z80_3Chip.a(RTC_INT.o)
 .debug_aranges
                0x000012c8       0x28 .\CortexM3\ARM_GCC_541\Debug\Z80_3Chip.a(SPI_SS_Out.o)
 .debug_aranges
                0x000012f0       0x50 .\CortexM3\ARM_GCC_541\Debug\Z80_3Chip.a(WaveDAC8.o)
 .debug_aranges
                0x00001340       0x28 .\CortexM3\ARM_GCC_541\Debug\Z80_3Chip.a(WaveDAC8_Wave1_DMA_dma.o)
 .debug_aranges
                0x00001368       0x28 .\CortexM3\ARM_GCC_541\Debug\Z80_3Chip.a(WaveDAC8_Wave2_DMA_dma.o)
 .debug_aranges
                0x00001390       0x58 .\CortexM3\ARM_GCC_541\Debug\Z80_3Chip.a(WaveDAC8_VDAC8.o)
 .debug_aranges
                0x000013e8       0x28 .\CortexM3\ARM_GCC_541\Debug\Z80_3Chip.a(DAC_Control.o)
 .debug_aranges
                0x00001410       0x80 .\CortexM3\ARM_GCC_541\Debug\Z80_3Chip.a(Sound_Counter.o)
 .debug_aranges
                0x00001490       0x80 .\CortexM3\ARM_GCC_541\Debug\Z80_3Chip.a(I2CINT_ISR.o)
 .debug_aranges
                0x00001510       0x28 .\CortexM3\ARM_GCC_541\Debug\Z80_3Chip.a(MMU_Sel.o)
 .debug_aranges
                0x00001538       0x28 .\CortexM3\ARM_GCC_541\Debug\Z80_3Chip.a(MMU4_Addr_0.o)
 .debug_aranges
                0x00001560       0x28 .\CortexM3\ARM_GCC_541\Debug\Z80_3Chip.a(MMU4_Addr_1.o)
 .debug_aranges
                0x00001588       0x28 .\CortexM3\ARM_GCC_541\Debug\Z80_3Chip.a(MMU4_Addr_2.o)
 .debug_aranges
                0x000015b0       0x28 .\CortexM3\ARM_GCC_541\Debug\Z80_3Chip.a(MMU4_Addr_3.o)
 .debug_aranges
                0x000015d8       0x20 .\CortexM3\ARM_GCC_541\Debug\Z80_3Chip.a(CyBootAsmGnu.o)
 .debug_aranges
                0x000015f8       0x88 .\CortexM3\ARM_GCC_541\Debug\Z80_3Chip.a(CyFlash.o)
 .debug_aranges
                0x00001680       0x80 .\CortexM3\ARM_GCC_541\Debug\Z80_3Chip.a(CySpc.o)
 .debug_aranges
                0x00001700       0x20 .\CortexM3\ARM_GCC_541\Debug\Z80_3Chip.a(USBUART_cls.o)
 .debug_aranges
                0x00001720       0x18 .\CortexM3\ARM_GCC_541\Debug\Z80_3Chip.a(USBUART_descr.o)

.debug_pubnames
 *(.debug_pubnames)

.debug_info     0x00000000     0xf11b
 *(.debug_info .gnu.linkonce.wi.*)
 .debug_info    0x00000000      0x6df .\CortexM3\ARM_GCC_541\Debug\main.o
 .debug_info    0x000006df      0x2df .\CortexM3\ARM_GCC_541\Debug\ExtSRAM.o
 .debug_info    0x000009be      0x8e7 .\CortexM3\ARM_GCC_541\Debug\FrontPanel.o
 .debug_info    0x000012a5       0xae .\CortexM3\ARM_GCC_541\Debug\GS_9_MON_BASIC_ROM.o
 .debug_info    0x00001353       0xae .\CortexM3\ARM_GCC_541\Debug\Z80_SIO_emul.o
 .debug_info    0x00001401      0x4ae .\CortexM3\ARM_GCC_541\Debug\Z80_IO_Handle.o
 .debug_info    0x000018af      0x64c .\CortexM3\ARM_GCC_541\Debug\Z80_PIO_emul.o
 .debug_info    0x00001efb       0xae .\CortexM3\ARM_GCC_541\Debug\GS_7_BASIC_ROM.o
 .debug_info    0x00001fa9      0x2e6 .\CortexM3\ARM_GCC_541\Debug\Z80_6850_Emul.o
 .debug_info    0x0000228f      0x34a .\CortexM3\ARM_GCC_541\Debug\Z80_SDCard_Emul.o
 .debug_info    0x000025d9       0xae .\CortexM3\ARM_GCC_541\Debug\GS_FPGA_CPM_BASIC.o
 .debug_info    0x00002687      0x222 .\CortexM3\ARM_GCC_541\Debug\Z80_6850_2_Emul.o
 .debug_info    0x000028a9      0x264 .\CortexM3\ARM_GCC_541\Debug\Z80_Mem_Mappers.o
 .debug_info    0x00002b0d      0xb39 .\CortexM3\ARM_GCC_541\Debug\SDCard.o
 .debug_info    0x00003646      0x310 .\CortexM3\ARM_GCC_541\Debug\Z80_PSoC_3Chips.o
 .debug_info    0x00003956      0x33d .\CortexM3\ARM_GCC_541\Debug\Z80_RTC.o
 .debug_info    0x00003c93      0x305 .\CortexM3\ARM_GCC_541\Debug\Z80_DAC.o
 .debug_info    0x00003f98      0x6ce .\CortexM3\ARM_GCC_541\Debug\cyfitter_cfg.o
 .debug_info    0x00004666      0x139 .\CortexM3\ARM_GCC_541\Debug\cymetadata.o
 .debug_info    0x0000479f      0x3cf .\CortexM3\ARM_GCC_541\Debug\Cm3Start.o
 .debug_info    0x00004b6e      0x94e .\CortexM3\ARM_GCC_541\Debug\Z80_3Chip.a(CyDmac.o)
 .debug_info    0x000054bc     0x1374 .\CortexM3\ARM_GCC_541\Debug\Z80_3Chip.a(CyLib.o)
 .debug_info    0x00006830      0xa2a .\CortexM3\ARM_GCC_541\Debug\Z80_3Chip.a(cyPm.o)
 .debug_info    0x0000725a      0x17d .\CortexM3\ARM_GCC_541\Debug\Z80_3Chip.a(AdrLowIn.o)
 .debug_info    0x000073d7       0xd6 .\CortexM3\ARM_GCC_541\Debug\Z80_3Chip.a(AdrLowOut.o)
 .debug_info    0x000074ad      0x11f .\CortexM3\ARM_GCC_541\Debug\Z80_3Chip.a(LED.o)
 .debug_info    0x000075cc      0x11f .\CortexM3\ARM_GCC_541\Debug\Z80_3Chip.a(INT_n.o)
 .debug_info    0x000076eb       0xd6 .\CortexM3\ARM_GCC_541\Debug\Z80_3Chip.a(IO_Ctrl_Reg.o)
 .debug_info    0x000077c1      0x17f .\CortexM3\ARM_GCC_541\Debug\Z80_3Chip.a(IO_Stat_Reg.o)
 .debug_info    0x00007940       0xd6 .\CortexM3\ARM_GCC_541\Debug\Z80_3Chip.a(Z80_Data_In.o)
 .debug_info    0x00007a16      0x17d .\CortexM3\ARM_GCC_541\Debug\Z80_3Chip.a(Z80_Data_Out.o)
 .debug_info    0x00007b93       0xd6 .\CortexM3\ARM_GCC_541\Debug\Z80_3Chip.a(AdrMidOut.o)
 .debug_info    0x00007c69       0xd6 .\CortexM3\ARM_GCC_541\Debug\Z80_3Chip.a(AdrHighOut.o)
 .debug_info    0x00007d3f      0x2ab .\CortexM3\ARM_GCC_541\Debug\Z80_3Chip.a(I2C.o)
 .debug_info    0x00007fea      0x184 .\CortexM3\ARM_GCC_541\Debug\Z80_3Chip.a(I2C_INT.o)
 .debug_info    0x0000816e      0x207 .\CortexM3\ARM_GCC_541\Debug\Z80_3Chip.a(I2C_PM.o)
 .debug_info    0x00008375      0x407 .\CortexM3\ARM_GCC_541\Debug\Z80_3Chip.a(I2C_MASTER.o)
 .debug_info    0x0000877c      0x98f .\CortexM3\ARM_GCC_541\Debug\Z80_3Chip.a(USBUART.o)
 .debug_info    0x0000910b      0xaf7 .\CortexM3\ARM_GCC_541\Debug\Z80_3Chip.a(USBUART_cdc.o)
 .debug_info    0x00009c02      0x655 .\CortexM3\ARM_GCC_541\Debug\Z80_3Chip.a(USBUART_drv.o)
 .debug_info    0x0000a257      0x254 .\CortexM3\ARM_GCC_541\Debug\Z80_3Chip.a(USBUART_episr.o)
 .debug_info    0x0000a4ab      0x2e4 .\CortexM3\ARM_GCC_541\Debug\Z80_3Chip.a(USBUART_pm.o)
 .debug_info    0x0000a78f      0xb26 .\CortexM3\ARM_GCC_541\Debug\Z80_3Chip.a(USBUART_std.o)
 .debug_info    0x0000b2b5       0xed .\CortexM3\ARM_GCC_541\Debug\Z80_3Chip.a(USBUART_vnd.o)
 .debug_info    0x0000b3a2      0x174 .\CortexM3\ARM_GCC_541\Debug\Z80_3Chip.a(USBUART_Dp.o)
 .debug_info    0x0000b516      0x11f .\CortexM3\ARM_GCC_541\Debug\Z80_3Chip.a(I2CINT_n.o)
 .debug_info    0x0000b635      0x4bb .\CortexM3\ARM_GCC_541\Debug\Z80_3Chip.a(SPI_Master.o)
 .debug_info    0x0000baf0      0x283 .\CortexM3\ARM_GCC_541\Debug\Z80_3Chip.a(SPI_Master_IntClock.o)
 .debug_info    0x0000bd73      0xae9 .\CortexM3\ARM_GCC_541\Debug\Z80_3Chip.a(RTC.o)
 .debug_info    0x0000c85c      0x271 .\CortexM3\ARM_GCC_541\Debug\Z80_3Chip.a(RTC_INT.o)
 .debug_info    0x0000cacd       0xd6 .\CortexM3\ARM_GCC_541\Debug\Z80_3Chip.a(SPI_SS_Out.o)
 .debug_info    0x0000cba3      0x4db .\CortexM3\ARM_GCC_541\Debug\Z80_3Chip.a(WaveDAC8.o)
 .debug_info    0x0000d07e      0x1aa .\CortexM3\ARM_GCC_541\Debug\Z80_3Chip.a(WaveDAC8_Wave1_DMA_dma.o)
 .debug_info    0x0000d228      0x1a7 .\CortexM3\ARM_GCC_541\Debug\Z80_3Chip.a(WaveDAC8_Wave2_DMA_dma.o)
 .debug_info    0x0000d3cf      0x1de .\CortexM3\ARM_GCC_541\Debug\Z80_3Chip.a(WaveDAC8_VDAC8.o)
 .debug_info    0x0000d5ad       0xd6 .\CortexM3\ARM_GCC_541\Debug\Z80_3Chip.a(DAC_Control.o)
 .debug_info    0x0000d683      0x28d .\CortexM3\ARM_GCC_541\Debug\Z80_3Chip.a(Sound_Counter.o)
 .debug_info    0x0000d910      0x2fc .\CortexM3\ARM_GCC_541\Debug\Z80_3Chip.a(I2CINT_ISR.o)
 .debug_info    0x0000dc0c       0xd6 .\CortexM3\ARM_GCC_541\Debug\Z80_3Chip.a(MMU_Sel.o)
 .debug_info    0x0000dce2       0xd6 .\CortexM3\ARM_GCC_541\Debug\Z80_3Chip.a(MMU4_Addr_0.o)
 .debug_info    0x0000ddb8       0xd6 .\CortexM3\ARM_GCC_541\Debug\Z80_3Chip.a(MMU4_Addr_1.o)
 .debug_info    0x0000de8e       0xd6 .\CortexM3\ARM_GCC_541\Debug\Z80_3Chip.a(MMU4_Addr_2.o)
 .debug_info    0x0000df64       0xd6 .\CortexM3\ARM_GCC_541\Debug\Z80_3Chip.a(MMU4_Addr_3.o)
 .debug_info    0x0000e03a       0xc3 .\CortexM3\ARM_GCC_541\Debug\Z80_3Chip.a(CyBootAsmGnu.o)
 .debug_info    0x0000e0fd      0x64d .\CortexM3\ARM_GCC_541\Debug\Z80_3Chip.a(CyFlash.o)
 .debug_info    0x0000e74a      0x550 .\CortexM3\ARM_GCC_541\Debug\Z80_3Chip.a(CySpc.o)
 .debug_info    0x0000ec9a      0x1de .\CortexM3\ARM_GCC_541\Debug\Z80_3Chip.a(USBUART_cls.o)
 .debug_info    0x0000ee78      0x2a3 .\CortexM3\ARM_GCC_541\Debug\Z80_3Chip.a(USBUART_descr.o)

.debug_abbrev   0x00000000     0x4255
 *(.debug_abbrev)
 .debug_abbrev  0x00000000      0x10d .\CortexM3\ARM_GCC_541\Debug\main.o
 .debug_abbrev  0x0000010d       0xff .\CortexM3\ARM_GCC_541\Debug\ExtSRAM.o
 .debug_abbrev  0x0000020c      0x185 .\CortexM3\ARM_GCC_541\Debug\FrontPanel.o
 .debug_abbrev  0x00000391       0x4b .\CortexM3\ARM_GCC_541\Debug\GS_9_MON_BASIC_ROM.o
 .debug_abbrev  0x000003dc       0x4b .\CortexM3\ARM_GCC_541\Debug\Z80_SIO_emul.o
 .debug_abbrev  0x00000427       0xd4 .\CortexM3\ARM_GCC_541\Debug\Z80_IO_Handle.o
 .debug_abbrev  0x000004fb       0xf0 .\CortexM3\ARM_GCC_541\Debug\Z80_PIO_emul.o
 .debug_abbrev  0x000005eb       0x4b .\CortexM3\ARM_GCC_541\Debug\GS_7_BASIC_ROM.o
 .debug_abbrev  0x00000636      0x136 .\CortexM3\ARM_GCC_541\Debug\Z80_6850_Emul.o
 .debug_abbrev  0x0000076c       0xe0 .\CortexM3\ARM_GCC_541\Debug\Z80_SDCard_Emul.o
 .debug_abbrev  0x0000084c       0x4b .\CortexM3\ARM_GCC_541\Debug\GS_FPGA_CPM_BASIC.o
 .debug_abbrev  0x00000897       0xe4 .\CortexM3\ARM_GCC_541\Debug\Z80_6850_2_Emul.o
 .debug_abbrev  0x0000097b       0xc7 .\CortexM3\ARM_GCC_541\Debug\Z80_Mem_Mappers.o
 .debug_abbrev  0x00000a42      0x1cd .\CortexM3\ARM_GCC_541\Debug\SDCard.o
 .debug_abbrev  0x00000c0f       0xee .\CortexM3\ARM_GCC_541\Debug\Z80_PSoC_3Chips.o
 .debug_abbrev  0x00000cfd       0xcc .\CortexM3\ARM_GCC_541\Debug\Z80_RTC.o
 .debug_abbrev  0x00000dc9       0xd5 .\CortexM3\ARM_GCC_541\Debug\Z80_DAC.o
 .debug_abbrev  0x00000e9e      0x20d .\CortexM3\ARM_GCC_541\Debug\cyfitter_cfg.o
 .debug_abbrev  0x000010ab       0x77 .\CortexM3\ARM_GCC_541\Debug\cymetadata.o
 .debug_abbrev  0x00001122      0x1e8 .\CortexM3\ARM_GCC_541\Debug\Cm3Start.o
 .debug_abbrev  0x0000130a      0x1b2 .\CortexM3\ARM_GCC_541\Debug\Z80_3Chip.a(CyDmac.o)
 .debug_abbrev  0x000014bc      0x254 .\CortexM3\ARM_GCC_541\Debug\Z80_3Chip.a(CyLib.o)
 .debug_abbrev  0x00001710      0x1ab .\CortexM3\ARM_GCC_541\Debug\Z80_3Chip.a(cyPm.o)
 .debug_abbrev  0x000018bb       0xac .\CortexM3\ARM_GCC_541\Debug\Z80_3Chip.a(AdrLowIn.o)
 .debug_abbrev  0x00001967       0x81 .\CortexM3\ARM_GCC_541\Debug\Z80_3Chip.a(AdrLowOut.o)
 .debug_abbrev  0x000019e8       0x90 .\CortexM3\ARM_GCC_541\Debug\Z80_3Chip.a(LED.o)
 .debug_abbrev  0x00001a78       0x90 .\CortexM3\ARM_GCC_541\Debug\Z80_3Chip.a(INT_n.o)
 .debug_abbrev  0x00001b08       0x81 .\CortexM3\ARM_GCC_541\Debug\Z80_3Chip.a(IO_Ctrl_Reg.o)
 .debug_abbrev  0x00001b89       0xac .\CortexM3\ARM_GCC_541\Debug\Z80_3Chip.a(IO_Stat_Reg.o)
 .debug_abbrev  0x00001c35       0x81 .\CortexM3\ARM_GCC_541\Debug\Z80_3Chip.a(Z80_Data_In.o)
 .debug_abbrev  0x00001cb6       0xac .\CortexM3\ARM_GCC_541\Debug\Z80_3Chip.a(Z80_Data_Out.o)
 .debug_abbrev  0x00001d62       0x81 .\CortexM3\ARM_GCC_541\Debug\Z80_3Chip.a(AdrMidOut.o)
 .debug_abbrev  0x00001de3       0x81 .\CortexM3\ARM_GCC_541\Debug\Z80_3Chip.a(AdrHighOut.o)
 .debug_abbrev  0x00001e64      0x10a .\CortexM3\ARM_GCC_541\Debug\Z80_3Chip.a(I2C.o)
 .debug_abbrev  0x00001f6e       0xb6 .\CortexM3\ARM_GCC_541\Debug\Z80_3Chip.a(I2C_INT.o)
 .debug_abbrev  0x00002024       0xfe .\CortexM3\ARM_GCC_541\Debug\Z80_3Chip.a(I2C_PM.o)
 .debug_abbrev  0x00002122      0x13c .\CortexM3\ARM_GCC_541\Debug\Z80_3Chip.a(I2C_MASTER.o)
 .debug_abbrev  0x0000225e      0x215 .\CortexM3\ARM_GCC_541\Debug\Z80_3Chip.a(USBUART.o)
 .debug_abbrev  0x00002473      0x245 .\CortexM3\ARM_GCC_541\Debug\Z80_3Chip.a(USBUART_cdc.o)
 .debug_abbrev  0x000026b8      0x189 .\CortexM3\ARM_GCC_541\Debug\Z80_3Chip.a(USBUART_drv.o)
 .debug_abbrev  0x00002841      0x11b .\CortexM3\ARM_GCC_541\Debug\Z80_3Chip.a(USBUART_episr.o)
 .debug_abbrev  0x0000295c      0x108 .\CortexM3\ARM_GCC_541\Debug\Z80_3Chip.a(USBUART_pm.o)
 .debug_abbrev  0x00002a64      0x20a .\CortexM3\ARM_GCC_541\Debug\Z80_3Chip.a(USBUART_std.o)
 .debug_abbrev  0x00002c6e       0x9b .\CortexM3\ARM_GCC_541\Debug\Z80_3Chip.a(USBUART_vnd.o)
 .debug_abbrev  0x00002d09       0x90 .\CortexM3\ARM_GCC_541\Debug\Z80_3Chip.a(USBUART_Dp.o)
 .debug_abbrev  0x00002d99       0x90 .\CortexM3\ARM_GCC_541\Debug\Z80_3Chip.a(I2CINT_n.o)
 .debug_abbrev  0x00002e29      0x146 .\CortexM3\ARM_GCC_541\Debug\Z80_3Chip.a(SPI_Master.o)
 .debug_abbrev  0x00002f6f      0x139 .\CortexM3\ARM_GCC_541\Debug\Z80_3Chip.a(SPI_Master_IntClock.o)
 .debug_abbrev  0x000030a8      0x20f .\CortexM3\ARM_GCC_541\Debug\Z80_3Chip.a(RTC.o)
 .debug_abbrev  0x000032b7       0xf1 .\CortexM3\ARM_GCC_541\Debug\Z80_3Chip.a(RTC_INT.o)
 .debug_abbrev  0x000033a8       0x81 .\CortexM3\ARM_GCC_541\Debug\Z80_3Chip.a(SPI_SS_Out.o)
 .debug_abbrev  0x00003429      0x10b .\CortexM3\ARM_GCC_541\Debug\Z80_3Chip.a(WaveDAC8.o)
 .debug_abbrev  0x00003534       0xcd .\CortexM3\ARM_GCC_541\Debug\Z80_3Chip.a(WaveDAC8_Wave1_DMA_dma.o)
 .debug_abbrev  0x00003601       0xcd .\CortexM3\ARM_GCC_541\Debug\Z80_3Chip.a(WaveDAC8_Wave2_DMA_dma.o)
 .debug_abbrev  0x000036ce       0xf7 .\CortexM3\ARM_GCC_541\Debug\Z80_3Chip.a(WaveDAC8_VDAC8.o)
 .debug_abbrev  0x000037c5       0x81 .\CortexM3\ARM_GCC_541\Debug\Z80_3Chip.a(DAC_Control.o)