Archive member included to satisfy reference by file (symbol)

.\CortexM3\ARM_GCC_541\Debug\Z80_3Chip.a(CyDmac.o)
                              .\CortexM3\ARM_GCC_541\Debug\Cm3Start.o (CyDmacConfigure)
.\CortexM3\ARM_GCC_541\Debug\Z80_3Chip.a(CyLib.o)
                              .\CortexM3\ARM_GCC_541\Debug\Cm3Start.o (CyHalt)
.\CortexM3\ARM_GCC_541\Debug\Z80_3Chip.a(cyPm.o)
                              .\CortexM3\ARM_GCC_541\Debug\Z80_3Chip.a(CyLib.o) (CyPmReadStatus)
.\CortexM3\ARM_GCC_541\Debug\Z80_3Chip.a(LED.o)
                              .\CortexM3\ARM_GCC_541\Debug\Z80_PSoC_3Chips.o (LED_Write)
.\CortexM3\ARM_GCC_541\Debug\Z80_3Chip.a(BUSRQ_n.o)
                              .\CortexM3\ARM_GCC_541\Debug\Z80_IO_Handle.o (BUSRQ_n_Write)
.\CortexM3\ARM_GCC_541\Debug\Z80_3Chip.a(INT_n.o)
                              .\CortexM3\ARM_GCC_541\Debug\Z80_6850_Emul.o (INT_n_Write)
.\CortexM3\ARM_GCC_541\Debug\Z80_3Chip.a(Z80_Data_In.o)
                              .\CortexM3\ARM_GCC_541\Debug\FrontPanel.o (Z80_Data_In_Write)
.\CortexM3\ARM_GCC_541\Debug\Z80_3Chip.a(Z80_Data_Out.o)
                              .\CortexM3\ARM_GCC_541\Debug\FrontPanel.o (Z80_Data_Out_Read)
.\CortexM3\ARM_GCC_541\Debug\Z80_3Chip.a(ExtSRAMCtl.o)
                              .\CortexM3\ARM_GCC_541\Debug\FrontPanel.o (ExtSRAMCtl_Write)
.\CortexM3\ARM_GCC_541\Debug\Z80_3Chip.a(I2C.o)
                              .\CortexM3\ARM_GCC_541\Debug\main.o (I2C_Start)
.\CortexM3\ARM_GCC_541\Debug\Z80_3Chip.a(I2C_INT.o)
                              .\CortexM3\ARM_GCC_541\Debug\Z80_3Chip.a(I2C.o) (I2C_ISR)
.\CortexM3\ARM_GCC_541\Debug\Z80_3Chip.a(I2C_PM.o)
                              .\CortexM3\ARM_GCC_541\Debug\Z80_3Chip.a(I2C.o) (I2C_backup)
.\CortexM3\ARM_GCC_541\Debug\Z80_3Chip.a(I2C_MASTER.o)
                              .\CortexM3\ARM_GCC_541\Debug\FrontPanel.o (I2C_MasterWriteBuf)
.\CortexM3\ARM_GCC_541\Debug\Z80_3Chip.a(USBUART.o)
                              .\CortexM3\ARM_GCC_541\Debug\main.o (USBUART_Start)
.\CortexM3\ARM_GCC_541\Debug\Z80_3Chip.a(USBUART_cdc.o)
                              .\CortexM3\ARM_GCC_541\Debug\main.o (USBUART_CDC_Init)
.\CortexM3\ARM_GCC_541\Debug\Z80_3Chip.a(USBUART_drv.o)
                              .\CortexM3\ARM_GCC_541\Debug\Z80_3Chip.a(USBUART.o) (USBUART_lastPacketSize)
.\CortexM3\ARM_GCC_541\Debug\Z80_3Chip.a(USBUART_episr.o)
                              .\CortexM3\ARM_GCC_541\Debug\Z80_3Chip.a(USBUART.o) (USBUART_EP_1_ISR)
.\CortexM3\ARM_GCC_541\Debug\Z80_3Chip.a(USBUART_pm.o)
                              .\CortexM3\ARM_GCC_541\Debug\Z80_3Chip.a(USBUART.o) (USBUART_DP_ISR)
.\CortexM3\ARM_GCC_541\Debug\Z80_3Chip.a(USBUART_std.o)
                              .\CortexM3\ARM_GCC_541\Debug\Z80_3Chip.a(USBUART_pm.o) (USBUART_ConfigReg)
.\CortexM3\ARM_GCC_541\Debug\Z80_3Chip.a(USBUART_vnd.o)
                              .\CortexM3\ARM_GCC_541\Debug\Z80_3Chip.a(USBUART_drv.o) (USBUART_HandleVendorRqst)
.\CortexM3\ARM_GCC_541\Debug\Z80_3Chip.a(USBUART_Dp.o)
                              .\CortexM3\ARM_GCC_541\Debug\Z80_3Chip.a(USBUART.o) (USBUART_Dp_ClearInterrupt)
.\CortexM3\ARM_GCC_541\Debug\Z80_3Chip.a(BUSACK_n.o)
                              .\CortexM3\ARM_GCC_541\Debug\Z80_IO_Handle.o (BUSACK_n_Read)
.\CortexM3\ARM_GCC_541\Debug\Z80_3Chip.a(I2CINT_n.o)
                              .\CortexM3\ARM_GCC_541\Debug\main.o (I2CINT_n_SetDriveMode)
.\CortexM3\ARM_GCC_541\Debug\Z80_3Chip.a(SPI_Master.o)
                              .\CortexM3\ARM_GCC_541\Debug\SDCard.o (SPI_Master_ReadTxStatus)
.\CortexM3\ARM_GCC_541\Debug\Z80_3Chip.a(SPI_Master_IntClock.o)
                              .\CortexM3\ARM_GCC_541\Debug\Z80_3Chip.a(SPI_Master.o) (SPI_Master_IntClock_Start)
.\CortexM3\ARM_GCC_541\Debug\Z80_3Chip.a(RTC.o)
                              .\CortexM3\ARM_GCC_541\Debug\Z80_RTC.o (RTC_Start)
.\CortexM3\ARM_GCC_541\Debug\Z80_3Chip.a(RTC_INT.o)
                              .\CortexM3\ARM_GCC_541\Debug\Z80_3Chip.a(RTC.o) (RTC_ISR)
.\CortexM3\ARM_GCC_541\Debug\Z80_3Chip.a(SPI_SS_Out.o)
                              .\CortexM3\ARM_GCC_541\Debug\SDCard.o (SPI_SS_Out_Write)
.\CortexM3\ARM_GCC_541\Debug\Z80_3Chip.a(WaveDAC8.o)
                              .\CortexM3\ARM_GCC_541\Debug\Z80_DAC.o (WaveDAC8_Stop)
.\CortexM3\ARM_GCC_541\Debug\Z80_3Chip.a(WaveDAC8_Wave1_DMA_dma.o)
                              .\CortexM3\ARM_GCC_541\Debug\Z80_3Chip.a(WaveDAC8.o) (WaveDAC8_Wave1_DMA_DmaInitialize)
.\CortexM3\ARM_GCC_541\Debug\Z80_3Chip.a(WaveDAC8_Wave2_DMA_dma.o)
                              .\CortexM3\ARM_GCC_541\Debug\Z80_3Chip.a(WaveDAC8.o) (WaveDAC8_Wave2_DMA_DmaInitialize)
.\CortexM3\ARM_GCC_541\Debug\Z80_3Chip.a(WaveDAC8_VDAC8.o)
                              .\CortexM3\ARM_GCC_541\Debug\Z80_3Chip.a(WaveDAC8.o) (WaveDAC8_VDAC8_Enable)
.\CortexM3\ARM_GCC_541\Debug\Z80_3Chip.a(DAC_Control.o)
                              .\CortexM3\ARM_GCC_541\Debug\Z80_DAC.o (DAC_Control_Write)
[...]
Memory Configuration

Name             Origin             Length             Attributes
rom              0x00000000         0x00020000         xr
ram              0x1fffc000         0x00008000         xrw
*default*        0x00000000         0xffffffff

Linker script and memory map

LOAD c:/program files (x86)/cypress/psoc creator/4.2/psoc creator/import/gnu/arm/5.4.1/bin/../lib/gcc/arm-none-eabi/5.4.1/armv7-m/crti.o
LOAD c:/program files (x86)/cypress/psoc creator/4.2/psoc creator/import/gnu/arm/5.4.1/bin/../lib/gcc/arm-none-eabi/5.4.1/armv7-m/crtbegin.o
LOAD c:/program files (x86)/cypress/psoc creator/4.2/psoc creator/import/gnu/arm/5.4.1/bin/../lib/gcc/arm-none-eabi/5.4.1/../../../../arm-none-eabi/lib/armv7-m/crt0.o
START GROUP
LOAD .\CortexM3\ARM_GCC_541\Debug\main.o
LOAD .\CortexM3\ARM_GCC_541\Debug\ExtSRAM.o
LOAD .\CortexM3\ARM_GCC_541\Debug\FrontPanel.o
LOAD .\CortexM3\ARM_GCC_541\Debug\GS_9_MON_BASIC_ROM.o
LOAD .\CortexM3\ARM_GCC_541\Debug\Z80_SIO_emul.o
LOAD .\CortexM3\ARM_GCC_541\Debug\Z80_IO_Handle.o
LOAD .\CortexM3\ARM_GCC_541\Debug\Z80_PIO_emul.o
LOAD .\CortexM3\ARM_GCC_541\Debug\GS_7_BASIC_ROM.o
LOAD .\CortexM3\ARM_GCC_541\Debug\Z80_6850_Emul.o
LOAD .\CortexM3\ARM_GCC_541\Debug\Z80_SDCard_Emul.o
LOAD .\CortexM3\ARM_GCC_541\Debug\GS_FPGA_CPM_BASIC.o
LOAD .\CortexM3\ARM_GCC_541\Debug\Z80_6850_2_Emul.o
LOAD .\CortexM3\ARM_GCC_541\Debug\Z80_Mem_Mappers.o
LOAD .\CortexM3\ARM_GCC_541\Debug\SDCard.o
LOAD .\CortexM3\ARM_GCC_541\Debug\Z80_PSoC_3Chips.o
LOAD .\CortexM3\ARM_GCC_541\Debug\Z80_RTC.o
LOAD .\CortexM3\ARM_GCC_541\Debug\Z80_DAC.o
LOAD .\CortexM3\ARM_GCC_541\Debug\MultiBoot_CPM.o
LOAD .\CortexM3\ARM_GCC_541\Debug\cyfitter_cfg.o
LOAD .\CortexM3\ARM_GCC_541\Debug\cymetadata.o
LOAD .\CortexM3\ARM_GCC_541\Debug\Cm3Start.o
LOAD .\CortexM3\ARM_GCC_541\Debug\Z80_3Chip.a
LOAD C:\Program Files (x86)\Cypress\PSoC Creator\4.2\PSoC Creator\psoc\content\cycomponentlibrary\CyComponentLibrary.cylib\CortexM3\ARM_GCC_541\Debug\CyComponentLibrary.a
END GROUP
START GROUP
LOAD c:/program files (x86)/cypress/psoc creator/4.2/psoc creator/import/gnu/arm/5.4.1/bin/../lib/gcc/arm-none-eabi/5.4.1/armv7-m\libgcc.a
LOAD c:/program files (x86)/cypress/psoc creator/4.2/psoc creator/import/gnu/arm/5.4.1/bin/../lib/gcc/arm-none-eabi/5.4.1/../../../../arm-none-eabi/lib/armv7-m\libg_nano.a
LOAD c:/program files (x86)/cypress/psoc creator/4.2/psoc creator/import/gnu/arm/5.4.1/bin/../lib/gcc/arm-none-eabi/5.4.1/../../../../arm-none-eabi/lib/armv7-m\libc_nano.a
END GROUP
START GROUP
LOAD c:/program files (x86)/cypress/psoc creator/4.2/psoc creator/import/gnu/arm/5.4.1/bin/../lib/gcc/arm-none-eabi/5.4.1/armv7-m\libgcc.a
LOAD c:/program files (x86)/cypress/psoc creator/4.2/psoc creator/import/gnu/arm/5.4.1/bin/../lib/gcc/arm-none-eabi/5.4.1/../../../../arm-none-eabi/lib/armv7-m\libc_nano.a
END GROUP
LOAD c:/program files (x86)/cypress/psoc creator/4.2/psoc creator/import/gnu/arm/5.4.1/bin/../lib/gcc/arm-none-eabi/5.4.1/armv7-m/crtend.o
LOAD c:/program files (x86)/cypress/psoc creator/4.2/psoc creator/import/gnu/arm/5.4.1/bin/../lib/gcc/arm-none-eabi/5.4.1/armv7-m/crtn.o
START GROUP
LOAD c:/program files (x86)/cypress/psoc creator/4.2/psoc creator/import/gnu/arm/5.4.1/bin/../lib/gcc/arm-none-eabi/5.4.1/armv7-m\libgcc.a
LOAD c:/program files (x86)/cypress/psoc creator/4.2/psoc creator/import/gnu/arm/5.4.1/bin/../lib/gcc/arm-none-eabi/5.4.1/../../../../arm-none-eabi/lib/armv7-m\libc.a
LOAD c:/program files (x86)/cypress/psoc creator/4.2/psoc creator/import/gnu/arm/5.4.1/bin/../lib/gcc/arm-none-eabi/5.4.1/../../../../arm-none-eabi/lib/armv7-m\libnosys.a
END GROUP
                0x00000000                CY_APPL_ORIGIN = 0x0
                0x00000100                CY_FLASH_ROW_SIZE = 0x100
                0x00000020                CY_ECC_ROW_SIZE = 0x20
                0x00000000                CY_EE_IN_BTLDR = 0x0
                0x00000000                CY_APPL_LOADABLE = 0x0
                0x00000800                CY_EE_SIZE = 0x800
                0x00000001                CY_APPL_NUM = 0x1
                0x00000001                CY_APPL_MAX = 0x1
                0x00000040                CY_METADATA_SIZE = 0x40
                0x00000000                CY_APPL_LOADABLE = 0x0
                0x00000000                CY_CHECKSUM_EXCLUDE_SIZE = ALIGN (0x0, CY_FLASH_ROW_SIZE)
                [!provide]                PROVIDE (__cy_heap_start, _end)
                0x00000001                PROVIDE (__cy_region_num, ((__cy_regions_end - __cy_regions) / 0x10))
                0x20004000                PROVIDE (__cy_stack, (ORIGIN (ram) + LENGTH (ram)))
                [!provide]                PROVIDE (__cy_heap_end, (__cy_stack - 0x800))

.cybootloader   0x00000000        0x0
 *(.cybootloader)
                0x00000000                appl1_start = CY_APPL_ORIGIN?CY_APPL_ORIGIN:ALIGN (CY_FLASH_ROW_SIZE)
                0x0000ff00                appl2_start = (appl1_start + ALIGN ((((LENGTH (rom) - appl1_start) - (0x2 * CY_FLASH_ROW_SIZE)) / 0x2), CY_FLASH_ROW_SIZE))
                0x00000000                appl_start = (CY_APPL_NUM == 0x1)?appl1_start:appl2_start
                0x00000000                ecc_offset = ((appl_start / CY_FLASH_ROW_SIZE) * CY_ECC_ROW_SIZE)
                0x00000000                ee_offset = (CY_APPL_LOADABLE && ! (CY_EE_IN_BTLDR))?((CY_EE_SIZE / CY_APPL_MAX) * (CY_APPL_NUM - 0x1)):0x0
                0x00000800                ee_size = (CY_APPL_LOADABLE && ! (CY_EE_IN_BTLDR))?(CY_EE_SIZE / CY_APPL_MAX):CY_EE_SIZE
                [!provide]                PROVIDE (CY_ECC_OFFSET, ecc_offset)

.text           0x00000000     0x60c4
 CREATE_OBJECT_SYMBOLS
                0x00000000                PROVIDE (__cy_interrupt_vector, RomVectors)
 *(.romvectors)
 .romvectors    0x00000000       0x10 .\CortexM3\ARM_GCC_541\Debug\Cm3Start.o
                0x00000000                RomVectors
                0x00000001                ASSERT ((. != __cy_interrupt_vector), No interrupt vector)
                0x00000001                ASSERT (CY_APPL_ORIGIN?(SIZEOF (.cybootloader) <= CY_APPL_ORIGIN):0x1, Wrong image location)
                0x00000010                PROVIDE (__cy_reset, Reset)
 *(.text.Reset)
 .text.Reset    0x00000010       0x18 .\CortexM3\ARM_GCC_541\Debug\Cm3Start.o
                0x00000010                Reset
                0x00000001                ASSERT ((. != __cy_reset), No reset code)
 *(.dma_init)
                0x00000001                ASSERT ((((appl_start + .) <= 0x10000) || 0x1), DMA Init must be within the first 64k of flash)
 *(.text .text.* .gnu.linkonce.t.*)
 .text          0x00000028       0x5c c:/program files (x86)/cypress/psoc creator/4.2/psoc creator/import/gnu/arm/5.4.1/bin/../lib/gcc/arm-none-eabi/5.4.1/armv7-m/crtbegin.o
 .text.initZ80PSOC
                0x00000084       0x74 .\CortexM3\ARM_GCC_541\Debug\main.o
                0x00000084                initZ80PSOC
 .text.main     0x000000f8      0x204 .\CortexM3\ARM_GCC_541\Debug\main.o
                0x000000f8                main
 .text.SetExtSRAMAddr
                0x000002fc       0x20 .\CortexM3\ARM_GCC_541\Debug\ExtSRAM.o
                0x000002fc                SetExtSRAMAddr
 .text.ReadExtSRAM
                0x0000031c       0x24 .\CortexM3\ARM_GCC_541\Debug\ExtSRAM.o
                0x0000031c                ReadExtSRAM
 .text.WriteExtSRAM
                0x00000340       0x24 .\CortexM3\ARM_GCC_541\Debug\ExtSRAM.o
                0x00000340                WriteExtSRAM
 .text.TestSRAM
                0x00000364      0x11c .\CortexM3\ARM_GCC_541\Debug\ExtSRAM.o
                0x00000364                TestSRAM
 .text.loadSRAM
                0x00000480       0x24 .\CortexM3\ARM_GCC_541\Debug\ExtSRAM.o
                0x00000480                loadSRAM
 .text.readRegister_MCP23017
                0x000004a4       0x38 .\CortexM3\ARM_GCC_541\Debug\FrontPanel.o
                0x000004a4                readRegister_MCP23017
 .text.readFrontPanelSwitchesStatic
                0x000004dc       0x30 .\CortexM3\ARM_GCC_541\Debug\FrontPanel.o
                0x000004dc                readFrontPanelSwitchesStatic
 .text.FrontPanelZ80Read
                0x0000050c       0x38 .\CortexM3\ARM_GCC_541\Debug\FrontPanel.o
                0x0000050c                FrontPanelZ80Read
 .text.readFrontPanelSwitchesRegistered
                0x00000544       0x34 .\CortexM3\ARM_GCC_541\Debug\FrontPanel.o
                0x00000544                readFrontPanelSwitchesRegistered
 .text.waitFrontPanelSwitchesPressed
                0x00000578       0x24 .\CortexM3\ARM_GCC_541\Debug\FrontPanel.o
                0x00000578                waitFrontPanelSwitchesPressed
 .text.writeRegister_MCP23017
                0x0000059c       0x34 .\CortexM3\ARM_GCC_541\Debug\FrontPanel.o
                0x0000059c                writeRegister_MCP23017
 .text.init_FrontPanel
                0x000005d0       0xa0 .\CortexM3\ARM_GCC_541\Debug\FrontPanel.o
                0x000005d0                init_FrontPanel
 .text.writeFrontPanelLEDs
                0x00000670       0x34 .\CortexM3\ARM_GCC_541\Debug\FrontPanel.o
                0x00000670                writeFrontPanelLEDs
 .text.FrontPanelZ80Write
                0x000006a4       0x68 .\CortexM3\ARM_GCC_541\Debug\FrontPanel.o
                0x000006a4                FrontPanelZ80Write
 .text.runFrontPanel
                0x0000070c      0x1a0 .\CortexM3\ARM_GCC_541\Debug\FrontPanel.o
                0x0000070c                runFrontPanel
 .text.ackIO    0x000008ac       0x10 .\CortexM3\ARM_GCC_541\Debug\Z80_IO_Handle.o
                0x000008ac                ackIO
 .text.HandleZ80IO
                0x000008bc      0x4c8 .\CortexM3\ARM_GCC_541\Debug\Z80_IO_Handle.o
                0x000008bc                HandleZ80IO
 .text.init_PIO
                0x00000d84       0xc4 .\CortexM3\ARM_GCC_541\Debug\Z80_PIO_emul.o
                0x00000d84                init_PIO
 .text.PioReadDataA
                0x00000e48       0x2c .\CortexM3\ARM_GCC_541\Debug\Z80_PIO_emul.o
                0x00000e48                PioReadDataA
 .text.PioWriteDataA
                0x00000e74       0x18 .\CortexM3\ARM_GCC_541\Debug\Z80_PIO_emul.o
                0x00000e74                PioWriteDataA
 .text.PioWriteCtrlA
                0x00000e8c      0x118 .\CortexM3\ARM_GCC_541\Debug\Z80_PIO_emul.o
                0x00000e8c                PioWriteCtrlA
 .text.PioReadDataB
                0x00000fa4       0x2c .\CortexM3\ARM_GCC_541\Debug\Z80_PIO_emul.o
                0x00000fa4                PioReadDataB
 .text.PioWriteDataB
                0x00000fd0       0x18 .\CortexM3\ARM_GCC_541\Debug\Z80_PIO_emul.o
                0x00000fd0                PioWriteDataB
 .text.PioWriteCtrlB
                0x00000fe8      0x118 .\CortexM3\ARM_GCC_541\Debug\Z80_PIO_emul.o
                0x00000fe8                PioWriteCtrlB
 .text.initM6850StatusRegister
                0x00001100        0xc .\CortexM3\ARM_GCC_541\Debug\Z80_6850_Emul.o
                0x00001100                initM6850StatusRegister
 .text.M6850ReadIntReg
                0x0000110c       0x18 .\CortexM3\ARM_GCC_541\Debug\Z80_6850_Emul.o
                0x0000110c                M6850ReadIntReg
 .text.sendCharToZ80
                0x00001124       0x30 .\CortexM3\ARM_GCC_541\Debug\Z80_6850_Emul.o
                0x00001124                sendCharToZ80
 .text.checkSerialReceiverBusy
                0x00001154       0x24 .\CortexM3\ARM_GCC_541\Debug\Z80_6850_Emul.o
                0x00001154                checkSerialReceiverBusy
 .text.M6850ReadData
                0x00001178       0x28 .\CortexM3\ARM_GCC_541\Debug\Z80_6850_Emul.o
                0x00001178                M6850ReadData
 .text.M6850WriteData
                0x000011a0       0x2c .\CortexM3\ARM_GCC_541\Debug\Z80_6850_Emul.o
                0x000011a0                M6850WriteData
 .text.M6850ReadStatus
                0x000011cc       0x1c .\CortexM3\ARM_GCC_541\Debug\Z80_6850_Emul.o
                0x000011cc                M6850ReadStatus
 .text.M6850WriteCtrl
                0x000011e8       0x1c .\CortexM3\ARM_GCC_541\Debug\Z80_6850_Emul.o
                0x000011e8                M6850WriteCtrl
 .text.SDReadData
                0x00001204       0x38 .\CortexM3\ARM_GCC_541\Debug\Z80_SDCard_Emul.o
                0x00001204                SDReadData
 .text.SDWriteData
                0x0000123c       0x54 .\CortexM3\ARM_GCC_541\Debug\Z80_SDCard_Emul.o
                0x0000123c                SDWriteData
 .text.SDWriteCommand
                0x00001290       0xbc .\CortexM3\ARM_GCC_541\Debug\Z80_SDCard_Emul.o
                0x00001290                SDWriteCommand
 .text.SDReadStatus
                0x0000134c       0x1c .\CortexM3\ARM_GCC_541\Debug\Z80_SDCard_Emul.o
                0x0000134c                SDReadStatus
 .text.SDWriteLBA0
                0x00001368       0x14 .\CortexM3\ARM_GCC_541\Debug\Z80_SDCard_Emul.o
                0x00001368                SDWriteLBA0
 .text.SDWriteLBA1
                0x0000137c       0x14 .\CortexM3\ARM_GCC_541\Debug\Z80_SDCard_Emul.o
                0x0000137c                SDWriteLBA1
 .text.SDWriteLBA2
                0x00001390       0x14 .\CortexM3\ARM_GCC_541\Debug\Z80_SDCard_Emul.o
                0x00001390                SDWriteLBA2
 .text.initM6850_2_StatusRegister
                0x000013a4        0xc .\CortexM3\ARM_GCC_541\Debug\Z80_6850_2_Emul.o
                0x000013a4                initM6850_2_StatusRegister
 .text.M6850_2_ReadData
                0x000013b0        0x8 .\CortexM3\ARM_GCC_541\Debug\Z80_6850_2_Emul.o
                0x000013b0                M6850_2_ReadData
 .text.M6850_2_WriteData
                0x000013b8        0x8 .\CortexM3\ARM_GCC_541\Debug\Z80_6850_2_Emul.o
                0x000013b8                M6850_2_WriteData
 .text.M6850_2_ReadStatus
                0x000013c0       0x14 .\CortexM3\ARM_GCC_541\Debug\Z80_6850_2_Emul.o
                0x000013c0                M6850_2_ReadStatus
 .text.M6850_2_WriteCtrl
                0x000013d4       0x14 .\CortexM3\ARM_GCC_541\Debug\Z80_6850_2_Emul.o
                0x000013d4                M6850_2_WriteCtrl
 .text.init_mem_map_4
                0x000013e8       0x34 .\CortexM3\ARM_GCC_541\Debug\Z80_Mem_Mappers.o
                0x000013e8                init_mem_map_4
 .text.wrMMU4SelectReg
                0x0000141c       0x14 .\CortexM3\ARM_GCC_541\Debug\Z80_Mem_Mappers.o
                0x0000141c                wrMMU4SelectReg
 .text.wrMMU4Bank
                0x00001430       0x50 .\CortexM3\ARM_GCC_541\Debug\Z80_Mem_Mappers.o
                0x00001430                wrMMU4Bank
 .text.SPI_write_byte
                0x00001480       0x18 .\CortexM3\ARM_GCC_541\Debug\SDCard.o
                0x00001480                SPI_write_byte
 .text.SD_command
                0x00001498       0x6c .\CortexM3\ARM_GCC_541\Debug\SDCard.o
                0x00001498                SD_command
 .text.SDInit   0x00001504      0x11c .\CortexM3\ARM_GCC_541\Debug\SDCard.o
                0x00001504                SDInit
 .text.dumpBuffer
                0x00001620       0xd0 .\CortexM3\ARM_GCC_541\Debug\SDCard.o
                0x00001620                dumpBuffer
 .text.SD_ReadSector
                0x000016f0       0xe8 .\CortexM3\ARM_GCC_541\Debug\SDCard.o
                0x000016f0                SD_ReadSector
 .text.readSDCard
                0x000017d8       0x3c .\CortexM3\ARM_GCC_541\Debug\SDCard.o
                0x000017d8                readSDCard
 .text.SD_WriteSector
                0x00001814       0xfc .\CortexM3\ARM_GCC_541\Debug\SDCard.o
                0x00001814                SD_WriteSector
 .text.writeSDCard
                0x00001910       0x34 .\CortexM3\ARM_GCC_541\Debug\SDCard.o
                0x00001910                writeSDCard
 .text.PostLed  0x00001944       0x28 .\CortexM3\ARM_GCC_541\Debug\Z80_PSoC_3Chips.o
                0x00001944                PostLed
 .text.putStringToUSB
                0x0000196c       0x1c .\CortexM3\ARM_GCC_541\Debug\Z80_PSoC_3Chips.o
                0x0000196c                putStringToUSB
 .text.I2CIntISR
                0x00001988       0x78 .\CortexM3\ARM_GCC_541\Debug\Z80_PSoC_3Chips.o
                0x00001988                I2CIntISR
 .text.init_Z80_RTC
                0x00001a00       0x14 .\CortexM3\ARM_GCC_541\Debug\Z80_RTC.o
                0x00001a00                init_Z80_RTC
 .text.writeCmdRTC
                0x00001a14       0x14 .\CortexM3\ARM_GCC_541\Debug\Z80_RTC.o
                0x00001a14                writeCmdRTC
 .text.readCmdRTC
                0x00001a28       0x14 .\CortexM3\ARM_GCC_541\Debug\Z80_RTC.o
                0x00001a28                readCmdRTC
 .text.writeRTC
                0x00001a3c       0x84 .\CortexM3\ARM_GCC_541\Debug\Z80_RTC.o
                0x00001a3c                writeRTC
 .text.readRTC  0x00001ac0       0x80 .\CortexM3\ARM_GCC_541\Debug\Z80_RTC.o
                0x00001ac0                readRTC
 .text.init_DAC
                0x00001b40       0x24 .\CortexM3\ARM_GCC_541\Debug\Z80_DAC.o
                0x00001b40                init_DAC
 .text.writeDAC
                0x00001b64       0x24 .\CortexM3\ARM_GCC_541\Debug\Z80_DAC.o
                0x00001b64                writeDAC
 .text.readDAC  0x00001b88       0x14 .\CortexM3\ARM_GCC_541\Debug\Z80_DAC.o
                0x00001b88                readDAC
 .text.readStatDAC
                0x00001b9c       0x14 .\CortexM3\ARM_GCC_541\Debug\Z80_DAC.o
                0x00001b9c                readStatDAC
 .text.writeCmdDAC
                0x00001bb0       0x70 .\CortexM3\ARM_GCC_541\Debug\Z80_DAC.o
                0x00001bb0                writeCmdDAC
 .text.CyClockStartupError
                0x00001c20        0x4 .\CortexM3\ARM_GCC_541\Debug\cyfitter_cfg.o
 .text.cfg_write_bytes32
                0x00001c24       0x34 .\CortexM3\ARM_GCC_541\Debug\cyfitter_cfg.o
 .text.AnalogSetDefault
                0x00001c58       0x38 .\CortexM3\ARM_GCC_541\Debug\cyfitter_cfg.o
 .text.CYMEMZERO
                0x00001c90        0xc .\CortexM3\ARM_GCC_541\Debug\cyfitter_cfg.o
 .text.ClockSetup
                0x00001c9c      0x12c .\CortexM3\ARM_GCC_541\Debug\cyfitter_cfg.o
 .text.CYCONFIGCPY
                0x00001dc8        0x8 .\CortexM3\ARM_GCC_541\Debug\cyfitter_cfg.o
 .text.cyfitter_cfg
                0x00001dd0      0x18c .\CortexM3\ARM_GCC_541\Debug\cyfitter_cfg.o
                0x00001dd0                cyfitter_cfg
 .text.IntDefaultHandler
                0x00001f5c       0x10 .\CortexM3\ARM_GCC_541\Debug\Cm3Start.o
                0x00001f5c                IntDefaultHandler
 .text._sbrk    0x00001f6c       0x30 .\CortexM3\ARM_GCC_541\Debug\Cm3Start.o
                0x00001f6c                _sbrk
 .text.Start_c  0x00001f9c       0x4c .\CortexM3\ARM_GCC_541\Debug\Cm3Start.o
                0x00001f9c                Start_c
 .text.initialize_psoc
                0x00001fe8       0x6c .\CortexM3\ARM_GCC_541\Debug\Cm3Start.o
                0x00001fe8                initialize_psoc
 .text.CyDmacConfigure
                0x00002054       0x34 .\CortexM3\ARM_GCC_541\Debug\Z80_3Chip.a(CyDmac.o)
                0x00002054                CyDmacConfigure
 .text.CyDmaChEnable
                0x00002088       0x38 .\CortexM3\ARM_GCC_541\Debug\Z80_3Chip.a(CyDmac.o)
                0x00002088                CyDmaChEnable
 .text.CyDmaChDisable
                0x000020c0       0x24 .\CortexM3\ARM_GCC_541\Debug\Z80_3Chip.a(CyDmac.o)
                0x000020c0                CyDmaChDisable
 .text.CyDmaChPriority
                0x000020e4       0x24 .\CortexM3\ARM_GCC_541\Debug\Z80_3Chip.a(CyDmac.o)
                0x000020e4                CyDmaChPriority
 .text.CyDmaChSetExtendedAddress
                0x00002108       0x34 .\CortexM3\ARM_GCC_541\Debug\Z80_3Chip.a(CyDmac.o)
                0x00002108                CyDmaChSetExtendedAddress
 .text.CyDmaChSetInitialTd
                0x0000213c       0x18 .\CortexM3\ARM_GCC_541\Debug\Z80_3Chip.a(CyDmac.o)
                0x0000213c                CyDmaChSetInitialTd
 .text.CyDmaChSetConfiguration
                0x00002154       0x44 .\CortexM3\ARM_GCC_541\Debug\Z80_3Chip.a(CyDmac.o)
                0x00002154                CyDmaChSetConfiguration
 .text.CyDmaTdAllocate
                0x00002198       0x34 .\CortexM3\ARM_GCC_541\Debug\Z80_3Chip.a(CyDmac.o)
                0x00002198                CyDmaTdAllocate
 .text.CyDmaTdSetConfiguration
                0x000021cc       0x28 .\CortexM3\ARM_GCC_541\Debug\Z80_3Chip.a(CyDmac.o)
                0x000021cc                CyDmaTdSetConfiguration
 .text.CyDmaTdSetAddress
                0x000021f4       0x1c .\CortexM3\ARM_GCC_541\Debug\Z80_3Chip.a(CyDmac.o)
                0x000021f4                CyDmaTdSetAddress
 .text.CyHalt   0x00002210        0x4 .\CortexM3\ARM_GCC_541\Debug\Z80_3Chip.a(CyLib.o)
                0x00002210                CyHalt
 .text.CyDelay  0x00002214       0x2c .\CortexM3\ARM_GCC_541\Debug\Z80_3Chip.a(CyLib.o)
                0x00002214                CyDelay
 .text.CyDelayUs
                0x00002240       0x14 .\CortexM3\ARM_GCC_541\Debug\Z80_3Chip.a(CyLib.o)
                0x00002240                CyDelayUs
 .text.CyIntSetVector
                0x00002254       0x28 .\CortexM3\ARM_GCC_541\Debug\Z80_3Chip.a(CyLib.o)
                0x00002254                CyIntSetVector
 .text.CyIntSetPriority
                0x0000227c       0x30 .\CortexM3\ARM_GCC_541\Debug\Z80_3Chip.a(CyLib.o)
                0x0000227c                CyIntSetPriority
 .text.CyGetUniqueId
                0x000022ac       0x70 .\CortexM3\ARM_GCC_541\Debug\Z80_3Chip.a(CyLib.o)
                0x000022ac                CyGetUniqueId
 .text.CyPmReadStatus
                0x0000231c       0x30 .\CortexM3\ARM_GCC_541\Debug\Z80_3Chip.a(cyPm.o)
                0x0000231c                CyPmReadStatus
 .text.LED_Write
                0x0000234c       0x18 .\CortexM3\ARM_GCC_541\Debug\Z80_3Chip.a(LED.o)
                0x0000234c                LED_Write
 .text.BUSRQ_n_Write
                0x00002364       0x18 .\CortexM3\ARM_GCC_541\Debug\Z80_3Chip.a(BUSRQ_n.o)
                0x00002364                BUSRQ_n_Write
 .text.INT_n_Write
                0x0000237c       0x18 .\CortexM3\ARM_GCC_541\Debug\Z80_3Chip.a(INT_n.o)
                0x0000237c                INT_n_Write
 .text.Z80_Data_In_Write
                0x00002394        0xc .\CortexM3\ARM_GCC_541\Debug\Z80_3Chip.a(Z80_Data_In.o)
                0x00002394                Z80_Data_In_Write
 .text.Z80_Data_Out_Read
                0x000023a0        0xc .\CortexM3\ARM_GCC_541\Debug\Z80_3Chip.a(Z80_Data_Out.o)
                0x000023a0                Z80_Data_Out_Read
 .text.ExtSRAMCtl_Write
                0x000023ac        0xc .\CortexM3\ARM_GCC_541\Debug\Z80_3Chip.a(ExtSRAMCtl.o)
                0x000023ac                ExtSRAMCtl_Write
 .text.I2C_Init
                0x000023b8       0x68 .\CortexM3\ARM_GCC_541\Debug\Z80_3Chip.a(I2C.o)
                0x000023b8                I2C_Init
 .text.I2C_Enable
                0x00002420       0x24 .\CortexM3\ARM_GCC_541\Debug\Z80_3Chip.a(I2C.o)
                0x00002420                I2C_Enable
 .text.I2C_Start
                0x00002444       0x28 .\CortexM3\ARM_GCC_541\Debug\Z80_3Chip.a(I2C.o)
                0x00002444                I2C_Start
 .text.I2C_ISR  0x0000246c      0x2d0 .\CortexM3\ARM_GCC_541\Debug\Z80_3Chip.a(I2C_INT.o)
                0x0000246c                I2C_ISR
 .text.I2C_MasterWriteBuf
                0x0000273c       0xcc .\CortexM3\ARM_GCC_541\Debug\Z80_3Chip.a(I2C_MASTER.o)
                0x0000273c                I2C_MasterWriteBuf
 .text.I2C_MasterSendStart
                0x00002808       0x80 .\CortexM3\ARM_GCC_541\Debug\Z80_3Chip.a(I2C_MASTER.o)
                0x00002808                I2C_MasterSendStart
 .text.I2C_MasterSendStop
                0x00002888       0x38 .\CortexM3\ARM_GCC_541\Debug\Z80_3Chip.a(I2C_MASTER.o)
                0x00002888                I2C_MasterSendStop
 .text.I2C_MasterWriteByte
                0x000028c0       0x58 .\CortexM3\ARM_GCC_541\Debug\Z80_3Chip.a(I2C_MASTER.o)
                0x000028c0                I2C_MasterWriteByte
 .text.I2C_MasterReadByte
                0x00002918       0x58 .\CortexM3\ARM_GCC_541\Debug\Z80_3Chip.a(I2C_MASTER.o)
                0x00002918                I2C_MasterReadByte
 .text.I2C_MasterStatus
                0x00002970       0x38 .\CortexM3\ARM_GCC_541\Debug\Z80_3Chip.a(I2C_MASTER.o)
                0x00002970                I2C_MasterStatus
 .text.I2C_MasterClearStatus
                0x000029a8       0x24 .\CortexM3\ARM_GCC_541\Debug\Z80_3Chip.a(I2C_MASTER.o)
                0x000029a8                I2C_MasterClearStatus
 .text.USBUART_Init
                0x000029cc      0x140 .\CortexM3\ARM_GCC_541\Debug\Z80_3Chip.a(USBUART.o)
                0x000029cc                USBUART_Init
 .text.USBUART_InitComponent
                0x00002b0c       0xb8 .\CortexM3\ARM_GCC_541\Debug\Z80_3Chip.a(USBUART.o)
                0x00002b0c                USBUART_InitComponent
 .text.USBUART_Start
                0x00002bc4       0x24 .\CortexM3\ARM_GCC_541\Debug\Z80_3Chip.a(USBUART.o)
                0x00002bc4                USBUART_Start
 .text.USBUART_ReInitComponent
                0x00002be8       0x4c .\CortexM3\ARM_GCC_541\Debug\Z80_3Chip.a(USBUART.o)
                0x00002be8                USBUART_ReInitComponent
 .text.USBUART_GetConfiguration
                0x00002c34        0xc .\CortexM3\ARM_GCC_541\Debug\Z80_3Chip.a(USBUART.o)
                0x00002c34                USBUART_GetConfiguration
 .text.USBUART_IsConfigurationChanged
                0x00002c40       0x20 .\CortexM3\ARM_GCC_541\Debug\Z80_3Chip.a(USBUART.o)
                0x00002c40                USBUART_IsConfigurationChanged
 .text.USBUART_GetEPState
                0x00002c60       0x14 .\CortexM3\ARM_GCC_541\Debug\Z80_3Chip.a(USBUART.o)
                0x00002c60                USBUART_GetEPState
 .text.USBUART_GetEPCount
                0x00002c74       0x28 .\CortexM3\ARM_GCC_541\Debug\Z80_3Chip.a(USBUART.o)
                0x00002c74                USBUART_GetEPCount
 .text.USBUART_LoadInEP
                0x00002c9c       0x94 .\CortexM3\ARM_GCC_541\Debug\Z80_3Chip.a(USBUART.o)
                0x00002c9c                USBUART_LoadInEP
 .text.USBUART_EnableOutEP
                0x00002d30       0x2c .\CortexM3\ARM_GCC_541\Debug\Z80_3Chip.a(USBUART.o)
                0x00002d30                USBUART_EnableOutEP
 .text.USBUART_ReadOutEP
                0x00002d5c       0x50 .\CortexM3\ARM_GCC_541\Debug\Z80_3Chip.a(USBUART.o)
                0x00002d5c                USBUART_ReadOutEP
 .text.USBUART_GetInterfaceComPort
                0x00002dac       0x38 .\CortexM3\ARM_GCC_541\Debug\Z80_3Chip.a(USBUART_cdc.o)
                0x00002dac                USBUART_GetInterfaceComPort
 .text.USBUART_DispatchCDCClassRqst
                0x00002de4       0x98 .\CortexM3\ARM_GCC_541\Debug\Z80_3Chip.a(USBUART_cdc.o)
                0x00002de4                USBUART_DispatchCDCClassRqst
 .text.USBUART_CDC_Init
                0x00002e7c       0x98 .\CortexM3\ARM_GCC_541\Debug\Z80_3Chip.a(USBUART_cdc.o)
                0x00002e7c                USBUART_CDC_Init
 .text.USBUART_PutData
                0x00002f14       0x50 .\CortexM3\ARM_GCC_541\Debug\Z80_3Chip.a(USBUART_cdc.o)
                0x00002f14                USBUART_PutData
 .text.USBUART_DataIsReady
                0x00002f64       0x18 .\CortexM3\ARM_GCC_541\Debug\Z80_3Chip.a(USBUART_cdc.o)
                0x00002f64                USBUART_DataIsReady
 .text.USBUART_CDCIsReady
                0x00002f7c       0x18 .\CortexM3\ARM_GCC_541\Debug\Z80_3Chip.a(USBUART_cdc.o)
                0x00002f7c                USBUART_CDCIsReady
 .text.USBUART_GetAll
                0x00002f94       0x30 .\CortexM3\ARM_GCC_541\Debug\Z80_3Chip.a(USBUART_cdc.o)
                0x00002f94                USBUART_GetAll
 .text.USBUART_Cdc_EpInit
                0x00002fc4       0x50 .\CortexM3\ARM_GCC_541\Debug\Z80_3Chip.a(USBUART_cdc.o)
                0x00002fc4                USBUART_Cdc_EpInit
 .text.USBUART_LoadEP0
                0x00003014       0x98 .\CortexM3\ARM_GCC_541\Debug\Z80_3Chip.a(USBUART_drv.o)
                0x00003014                USBUART_LoadEP0
 .text.USBUART_InitZeroLengthControlTransfer
                0x000030ac       0x34 .\CortexM3\ARM_GCC_541\Debug\Z80_3Chip.a(USBUART_drv.o)
                0x000030ac                USBUART_InitZeroLengthControlTransfer
 .text.USBUART_ControlReadDataStage
                0x000030e0        0x8 .\CortexM3\ARM_GCC_541\Debug\Z80_3Chip.a(USBUART_drv.o)
                0x000030e0                USBUART_ControlReadDataStage
 .text.USBUART_ControlWriteDataStage
                0x000030e8       0x84 .\CortexM3\ARM_GCC_541\Debug\Z80_3Chip.a(USBUART_drv.o)
                0x000030e8                USBUART_ControlWriteDataStage
 .text.USBUART_InitNoDataControlTransfer
                0x0000316c       0x2c .\CortexM3\ARM_GCC_541\Debug\Z80_3Chip.a(USBUART_drv.o)
                0x0000316c                USBUART_InitNoDataControlTransfer
 .text.USBUART_UpdateStatusBlock
                0x00003198       0x24 .\CortexM3\ARM_GCC_541\Debug\Z80_3Chip.a(USBUART_drv.o)
                0x00003198                USBUART_UpdateStatusBlock
 .text.USBUART_HandleSetup
                0x000031bc       0x5c .\CortexM3\ARM_GCC_541\Debug\Z80_3Chip.a(USBUART_drv.o)
                0x000031bc                USBUART_HandleSetup
 .text.USBUART_ControlReadStatusStage
                0x00003218       0x38 .\CortexM3\ARM_GCC_541\Debug\Z80_3Chip.a(USBUART_drv.o)
                0x00003218                USBUART_ControlReadStatusStage
 .text.USBUART_HandleOUT
                0x00003250       0x38 .\CortexM3\ARM_GCC_541\Debug\Z80_3Chip.a(USBUART_drv.o)
                0x00003250                USBUART_HandleOUT
 .text.USBUART_ControlWriteStatusStage
                0x00003288       0x20 .\CortexM3\ARM_GCC_541\Debug\Z80_3Chip.a(USBUART_drv.o)
                0x00003288                USBUART_ControlWriteStatusStage
 .text.USBUART_NoDataControlStatusStage
                0x000032a8       0x40 .\CortexM3\ARM_GCC_541\Debug\Z80_3Chip.a(USBUART_drv.o)
                0x000032a8                USBUART_NoDataControlStatusStage
 .text.USBUART_HandleIN
                0x000032e8       0x2c .\CortexM3\ARM_GCC_541\Debug\Z80_3Chip.a(USBUART_drv.o)
                0x000032e8                USBUART_HandleIN
 .text.USBUART_EP_0_ISR
                0x00003314       0xb8 .\CortexM3\ARM_GCC_541\Debug\Z80_3Chip.a(USBUART_drv.o)
                0x00003314                USBUART_EP_0_ISR
 .text.USBUART_InitializeStatusBlock
                0x000033cc       0x24 .\CortexM3\ARM_GCC_541\Debug\Z80_3Chip.a(USBUART_drv.o)
                0x000033cc                USBUART_InitializeStatusBlock
 .text.USBUART_InitControlRead
                0x000033f0       0x50 .\CortexM3\ARM_GCC_541\Debug\Z80_3Chip.a(USBUART_drv.o)
                0x000033f0                USBUART_InitControlRead
 .text.USBUART_InitControlWrite
                0x00003440       0x48 .\CortexM3\ARM_GCC_541\Debug\Z80_3Chip.a(USBUART_drv.o)
                0x00003440                USBUART_InitControlWrite
 .text.USBUART_EP_1_ISR
                0x00003488       0x30 .\CortexM3\ARM_GCC_541\Debug\Z80_3Chip.a(USBUART_episr.o)
                0x00003488                USBUART_EP_1_ISR
 .text.USBUART_EP_2_ISR
                0x000034b8       0x34 .\CortexM3\ARM_GCC_541\Debug\Z80_3Chip.a(USBUART_episr.o)
                0x000034b8                USBUART_EP_2_ISR
 .text.USBUART_EP_3_ISR
                0x000034ec       0x3c .\CortexM3\ARM_GCC_541\Debug\Z80_3Chip.a(USBUART_episr.o)
                0x000034ec                USBUART_EP_3_ISR
 .text.USBUART_SOF_ISR
                0x00003528        0x4 .\CortexM3\ARM_GCC_541\Debug\Z80_3Chip.a(USBUART_episr.o)
                0x00003528                USBUART_SOF_ISR
 .text.USBUART_BUS_RESET_ISR
                0x0000352c        0x8 .\CortexM3\ARM_GCC_541\Debug\Z80_3Chip.a(USBUART_episr.o)
                0x0000352c                USBUART_BUS_RESET_ISR
 .text.USBUART_DP_ISR
                0x00003534        0x8 .\CortexM3\ARM_GCC_541\Debug\Z80_3Chip.a(USBUART_pm.o)
                0x00003534                USBUART_DP_ISR
 .text.USBUART_ReadDieID
                0x0000353c       0x6c .\CortexM3\ARM_GCC_541\Debug\Z80_3Chip.a(USBUART_std.o)
                0x0000353c                USBUART_ReadDieID
 .text.USBUART_ConfigReg
                0x000035a8       0xa4 .\CortexM3\ARM_GCC_541\Debug\Z80_3Chip.a(USBUART_std.o)
                0x000035a8                USBUART_ConfigReg
 .text.USBUART_GetConfigTablePtr
                0x0000364c       0x28 .\CortexM3\ARM_GCC_541\Debug\Z80_3Chip.a(USBUART_std.o)
                0x0000364c                USBUART_GetConfigTablePtr
 .text.USBUART_ConfigAltChanged
                0x00003674      0x11c .\CortexM3\ARM_GCC_541\Debug\Z80_3Chip.a(USBUART_std.o)
                0x00003674                USBUART_ConfigAltChanged
 .text.USBUART_GetDeviceTablePtr
                0x00003790       0x18 .\CortexM3\ARM_GCC_541\Debug\Z80_3Chip.a(USBUART_std.o)
                0x00003790                USBUART_GetDeviceTablePtr
 .text.USBUART_GetInterfaceClassTablePtr
                0x000037a8       0x28 .\CortexM3\ARM_GCC_541\Debug\Z80_3Chip.a(USBUART_std.o)
                0x000037a8                USBUART_GetInterfaceClassTablePtr
 .text.USBUART_Config
                0x000037d0      0x1ec .\CortexM3\ARM_GCC_541\Debug\Z80_3Chip.a(USBUART_std.o)
                0x000037d0                USBUART_Config
 .text.USBUART_SetEndpointHalt
                0x000039bc       0x64 .\CortexM3\ARM_GCC_541\Debug\Z80_3Chip.a(USBUART_std.o)
                0x000039bc                USBUART_SetEndpointHalt
 .text.USBUART_ClearEndpointHalt
                0x00003a20       0xac .\CortexM3\ARM_GCC_541\Debug\Z80_3Chip.a(USBUART_std.o)
                0x00003a20                USBUART_ClearEndpointHalt
 .text.USBUART_ValidateAlternateSetting
                0x00003acc       0x4c .\CortexM3\ARM_GCC_541\Debug\Z80_3Chip.a(USBUART_std.o)
                0x00003acc                USBUART_ValidateAlternateSetting
 .text.USBUART_HandleStandardRqst
                0x00003b18      0x354 .\CortexM3\ARM_GCC_541\Debug\Z80_3Chip.a(USBUART_std.o)
                0x00003b18                USBUART_HandleStandardRqst
 .text.USBUART_HandleVendorRqst
                0x00003e6c       0x18 .\CortexM3\ARM_GCC_541\Debug\Z80_3Chip.a(USBUART_vnd.o)
                0x00003e6c                USBUART_HandleVendorRqst
 .text.USBUART_Dp_ClearInterrupt
                0x00003e84       0x10 .\CortexM3\ARM_GCC_541\Debug\Z80_3Chip.a(USBUART_Dp.o)
                0x00003e84                USBUART_Dp_ClearInterrupt
 .text.BUSACK_n_Read
                0x00003e94       0x10 .\CortexM3\ARM_GCC_541\Debug\Z80_3Chip.a(BUSACK_n.o)
                0x00003e94                BUSACK_n_Read
 .text.I2CINT_n_SetDriveMode
                0x00003ea4       0x18 .\CortexM3\ARM_GCC_541\Debug\Z80_3Chip.a(I2CINT_n.o)
                0x00003ea4                I2CINT_n_SetDriveMode
 .text.SPI_Master_Enable
                0x00003ebc       0x34 .\CortexM3\ARM_GCC_541\Debug\Z80_3Chip.a(SPI_Master.o)
                0x00003ebc                SPI_Master_Enable
 .text.SPI_Master_ReadTxStatus
                0x00003ef0        0xc .\CortexM3\ARM_GCC_541\Debug\Z80_3Chip.a(SPI_Master.o)
                0x00003ef0                SPI_Master_ReadTxStatus
 .text.SPI_Master_ReadRxStatus
                0x00003efc        0xc .\CortexM3\ARM_GCC_541\Debug\Z80_3Chip.a(SPI_Master.o)
                0x00003efc                SPI_Master_ReadRxStatus
 .text.SPI_Master_WriteTxData
                0x00003f08       0x18 .\CortexM3\ARM_GCC_541\Debug\Z80_3Chip.a(SPI_Master.o)
                0x00003f08                SPI_Master_WriteTxData
 .text.SPI_Master_ReadRxData
                0x00003f20        0xc .\CortexM3\ARM_GCC_541\Debug\Z80_3Chip.a(SPI_Master.o)
                0x00003f20                SPI_Master_ReadRxData
 .text.SPI_Master_ClearRxBuffer
                0x00003f2c       0x1c .\CortexM3\ARM_GCC_541\Debug\Z80_3Chip.a(SPI_Master.o)
                0x00003f2c                SPI_Master_ClearRxBuffer
 .text.SPI_Master_ClearFIFO
                0x00003f48       0x3c .\CortexM3\ARM_GCC_541\Debug\Z80_3Chip.a(SPI_Master.o)
                0x00003f48                SPI_Master_ClearFIFO
 .text.SPI_Master_Init
                0x00003f84       0x2c .\CortexM3\ARM_GCC_541\Debug\Z80_3Chip.a(SPI_Master.o)
                0x00003f84                SPI_Master_Init
 .text.SPI_Master_Start
                0x00003fb0       0x1c .\CortexM3\ARM_GCC_541\Debug\Z80_3Chip.a(SPI_Master.o)
                0x00003fb0                SPI_Master_Start
 .text.SPI_Master_IntClock_Start
                0x00003fcc       0x1c .\CortexM3\ARM_GCC_541\Debug\Z80_3Chip.a(SPI_Master_IntClock.o)
                0x00003fcc                SPI_Master_IntClock_Start
 .text.RTC_DayOfWeek
                0x00003fe8       0x50 .\CortexM3\ARM_GCC_541\Debug\Z80_3Chip.a(RTC.o)
 .text.RTC_DSTDateConversion
                0x00004038       0xa0 .\CortexM3\ARM_GCC_541\Debug\Z80_3Chip.a(RTC.o)
 .text.RTC_SetInitValues
                0x000040d8      0x728 .\CortexM3\ARM_GCC_541\Debug\Z80_3Chip.a(RTC.o)
 .text.RTC_Init
                0x00004800       0x28 .\CortexM3\ARM_GCC_541\Debug\Z80_3Chip.a(RTC.o)
                0x00004800                RTC_Init
 .text.RTC_Enable
                0x00004828       0x24 .\CortexM3\ARM_GCC_541\Debug\Z80_3Chip.a(RTC.o)
                0x00004828                RTC_Enable
 .text.RTC_Start
                0x0000484c       0x1c .\CortexM3\ARM_GCC_541\Debug\Z80_3Chip.a(RTC.o)
                0x0000484c                RTC_Start
 .text.RTC_WriteSecond
                0x00004868        0xc .\CortexM3\ARM_GCC_541\Debug\Z80_3Chip.a(RTC.o)
                0x00004868                RTC_WriteSecond
 .text.RTC_WriteMinute
                0x00004874        0xc .\CortexM3\ARM_GCC_541\Debug\Z80_3Chip.a(RTC.o)
                0x00004874                RTC_WriteMinute
 .text.RTC_WriteHour
                0x00004880        0xc .\CortexM3\ARM_GCC_541\Debug\Z80_3Chip.a(RTC.o)
                0x00004880                RTC_WriteHour
 .text.RTC_WriteDayOfMonth
                0x0000488c        0xc .\CortexM3\ARM_GCC_541\Debug\Z80_3Chip.a(RTC.o)
                0x0000488c                RTC_WriteDayOfMonth
 .text.RTC_WriteMonth
                0x00004898        0xc .\CortexM3\ARM_GCC_541\Debug\Z80_3Chip.a(RTC.o)
                0x00004898                RTC_WriteMonth
 .text.RTC_WriteYear
                0x000048a4        0xc .\CortexM3\ARM_GCC_541\Debug\Z80_3Chip.a(RTC.o)
                0x000048a4                RTC_WriteYear
 .text.RTC_ReadSecond
                0x000048b0        0xc .\CortexM3\ARM_GCC_541\Debug\Z80_3Chip.a(RTC.o)
                0x000048b0                RTC_ReadSecond
 .text.RTC_ReadMinute
                0x000048bc        0xc .\CortexM3\ARM_GCC_541\Debug\Z80_3Chip.a(RTC.o)
                0x000048bc                RTC_ReadMinute
 .text.RTC_ReadHour
                0x000048c8        0xc .\CortexM3\ARM_GCC_541\Debug\Z80_3Chip.a(RTC.o)
                0x000048c8                RTC_ReadHour
 .text.RTC_ReadDayOfMonth
                0x000048d4        0xc .\CortexM3\ARM_GCC_541\Debug\Z80_3Chip.a(RTC.o)
                0x000048d4                RTC_ReadDayOfMonth
 .text.RTC_ReadMonth
                0x000048e0        0xc .\CortexM3\ARM_GCC_541\Debug\Z80_3Chip.a(RTC.o)
                0x000048e0                RTC_ReadMonth
 .text.RTC_ReadYear
                0x000048ec        0xc .\CortexM3\ARM_GCC_541\Debug\Z80_3Chip.a(RTC.o)
                0x000048ec                RTC_ReadYear
 .text.RTC_ISR  0x000048f8      0xa58 .\CortexM3\ARM_GCC_541\Debug\Z80_3Chip.a(RTC_INT.o)
                0x000048f8                RTC_ISR
 .text.SPI_SS_Out_Write
                0x00005350        0xc .\CortexM3\ARM_GCC_541\Debug\Z80_3Chip.a(SPI_SS_Out.o)
                0x00005350                SPI_SS_Out_Write
 .text.WaveDAC8_Enable
                0x0000535c       0x24 .\CortexM3\ARM_GCC_541\Debug\Z80_3Chip.a(WaveDAC8.o)
                0x0000535c                WaveDAC8_Enable
 .text.WaveDAC8_Stop
                0x00005380       0x1c .\CortexM3\ARM_GCC_541\Debug\Z80_3Chip.a(WaveDAC8.o)
                0x00005380                WaveDAC8_Stop
 .text.WaveDAC8_Wave1Setup
                0x0000539c       0x40 .\CortexM3\ARM_GCC_541\Debug\Z80_3Chip.a(WaveDAC8.o)
                0x0000539c                WaveDAC8_Wave1Setup
 .text.WaveDAC8_Wave2Setup
                0x000053dc       0x40 .\CortexM3\ARM_GCC_541\Debug\Z80_3Chip.a(WaveDAC8.o)
                0x000053dc                WaveDAC8_Wave2Setup
 .text.WaveDAC8_Init
                0x0000541c       0x3c .\CortexM3\ARM_GCC_541\Debug\Z80_3Chip.a(WaveDAC8.o)
                0x0000541c                WaveDAC8_Init
 .text.WaveDAC8_Start
                0x00005458       0x1c .\CortexM3\ARM_GCC_541\Debug\Z80_3Chip.a(WaveDAC8.o)
                0x00005458                WaveDAC8_Start
 .text.WaveDAC8_Wave1_DMA_DmaInitialize
                0x00005474       0x3c .\CortexM3\ARM_GCC_541\Debug\Z80_3Chip.a(WaveDAC8_Wave1_DMA_dma.o)
                0x00005474                WaveDAC8_Wave1_DMA_DmaInitialize
 .text.WaveDAC8_Wave2_DMA_DmaInitialize
                0x000054b0       0x3c .\CortexM3\ARM_GCC_541\Debug\Z80_3Chip.a(WaveDAC8_Wave2_DMA_dma.o)
                0x000054b0                WaveDAC8_Wave2_DMA_DmaInitialize
 .text.WaveDAC8_VDAC8_Enable
                0x000054ec       0x1c .\CortexM3\ARM_GCC_541\Debug\Z80_3Chip.a(WaveDAC8_VDAC8.o)
                0x000054ec                WaveDAC8_VDAC8_Enable
 .text.WaveDAC8_VDAC8_Stop
                0x00005508       0x1c .\CortexM3\ARM_GCC_541\Debug\Z80_3Chip.a(WaveDAC8_VDAC8.o)
                0x00005508                WaveDAC8_VDAC8_Stop
 .text.WaveDAC8_VDAC8_SetSpeed
                0x00005524       0x1c .\CortexM3\ARM_GCC_541\Debug\Z80_3Chip.a(WaveDAC8_VDAC8.o)
                0x00005524                WaveDAC8_VDAC8_SetSpeed
 .text.WaveDAC8_VDAC8_SetValue
                0x00005540        0xc .\CortexM3\ARM_GCC_541\Debug\Z80_3Chip.a(WaveDAC8_VDAC8.o)
                0x00005540                WaveDAC8_VDAC8_SetValue
 .text.WaveDAC8_VDAC8_DacTrim
                0x0000554c       0x24 .\CortexM3\ARM_GCC_541\Debug\Z80_3Chip.a(WaveDAC8_VDAC8.o)
                0x0000554c                WaveDAC8_VDAC8_DacTrim
 .text.WaveDAC8_VDAC8_SetRange
                0x00005570       0x20 .\CortexM3\ARM_GCC_541\Debug\Z80_3Chip.a(WaveDAC8_VDAC8.o)
                0x00005570                WaveDAC8_VDAC8_SetRange
 .text.WaveDAC8_VDAC8_Init
                0x00005590       0x2c .\CortexM3\ARM_GCC_541\Debug\Z80_3Chip.a(WaveDAC8_VDAC8.o)
                0x00005590                WaveDAC8_VDAC8_Init
 .text.DAC_Control_Write
                0x000055bc        0xc .\CortexM3\ARM_GCC_541\Debug\Z80_3Chip.a(DAC_Control.o)
                0x000055bc                DAC_Control_Write
 .text.Sound_Counter_Enable
                0x000055c8       0x28 .\CortexM3\ARM_GCC_541\Debug\Z80_3Chip.a(Sound_Counter.o)
                0x000055c8                Sound_Counter_Enable
 .text.Sound_Counter_SetInterruptMode
                0x000055f0        0xc .\CortexM3\ARM_GCC_541\Debug\Z80_3Chip.a(Sound_Counter.o)
                0x000055f0                Sound_Counter_SetInterruptMode
 .text.Sound_Counter_WriteCounter
                0x000055fc       0x34 .\CortexM3\ARM_GCC_541\Debug\Z80_3Chip.a(Sound_Counter.o)
                0x000055fc                Sound_Counter_WriteCounter
 .text.Sound_Counter_WritePeriod
                0x00005630        0xc .\CortexM3\ARM_GCC_541\Debug\Z80_3Chip.a(Sound_Counter.o)
                0x00005630                Sound_Counter_WritePeriod
 .text.Sound_Counter_Init
                0x0000563c       0x64 .\CortexM3\ARM_GCC_541\Debug\Z80_3Chip.a(Sound_Counter.o)
                0x0000563c                Sound_Counter_Init
 .text.Sound_Counter_Start
                0x000056a0       0x1c .\CortexM3\ARM_GCC_541\Debug\Z80_3Chip.a(Sound_Counter.o)
                0x000056a0                Sound_Counter_Start
 .text.I2CINT_ISR_Interrupt
                0x000056bc        0x8 .\CortexM3\ARM_GCC_541\Debug\Z80_3Chip.a(I2CINT_ISR.o)
                0x000056bc                I2CINT_ISR_Interrupt
 .text.I2CINT_ISR_SetVector
                0x000056c4        0xc .\CortexM3\ARM_GCC_541\Debug\Z80_3Chip.a(I2CINT_ISR.o)
                0x000056c4                I2CINT_ISR_SetVector
 .text.I2CINT_ISR_SetPriority
                0x000056d0       0x10 .\CortexM3\ARM_GCC_541\Debug\Z80_3Chip.a(I2CINT_ISR.o)
                0x000056d0                I2CINT_ISR_SetPriority
 .text.I2CINT_ISR_Enable
                0x000056e0        0xc .\CortexM3\ARM_GCC_541\Debug\Z80_3Chip.a(I2CINT_ISR.o)
                0x000056e0                I2CINT_ISR_Enable
 .text.I2CINT_ISR_Disable
                0x000056ec        0xc .\CortexM3\ARM_GCC_541\Debug\Z80_3Chip.a(I2CINT_ISR.o)
                0x000056ec                I2CINT_ISR_Disable
 .text.I2CINT_ISR_Start
                0x000056f8       0x1c .\CortexM3\ARM_GCC_541\Debug\Z80_3Chip.a(I2CINT_ISR.o)
                0x000056f8                I2CINT_ISR_Start
 .text.MMU_Sel_Write
                0x00005714        0xc .\CortexM3\ARM_GCC_541\Debug\Z80_3Chip.a(MMU_Sel.o)
                0x00005714                MMU_Sel_Write
 .text.MMU4_Addr_0_Write
                0x00005720        0xc .\CortexM3\ARM_GCC_541\Debug\Z80_3Chip.a(MMU4_Addr_0.o)
                0x00005720                MMU4_Addr_0_Write
 .text.MMU4_Addr_1_Write
                0x0000572c        0xc .\CortexM3\ARM_GCC_541\Debug\Z80_3Chip.a(MMU4_Addr_1.o)
                0x0000572c                MMU4_Addr_1_Write
 .text.MMU4_Addr_2_Write
                0x00005738        0xc .\CortexM3\ARM_GCC_541\Debug\Z80_3Chip.a(MMU4_Addr_2.o)
                0x00005738                MMU4_Addr_2_Write
 .text.MMU4_Addr_3_Write
                0x00005744        0xc .\CortexM3\ARM_GCC_541\Debug\Z80_3Chip.a(MMU4_Addr_3.o)
                0x00005744                MMU4_Addr_3_Write
 .text          0x00005750       0x20 .\CortexM3\ARM_GCC_541\Debug\Z80_3Chip.a(CyBootAsmGnu.o)
                0x00005750                CyDelayCycles
                0x00005760                CyEnterCriticalSection
                0x00005768                CyExitCriticalSection
 .text.USBUART_DispatchClassRqst
                0x00005770       0x60 .\CortexM3\ARM_GCC_541\Debug\Z80_3Chip.a(USBUART_cls.o)
                0x00005770                USBUART_DispatchClassRqst
 .text.__errno  0x000057d0        0xc c:/program files (x86)/cypress/psoc creator/4.2/psoc creator/import/gnu/arm/5.4.1/bin/../lib/gcc/arm-none-eabi/5.4.1/../../../../arm-none-eabi/lib/armv7-m\libg_nano.a(lib_a-errno.o)
                0x000057d0                __errno
 .text.__libc_init_array
                0x000057dc       0x4c c:/program files (x86)/cypress/psoc creator/4.2/psoc creator/import/gnu/arm/5.4.1/bin/../lib/gcc/arm-none-eabi/5.4.1/../../../../arm-none-eabi/lib/armv7-m\libg_nano.a(lib_a-init.o)
                0x000057dc                __libc_init_array
 .text.memcpy   0x00005828       0x16 c:/program files (x86)/cypress/psoc creator/4.2/psoc creator/import/gnu/arm/5.4.1/bin/../lib/gcc/arm-none-eabi/5.4.1/../../../../arm-none-eabi/lib/armv7-m\libg_nano.a(lib_a-memcpy-stub.o)
                0x00005828                memcpy
 .text.memset   0x0000583e       0x10 c:/program files (x86)/cypress/psoc creator/4.2/psoc creator/import/gnu/arm/5.4.1/bin/../lib/gcc/arm-none-eabi/5.4.1/../../../../arm-none-eabi/lib/armv7-m\libg_nano.a(lib_a-memset.o)
                0x0000583e                memset
 *fill*         0x0000584e        0x2 
 .text.sprintf  0x00005850       0x48 c:/program files (x86)/cypress/psoc creator/4.2/psoc creator/import/gnu/arm/5.4.1/bin/../lib/gcc/arm-none-eabi/5.4.1/../../../../arm-none-eabi/lib/armv7-m\libg_nano.a(lib_a-sprintf.o)
                0x00005850                siprintf
                0x00005850                sprintf
 .text.strcat   0x00005898       0x1e c:/program files (x86)/cypress/psoc creator/4.2/psoc creator/import/gnu/arm/5.4.1/bin/../lib/gcc/arm-none-eabi/5.4.1/../../../../arm-none-eabi/lib/armv7-m\libg_nano.a(lib_a-strcat.o)
                0x00005898                strcat
 .text          0x000058b6       0x10 c:/program files (x86)/cypress/psoc creator/4.2/psoc creator/import/gnu/arm/5.4.1/bin/../lib/gcc/arm-none-eabi/5.4.1/../../../../arm-none-eabi/lib/armv7-m\libg_nano.a(lib_a-strlen.o)
                0x000058b6                strlen
 .text.__ssputs_r
                0x000058c6       0xb2 c:/program files (x86)/cypress/psoc creator/4.2/psoc creator/import/gnu/arm/5.4.1/bin/../lib/gcc/arm-none-eabi/5.4.1/../../../../arm-none-eabi/lib/armv7-m\libg_nano.a(lib_a-nano-svfprintf.o)
                0x000058c6                __ssputs_r
 .text._svfprintf_r
                0x00005978      0x1e8 c:/program files (x86)/cypress/psoc creator/4.2/psoc creator/import/gnu/arm/5.4.1/bin/../lib/gcc/arm-none-eabi/5.4.1/../../../../arm-none-eabi/lib/armv7-m\libg_nano.a(lib_a-nano-svfprintf.o)
                0x00005978                _svfiprintf_r
                0x00005978                _svfprintf_r
 .text._printf_common
                0x00005b60       0xec c:/program files (x86)/cypress/psoc creator/4.2/psoc creator/import/gnu/arm/5.4.1/bin/../lib/gcc/arm-none-eabi/5.4.1/../../../../arm-none-eabi/lib/armv7-m\libg_nano.a(lib_a-nano-vfprintf_i.o)
                0x00005b60                _printf_common
 .text._printf_i
                0x00005c4c      0x24c c:/program files (x86)/cypress/psoc creator/4.2/psoc creator/import/gnu/arm/5.4.1/bin/../lib/gcc/arm-none-eabi/5.4.1/../../../../arm-none-eabi/lib/armv7-m\libg_nano.a(lib_a-nano-vfprintf_i.o)
                0x00005c4c                _printf_i
 .text.memchr   0x00005e98       0x1c c:/program files (x86)/cypress/psoc creator/4.2/psoc creator/import/gnu/arm/5.4.1/bin/../lib/gcc/arm-none-eabi/5.4.1/../../../../arm-none-eabi/lib/armv7-m\libg_nano.a(lib_a-memchr-stub.o)
                0x00005e98                memchr
 .text.memmove  0x00005eb4       0x36 c:/program files (x86)/cypress/psoc creator/4.2/psoc creator/import/gnu/arm/5.4.1/bin/../lib/gcc/arm-none-eabi/5.4.1/../../../../arm-none-eabi/lib/armv7-m\libg_nano.a(lib_a-memmove.o)
                0x00005eb4                memmove
 *fill*         0x00005eea        0x2 
 .text._free_r  0x00005eec       0x98 c:/program files (x86)/cypress/psoc creator/4.2/psoc creator/import/gnu/arm/5.4.1/bin/../lib/gcc/arm-none-eabi/5.4.1/../../../../arm-none-eabi/lib/armv7-m\libg_nano.a(lib_a-nano-freer.o)
                0x00005eec                _free_r
 .text._malloc_r
                0x00005f84       0xbc c:/program files (x86)/cypress/psoc creator/4.2/psoc creator/import/gnu/arm/5.4.1/bin/../lib/gcc/arm-none-eabi/5.4.1/../../../../arm-none-eabi/lib/armv7-m\libg_nano.a(lib_a-nano-mallocr.o)
                0x00005f84                _malloc_r
 .text._realloc_r
                0x00006040       0x4c c:/program files (x86)/cypress/psoc creator/4.2/psoc creator/import/gnu/arm/5.4.1/bin/../lib/gcc/arm-none-eabi/5.4.1/../../../../arm-none-eabi/lib/armv7-m\libg_nano.a(lib_a-nano-reallocr.o)
                0x00006040                _realloc_r
 .text._sbrk_r  0x0000608c       0x20 c:/program files (x86)/cypress/psoc creator/4.2/psoc creator/import/gnu/arm/5.4.1/bin/../lib/gcc/arm-none-eabi/5.4.1/../../../../arm-none-eabi/lib/armv7-m\libg_nano.a(lib_a-sbrkr.o)
                0x0000608c                _sbrk_r
 .text.__malloc_lock
                0x000060ac        0x2 c:/program files (x86)/cypress/psoc creator/4.2/psoc creator/import/gnu/arm/5.4.1/bin/../lib/gcc/arm-none-eabi/5.4.1/../../../../arm-none-eabi/lib/armv7-m\libg_nano.a(lib_a-mlock.o)
                0x000060ac                __malloc_lock
 .text.__malloc_unlock
                0x000060ae        0x2 c:/program files (x86)/cypress/psoc creator/4.2/psoc creator/import/gnu/arm/5.4.1/bin/../lib/gcc/arm-none-eabi/5.4.1/../../../../arm-none-eabi/lib/armv7-m\libg_nano.a(lib_a-mlock.o)
                0x000060ae                __malloc_unlock
 .text._malloc_usable_size_r
                0x000060b0       0x14 c:/program files (x86)/cypress/psoc creator/4.2/psoc creator/import/gnu/arm/5.4.1/bin/../lib/gcc/arm-none-eabi/5.4.1/../../../../arm-none-eabi/lib/armv7-m\libg_nano.a(lib_a-nano-msizer.o)
                0x000060b0                _malloc_usable_size_r
 *(.plt)
 *(.gnu.warning)
 *(.glue_7t)
 .glue_7t       0x000060c4        0x0 linker stubs
 *(.glue_7)
 .glue_7        0x000060c4        0x0 linker stubs
 *(.vfp11_veneer)
 .vfp11_veneer  0x000060c4        0x0 linker stubs
 *(.bootloader)
 *(.ARM.extab* .gnu.linkonce.armextab.*)
 *(.gcc_except_table)

.v4_bx          0x000060c4        0x0
 .v4_bx         0x000060c4        0x0 linker stubs

.iplt           0x000060c4        0x0
 .iplt          0x000060c4        0x0 c:/program files (x86)/cypress/psoc creator/4.2/psoc creator/import/gnu/arm/5.4.1/bin/../lib/gcc/arm-none-eabi/5.4.1/armv7-m/crtbegin.o

.eh_frame_hdr
 *(.eh_frame_hdr)

.eh_frame       0x000060c4        0x4
 *(.eh_frame)
 .eh_frame      0x000060c4        0x0 c:/program files (x86)/cypress/psoc creator/4.2/psoc creator/import/gnu/arm/5.4.1/bin/../lib/gcc/arm-none-eabi/5.4.1/armv7-m/crtbegin.o
 .eh_frame      0x000060c4        0x4 c:/program files (x86)/cypress/psoc creator/4.2/psoc creator/import/gnu/arm/5.4.1/bin/../lib/gcc/arm-none-eabi/5.4.1/armv7-m/crtend.o
                [!provide]                PROVIDE (__exidx_start, .)

.ARM.exidx
 *(.ARM.exidx* .gnu.linkonce.armexidx.*)
                0x000060c8                __exidx_end = .

.rodata         0x000060c8      0xda0
 *(.rodata .rodata.* .gnu.linkonce.r.*)
 .rodata.str1.4
                0x000060c8      0x15a .\CortexM3\ARM_GCC_541\Debug\main.o
                                0x1fa (size before relaxing)
 *fill*         0x00006222        0x2 
 .rodata.str1.4
                0x00006224       0x57 .\CortexM3\ARM_GCC_541\Debug\SDCard.o
                                 0x5b (size before relaxing)
 *fill*         0x0000627b        0x1 
 .rodata        0x0000627c       0xc8 .\CortexM3\ARM_GCC_541\Debug\Z80_DAC.o
                0x0000627c                notes
 .rodata        0x00006344      0x810 .\CortexM3\ARM_GCC_541\Debug\MultiBoot_CPM.o
                0x00006344                eprom_length
                0x00006348                eprom_finish
                0x0000634c                eprom_start
                0x00006350                eprom_termination
                0x00006354                Z80_eeprom
 .rodata        0x00006b54       0x56 .\CortexM3\ARM_GCC_541\Debug\cyfitter_cfg.o
 *fill*         0x00006baa        0x2 
 .rodata.str1.4
                0x00006bac       0x14 .\CortexM3\ARM_GCC_541\Debug\Z80_3Chip.a(USBUART_std.o)
                                 0x11 (size before relaxing)
 .rodata        0x00006bc0       0x18 .\CortexM3\ARM_GCC_541\Debug\Z80_3Chip.a(RTC.o)
                0x00006bcc                RTC_daysInMonths
 .rodata        0x00006bd8       0xc8 .\CortexM3\ARM_GCC_541\Debug\Z80_3Chip.a(WaveDAC8.o)
                0x00006bd8                WaveDAC8_wave1
                0x00006c3c                WaveDAC8_wave2
 .rodata        0x00006ca0      0x15e .\CortexM3\ARM_GCC_541\Debug\Z80_3Chip.a(USBUART_descr.o)
                0x00006ca0                USBUART_TABLE
                0x00006ca8                USBUART_DEVICE0_TABLE
                0x00006cc0                USBUART_DEVICE0_CONFIGURATION0_TABLE
                0x00006ce8                USBUART_DEVICE0_CONFIGURATION0_INTERFACE_CLASS
                0x00006cec                USBUART_DEVICE0_CONFIGURATION0_EP_SETTINGS_TABLE
                0x00006d04                USBUART_SN_STRING_DESCRIPTOR
                0x00006d08                USBUART_STRING_DESCRIPTORS
                0x00006da8                USBUART_DEVICE0_CONFIGURATION0_DESCR
                0x00006dec                USBUART_DEVICE0_DESCR
 .rodata.str1.1
                0x00006dfe        0x2 c:/program files (x86)/cypress/psoc creator/4.2/psoc creator/import/gnu/arm/5.4.1/bin/../lib/gcc/arm-none-eabi/5.4.1/../../../../arm-none-eabi/lib/armv7-m\libg_nano.a(lib_a-impure.o)
 .rodata.str1.1
                0x00006e00       0x11 c:/program files (x86)/cypress/psoc creator/4.2/psoc creator/import/gnu/arm/5.4.1/bin/../lib/gcc/arm-none-eabi/5.4.1/../../../../arm-none-eabi/lib/armv7-m\libg_nano.a(lib_a-nano-svfprintf.o)
 .rodata.str1.1
                0x00006e11       0x22 c:/program files (x86)/cypress/psoc creator/4.2/psoc creator/import/gnu/arm/5.4.1/bin/../lib/gcc/arm-none-eabi/5.4.1/../../../../arm-none-eabi/lib/armv7-m\libg_nano.a(lib_a-nano-vfprintf_i.o)
                0x00006e34                . = ALIGN (0x4)
 *fill*         0x00006e33        0x1 
 *(.init)
 .init          0x00006e34        0x4 c:/program files (x86)/cypress/psoc creator/4.2/psoc creator/import/gnu/arm/5.4.1/bin/../lib/gcc/arm-none-eabi/5.4.1/armv7-m/crti.o
                0x00006e34                _init
 .init          0x00006e38        0x8 c:/program files (x86)/cypress/psoc creator/4.2/psoc creator/import/gnu/arm/5.4.1/bin/../lib/gcc/arm-none-eabi/5.4.1/armv7-m/crtn.o
                0x00006e40                . = ALIGN (0x4)
                0x00006e40                __preinit_array_start = .
 *(.preinit_array)
                0x00006e40                __preinit_array_end = .
                0x00006e40                . = ALIGN (0x4)
                0x00006e40                __init_array_start = .
 *(SORT(.init_array.*))
 *(.init_array)
 .init_array    0x00006e40        0x4 c:/program files (x86)/cypress/psoc creator/4.2/psoc creator/import/gnu/arm/5.4.1/bin/../lib/gcc/arm-none-eabi/5.4.1/armv7-m/crtbegin.o
 .init_array    0x00006e44        0x4 .\CortexM3\ARM_GCC_541\Debug\Cm3Start.o
                0x00006e48                __init_array_end = .
                0x00006e48                . = ALIGN (0x4)
 *(.fini)
 .fini          0x00006e48        0x4 c:/program files (x86)/cypress/psoc creator/4.2/psoc creator/import/gnu/arm/5.4.1/bin/../lib/gcc/arm-none-eabi/5.4.1/armv7-m/crti.o
                0x00006e48                _fini
 .fini          0x00006e4c        0x8 c:/program files (x86)/cypress/psoc creator/4.2/psoc creator/import/gnu/arm/5.4.1/bin/../lib/gcc/arm-none-eabi/5.4.1/armv7-m/crtn.o
                0x00006e54                . = ALIGN (0x4)
                0x00006e54                __fini_array_start = .
 *(.fini_array)
 .fini_array    0x00006e54        0x4 c:/program files (x86)/cypress/psoc creator/4.2/psoc creator/import/gnu/arm/5.4.1/bin/../lib/gcc/arm-none-eabi/5.4.1/armv7-m/crtbegin.o
 *(SORT(.fini_array.*))
                0x00006e58                __fini_array_end = .
                0x00006e58                . = ALIGN (0x4)
 *crtbegin.o(.ctors)
 *(EXCLUDE_FILE(*crtend.o) .ctors)
 *(SORT(.ctors.*))
 *crtend.o(.ctors)
                0x00006e58                . = ALIGN (0x4)
 *crtbegin.o(.dtors)
 *(EXCLUDE_FILE(*crtend.o) .dtors)
 *(SORT(.dtors.*))
 *crtend.o(.dtors)
                0x00006e58                . = ALIGN (0x4)
                0x00006e58                __cy_regions = .
                0x00006e58        0x4 LONG 0x6e68 __cy_region_init_ram
                0x00006e5c        0x4 LONG 0x1fffc0c8 __cy_region_start_data
                0x00006e60        0x4 LONG 0xd0 __cy_region_init_size_ram
                0x00006e64        0x4 LONG 0x5b8 __cy_region_zero_size_ram
                0x00006e68                __cy_regions_end = .
                0x00006e68                . = ALIGN (0x8)
                0x00006e68                _etext = .

.cy_checksum_exclude
                0x00006e68        0x0
 *(.cy_checksum_exclude)

.ramvectors     0x1fffc000       0xc0
                0x1fffc000                __cy_region_start_ram = .
 *(.ramvectors)
 .ramvectors    0x1fffc000       0xc0 .\CortexM3\ARM_GCC_541\Debug\Cm3Start.o
                0x1fffc000                CyRamVectors

.noinit         0x1fffc0c0        0x1
 *(.noinit)
 .noinit        0x1fffc0c0        0x1 .\CortexM3\ARM_GCC_541\Debug\Z80_3Chip.a(CyLib.o)
                0x1fffc0c0                CyResetStatus

.data           0x1fffc0c8       0xd0 load address 0x00006e68
                0x1fffc0c8                __cy_region_start_data = .
 *(.jcr)
 .jcr           0x1fffc0c8        0x0 c:/program files (x86)/cypress/psoc creator/4.2/psoc creator/import/gnu/arm/5.4.1/bin/../lib/gcc/arm-none-eabi/5.4.1/armv7-m/crtbegin.o
 .jcr           0x1fffc0c8        0x4 c:/program files (x86)/cypress/psoc creator/4.2/psoc creator/import/gnu/arm/5.4.1/bin/../lib/gcc/arm-none-eabi/5.4.1/armv7-m/crtend.o
 *(.got.plt)
 *(.got)
 *(.shdata)
 *(.data .data.* .gnu.linkonce.d.*)
 .data          0x1fffc0cc        0x4 .\CortexM3\ARM_GCC_541\Debug\Cm3Start.o
 .data          0x1fffc0d0        0x8 .\CortexM3\ARM_GCC_541\Debug\Z80_3Chip.a(CyDmac.o)
 .data          0x1fffc0d8       0x10 .\CortexM3\ARM_GCC_541\Debug\Z80_3Chip.a(CyLib.o)
                0x1fffc0d8                cydelay_32k_ms
                0x1fffc0dc                cydelay_freq_khz
                0x1fffc0e0                cydelay_freq_mhz
                0x1fffc0e4                cydelay_freq_hz
 .data          0x1fffc0e8       0x1a .\CortexM3\ARM_GCC_541\Debug\Z80_3Chip.a(USBUART_cdc.o)
                0x1fffc0e8                USBUART_linesCoding
 *fill*         0x1fffc102        0x2 
 .data          0x1fffc104       0x28 .\CortexM3\ARM_GCC_541\Debug\Z80_3Chip.a(RTC.o)
                0x1fffc104                RTC_dstTimeDateStart
                0x1fffc10c                RTC_currentTimeDate
                0x1fffc118                RTC_dstTimeDateStop
                0x1fffc120                RTC_alarmCfgTimeDate
 .data          0x1fffc12c        0x1 .\CortexM3\ARM_GCC_541\Debug\Z80_3Chip.a(WaveDAC8_Wave1_DMA_dma.o)
                0x1fffc12c                WaveDAC8_Wave1_DMA_DmaHandle
 .data          0x1fffc12d        0x1 .\CortexM3\ARM_GCC_541\Debug\Z80_3Chip.a(WaveDAC8_Wave2_DMA_dma.o)
                0x1fffc12d                WaveDAC8_Wave2_DMA_DmaHandle
 *fill*         0x1fffc12e        0x2 
 .data.impure_data
                0x1fffc130       0x60 c:/program files (x86)/cypress/psoc creator/4.2/psoc creator/import/gnu/arm/5.4.1/bin/../lib/gcc/arm-none-eabi/5.4.1/../../../../arm-none-eabi/lib/armv7-m\libg_nano.a(lib_a-impure.o)
 .data._impure_ptr
                0x1fffc190        0x4 c:/program files (x86)/cypress/psoc creator/4.2/psoc creator/import/gnu/arm/5.4.1/bin/../lib/gcc/arm-none-eabi/5.4.1/../../../../arm-none-eabi/lib/armv7-m\libg_nano.a(lib_a-impure.o)
                0x1fffc190                _impure_ptr
                0x1fffc198                . = ALIGN (0x8)
 *fill*         0x1fffc194        0x4 
 *(.ram)
                0x1fffc198                _edata = .

.igot.plt       0x1fffc198        0x0 load address 0x00006f38
 .igot.plt      0x1fffc198        0x0 c:/program files (x86)/cypress/psoc creator/4.2/psoc creator/import/gnu/arm/5.4.1/bin/../lib/gcc/arm-none-eabi/5.4.1/armv7-m/crtbegin.o

.bss            0x1fffc198      0x5b8 load address 0x00006f38
                0x1fffc198                PROVIDE (__bss_start__, .)
 *(.shbss)
 *(.bss .bss.* .gnu.linkonce.b.*)
 .bss           0x1fffc198       0x1c c:/program files (x86)/cypress/psoc creator/4.2/psoc creator/import/gnu/arm/5.4.1/bin/../lib/gcc/arm-none-eabi/5.4.1/armv7-m/crtbegin.o
 .bss           0x1fffc1b4       0x43 .\CortexM3\ARM_GCC_541\Debug\Z80_3Chip.a(cyPm.o)
 .bss           0x1fffc1f7        0x1 .\CortexM3\ARM_GCC_541\Debug\Z80_3Chip.a(I2C.o)
                0x1fffc1f7                I2C_initVar
 .bss           0x1fffc1f8        0x1 .\CortexM3\ARM_GCC_541\Debug\Z80_3Chip.a(USBUART.o)
                0x1fffc1f8                USBUART_initVar
 .bss           0x1fffc1f9        0x1 .\CortexM3\ARM_GCC_541\Debug\Z80_3Chip.a(USBUART_cdc.o)
 *fill*         0x1fffc1fa        0x2 
 .bss           0x1fffc1fc        0x2 .\CortexM3\ARM_GCC_541\Debug\Z80_3Chip.a(USBUART_std.o)
 .bss           0x1fffc1fe        0x1 .\CortexM3\ARM_GCC_541\Debug\Z80_3Chip.a(SPI_Master.o)
                0x1fffc1fe                SPI_Master_initVar
 .bss           0x1fffc1ff        0x9 .\CortexM3\ARM_GCC_541\Debug\Z80_3Chip.a(RTC.o)
                0x1fffc1ff                RTC_statusDateTime
                0x1fffc200                RTC_dstModeType
                0x1fffc201                RTC_dstStartStatus
                0x1fffc202                RTC_dstStopStatus
                0x1fffc203                RTC_dstOffsetMin
                0x1fffc204                RTC_alarmCfgMask
                0x1fffc205                RTC_alarmCurStatus
                0x1fffc206                RTC_initVar
                0x1fffc207                RTC_intervalCfgMask
 .bss           0x1fffc208        0x5 .\CortexM3\ARM_GCC_541\Debug\Z80_3Chip.a(WaveDAC8.o)
                0x1fffc20c                WaveDAC8_initVar
 .bss           0x1fffc20d        0x1 .\CortexM3\ARM_GCC_541\Debug\Z80_3Chip.a(Sound_Counter.o)
                0x1fffc20d                Sound_Counter_initVar
 *fill*         0x1fffc20e        0x2 
 .bss.__malloc_sbrk_start
                0x1fffc210        0x4 c:/program files (x86)/cypress/psoc creator/4.2/psoc creator/import/gnu/arm/5.4.1/bin/../lib/gcc/arm-none-eabi/5.4.1/../../../../arm-none-eabi/lib/armv7-m\libg_nano.a(lib_a-nano-mallocr.o)
                0x1fffc210                __malloc_sbrk_start
 .bss.__malloc_free_list
                0x1fffc214        0x4 c:/program files (x86)/cypress/psoc creator/4.2/psoc creator/import/gnu/arm/5.4.1/bin/../lib/gcc/arm-none-eabi/5.4.1/../../../../arm-none-eabi/lib/armv7-m\libg_nano.a(lib_a-nano-mallocr.o)
                0x1fffc214                __malloc_free_list
 *(COMMON)
 COMMON         0x1fffc218        0x8 .\CortexM3\ARM_GCC_541\Debug\main.o
                0x1fffc218                pioBIntVals
                0x1fffc219                pioAIntVals
                0x1fffc21c                fpIntVal
 COMMON         0x1fffc220       0x10 .\CortexM3\ARM_GCC_541\Debug\FrontPanel.o
                0x1fffc220                FPAddr
                0x1fffc222                FPCtrl
                0x1fffc224                LEDsVal
                0x1fffc228                FPData
                0x1fffc22c                FPLong
 COMMON         0x1fffc230        0xe .\CortexM3\ARM_GCC_541\Debug\Z80_PIO_emul.o
                0x1fffc230                PIO_Mask_Port_B
                0x1fffc231                PIO_Interrupt_Vector_Port_A
                0x1fffc232                PIO_Interrupt_Vector_Port_B
                0x1fffc233                PIO_Interrupt_Ctrl_Word_B
                0x1fffc234                PIO_Mask_Port_A
                0x1fffc235                PIO_Interrupt_Ctrl_Word_A
                0x1fffc236                PIO_State_A
                0x1fffc237                PIO_Vector_Address_Port_A
                0x1fffc238                PIO_Mode_B
                0x1fffc239                PIO_Vector_Address_Port_B
                0x1fffc23a                PIO_Input_Register_Port_B
                0x1fffc23b                PIO_Mode_A
                0x1fffc23c                PIO_Input_Register_Port_A
                0x1fffc23d                PIO_State_B
 COMMON         0x1fffc23e        0x4 .\CortexM3\ARM_GCC_541\Debug\Z80_6850_Emul.o
                0x1fffc23e                M6850_DataOut
                0x1fffc23f                M6850_Status
                0x1fffc240                M6850_Ctrl
                0x1fffc241                M6850_DataIn
 *fill*         0x1fffc242        0x2 
 COMMON         0x1fffc244        0xc .\CortexM3\ARM_GCC_541\Debug\Z80_SDCard_Emul.o
                0x1fffc244                writeSectorNumber
                0x1fffc248                SD_LBA1_Val
                0x1fffc249                SD_DataOut
                0x1fffc24a                SD_Status
                0x1fffc24b                SD_DataIn
                0x1fffc24c                SD_LBA0_Val
                0x1fffc24d                SD_LBA3_Val
                0x1fffc24e                SD_LBA2_Val
                0x1fffc24f                SD_Command
 COMMON         0x1fffc250        0x4 .\CortexM3\ARM_GCC_541\Debug\Z80_6850_2_Emul.o
                0x1fffc250                M6850_2_Ctrl
                0x1fffc251                M6850_2_Status
                0x1fffc252                M6850_2_DataIn
                0x1fffc253                M6850_2_DataOut
 COMMON         0x1fffc254        0x1 .\CortexM3\ARM_GCC_541\Debug\Z80_Mem_Mappers.o
                0x1fffc254                mmu4select
 *fill*         0x1fffc255        0x3 
 COMMON         0x1fffc258      0x404 .\CortexM3\ARM_GCC_541\Debug\SDCard.o
                0x1fffc258                readPointer
                0x1fffc25a                writePointer
                0x1fffc25c                readSDBuffer
                0x1fffc45c                writeSDBuffer
 COMMON         0x1fffc65c        0x1 .\CortexM3\ARM_GCC_541\Debug\Z80_RTC.o
                0x1fffc65c                rtcState
 COMMON         0x1fffc65d        0x3 .\CortexM3\ARM_GCC_541\Debug\Z80_DAC.o
                0x1fffc65d                dacState
                0x1fffc65e                inDataDAC
                0x1fffc65f                outDataDAC
 COMMON         0x1fffc660        0x1 .\CortexM3\ARM_GCC_541\Debug\Z80_3Chip.a(I2C.o)
                0x1fffc660                I2C_state
 *fill*         0x1fffc661        0x3 
 COMMON         0x1fffc664       0x10 .\CortexM3\ARM_GCC_541\Debug\Z80_3Chip.a(I2C_MASTER.o)
                0x1fffc664                I2C_mstrWrBufIndex
                0x1fffc665                I2C_mstrWrBufSize
                0x1fffc666                I2C_mstrStatus
                0x1fffc668                I2C_mstrRdBufPtr
                0x1fffc66c                I2C_mstrControl
                0x1fffc66d                I2C_mstrRdBufSize
                0x1fffc66e                I2C_mstrRdBufIndex
                0x1fffc670                I2C_mstrWrBufPtr
 COMMON         0x1fffc674       0x18 .\CortexM3\ARM_GCC_541\Debug\Z80_3Chip.a(USBUART_cdc.o)
                0x1fffc674                USBUART_linesChanged
                0x1fffc678                USBUART_cdcDataInEp
                0x1fffc67c                USBUART_cdcCommInInterruptEp
                0x1fffc680                USBUART_cdcDataOutEp
                0x1fffc684                USBUART_serialStateBitmap
                0x1fffc688                USBUART_linesControlBitmap
 COMMON         0x1fffc68c       0x9a .\CortexM3\ARM_GCC_541\Debug\Z80_3Chip.a(USBUART_drv.o)
                0x1fffc68c                USBUART_lastPacketSize
                0x1fffc68d                USBUART_device
                0x1fffc68e                USBUART_transferByteCount
                0x1fffc690                USBUART_transferState
                0x1fffc694                USBUART_interfaceSettingLast
                0x1fffc698                USBUART_currentTD
                0x1fffc6a4                USBUART_interfaceNumber
                0x1fffc6a8                USBUART_interfaceClass
                0x1fffc6ac                USBUART_configurationChanged
                0x1fffc6ad                USBUART_ep0Mode
                0x1fffc6ae                USBUART_deviceAddress
                0x1fffc6af                USBUART_configuration
                0x1fffc6b0                USBUART_ep0Count
                0x1fffc6b1                USBUART_deviceStatus
                0x1fffc6b4                USBUART_EP
                0x1fffc720                USBUART_interfaceSetting
                0x1fffc722                USBUART_ep0Toggle
                0x1fffc724                USBUART_interfaceStatus
 *fill*         0x1fffc726        0x2 
 COMMON         0x1fffc728       0x22 .\CortexM3\ARM_GCC_541\Debug\Z80_3Chip.a(USBUART_descr.o)
                0x1fffc728                USBUART_idSerialNumberStringDescriptor
 *fill*         0x1fffc74a        0x2 
 COMMON         0x1fffc74c        0x4 c:/program files (x86)/cypress/psoc creator/4.2/psoc creator/import/gnu/arm/5.4.1/bin/../lib/gcc/arm-none-eabi/5.4.1/../../../../arm-none-eabi/lib/armv7-m\libg_nano.a(lib_a-reent.o)
                0x1fffc74c                errno
                0x1fffc750                . = ALIGN (0x8)
 *(.ram.b)
                0x1fffc750                _end = .
                0x1fffc750                __end = .
                0x1fffc750                PROVIDE (end, .)
                0x1fffc750                PROVIDE (__bss_end__, .)
                0x00006e68                __cy_region_init_ram = LOADADDR (.data)
                0x000000d0                __cy_region_init_size_ram = (_edata - ADDR (.data))
                0x000005b8                __cy_region_zero_size_ram = (_end - _edata)

.heap           0x1fffc750      0x200 load address 0x00006f38
                0x1fffc750                . = _end
                0x1fffc950                . = (. + 0x200)
 *fill*         0x1fffc750      0x200 
                0x1fffc950                __cy_heap_limit = .

.stack          0x20003800      0x800
                0x20003800                __cy_stack_limit = .
                0x20004000                . = (. + 0x800)
 *fill*         0x20003800      0x800 
                0x00000001                ASSERT ((__cy_stack_limit >= __cy_heap_limit), region RAM overflowed with stack)
                0x00000000                cy_checksum_exclude_size = (CY_APPL_LOADABLE == 0x1)?SIZEOF (.cy_checksum_exclude):0x0
                0x00000001                ASSERT ((cy_checksum_exclude_size <= CY_CHECKSUM_EXCLUDE_SIZE), CY_BOOT: Section .cy_checksum_exclude size exceedes specified limit.)

.cyloadermeta
 *(.cyloadermeta)

.cyloadablemeta
 *(.cyloadablemeta)

.cyconfigecc    0x80000000      0xdf4
 *(.cyconfigecc)
 .cyconfigecc   0x80000000      0xdf4 .\CortexM3\ARM_GCC_541\Debug\cymetadata.o
                0x80000000                cy_meta_configecc

.cycustnvl      0x90000000        0x4
 *(.cycustnvl)
 .cycustnvl     0x90000000        0x4 .\CortexM3\ARM_GCC_541\Debug\cymetadata.o
                0x90000000                cy_meta_custnvl

.cywolatch      0x90100000        0x4
 *(.cywolatch)
 .cywolatch     0x90100000        0x4 .\CortexM3\ARM_GCC_541\Debug\cymetadata.o
                0x90100000                cy_meta_wonvl

.cyeeprom       0x90200000        0x0
 *(.cyeeprom)
                0x00000001                ASSERT ((. <= ((0x90200000 + ee_offset) + ee_size)), .cyeeprom data will not fit in EEPROM)

.cyflashprotect
                0x90400000       0x80
 *(.cyflashprotect)
 .cyflashprotect
                0x90400000       0x80 .\CortexM3\ARM_GCC_541\Debug\cymetadata.o
                0x90400000                cy_meta_flashprotect

.cymeta         0x90500000        0xc
 *(.cymeta)
 .cymeta        0x90500000        0xc .\CortexM3\ARM_GCC_541\Debug\cymetadata.o
                0x90500000                cy_metadata

.rel.dyn        0x00006f38        0x0 load address 0x9050000c
 .rel.iplt      0x00006f38        0x0 c:/program files (x86)/cypress/psoc creator/4.2/psoc creator/import/gnu/arm/5.4.1/bin/../lib/gcc/arm-none-eabi/5.4.1/armv7-m/crtbegin.o

.stab
 *(.stab)

.stabstr
 *(.stabstr)

.debug
 *(.debug)

.line
 *(.line)

.debug_srcinfo
 *(.debug_srcinfo)

.debug_sfnames
 *(.debug_sfnames)

.debug_aranges  0x00000000     0x16d0
 *(.debug_aranges)
 .debug_aranges
                0x00000000       0x28 .\CortexM3\ARM_GCC_541\Debug\main.o
 .debug_aranges
                0x00000028       0x40 .\CortexM3\ARM_GCC_541\Debug\ExtSRAM.o
 .debug_aranges
                0x00000068       0x68 .\CortexM3\ARM_GCC_541\Debug\FrontPanel.o
 .debug_aranges
                0x000000d0       0x18 .\CortexM3\ARM_GCC_541\Debug\GS_9_MON_BASIC_ROM.o
 .debug_aranges
                0x000000e8       0x18 .\CortexM3\ARM_GCC_541\Debug\Z80_SIO_emul.o
 .debug_aranges
                0x00000100       0x30 .\CortexM3\ARM_GCC_541\Debug\Z80_IO_Handle.o
 .debug_aranges
                0x00000130       0x50 .\CortexM3\ARM_GCC_541\Debug\Z80_PIO_emul.o
 .debug_aranges
                0x00000180       0x18 .\CortexM3\ARM_GCC_541\Debug\GS_7_BASIC_ROM.o
 .debug_aranges
                0x00000198       0x58 .\CortexM3\ARM_GCC_541\Debug\Z80_6850_Emul.o
 .debug_aranges
                0x000001f0       0x50 .\CortexM3\ARM_GCC_541\Debug\Z80_SDCard_Emul.o
 .debug_aranges
                0x00000240       0x18 .\CortexM3\ARM_GCC_541\Debug\GS_FPGA_CPM_BASIC.o
 .debug_aranges
                0x00000258       0x58 .\CortexM3\ARM_GCC_541\Debug\Z80_6850_2_Emul.o
 .debug_aranges
                0x000002b0       0x30 .\CortexM3\ARM_GCC_541\Debug\Z80_Mem_Mappers.o
 .debug_aranges
                0x000002e0       0x58 .\CortexM3\ARM_GCC_541\Debug\SDCard.o
 .debug_aranges
                0x00000338       0x30 .\CortexM3\ARM_GCC_541\Debug\Z80_PSoC_3Chips.o
 .debug_aranges
                0x00000368       0x40 .\CortexM3\ARM_GCC_541\Debug\Z80_RTC.o
 .debug_aranges
                0x000003a8       0x40 .\CortexM3\ARM_GCC_541\Debug\Z80_DAC.o
 .debug_aranges
                0x000003e8       0x18 .\CortexM3\ARM_GCC_541\Debug\MultiBoot_CPM.o
 .debug_aranges
                0x00000400       0x58 .\CortexM3\ARM_GCC_541\Debug\cyfitter_cfg.o
 .debug_aranges
                0x00000458       0x18 .\CortexM3\ARM_GCC_541\Debug\cymetadata.o
 .debug_aranges
                0x00000470       0x48 .\CortexM3\ARM_GCC_541\Debug\Cm3Start.o
 .debug_aranges
                0x000004b8       0xd8 .\CortexM3\ARM_GCC_541\Debug\Z80_3Chip.a(CyDmac.o)
 .debug_aranges
                0x00000590      0x2a0 .\CortexM3\ARM_GCC_541\Debug\Z80_3Chip.a(CyLib.o)
 .debug_aranges
                0x00000830       0x98 .\CortexM3\ARM_GCC_541\Debug\Z80_3Chip.a(cyPm.o)
 .debug_aranges
                0x000008c8       0x38 .\CortexM3\ARM_GCC_541\Debug\Z80_3Chip.a(LED.o)
 .debug_aranges
                0x00000900       0x38 .\CortexM3\ARM_GCC_541\Debug\Z80_3Chip.a(BUSRQ_n.o)
 .debug_aranges
                0x00000938       0x38 .\CortexM3\ARM_GCC_541\Debug\Z80_3Chip.a(INT_n.o)
 .debug_aranges
                0x00000970       0x28 .\CortexM3\ARM_GCC_541\Debug\Z80_3Chip.a(Z80_Data_In.o)
 .debug_aranges
                0x00000998       0x40 .\CortexM3\ARM_GCC_541\Debug\Z80_3Chip.a(Z80_Data_Out.o)
 .debug_aranges
                0x000009d8       0x28 .\CortexM3\ARM_GCC_541\Debug\Z80_3Chip.a(ExtSRAMCtl.o)
 .debug_aranges
                0x00000a00       0x38 .\CortexM3\ARM_GCC_541\Debug\Z80_3Chip.a(I2C.o)
 .debug_aranges
                0x00000a38       0x20 .\CortexM3\ARM_GCC_541\Debug\Z80_3Chip.a(I2C_INT.o)
 .debug_aranges
                0x00000a58       0x38 .\CortexM3\ARM_GCC_541\Debug\Z80_3Chip.a(I2C_PM.o)
 .debug_aranges
                0x00000a90       0x80 .\CortexM3\ARM_GCC_541\Debug\Z80_3Chip.a(I2C_MASTER.o)
 .debug_aranges
                0x00000b10       0xc8 .\CortexM3\ARM_GCC_541\Debug\Z80_3Chip.a(USBUART.o)
 .debug_aranges
                0x00000bd8       0xe8 .\CortexM3\ARM_GCC_541\Debug\Z80_3Chip.a(USBUART_cdc.o)
 .debug_aranges
                0x00000cc0       0x98 .\CortexM3\ARM_GCC_541\Debug\Z80_3Chip.a(USBUART_drv.o)
 .debug_aranges
                0x00000d58       0x40 .\CortexM3\ARM_GCC_541\Debug\Z80_3Chip.a(USBUART_episr.o)
 .debug_aranges
                0x00000d98       0x40 .\CortexM3\ARM_GCC_541\Debug\Z80_3Chip.a(USBUART_pm.o)
 .debug_aranges
                0x00000dd8       0x80 .\CortexM3\ARM_GCC_541\Debug\Z80_3Chip.a(USBUART_std.o)
 .debug_aranges
                0x00000e58       0x20 .\CortexM3\ARM_GCC_541\Debug\Z80_3Chip.a(USBUART_vnd.o)
 .debug_aranges
                0x00000e78       0x48 .\CortexM3\ARM_GCC_541\Debug\Z80_3Chip.a(USBUART_Dp.o)
 .debug_aranges
                0x00000ec0       0x38 .\CortexM3\ARM_GCC_541\Debug\Z80_3Chip.a(BUSACK_n.o)
 .debug_aranges
                0x00000ef8       0x38 .\CortexM3\ARM_GCC_541\Debug\Z80_3Chip.a(I2CINT_n.o)
 .debug_aranges
                0x00000f30       0xd8 .\CortexM3\ARM_GCC_541\Debug\Z80_3Chip.a(SPI_Master.o)
 .debug_aranges
                0x00001008       0x70 .\CortexM3\ARM_GCC_541\Debug\Z80_3Chip.a(SPI_Master_IntClock.o)
 .debug_aranges
                0x00001078      0x1c8 .\CortexM3\ARM_GCC_541\Debug\Z80_3Chip.a(RTC.o)
 .debug_aranges
                0x00001240       0x20 .\CortexM3\ARM_GCC_541\Debug\Z80_3Chip.a(RTC_INT.o)
 .debug_aranges
                0x00001260       0x28 .\CortexM3\ARM_GCC_541\Debug\Z80_3Chip.a(SPI_SS_Out.o)
 .debug_aranges
                0x00001288       0x50 .\CortexM3\ARM_GCC_541\Debug\Z80_3Chip.a(WaveDAC8.o)
 .debug_aranges
                0x000012d8       0x28 .\CortexM3\ARM_GCC_541\Debug\Z80_3Chip.a(WaveDAC8_Wave1_DMA_dma.o)
 .debug_aranges
                0x00001300       0x28 .\CortexM3\ARM_GCC_541\Debug\Z80_3Chip.a(WaveDAC8_Wave2_DMA_dma.o)
 .debug_aranges
                0x00001328       0x58 .\CortexM3\ARM_GCC_541\Debug\Z80_3Chip.a(WaveDAC8_VDAC8.o)
 .debug_aranges
                0x00001380       0x28 .\CortexM3\ARM_GCC_541\Debug\Z80_3Chip.a(DAC_Control.o)
 .debug_aranges
                0x000013a8       0x80 .\CortexM3\ARM_GCC_541\Debug\Z80_3Chip.a(Sound_Counter.o)
 .debug_aranges
                0x00001428       0x80 .\CortexM3\ARM_GCC_541\Debug\Z80_3Chip.a(I2CINT_ISR.o)
 .debug_aranges
                0x000014a8       0x28 .\CortexM3\ARM_GCC_541\Debug\Z80_3Chip.a(MMU_Sel.o)
 .debug_aranges
                0x000014d0       0x28 .\CortexM3\ARM_GCC_541\Debug\Z80_3Chip.a(MMU4_Addr_0.o)
 .debug_aranges
                0x000014f8       0x28 .\CortexM3\ARM_GCC_541\Debug\Z80_3Chip.a(MMU4_Addr_1.o)
 .debug_aranges
                0x00001520       0x28 .\CortexM3\ARM_GCC_541\Debug\Z80_3Chip.a(MMU4_Addr_2.o)
 .debug_aranges
                0x00001548       0x28 .\CortexM3\ARM_GCC_541\Debug\Z80_3Chip.a(MMU4_Addr_3.o)
 .debug_aranges
                0x00001570       0x20 .\CortexM3\ARM_GCC_541\Debug\Z80_3Chip.a(CyBootAsmGnu.o)
 .debug_aranges
                0x00001590       0x88 .\CortexM3\ARM_GCC_541\Debug\Z80_3Chip.a(CyFlash.o)
 .debug_aranges
                0x00001618       0x80 .\CortexM3\ARM_GCC_541\Debug\Z80_3Chip.a(CySpc.o)
 .debug_aranges
                0x00001698       0x20 .\CortexM3\ARM_GCC_541\Debug\Z80_3Chip.a(USBUART_cls.o)
 .debug_aranges
                0x000016b8       0x18 .\CortexM3\ARM_GCC_541\Debug\Z80_3Chip.a(USBUART_descr.o)

.debug_pubnames
 *(.debug_pubnames)

.debug_info     0x00000000     0xef40
 *(.debug_info .gnu.linkonce.wi.*)
 .debug_info    0x00000000      0x72d .\CortexM3\ARM_GCC_541\Debug\main.o
 .debug_info    0x0000072d      0x2a0 .\CortexM3\ARM_GCC_541\Debug\ExtSRAM.o
 .debug_info    0x000009cd      0x8eb .\CortexM3\ARM_GCC_541\Debug\FrontPanel.o
 .debug_info    0x000012b8       0xae .\CortexM3\ARM_GCC_541\Debug\GS_9_MON_BASIC_ROM.o
 .debug_info    0x00001366       0xae .\CortexM3\ARM_GCC_541\Debug\Z80_SIO_emul.o
 .debug_info    0x00001414      0x4d4 .\CortexM3\ARM_GCC_541\Debug\Z80_IO_Handle.o
 .debug_info    0x000018e8      0x64c .\CortexM3\ARM_GCC_541\Debug\Z80_PIO_emul.o
 .debug_info    0x00001f34       0xae .\CortexM3\ARM_GCC_541\Debug\GS_7_BASIC_ROM.o
 .debug_info    0x00001fe2      0x2a4 .\CortexM3\ARM_GCC_541\Debug\Z80_6850_Emul.o
 .debug_info    0x00002286      0x344 .\CortexM3\ARM_GCC_541\Debug\Z80_SDCard_Emul.o
 .debug_info    0x000025ca       0xae .\CortexM3\ARM_GCC_541\Debug\GS_FPGA_CPM_BASIC.o
 .debug_info    0x00002678      0x222 .\CortexM3\ARM_GCC_541\Debug\Z80_6850_2_Emul.o
 .debug_info    0x0000289a      0x251 .\CortexM3\ARM_GCC_541\Debug\Z80_Mem_Mappers.o
 .debug_info    0x00002aeb      0xb7e .\CortexM3\ARM_GCC_541\Debug\SDCard.o
 .debug_info    0x00003669      0x310 .\CortexM3\ARM_GCC_541\Debug\Z80_PSoC_3Chips.o
 .debug_info    0x00003979      0x33d .\CortexM3\ARM_GCC_541\Debug\Z80_RTC.o
 .debug_info    0x00003cb6      0x305 .\CortexM3\ARM_GCC_541\Debug\Z80_DAC.o
 .debug_info    0x00003fbb      0x123 .\CortexM3\ARM_GCC_541\Debug\MultiBoot_CPM.o
 .debug_info    0x000040de      0x6e2 .\CortexM3\ARM_GCC_541\Debug\cyfitter_cfg.o
 .debug_info    0x000047c0      0x139 .\CortexM3\ARM_GCC_541\Debug\cymetadata.o
 .debug_info    0x000048f9      0x3cf .\CortexM3\ARM_GCC_541\Debug\Cm3Start.o
 .debug_info    0x00004cc8      0x94e .\CortexM3\ARM_GCC_541\Debug\Z80_3Chip.a(CyDmac.o)
 .debug_info    0x00005616     0x1374 .\CortexM3\ARM_GCC_541\Debug\Z80_3Chip.a(CyLib.o)
 .debug_info    0x0000698a      0xa2a .\CortexM3\ARM_GCC_541\Debug\Z80_3Chip.a(cyPm.o)
 .debug_info    0x000073b4      0x11f .\CortexM3\ARM_GCC_541\Debug\Z80_3Chip.a(LED.o)
 .debug_info    0x000074d3      0x11f .\CortexM3\ARM_GCC_541\Debug\Z80_3Chip.a(BUSRQ_n.o)
 .debug_info    0x000075f2      0x11f .\CortexM3\ARM_GCC_541\Debug\Z80_3Chip.a(INT_n.o)
 .debug_info    0x00007711       0xd6 .\CortexM3\ARM_GCC_541\Debug\Z80_3Chip.a(Z80_Data_In.o)
 .debug_info    0x000077e7      0x17d .\CortexM3\ARM_GCC_541\Debug\Z80_3Chip.a(Z80_Data_Out.o)
 .debug_info    0x00007964       0xd6 .\CortexM3\ARM_GCC_541\Debug\Z80_3Chip.a(ExtSRAMCtl.o)
 .debug_info    0x00007a3a      0x2ab .\CortexM3\ARM_GCC_541\Debug\Z80_3Chip.a(I2C.o)
 .debug_info    0x00007ce5      0x184 .\CortexM3\ARM_GCC_541\Debug\Z80_3Chip.a(I2C_INT.o)
 .debug_info    0x00007e69      0x207 .\CortexM3\ARM_GCC_541\Debug\Z80_3Chip.a(I2C_PM.o)
 .debug_info    0x00008070      0x407 .\CortexM3\ARM_GCC_541\Debug\Z80_3Chip.a(I2C_MASTER.o)
 .debug_info    0x00008477      0x98f .\CortexM3\ARM_GCC_541\Debug\Z80_3Chip.a(USBUART.o)
 .debug_info    0x00008e06      0xaf7 .\CortexM3\ARM_GCC_541\Debug\Z80_3Chip.a(USBUART_cdc.o)
 .debug_info    0x000098fd      0x655 .\CortexM3\ARM_GCC_541\Debug\Z80_3Chip.a(USBUART_drv.o)
 .debug_info    0x00009f52      0x254 .\CortexM3\ARM_GCC_541\Debug\Z80_3Chip.a(USBUART_episr.o)
 .debug_info    0x0000a1a6      0x2e4 .\CortexM3\ARM_GCC_541\Debug\Z80_3Chip.a(USBUART_pm.o)
 .debug_info    0x0000a48a      0xb26 .\CortexM3\ARM_GCC_541\Debug\Z80_3Chip.a(USBUART_std.o)
 .debug_info    0x0000afb0       0xed .\CortexM3\ARM_GCC_541\Debug\Z80_3Chip.a(USBUART_vnd.o)
 .debug_info    0x0000b09d      0x174 .\CortexM3\ARM_GCC_541\Debug\Z80_3Chip.a(USBUART_Dp.o)
 .debug_info    0x0000b211      0x11f .\CortexM3\ARM_GCC_541\Debug\Z80_3Chip.a(BUSACK_n.o)
 .debug_info    0x0000b330      0x11f .\CortexM3\ARM_GCC_541\Debug\Z80_3Chip.a(I2CINT_n.o)
 .debug_info    0x0000b44f      0x4bb .\CortexM3\ARM_GCC_541\Debug\Z80_3Chip.a(SPI_Master.o)
 .debug_info    0x0000b90a      0x283 .\CortexM3\ARM_GCC_541\Debug\Z80_3Chip.a(SPI_Master_IntClock.o)
 .debug_info    0x0000bb8d      0xae9 .\CortexM3\ARM_GCC_541\Debug\Z80_3Chip.a(RTC.o)
 .debug_info    0x0000c676      0x271 .\CortexM3\ARM_GCC_541\Debug\Z80_3Chip.a(RTC_INT.o)
 .debug_info    0x0000c8e7       0xd6 .\CortexM3\ARM_GCC_541\Debug\Z80_3Chip.a(SPI_SS_Out.o)
 .debug_info    0x0000c9bd      0x4db .\CortexM3\ARM_GCC_541\Debug\Z80_3Chip.a(WaveDAC8.o)
 .debug_info    0x0000ce98      0x1aa .\CortexM3\ARM_GCC_541\Debug\Z80_3Chip.a(WaveDAC8_Wave1_DMA_dma.o)
 .debug_info    0x0000d042      0x1a7 .\CortexM3\ARM_GCC_541\Debug\Z80_3Chip.a(WaveDAC8_Wave2_DMA_dma.o)
 .debug_info    0x0000d1e9      0x1de .\CortexM3\ARM_GCC_541\Debug\Z80_3Chip.a(WaveDAC8_VDAC8.o)
 .debug_info    0x0000d3c7       0xd6 .\CortexM3\ARM_GCC_541\Debug\Z80_3Chip.a(DAC_Control.o)
 .debug_info    0x0000d49d      0x28d .\CortexM3\ARM_GCC_541\Debug\Z80_3Chip.a(Sound_Counter.o)
 .debug_info    0x0000d72a      0x2fc .\CortexM3\ARM_GCC_541\Debug\Z80_3Chip.a(I2CINT_ISR.o)
 .debug_info    0x0000da26       0xd6 .\CortexM3\ARM_GCC_541\Debug\Z80_3Chip.a(MMU_Sel.o)
 .debug_info    0x0000dafc       0xd6 .\CortexM3\ARM_GCC_541\Debug\Z80_3Chip.a(MMU4_Addr_0.o)
 .debug_info    0x0000dbd2       0xd6 .\CortexM3\ARM_GCC_541\Debug\Z80_3Chip.a(MMU4_Addr_1.o)
 .debug_info    0x0000dca8       0xd6 .\CortexM3\ARM_GCC_541\Debug\Z80_3Chip.a(MMU4_Addr_2.o)
 .debug_info    0x0000dd7e       0xd6 .\CortexM3\ARM_GCC_541\Debug\Z80_3Chip.a(MMU4_Addr_3.o)
 .debug_info    0x0000de54       0xce .\CortexM3\ARM_GCC_541\Debug\Z80_3Chip.a(CyBootAsmGnu.o)
 .debug_info    0x0000df22      0x64d .\CortexM3\ARM_GCC_541\Debug\Z80_3Chip.a(CyFlash.o)
 .debug_info    0x0000e56f      0x550 .\CortexM3\ARM_GCC_541\Debug\Z80_3Chip.a(CySpc.o)
 .debug_info    0x0000eabf      0x1de .\CortexM3\ARM_GCC_541\Debug\Z80_3Chip.a(USBUART_cls.o)
 .debug_info    0x0000ec9d      0x2a3 .\CortexM3\ARM_GCC_541\Debug\Z80_3Chip.a(USBUART_descr.o)

.debug_abbrev   0x00000000     0x4161
 *(.debug_abbrev)
 .debug_abbrev  0x00000000      0x129 .\CortexM3\ARM_GCC_541\Debug\main.o
 .debug_abbrev  0x00000129      0x128 .\CortexM3\ARM_GCC_541\Debug\ExtSRAM.o
 .debug_abbrev  0x00000251      0x185 .\CortexM3\ARM_GCC_541\Debug\FrontPanel.o
 .debug_abbrev  0x000003d6       0x4b .\CortexM3\ARM_GCC_541\Debug\GS_9_MON_BASIC_ROM.o
 .debug_abbrev  0x00000421       0x4b .\CortexM3\ARM_GCC_541\Debug\Z80_SIO_emul.o
 .debug_abbrev  0x0000046c       0xd2 .\CortexM3\ARM_GCC_541\Debug\Z80_IO_Handle.o
 .debug_abbrev  0x0000053e       0xf0 .\CortexM3\ARM_GCC_541\Debug\Z80_PIO_emul.o
 .debug_abbrev  0x0000062e       0x4b .\CortexM3\ARM_GCC_541\Debug\GS_7_BASIC_ROM.o
 .debug_abbrev  0x00000679      0x136 .\CortexM3\ARM_GCC_541\Debug\Z80_6850_Emul.o
 .debug_abbrev  0x000007af       0xe0 .\CortexM3\ARM_GCC_541\Debug\Z80_SDCard_Emul.o
 .debug_abbrev  0x0000088f       0x4b .\CortexM3\ARM_GCC_541\Debug\GS_FPGA_CPM_BASIC.o
 .debug_abbrev  0x000008da       0xe4 .\CortexM3\ARM_GCC_541\Debug\Z80_6850_2_Emul.o
 .debug_abbrev  0x000009be       0xd6 .\CortexM3\ARM_GCC_541\Debug\Z80_Mem_Mappers.o
 .debug_abbrev  0x00000a94      0x1cd .\CortexM3\ARM_GCC_541\Debug\SDCard.o
 .debug_abbrev  0x00000c61       0xee .\CortexM3\ARM_GCC_541\Debug\Z80_PSoC_3Chips.o
 .debug_abbrev  0x00000d4f       0xcc .\CortexM3\ARM_GCC_541\Debug\Z80_RTC.o
 .debug_abbrev  0x00000e1b       0xd5 .\CortexM3\ARM_GCC_541\Debug\Z80_DAC.o
 .debug_abbrev  0x00000ef0       0x75 .\CortexM3\ARM_GCC_541\Debug\MultiBoot_CPM.o
 .debug_abbrev  0x00000f65      0x20d .\CortexM3\ARM_GCC_541\Debug\cyfitter_cfg.o
 .debug_abbrev  0x00001172       0x77 .\CortexM3\ARM_GCC_541\Debug\cymetadata.o
 .debug_abbrev  0x000011e9      0x1e8 .\CortexM3\ARM_GCC_541\Debug\Cm3Start.o
 .debug_abbrev  0x000013d1      0x1b2 .\CortexM3\ARM_GCC_541\Debug\Z80_3Chip.a(CyDmac.o)
 .debug_abbrev  0x00001583      0x254 .\CortexM3\ARM_GCC_541\Debug\Z80_3Chip.a(CyLib.o)
 .debug_abbrev  0x000017d7      0x1ab .\CortexM3\ARM_GCC_541\Debug\Z80_3Chip.a(cyPm.o)
 .debug_abbrev  0x00001982       0x90 .\CortexM3\ARM_GCC_541\Debug\Z80_3Chip.a(LED.o)
 .debug_abbrev  0x00001a12       0x90 .\CortexM3\ARM_GCC_541\Debug\Z80_3Chip.a(BUSRQ_n.o)
 .debug_abbrev  0x00001aa2       0x90 .\CortexM3\ARM_GCC_541\Debug\Z80_3Chip.a(INT_n.o)
 .debug_abbrev  0x00001b32       0x81 .\CortexM3\ARM_GCC_541\Debug\Z80_3Chip.a(Z80_Data_In.o)
 .debug_abbrev  0x00001bb3       0xac .\CortexM3\ARM_GCC_541\Debug\Z80_3Chip.a(Z80_Data_Out.o)
 .debug_abbrev  0x00001c5f       0x81 .\CortexM3\ARM_GCC_541\Debug\Z80_3Chip.a(ExtSRAMCtl.o)
 .debug_abbrev  0x00001ce0      0x10a .\CortexM3\ARM_GCC_541\Debug\Z80_3Chip.a(I2C.o)
 .debug_abbrev  0x00001dea       0xb6 .\CortexM3\ARM_GCC_541\Debug\Z80_3Chip.a(I2C_INT.o)
 .debug_abbrev  0x00001ea0       0xfe .\CortexM3\ARM_GCC_541\Debug\Z80_3Chip.a(I2C_PM.o)
 .debug_abbrev  0x00001f9e      0x13c .\CortexM3\ARM_GCC_541\Debug\Z80_3Chip.a(I2C_MASTER.o)
 .debug_abbrev  0x000020da      0x215 .\CortexM3\ARM_GCC_541\Debug\Z80_3Chip.a(USBUART.o)
 .debug_abbrev  0x000022ef      0x245 .\CortexM3\ARM_GCC_541\Debug\Z80_3Chip.a(USBUART_cdc.o)
 .debug_abbrev  0x00002534      0x189 .\CortexM3\ARM_GCC_541\Debug\Z80_3Chip.a(USBUART_drv.o)
 .debug_abbrev  0x000026bd      0x11b .\CortexM3\ARM_GCC_541\Debug\Z80_3Chip.a(USBUART_episr.o)
 .debug_abbrev  0x000027d8      0x108 .\CortexM3\ARM_GCC_541\Debug\Z80_3Chip.a(USBUART_pm.o)
 .debug_abbrev  0x000028e0      0x20a .\CortexM3\ARM_GCC_541\Debug\Z80_3Chip.a(USBUART_std.o)
 .debug_abbrev  0x00002aea       0x9b .\CortexM3\ARM_GCC_541\Debug\Z80_3Chip.a(USBUART_vnd.o)
 .debug_abbrev  0x00002b85       0x90 .\CortexM3\ARM_GCC_541\Debug\Z80_3Chip.a(USBUART_Dp.o)
 .debug_abbrev  0x00002c15       0x90 .\CortexM3\ARM_GCC_541\Debug\Z80_3Chip.a(BUSACK_n.o)
 .debug_abbrev  0x00002ca5       0x90 .\CortexM3\ARM_GCC_541\Debug\Z80_3Chip.a(I2CINT_n.o)
 .debug_abbrev  0x00002d35      0x146 .\CortexM3\ARM_GCC_541\Debug\Z80_3Chip.a(SPI_Master.o)
 .debug_abbrev  0x00002e7b      0x139 .\CortexM3\ARM_GCC_541\Debug\Z80_3Chip.a(SPI_Master_IntClock.o)
 .debug_abbrev  0x00002fb4      0x20f .\CortexM3\ARM_GCC_541\Debug\Z80_3Chip.a(RTC.o)
 .debug_abbrev  0x000031c3       0xf1 .\CortexM3\ARM_GCC_541\Debug\Z80_3Chip.a(RTC_INT.o)
 .debug_abbrev  0x000032b4       0x81 .\CortexM3\ARM_GCC_541\Debug\Z80_3Chip.a(SPI_SS_Out.o)
 .debug_abbrev  0x00003335      0x10b .\CortexM3\ARM_GCC_541\Debug\Z80_3Chip.a(WaveDAC8.o)
 .debug_abbrev  0x00003440       0xcd .\CortexM3\ARM_GCC_541\Debug\Z80_3Chip.a(WaveDAC8_Wave1_DMA_dma.o)
 .debug_abbrev  0x0000350d       0xcd .\CortexM3\ARM_GCC_541\Debug\Z80_3Chip.a(WaveDAC8_Wave2_DMA_dma.o)
 .debug_abbrev  0x000035da       0xf7 .\CortexM3\ARM_GCC_541\Debug\Z80_3Chip.a(WaveDAC8_VDAC8.o)
 .debug_abbrev  0x000036d1       0x81 .\CortexM3\ARM_GCC_541\Debug\Z80_3Chip.a(DAC_Control.o)
 .debug_abbrev  0x00003752      0x122 .\CortexM3\ARM_GCC_541\Debug\Z80_3Chip.a(Sound_Counter.o)
 .debug_abbrev  0x00003874      0x184 .\CortexM3\ARM_GCC_541\Debug\Z80_3Chip.a(I2CINT_ISR.o)
 .debug_abbrev  0x000039f8       0x81 .\CortexM3\ARM_GCC_541\Debug\Z80_3Chip.a(MMU_Sel.o)
 .debug_abbrev  0x00003a79       0x81 .\CortexM3\ARM_GCC_541\Debug\Z80_3Chip.a(MMU4_Addr_0.o)
 .debug_abbrev  0x00003afa       0x81 .\CortexM3\ARM_GCC_541\Debug\Z80_3Chip.a(MMU4_Addr_1.o)
 .debug_abbrev  0x00003b7b       0x81 .\CortexM3\ARM_GCC_541\Debug\Z80_3Chip.a(MMU4_Addr_2.o)
 .debug_abbrev  0x00003bfc       0x81 .\CortexM3\ARM_GCC_541\Debug\Z80_3Chip.a(MMU4_Addr_3.o)
 .debug_abbrev  0x00003c7d       0x14 .\CortexM3\ARM_GCC_541\Debug\Z80_3Chip.a(CyBootAsmGnu.o)
 .debug_abbrev  0x00003c91      0x1a7 .\CortexM3\ARM_GCC_541\Debug\Z80_3Chip.a(CyFlash.o)
 .debug_abbrev  0x00003e38      0x194 .\CortexM3\ARM_GCC_541\Debug\Z80_3Chip.a(CySpc.o)
 .debug_abbrev  0x00003fcc       0xe1 .\CortexM3\ARM_GCC_541\Debug\Z80_3Chip.a(USBUART_cls.o)
 .debug_abbrev  0x000040ad       0xb4 .\CortexM3\ARM_GCC_541\Debug\Z80_3Chip.a(USBUART_descr.o)

.debug_line     0x00000000     0x6f43
 *(.debug_line)