Archive member included to satisfy reference by file (symbol)

.\CortexM3\ARM_GCC_541\Debug\Z80_3Chip.a(CyDmac.o)
                              .\CortexM3\ARM_GCC_541\Debug\Cm3Start.o (CyDmacConfigure)
.\CortexM3\ARM_GCC_541\Debug\Z80_3Chip.a(CyLib.o)
                              .\CortexM3\ARM_GCC_541\Debug\Cm3Start.o (CyHalt)
.\CortexM3\ARM_GCC_541\Debug\Z80_3Chip.a(cyPm.o)
                              .\CortexM3\ARM_GCC_541\Debug\Z80_3Chip.a(CyLib.o) (CyPmReadStatus)
.\CortexM3\ARM_GCC_541\Debug\Z80_3Chip.a(LED.o)
                              .\CortexM3\ARM_GCC_541\Debug\Z80_PSoC_3Chips.o (LED_Write)
.\CortexM3\ARM_GCC_541\Debug\Z80_3Chip.a(BUSRQ_n.o)
                              .\CortexM3\ARM_GCC_541\Debug\Z80_IO_Handle.o (BUSRQ_n_Write)
.\CortexM3\ARM_GCC_541\Debug\Z80_3Chip.a(INT_n.o)
                              .\CortexM3\ARM_GCC_541\Debug\Z80_6850_Emul.o (INT_n_Write)
.\CortexM3\ARM_GCC_541\Debug\Z80_3Chip.a(Z80_Data_In.o)
                              .\CortexM3\ARM_GCC_541\Debug\FrontPanel.o (Z80_Data_In_Write)
.\CortexM3\ARM_GCC_541\Debug\Z80_3Chip.a(Z80_Data_Out.o)
                              .\CortexM3\ARM_GCC_541\Debug\FrontPanel.o (Z80_Data_Out_Read)
.\CortexM3\ARM_GCC_541\Debug\Z80_3Chip.a(ExtSRAMCtl.o)
                              .\CortexM3\ARM_GCC_541\Debug\FrontPanel.o (ExtSRAMCtl_Write)
.\CortexM3\ARM_GCC_541\Debug\Z80_3Chip.a(I2C.o)
                              .\CortexM3\ARM_GCC_541\Debug\main.o (I2C_Start)
.\CortexM3\ARM_GCC_541\Debug\Z80_3Chip.a(I2C_INT.o)
                              .\CortexM3\ARM_GCC_541\Debug\Z80_3Chip.a(I2C.o) (I2C_ISR)
.\CortexM3\ARM_GCC_541\Debug\Z80_3Chip.a(I2C_PM.o)
                              .\CortexM3\ARM_GCC_541\Debug\Z80_3Chip.a(I2C.o) (I2C_backup)
.\CortexM3\ARM_GCC_541\Debug\Z80_3Chip.a(I2C_MASTER.o)
                              .\CortexM3\ARM_GCC_541\Debug\MCP23017.o (I2C_MasterWriteBuf)
.\CortexM3\ARM_GCC_541\Debug\Z80_3Chip.a(USBUART.o)
                              .\CortexM3\ARM_GCC_541\Debug\main.o (USBUART_Start)
.\CortexM3\ARM_GCC_541\Debug\Z80_3Chip.a(USBUART_cdc.o)
                              .\CortexM3\ARM_GCC_541\Debug\main.o (USBUART_CDC_Init)
.\CortexM3\ARM_GCC_541\Debug\Z80_3Chip.a(USBUART_drv.o)
                              .\CortexM3\ARM_GCC_541\Debug\Z80_3Chip.a(USBUART.o) (USBUART_lastPacketSize)
.\CortexM3\ARM_GCC_541\Debug\Z80_3Chip.a(USBUART_episr.o)
                              .\CortexM3\ARM_GCC_541\Debug\Z80_3Chip.a(USBUART.o) (USBUART_EP_1_ISR)
.\CortexM3\ARM_GCC_541\Debug\Z80_3Chip.a(USBUART_pm.o)
                              .\CortexM3\ARM_GCC_541\Debug\Z80_3Chip.a(USBUART.o) (USBUART_DP_ISR)
.\CortexM3\ARM_GCC_541\Debug\Z80_3Chip.a(USBUART_std.o)
                              .\CortexM3\ARM_GCC_541\Debug\Z80_3Chip.a(USBUART_pm.o) (USBUART_ConfigReg)
.\CortexM3\ARM_GCC_541\Debug\Z80_3Chip.a(USBUART_vnd.o)
                              .\CortexM3\ARM_GCC_541\Debug\Z80_3Chip.a(USBUART_drv.o) (USBUART_HandleVendorRqst)
.\CortexM3\ARM_GCC_541\Debug\Z80_3Chip.a(USBUART_Dp.o)
                              .\CortexM3\ARM_GCC_541\Debug\Z80_3Chip.a(USBUART.o) (USBUART_Dp_ClearInterrupt)
.\CortexM3\ARM_GCC_541\Debug\Z80_3Chip.a(BUSACK_n.o)
                              .\CortexM3\ARM_GCC_541\Debug\Z80_IO_Handle.o (BUSACK_n_Read)
.\CortexM3\ARM_GCC_541\Debug\Z80_3Chip.a(I2CINT_n.o)
                              .\CortexM3\ARM_GCC_541\Debug\main.o (I2CINT_n_SetDriveMode)
.\CortexM3\ARM_GCC_541\Debug\Z80_3Chip.a(SPI_Master.o)
                              .\CortexM3\ARM_GCC_541\Debug\SDCard.o (SPI_Master_ReadTxStatus)
.\CortexM3\ARM_GCC_541\Debug\Z80_3Chip.a(SPI_Master_IntClock.o)
                              .\CortexM3\ARM_GCC_541\Debug\Z80_3Chip.a(SPI_Master.o) (SPI_Master_IntClock_Start)
.\CortexM3\ARM_GCC_541\Debug\Z80_3Chip.a(RTC.o)
                              .\CortexM3\ARM_GCC_541\Debug\Z80_RTC.o (RTC_Start)
.\CortexM3\ARM_GCC_541\Debug\Z80_3Chip.a(RTC_INT.o)
                              .\CortexM3\ARM_GCC_541\Debug\Z80_3Chip.a(RTC.o) (RTC_ISR)
.\CortexM3\ARM_GCC_541\Debug\Z80_3Chip.a(SPI_SS_Out.o)
                              .\CortexM3\ARM_GCC_541\Debug\SDCard.o (SPI_SS_Out_Write)
.\CortexM3\ARM_GCC_541\Debug\Z80_3Chip.a(WaveDAC8.o)
                              .\CortexM3\ARM_GCC_541\Debug\Z80_DAC.o (WaveDAC8_Stop)
.\CortexM3\ARM_GCC_541\Debug\Z80_3Chip.a(WaveDAC8_Wave1_DMA_dma.o)
                              .\CortexM3\ARM_GCC_541\Debug\Z80_3Chip.a(WaveDAC8.o) (WaveDAC8_Wave1_DMA_DmaInitialize)
.\CortexM3\ARM_GCC_541\Debug\Z80_3Chip.a(WaveDAC8_Wave2_DMA_dma.o)
                              .\CortexM3\ARM_GCC_541\Debug\Z80_3Chip.a(WaveDAC8.o) (WaveDAC8_Wave2_DMA_DmaInitialize)
.\CortexM3\ARM_GCC_541\Debug\Z80_3Chip.a(WaveDAC8_VDAC8.o)
                              .\CortexM3\ARM_GCC_541\Debug\Z80_3Chip.a(WaveDAC8.o) (WaveDAC8_VDAC8_Enable)
.\CortexM3\ARM_GCC_541\Debug\Z80_3Chip.a(DAC_Control.o)
                              .\CortexM3\ARM_GCC_541\Debug\Z80_DAC.o (DAC_Control_Write)
[...]
Memory Configuration

Name             Origin             Length             Attributes
rom              0x00000000         0x00020000         xr
ram              0x1fffc000         0x00008000         xrw
*default*        0x00000000         0xffffffff

Linker script and memory map

LOAD c:/program files (x86)/cypress/psoc creator/4.4/psoc creator/import/gnu/arm/5.4.1/bin/../lib/gcc/arm-none-eabi/5.4.1/armv7-m/crti.o
LOAD c:/program files (x86)/cypress/psoc creator/4.4/psoc creator/import/gnu/arm/5.4.1/bin/../lib/gcc/arm-none-eabi/5.4.1/armv7-m/crtbegin.o
LOAD c:/program files (x86)/cypress/psoc creator/4.4/psoc creator/import/gnu/arm/5.4.1/bin/../lib/gcc/arm-none-eabi/5.4.1/../../../../arm-none-eabi/lib/armv7-m/crt0.o
START GROUP
LOAD .\CortexM3\ARM_GCC_541\Debug\main.o
LOAD .\CortexM3\ARM_GCC_541\Debug\ExtSRAM.o
LOAD .\CortexM3\ARM_GCC_541\Debug\FrontPanel.o
LOAD .\CortexM3\ARM_GCC_541\Debug\GS_9_MON_BASIC_ROM.o
LOAD .\CortexM3\ARM_GCC_541\Debug\Z80_SIO_emul.o
LOAD .\CortexM3\ARM_GCC_541\Debug\Z80_IO_Handle.o
LOAD .\CortexM3\ARM_GCC_541\Debug\Z80_PIO_emul.o
LOAD .\CortexM3\ARM_GCC_541\Debug\GS_7_BASIC_ROM.o
LOAD .\CortexM3\ARM_GCC_541\Debug\Z80_6850_Emul.o
LOAD .\CortexM3\ARM_GCC_541\Debug\Z80_SDCard_Emul.o
LOAD .\CortexM3\ARM_GCC_541\Debug\GS_FPGA_CPM_BASIC.o
LOAD .\CortexM3\ARM_GCC_541\Debug\Z80_6850_2_Emul.o
LOAD .\CortexM3\ARM_GCC_541\Debug\Z80_Mem_Mappers.o
LOAD .\CortexM3\ARM_GCC_541\Debug\SDCard.o
LOAD .\CortexM3\ARM_GCC_541\Debug\Z80_PSoC_3Chips.o
LOAD .\CortexM3\ARM_GCC_541\Debug\Z80_RTC.o
LOAD .\CortexM3\ARM_GCC_541\Debug\Z80_DAC.o
LOAD .\CortexM3\ARM_GCC_541\Debug\MultiBoot_CPM.o
LOAD .\CortexM3\ARM_GCC_541\Debug\MCP23017.o
LOAD .\CortexM3\ARM_GCC_541\Debug\cyfitter_cfg.o
LOAD .\CortexM3\ARM_GCC_541\Debug\cymetadata.o
LOAD .\CortexM3\ARM_GCC_541\Debug\Cm3Start.o
LOAD .\CortexM3\ARM_GCC_541\Debug\Z80_3Chip.a
LOAD C:\Program Files (x86)\Cypress\PSoC Creator\4.4\PSoC Creator\psoc\content\cycomponentlibrary\CyComponentLibrary.cylib\CortexM3\ARM_GCC_541\Debug\CyComponentLibrary.a
END GROUP
START GROUP
LOAD c:/program files (x86)/cypress/psoc creator/4.4/psoc creator/import/gnu/arm/5.4.1/bin/../lib/gcc/arm-none-eabi/5.4.1/armv7-m\libgcc.a
LOAD c:/program files (x86)/cypress/psoc creator/4.4/psoc creator/import/gnu/arm/5.4.1/bin/../lib/gcc/arm-none-eabi/5.4.1/../../../../arm-none-eabi/lib/armv7-m\libg_nano.a
LOAD c:/program files (x86)/cypress/psoc creator/4.4/psoc creator/import/gnu/arm/5.4.1/bin/../lib/gcc/arm-none-eabi/5.4.1/../../../../arm-none-eabi/lib/armv7-m\libc_nano.a
END GROUP
START GROUP
LOAD c:/program files (x86)/cypress/psoc creator/4.4/psoc creator/import/gnu/arm/5.4.1/bin/../lib/gcc/arm-none-eabi/5.4.1/armv7-m\libgcc.a
LOAD c:/program files (x86)/cypress/psoc creator/4.4/psoc creator/import/gnu/arm/5.4.1/bin/../lib/gcc/arm-none-eabi/5.4.1/../../../../arm-none-eabi/lib/armv7-m\libc_nano.a
END GROUP
LOAD c:/program files (x86)/cypress/psoc creator/4.4/psoc creator/import/gnu/arm/5.4.1/bin/../lib/gcc/arm-none-eabi/5.4.1/armv7-m/crtend.o
LOAD c:/program files (x86)/cypress/psoc creator/4.4/psoc creator/import/gnu/arm/5.4.1/bin/../lib/gcc/arm-none-eabi/5.4.1/armv7-m/crtn.o
START GROUP
LOAD c:/program files (x86)/cypress/psoc creator/4.4/psoc creator/import/gnu/arm/5.4.1/bin/../lib/gcc/arm-none-eabi/5.4.1/armv7-m\libgcc.a
LOAD c:/program files (x86)/cypress/psoc creator/4.4/psoc creator/import/gnu/arm/5.4.1/bin/../lib/gcc/arm-none-eabi/5.4.1/../../../../arm-none-eabi/lib/armv7-m\libc.a
LOAD c:/program files (x86)/cypress/psoc creator/4.4/psoc creator/import/gnu/arm/5.4.1/bin/../lib/gcc/arm-none-eabi/5.4.1/../../../../arm-none-eabi/lib/armv7-m\libnosys.a
END GROUP
                0x00000000                CY_APPL_ORIGIN = 0x0
                0x00000100                CY_FLASH_ROW_SIZE = 0x100
                0x00000020                CY_ECC_ROW_SIZE = 0x20
                0x00000000                CY_EE_IN_BTLDR = 0x0
                0x00000000                CY_APPL_LOADABLE = 0x0
                0x00000800                CY_EE_SIZE = 0x800
                0x00000001                CY_APPL_NUM = 0x1
                0x00000001                CY_APPL_MAX = 0x1
                0x00000040                CY_METADATA_SIZE = 0x40
                0x00000000                CY_APPL_LOADABLE = 0x0
                0x00000000                CY_CHECKSUM_EXCLUDE_SIZE = ALIGN (0x0, CY_FLASH_ROW_SIZE)
                [!provide]                PROVIDE (__cy_heap_start, _end)
                0x00000001                PROVIDE (__cy_region_num, ((__cy_regions_end - __cy_regions) / 0x10))
                0x20004000                PROVIDE (__cy_stack, (ORIGIN (ram) + LENGTH (ram)))
                [!provide]                PROVIDE (__cy_heap_end, (__cy_stack - 0x800))

.cybootloader   0x00000000        0x0
 *(.cybootloader)
                0x00000000                appl1_start = CY_APPL_ORIGIN?CY_APPL_ORIGIN:ALIGN (CY_FLASH_ROW_SIZE)
                0x0000ff00                appl2_start = (appl1_start + ALIGN ((((LENGTH (rom) - appl1_start) - (0x2 * CY_FLASH_ROW_SIZE)) / 0x2), CY_FLASH_ROW_SIZE))
                0x00000000                appl_start = (CY_APPL_NUM == 0x1)?appl1_start:appl2_start
                0x00000000                ecc_offset = ((appl_start / CY_FLASH_ROW_SIZE) * CY_ECC_ROW_SIZE)
                0x00000000                ee_offset = (CY_APPL_LOADABLE && ! (CY_EE_IN_BTLDR))?((CY_EE_SIZE / CY_APPL_MAX) * (CY_APPL_NUM - 0x1)):0x0
                0x00000800                ee_size = (CY_APPL_LOADABLE && ! (CY_EE_IN_BTLDR))?(CY_EE_SIZE / CY_APPL_MAX):CY_EE_SIZE
                [!provide]                PROVIDE (CY_ECC_OFFSET, ecc_offset)

.text           0x00000000     0x62f4
 CREATE_OBJECT_SYMBOLS
                0x00000000                PROVIDE (__cy_interrupt_vector, RomVectors)
 *(.romvectors)
 .romvectors    0x00000000       0x10 .\CortexM3\ARM_GCC_541\Debug\Cm3Start.o
                0x00000000                RomVectors
                0x00000001                ASSERT ((. != __cy_interrupt_vector), No interrupt vector)
                0x00000001                ASSERT (CY_APPL_ORIGIN?(SIZEOF (.cybootloader) <= CY_APPL_ORIGIN):0x1, Wrong image location)
                0x00000010                PROVIDE (__cy_reset, Reset)
 *(.text.Reset)
 .text.Reset    0x00000010       0x18 .\CortexM3\ARM_GCC_541\Debug\Cm3Start.o
                0x00000010                Reset
                0x00000001                ASSERT ((. != __cy_reset), No reset code)
 *(.dma_init)
                0x00000001                ASSERT ((((appl_start + .) <= 0x10000) || 0x1), DMA Init must be within the first 64k of flash)
 *(.text .text.* .gnu.linkonce.t.*)
 .text          0x00000028       0x5c c:/program files (x86)/cypress/psoc creator/4.4/psoc creator/import/gnu/arm/5.4.1/bin/../lib/gcc/arm-none-eabi/5.4.1/armv7-m/crtbegin.o
 .text.initZ80PSOC
                0x00000084       0xfc .\CortexM3\ARM_GCC_541\Debug\main.o
                0x00000084                initZ80PSOC
 .text.main     0x00000180      0x10c .\CortexM3\ARM_GCC_541\Debug\main.o
                0x00000180                main
 .text.SetExtSRAMAddr
                0x0000028c       0x20 .\CortexM3\ARM_GCC_541\Debug\ExtSRAM.o
                0x0000028c                SetExtSRAMAddr
 .text.ReadExtSRAM
                0x000002ac       0x24 .\CortexM3\ARM_GCC_541\Debug\ExtSRAM.o
                0x000002ac                ReadExtSRAM
 .text.WriteExtSRAM
                0x000002d0       0x24 .\CortexM3\ARM_GCC_541\Debug\ExtSRAM.o
                0x000002d0                WriteExtSRAM
 .text.TestSRAM
                0x000002f4      0x11c .\CortexM3\ARM_GCC_541\Debug\ExtSRAM.o
                0x000002f4                TestSRAM
 .text.loadSRAM
                0x00000410       0x24 .\CortexM3\ARM_GCC_541\Debug\ExtSRAM.o
                0x00000410                loadSRAM
 .text.init_FrontPanel
                0x00000434       0xa0 .\CortexM3\ARM_GCC_541\Debug\FrontPanel.o
                0x00000434                init_FrontPanel
 .text.readFrontPanelSwitchesStatic
                0x000004d4       0x30 .\CortexM3\ARM_GCC_541\Debug\FrontPanel.o
                0x000004d4                readFrontPanelSwitchesStatic
 .text.FrontPanelZ80Read
                0x00000504       0x38 .\CortexM3\ARM_GCC_541\Debug\FrontPanel.o
                0x00000504                FrontPanelZ80Read
 .text.readFrontPanelSwitchesRegistered
                0x0000053c       0x34 .\CortexM3\ARM_GCC_541\Debug\FrontPanel.o
                0x0000053c                readFrontPanelSwitchesRegistered
 .text.waitFrontPanelSwitchesPressed
                0x00000570       0x24 .\CortexM3\ARM_GCC_541\Debug\FrontPanel.o
                0x00000570                waitFrontPanelSwitchesPressed
 .text.writeFrontPanelLEDs
                0x00000594       0x34 .\CortexM3\ARM_GCC_541\Debug\FrontPanel.o
                0x00000594                writeFrontPanelLEDs
 .text.FrontPanelZ80Write
                0x000005c8       0x68 .\CortexM3\ARM_GCC_541\Debug\FrontPanel.o
                0x000005c8                FrontPanelZ80Write
 .text.runFrontPanel
                0x00000630      0x1a0 .\CortexM3\ARM_GCC_541\Debug\FrontPanel.o
                0x00000630                runFrontPanel
 .text.runZ80   0x000007d0       0x1c .\CortexM3\ARM_GCC_541\Debug\FrontPanel.o
                0x000007d0                runZ80
 .text.ackIO    0x000007ec       0x10 .\CortexM3\ARM_GCC_541\Debug\Z80_IO_Handle.o
                0x000007ec                ackIO
 .text.HandleZ80IO
                0x000007fc      0x4c8 .\CortexM3\ARM_GCC_541\Debug\Z80_IO_Handle.o
                0x000007fc                HandleZ80IO
 .text.init_PIO
                0x00000cc4       0xc4 .\CortexM3\ARM_GCC_541\Debug\Z80_PIO_emul.o
                0x00000cc4                init_PIO
 .text.PioReadDataA
                0x00000d88       0x2c .\CortexM3\ARM_GCC_541\Debug\Z80_PIO_emul.o
                0x00000d88                PioReadDataA
 .text.PioWriteDataA
                0x00000db4       0x18 .\CortexM3\ARM_GCC_541\Debug\Z80_PIO_emul.o
                0x00000db4                PioWriteDataA
 .text.PioWriteCtrlA
                0x00000dcc      0x118 .\CortexM3\ARM_GCC_541\Debug\Z80_PIO_emul.o
                0x00000dcc                PioWriteCtrlA
 .text.PioReadDataB
                0x00000ee4       0x2c .\CortexM3\ARM_GCC_541\Debug\Z80_PIO_emul.o
                0x00000ee4                PioReadDataB
 .text.PioWriteDataB
                0x00000f10       0x18 .\CortexM3\ARM_GCC_541\Debug\Z80_PIO_emul.o
                0x00000f10                PioWriteDataB
 .text.PioWriteCtrlB
                0x00000f28      0x118 .\CortexM3\ARM_GCC_541\Debug\Z80_PIO_emul.o
                0x00000f28                PioWriteCtrlB
 .text.initM6850StatusRegister
                0x00001040        0xc .\CortexM3\ARM_GCC_541\Debug\Z80_6850_Emul.o
                0x00001040                initM6850StatusRegister
 .text.M6850ReadIntReg
                0x0000104c       0x18 .\CortexM3\ARM_GCC_541\Debug\Z80_6850_Emul.o
                0x0000104c                M6850ReadIntReg
 .text.sendCharToZ80
                0x00001064       0x30 .\CortexM3\ARM_GCC_541\Debug\Z80_6850_Emul.o
                0x00001064                sendCharToZ80
 .text.checkSerialReceiverBusy
                0x00001094       0x24 .\CortexM3\ARM_GCC_541\Debug\Z80_6850_Emul.o
                0x00001094                checkSerialReceiverBusy
 .text.M6850ReadData
                0x000010b8       0x28 .\CortexM3\ARM_GCC_541\Debug\Z80_6850_Emul.o
                0x000010b8                M6850ReadData
 .text.M6850WriteData
                0x000010e0       0x2c .\CortexM3\ARM_GCC_541\Debug\Z80_6850_Emul.o
                0x000010e0                M6850WriteData
 .text.M6850ReadStatus
                0x0000110c       0x1c .\CortexM3\ARM_GCC_541\Debug\Z80_6850_Emul.o
                0x0000110c                M6850ReadStatus
 .text.M6850WriteCtrl
                0x00001128       0x1c .\CortexM3\ARM_GCC_541\Debug\Z80_6850_Emul.o
                0x00001128                M6850WriteCtrl
 .text.SDReadData
                0x00001144       0x38 .\CortexM3\ARM_GCC_541\Debug\Z80_SDCard_Emul.o
                0x00001144                SDReadData
 .text.SDWriteData
                0x0000117c       0x54 .\CortexM3\ARM_GCC_541\Debug\Z80_SDCard_Emul.o
                0x0000117c                SDWriteData
 .text.SDWriteCommand
                0x000011d0       0xbc .\CortexM3\ARM_GCC_541\Debug\Z80_SDCard_Emul.o
                0x000011d0                SDWriteCommand
 .text.SDReadStatus
                0x0000128c       0x1c .\CortexM3\ARM_GCC_541\Debug\Z80_SDCard_Emul.o
                0x0000128c                SDReadStatus
 .text.SDWriteLBA0
                0x000012a8       0x14 .\CortexM3\ARM_GCC_541\Debug\Z80_SDCard_Emul.o
                0x000012a8                SDWriteLBA0
 .text.SDWriteLBA1
                0x000012bc       0x14 .\CortexM3\ARM_GCC_541\Debug\Z80_SDCard_Emul.o
                0x000012bc                SDWriteLBA1
 .text.SDWriteLBA2
                0x000012d0       0x14 .\CortexM3\ARM_GCC_541\Debug\Z80_SDCard_Emul.o
                0x000012d0                SDWriteLBA2
 .text.initM6850_2_StatusRegister
                0x000012e4        0xc .\CortexM3\ARM_GCC_541\Debug\Z80_6850_2_Emul.o
                0x000012e4                initM6850_2_StatusRegister
 .text.M6850_2_ReadData
                0x000012f0        0x8 .\CortexM3\ARM_GCC_541\Debug\Z80_6850_2_Emul.o
                0x000012f0                M6850_2_ReadData
 .text.M6850_2_WriteData
                0x000012f8        0x8 .\CortexM3\ARM_GCC_541\Debug\Z80_6850_2_Emul.o
                0x000012f8                M6850_2_WriteData
 .text.M6850_2_ReadStatus
                0x00001300       0x14 .\CortexM3\ARM_GCC_541\Debug\Z80_6850_2_Emul.o
                0x00001300                M6850_2_ReadStatus
 .text.M6850_2_WriteCtrl
                0x00001314       0x14 .\CortexM3\ARM_GCC_541\Debug\Z80_6850_2_Emul.o
                0x00001314                M6850_2_WriteCtrl
 .text.init_mem_map_4
                0x00001328       0x34 .\CortexM3\ARM_GCC_541\Debug\Z80_Mem_Mappers.o
                0x00001328                init_mem_map_4
 .text.wrMMU4SelectReg
                0x0000135c       0x14 .\CortexM3\ARM_GCC_541\Debug\Z80_Mem_Mappers.o
                0x0000135c                wrMMU4SelectReg
 .text.wrMMU4Bank
                0x00001370       0x50 .\CortexM3\ARM_GCC_541\Debug\Z80_Mem_Mappers.o
                0x00001370                wrMMU4Bank
 .text.SPI_write_byte
                0x000013c0       0x18 .\CortexM3\ARM_GCC_541\Debug\SDCard.o
                0x000013c0                SPI_write_byte
 .text.SD_command
                0x000013d8       0x6c .\CortexM3\ARM_GCC_541\Debug\SDCard.o
                0x000013d8                SD_command
 .text.SDInit   0x00001444      0x11c .\CortexM3\ARM_GCC_541\Debug\SDCard.o
                0x00001444                SDInit
 .text.dumpBuffer
                0x00001560       0xd0 .\CortexM3\ARM_GCC_541\Debug\SDCard.o
                0x00001560                dumpBuffer
 .text.SD_ReadSector
                0x00001630       0xe8 .\CortexM3\ARM_GCC_541\Debug\SDCard.o
                0x00001630                SD_ReadSector
 .text.readSDCard
                0x00001718       0x3c .\CortexM3\ARM_GCC_541\Debug\SDCard.o
                0x00001718                readSDCard
 .text.SD_WriteSector
                0x00001754       0xfc .\CortexM3\ARM_GCC_541\Debug\SDCard.o
                0x00001754                SD_WriteSector
 .text.writeSDCard
                0x00001850       0x34 .\CortexM3\ARM_GCC_541\Debug\SDCard.o
                0x00001850                writeSDCard
 .text.PostLed  0x00001884       0x28 .\CortexM3\ARM_GCC_541\Debug\Z80_PSoC_3Chips.o
                0x00001884                PostLed
 .text.asciiNibbleToVal
                0x000018ac       0x30 .\CortexM3\ARM_GCC_541\Debug\Z80_PSoC_3Chips.o
                0x000018ac                asciiNibbleToVal
 .text.extractLong
                0x000018dc       0x2c .\CortexM3\ARM_GCC_541\Debug\Z80_PSoC_3Chips.o
                0x000018dc                extractLong
 .text.clearReceiveBuffer
                0x00001908       0x1c .\CortexM3\ARM_GCC_541\Debug\Z80_PSoC_3Chips.o
                0x00001908                clearReceiveBuffer
 .text.putStringToUSB
                0x00001924       0x1c .\CortexM3\ARM_GCC_541\Debug\Z80_PSoC_3Chips.o
                0x00001924                putStringToUSB
 .text.printMenuScreen
                0x00001940       0x60 .\CortexM3\ARM_GCC_541\Debug\Z80_PSoC_3Chips.o
                0x00001940                printMenuScreen
 .text.psocMenu
                0x000019a0      0x108 .\CortexM3\ARM_GCC_541\Debug\Z80_PSoC_3Chips.o
                0x000019a0                psocMenu
 .text.addToReceiveBuffer
                0x00001aa8       0xa4 .\CortexM3\ARM_GCC_541\Debug\Z80_PSoC_3Chips.o
                0x00001aa8                addToReceiveBuffer
 .text.I2CIntISR
                0x00001b4c       0x78 .\CortexM3\ARM_GCC_541\Debug\Z80_PSoC_3Chips.o
                0x00001b4c                I2CIntISR
 .text.init_Z80_RTC
                0x00001bc4       0x14 .\CortexM3\ARM_GCC_541\Debug\Z80_RTC.o
                0x00001bc4                init_Z80_RTC
 .text.writeCmdRTC
                0x00001bd8       0x14 .\CortexM3\ARM_GCC_541\Debug\Z80_RTC.o
                0x00001bd8                writeCmdRTC
 .text.readCmdRTC
                0x00001bec       0x14 .\CortexM3\ARM_GCC_541\Debug\Z80_RTC.o
                0x00001bec                readCmdRTC
 .text.writeRTC
                0x00001c00       0x84 .\CortexM3\ARM_GCC_541\Debug\Z80_RTC.o
                0x00001c00                writeRTC
 .text.readRTC  0x00001c84       0x80 .\CortexM3\ARM_GCC_541\Debug\Z80_RTC.o
                0x00001c84                readRTC
 .text.init_DAC
                0x00001d04       0x24 .\CortexM3\ARM_GCC_541\Debug\Z80_DAC.o
                0x00001d04                init_DAC
 .text.writeDAC
                0x00001d28       0x24 .\CortexM3\ARM_GCC_541\Debug\Z80_DAC.o
                0x00001d28                writeDAC
 .text.readDAC  0x00001d4c       0x14 .\CortexM3\ARM_GCC_541\Debug\Z80_DAC.o
                0x00001d4c                readDAC
 .text.readStatDAC
                0x00001d60       0x14 .\CortexM3\ARM_GCC_541\Debug\Z80_DAC.o
                0x00001d60                readStatDAC
 .text.writeCmdDAC
                0x00001d74       0x70 .\CortexM3\ARM_GCC_541\Debug\Z80_DAC.o
                0x00001d74                writeCmdDAC
 .text.readRegister_MCP23017
                0x00001de4       0x38 .\CortexM3\ARM_GCC_541\Debug\MCP23017.o
                0x00001de4                readRegister_MCP23017
 .text.writeRegister_MCP23017
                0x00001e1c       0x34 .\CortexM3\ARM_GCC_541\Debug\MCP23017.o
                0x00001e1c                writeRegister_MCP23017
 .text.CyClockStartupError
                0x00001e50        0x4 .\CortexM3\ARM_GCC_541\Debug\cyfitter_cfg.o
 .text.cfg_write_bytes32
                0x00001e54       0x34 .\CortexM3\ARM_GCC_541\Debug\cyfitter_cfg.o
 .text.AnalogSetDefault
                0x00001e88       0x38 .\CortexM3\ARM_GCC_541\Debug\cyfitter_cfg.o
 .text.CYMEMZERO
                0x00001ec0        0xc .\CortexM3\ARM_GCC_541\Debug\cyfitter_cfg.o
 .text.ClockSetup
                0x00001ecc      0x12c .\CortexM3\ARM_GCC_541\Debug\cyfitter_cfg.o
 .text.CYCONFIGCPY
                0x00001ff8        0x8 .\CortexM3\ARM_GCC_541\Debug\cyfitter_cfg.o
 .text.cyfitter_cfg
                0x00002000      0x18c .\CortexM3\ARM_GCC_541\Debug\cyfitter_cfg.o
                0x00002000                cyfitter_cfg
 .text.IntDefaultHandler
                0x0000218c       0x10 .\CortexM3\ARM_GCC_541\Debug\Cm3Start.o
                0x0000218c                IntDefaultHandler
 .text._sbrk    0x0000219c       0x30 .\CortexM3\ARM_GCC_541\Debug\Cm3Start.o
                0x0000219c                _sbrk
 .text.Start_c  0x000021cc       0x4c .\CortexM3\ARM_GCC_541\Debug\Cm3Start.o
                0x000021cc                Start_c
 .text.initialize_psoc
                0x00002218       0x6c .\CortexM3\ARM_GCC_541\Debug\Cm3Start.o
                0x00002218                initialize_psoc
 .text.CyDmacConfigure
                0x00002284       0x34 .\CortexM3\ARM_GCC_541\Debug\Z80_3Chip.a(CyDmac.o)
                0x00002284                CyDmacConfigure
 .text.CyDmaChEnable
                0x000022b8       0x38 .\CortexM3\ARM_GCC_541\Debug\Z80_3Chip.a(CyDmac.o)
                0x000022b8                CyDmaChEnable
 .text.CyDmaChDisable
                0x000022f0       0x24 .\CortexM3\ARM_GCC_541\Debug\Z80_3Chip.a(CyDmac.o)
                0x000022f0                CyDmaChDisable
 .text.CyDmaChPriority
                0x00002314       0x24 .\CortexM3\ARM_GCC_541\Debug\Z80_3Chip.a(CyDmac.o)
                0x00002314                CyDmaChPriority
 .text.CyDmaChSetExtendedAddress
                0x00002338       0x34 .\CortexM3\ARM_GCC_541\Debug\Z80_3Chip.a(CyDmac.o)
                0x00002338                CyDmaChSetExtendedAddress
 .text.CyDmaChSetInitialTd
                0x0000236c       0x18 .\CortexM3\ARM_GCC_541\Debug\Z80_3Chip.a(CyDmac.o)
                0x0000236c                CyDmaChSetInitialTd
 .text.CyDmaChSetConfiguration
                0x00002384       0x44 .\CortexM3\ARM_GCC_541\Debug\Z80_3Chip.a(CyDmac.o)
                0x00002384                CyDmaChSetConfiguration
 .text.CyDmaTdAllocate
                0x000023c8       0x34 .\CortexM3\ARM_GCC_541\Debug\Z80_3Chip.a(CyDmac.o)
                0x000023c8                CyDmaTdAllocate
 .text.CyDmaTdSetConfiguration
                0x000023fc       0x28 .\CortexM3\ARM_GCC_541\Debug\Z80_3Chip.a(CyDmac.o)
                0x000023fc                CyDmaTdSetConfiguration
 .text.CyDmaTdSetAddress
                0x00002424       0x1c .\CortexM3\ARM_GCC_541\Debug\Z80_3Chip.a(CyDmac.o)
                0x00002424                CyDmaTdSetAddress
 .text.CyHalt   0x00002440        0x4 .\CortexM3\ARM_GCC_541\Debug\Z80_3Chip.a(CyLib.o)
                0x00002440                CyHalt
 .text.CyDelay  0x00002444       0x2c .\CortexM3\ARM_GCC_541\Debug\Z80_3Chip.a(CyLib.o)
                0x00002444                CyDelay
 .text.CyDelayUs
                0x00002470       0x14 .\CortexM3\ARM_GCC_541\Debug\Z80_3Chip.a(CyLib.o)
                0x00002470                CyDelayUs
 .text.CyIntSetVector
                0x00002484       0x28 .\CortexM3\ARM_GCC_541\Debug\Z80_3Chip.a(CyLib.o)
                0x00002484                CyIntSetVector
 .text.CyIntSetPriority
                0x000024ac       0x30 .\CortexM3\ARM_GCC_541\Debug\Z80_3Chip.a(CyLib.o)
                0x000024ac                CyIntSetPriority
 .text.CyGetUniqueId
                0x000024dc       0x70 .\CortexM3\ARM_GCC_541\Debug\Z80_3Chip.a(CyLib.o)
                0x000024dc                CyGetUniqueId
 .text.CyPmReadStatus
                0x0000254c       0x30 .\CortexM3\ARM_GCC_541\Debug\Z80_3Chip.a(cyPm.o)
                0x0000254c                CyPmReadStatus
 .text.LED_Write
                0x0000257c       0x18 .\CortexM3\ARM_GCC_541\Debug\Z80_3Chip.a(LED.o)
                0x0000257c                LED_Write
 .text.BUSRQ_n_Write
                0x00002594       0x18 .\CortexM3\ARM_GCC_541\Debug\Z80_3Chip.a(BUSRQ_n.o)
                0x00002594                BUSRQ_n_Write
 .text.INT_n_Write
                0x000025ac       0x18 .\CortexM3\ARM_GCC_541\Debug\Z80_3Chip.a(INT_n.o)
                0x000025ac                INT_n_Write
 .text.Z80_Data_In_Write
                0x000025c4        0xc .\CortexM3\ARM_GCC_541\Debug\Z80_3Chip.a(Z80_Data_In.o)
                0x000025c4                Z80_Data_In_Write
 .text.Z80_Data_Out_Read
                0x000025d0        0xc .\CortexM3\ARM_GCC_541\Debug\Z80_3Chip.a(Z80_Data_Out.o)
                0x000025d0                Z80_Data_Out_Read
 .text.ExtSRAMCtl_Write
                0x000025dc        0xc .\CortexM3\ARM_GCC_541\Debug\Z80_3Chip.a(ExtSRAMCtl.o)
                0x000025dc                ExtSRAMCtl_Write
 .text.I2C_Init
                0x000025e8       0x68 .\CortexM3\ARM_GCC_541\Debug\Z80_3Chip.a(I2C.o)
                0x000025e8                I2C_Init
 .text.I2C_Enable
                0x00002650       0x24 .\CortexM3\ARM_GCC_541\Debug\Z80_3Chip.a(I2C.o)
                0x00002650                I2C_Enable
 .text.I2C_Start
                0x00002674       0x28 .\CortexM3\ARM_GCC_541\Debug\Z80_3Chip.a(I2C.o)
                0x00002674                I2C_Start
 .text.I2C_ISR  0x0000269c      0x2d0 .\CortexM3\ARM_GCC_541\Debug\Z80_3Chip.a(I2C_INT.o)
                0x0000269c                I2C_ISR
 .text.I2C_MasterWriteBuf
                0x0000296c       0xcc .\CortexM3\ARM_GCC_541\Debug\Z80_3Chip.a(I2C_MASTER.o)
                0x0000296c                I2C_MasterWriteBuf
 .text.I2C_MasterSendStart
                0x00002a38       0x80 .\CortexM3\ARM_GCC_541\Debug\Z80_3Chip.a(I2C_MASTER.o)
                0x00002a38                I2C_MasterSendStart
 .text.I2C_MasterSendStop
                0x00002ab8       0x38 .\CortexM3\ARM_GCC_541\Debug\Z80_3Chip.a(I2C_MASTER.o)
                0x00002ab8                I2C_MasterSendStop
 .text.I2C_MasterWriteByte
                0x00002af0       0x58 .\CortexM3\ARM_GCC_541\Debug\Z80_3Chip.a(I2C_MASTER.o)
                0x00002af0                I2C_MasterWriteByte
 .text.I2C_MasterReadByte
                0x00002b48       0x58 .\CortexM3\ARM_GCC_541\Debug\Z80_3Chip.a(I2C_MASTER.o)
                0x00002b48                I2C_MasterReadByte
 .text.I2C_MasterStatus
                0x00002ba0       0x38 .\CortexM3\ARM_GCC_541\Debug\Z80_3Chip.a(I2C_MASTER.o)
                0x00002ba0                I2C_MasterStatus
 .text.I2C_MasterClearStatus
                0x00002bd8       0x24 .\CortexM3\ARM_GCC_541\Debug\Z80_3Chip.a(I2C_MASTER.o)
                0x00002bd8                I2C_MasterClearStatus
 .text.USBUART_Init
                0x00002bfc      0x140 .\CortexM3\ARM_GCC_541\Debug\Z80_3Chip.a(USBUART.o)
                0x00002bfc                USBUART_Init
 .text.USBUART_InitComponent
                0x00002d3c       0xb8 .\CortexM3\ARM_GCC_541\Debug\Z80_3Chip.a(USBUART.o)
                0x00002d3c                USBUART_InitComponent
 .text.USBUART_Start
                0x00002df4       0x24 .\CortexM3\ARM_GCC_541\Debug\Z80_3Chip.a(USBUART.o)
                0x00002df4                USBUART_Start
 .text.USBUART_ReInitComponent
                0x00002e18       0x4c .\CortexM3\ARM_GCC_541\Debug\Z80_3Chip.a(USBUART.o)
                0x00002e18                USBUART_ReInitComponent
 .text.USBUART_GetConfiguration
                0x00002e64        0xc .\CortexM3\ARM_GCC_541\Debug\Z80_3Chip.a(USBUART.o)
                0x00002e64                USBUART_GetConfiguration
 .text.USBUART_IsConfigurationChanged
                0x00002e70       0x20 .\CortexM3\ARM_GCC_541\Debug\Z80_3Chip.a(USBUART.o)
                0x00002e70                USBUART_IsConfigurationChanged
 .text.USBUART_GetEPState
                0x00002e90       0x14 .\CortexM3\ARM_GCC_541\Debug\Z80_3Chip.a(USBUART.o)
                0x00002e90                USBUART_GetEPState
 .text.USBUART_GetEPCount
                0x00002ea4       0x28 .\CortexM3\ARM_GCC_541\Debug\Z80_3Chip.a(USBUART.o)
                0x00002ea4                USBUART_GetEPCount
 .text.USBUART_LoadInEP
                0x00002ecc       0x94 .\CortexM3\ARM_GCC_541\Debug\Z80_3Chip.a(USBUART.o)
                0x00002ecc                USBUART_LoadInEP
 .text.USBUART_EnableOutEP
                0x00002f60       0x2c .\CortexM3\ARM_GCC_541\Debug\Z80_3Chip.a(USBUART.o)
                0x00002f60                USBUART_EnableOutEP
 .text.USBUART_ReadOutEP
                0x00002f8c       0x50 .\CortexM3\ARM_GCC_541\Debug\Z80_3Chip.a(USBUART.o)
                0x00002f8c                USBUART_ReadOutEP
 .text.USBUART_GetInterfaceComPort
                0x00002fdc       0x38 .\CortexM3\ARM_GCC_541\Debug\Z80_3Chip.a(USBUART_cdc.o)
                0x00002fdc                USBUART_GetInterfaceComPort
 .text.USBUART_DispatchCDCClassRqst
                0x00003014       0x98 .\CortexM3\ARM_GCC_541\Debug\Z80_3Chip.a(USBUART_cdc.o)
                0x00003014                USBUART_DispatchCDCClassRqst
 .text.USBUART_CDC_Init
                0x000030ac       0x98 .\CortexM3\ARM_GCC_541\Debug\Z80_3Chip.a(USBUART_cdc.o)
                0x000030ac                USBUART_CDC_Init
 .text.USBUART_PutData
                0x00003144       0x50 .\CortexM3\ARM_GCC_541\Debug\Z80_3Chip.a(USBUART_cdc.o)
                0x00003144                USBUART_PutData
 .text.USBUART_DataIsReady
                0x00003194       0x18 .\CortexM3\ARM_GCC_541\Debug\Z80_3Chip.a(USBUART_cdc.o)
                0x00003194                USBUART_DataIsReady
 .text.USBUART_CDCIsReady
                0x000031ac       0x18 .\CortexM3\ARM_GCC_541\Debug\Z80_3Chip.a(USBUART_cdc.o)
                0x000031ac                USBUART_CDCIsReady
 .text.USBUART_GetAll
                0x000031c4       0x30 .\CortexM3\ARM_GCC_541\Debug\Z80_3Chip.a(USBUART_cdc.o)
                0x000031c4                USBUART_GetAll
 .text.USBUART_Cdc_EpInit
                0x000031f4       0x50 .\CortexM3\ARM_GCC_541\Debug\Z80_3Chip.a(USBUART_cdc.o)
                0x000031f4                USBUART_Cdc_EpInit
 .text.USBUART_LoadEP0
                0x00003244       0x98 .\CortexM3\ARM_GCC_541\Debug\Z80_3Chip.a(USBUART_drv.o)
                0x00003244                USBUART_LoadEP0
 .text.USBUART_InitZeroLengthControlTransfer
                0x000032dc       0x34 .\CortexM3\ARM_GCC_541\Debug\Z80_3Chip.a(USBUART_drv.o)
                0x000032dc                USBUART_InitZeroLengthControlTransfer
 .text.USBUART_ControlReadDataStage
                0x00003310        0x8 .\CortexM3\ARM_GCC_541\Debug\Z80_3Chip.a(USBUART_drv.o)
                0x00003310                USBUART_ControlReadDataStage
 .text.USBUART_ControlWriteDataStage
                0x00003318       0x84 .\CortexM3\ARM_GCC_541\Debug\Z80_3Chip.a(USBUART_drv.o)
                0x00003318                USBUART_ControlWriteDataStage
 .text.USBUART_InitNoDataControlTransfer
                0x0000339c       0x2c .\CortexM3\ARM_GCC_541\Debug\Z80_3Chip.a(USBUART_drv.o)
                0x0000339c                USBUART_InitNoDataControlTransfer
 .text.USBUART_UpdateStatusBlock
                0x000033c8       0x24 .\CortexM3\ARM_GCC_541\Debug\Z80_3Chip.a(USBUART_drv.o)
                0x000033c8                USBUART_UpdateStatusBlock
 .text.USBUART_HandleSetup
                0x000033ec       0x5c .\CortexM3\ARM_GCC_541\Debug\Z80_3Chip.a(USBUART_drv.o)
                0x000033ec                USBUART_HandleSetup
 .text.USBUART_ControlReadStatusStage
                0x00003448       0x38 .\CortexM3\ARM_GCC_541\Debug\Z80_3Chip.a(USBUART_drv.o)
                0x00003448                USBUART_ControlReadStatusStage
 .text.USBUART_HandleOUT
                0x00003480       0x38 .\CortexM3\ARM_GCC_541\Debug\Z80_3Chip.a(USBUART_drv.o)
                0x00003480                USBUART_HandleOUT
 .text.USBUART_ControlWriteStatusStage
                0x000034b8       0x20 .\CortexM3\ARM_GCC_541\Debug\Z80_3Chip.a(USBUART_drv.o)
                0x000034b8                USBUART_ControlWriteStatusStage
 .text.USBUART_NoDataControlStatusStage
                0x000034d8       0x40 .\CortexM3\ARM_GCC_541\Debug\Z80_3Chip.a(USBUART_drv.o)
                0x000034d8                USBUART_NoDataControlStatusStage
 .text.USBUART_HandleIN
                0x00003518       0x2c .\CortexM3\ARM_GCC_541\Debug\Z80_3Chip.a(USBUART_drv.o)
                0x00003518                USBUART_HandleIN
 .text.USBUART_EP_0_ISR
                0x00003544       0xb8 .\CortexM3\ARM_GCC_541\Debug\Z80_3Chip.a(USBUART_drv.o)
                0x00003544                USBUART_EP_0_ISR
 .text.USBUART_InitializeStatusBlock
                0x000035fc       0x24 .\CortexM3\ARM_GCC_541\Debug\Z80_3Chip.a(USBUART_drv.o)
                0x000035fc                USBUART_InitializeStatusBlock
 .text.USBUART_InitControlRead
                0x00003620       0x50 .\CortexM3\ARM_GCC_541\Debug\Z80_3Chip.a(USBUART_drv.o)
                0x00003620                USBUART_InitControlRead
 .text.USBUART_InitControlWrite
                0x00003670       0x48 .\CortexM3\ARM_GCC_541\Debug\Z80_3Chip.a(USBUART_drv.o)
                0x00003670                USBUART_InitControlWrite
 .text.USBUART_EP_1_ISR
                0x000036b8       0x30 .\CortexM3\ARM_GCC_541\Debug\Z80_3Chip.a(USBUART_episr.o)
                0x000036b8                USBUART_EP_1_ISR
 .text.USBUART_EP_2_ISR
                0x000036e8       0x34 .\CortexM3\ARM_GCC_541\Debug\Z80_3Chip.a(USBUART_episr.o)
                0x000036e8                USBUART_EP_2_ISR
 .text.USBUART_EP_3_ISR
                0x0000371c       0x3c .\CortexM3\ARM_GCC_541\Debug\Z80_3Chip.a(USBUART_episr.o)
                0x0000371c                USBUART_EP_3_ISR
 .text.USBUART_SOF_ISR
                0x00003758        0x4 .\CortexM3\ARM_GCC_541\Debug\Z80_3Chip.a(USBUART_episr.o)
                0x00003758                USBUART_SOF_ISR
 .text.USBUART_BUS_RESET_ISR
                0x0000375c        0x8 .\CortexM3\ARM_GCC_541\Debug\Z80_3Chip.a(USBUART_episr.o)
                0x0000375c                USBUART_BUS_RESET_ISR
 .text.USBUART_DP_ISR
                0x00003764        0x8 .\CortexM3\ARM_GCC_541\Debug\Z80_3Chip.a(USBUART_pm.o)
                0x00003764                USBUART_DP_ISR
 .text.USBUART_ReadDieID
                0x0000376c       0x6c .\CortexM3\ARM_GCC_541\Debug\Z80_3Chip.a(USBUART_std.o)
                0x0000376c                USBUART_ReadDieID
 .text.USBUART_ConfigReg
                0x000037d8       0xa4 .\CortexM3\ARM_GCC_541\Debug\Z80_3Chip.a(USBUART_std.o)
                0x000037d8                USBUART_ConfigReg
 .text.USBUART_GetConfigTablePtr
                0x0000387c       0x28 .\CortexM3\ARM_GCC_541\Debug\Z80_3Chip.a(USBUART_std.o)
                0x0000387c                USBUART_GetConfigTablePtr
 .text.USBUART_ConfigAltChanged
                0x000038a4      0x11c .\CortexM3\ARM_GCC_541\Debug\Z80_3Chip.a(USBUART_std.o)
                0x000038a4                USBUART_ConfigAltChanged
 .text.USBUART_GetDeviceTablePtr
                0x000039c0       0x18 .\CortexM3\ARM_GCC_541\Debug\Z80_3Chip.a(USBUART_std.o)
                0x000039c0                USBUART_GetDeviceTablePtr
 .text.USBUART_GetInterfaceClassTablePtr
                0x000039d8       0x28 .\CortexM3\ARM_GCC_541\Debug\Z80_3Chip.a(USBUART_std.o)
                0x000039d8                USBUART_GetInterfaceClassTablePtr
 .text.USBUART_Config
                0x00003a00      0x1ec .\CortexM3\ARM_GCC_541\Debug\Z80_3Chip.a(USBUART_std.o)
                0x00003a00                USBUART_Config
 .text.USBUART_SetEndpointHalt
                0x00003bec       0x64 .\CortexM3\ARM_GCC_541\Debug\Z80_3Chip.a(USBUART_std.o)
                0x00003bec                USBUART_SetEndpointHalt
 .text.USBUART_ClearEndpointHalt
                0x00003c50       0xac .\CortexM3\ARM_GCC_541\Debug\Z80_3Chip.a(USBUART_std.o)
                0x00003c50                USBUART_ClearEndpointHalt
 .text.USBUART_ValidateAlternateSetting
                0x00003cfc       0x4c .\CortexM3\ARM_GCC_541\Debug\Z80_3Chip.a(USBUART_std.o)
                0x00003cfc                USBUART_ValidateAlternateSetting
 .text.USBUART_HandleStandardRqst
                0x00003d48      0x354 .\CortexM3\ARM_GCC_541\Debug\Z80_3Chip.a(USBUART_std.o)
                0x00003d48                USBUART_HandleStandardRqst
 .text.USBUART_HandleVendorRqst
                0x0000409c       0x18 .\CortexM3\ARM_GCC_541\Debug\Z80_3Chip.a(USBUART_vnd.o)
                0x0000409c                USBUART_HandleVendorRqst
 .text.USBUART_Dp_ClearInterrupt
                0x000040b4       0x10 .\CortexM3\ARM_GCC_541\Debug\Z80_3Chip.a(USBUART_Dp.o)
                0x000040b4                USBUART_Dp_ClearInterrupt
 .text.BUSACK_n_Read
                0x000040c4       0x10 .\CortexM3\ARM_GCC_541\Debug\Z80_3Chip.a(BUSACK_n.o)
                0x000040c4                BUSACK_n_Read
 .text.I2CINT_n_SetDriveMode
                0x000040d4       0x18 .\CortexM3\ARM_GCC_541\Debug\Z80_3Chip.a(I2CINT_n.o)
                0x000040d4                I2CINT_n_SetDriveMode
 .text.SPI_Master_Enable
                0x000040ec       0x34 .\CortexM3\ARM_GCC_541\Debug\Z80_3Chip.a(SPI_Master.o)
                0x000040ec                SPI_Master_Enable
 .text.SPI_Master_ReadTxStatus
                0x00004120        0xc .\CortexM3\ARM_GCC_541\Debug\Z80_3Chip.a(SPI_Master.o)
                0x00004120                SPI_Master_ReadTxStatus
 .text.SPI_Master_ReadRxStatus
                0x0000412c        0xc .\CortexM3\ARM_GCC_541\Debug\Z80_3Chip.a(SPI_Master.o)
                0x0000412c                SPI_Master_ReadRxStatus
 .text.SPI_Master_WriteTxData
                0x00004138       0x18 .\CortexM3\ARM_GCC_541\Debug\Z80_3Chip.a(SPI_Master.o)
                0x00004138                SPI_Master_WriteTxData
 .text.SPI_Master_ReadRxData
                0x00004150        0xc .\CortexM3\ARM_GCC_541\Debug\Z80_3Chip.a(SPI_Master.o)
                0x00004150                SPI_Master_ReadRxData
 .text.SPI_Master_ClearRxBuffer
                0x0000415c       0x1c .\CortexM3\ARM_GCC_541\Debug\Z80_3Chip.a(SPI_Master.o)
                0x0000415c                SPI_Master_ClearRxBuffer
 .text.SPI_Master_ClearFIFO
                0x00004178       0x3c .\CortexM3\ARM_GCC_541\Debug\Z80_3Chip.a(SPI_Master.o)
                0x00004178                SPI_Master_ClearFIFO
 .text.SPI_Master_Init
                0x000041b4       0x2c .\CortexM3\ARM_GCC_541\Debug\Z80_3Chip.a(SPI_Master.o)
                0x000041b4                SPI_Master_Init
 .text.SPI_Master_Start
                0x000041e0       0x1c .\CortexM3\ARM_GCC_541\Debug\Z80_3Chip.a(SPI_Master.o)
                0x000041e0                SPI_Master_Start
 .text.SPI_Master_IntClock_Start
                0x000041fc       0x1c .\CortexM3\ARM_GCC_541\Debug\Z80_3Chip.a(SPI_Master_IntClock.o)
                0x000041fc                SPI_Master_IntClock_Start
 .text.RTC_DayOfWeek
                0x00004218       0x50 .\CortexM3\ARM_GCC_541\Debug\Z80_3Chip.a(RTC.o)
 .text.RTC_DSTDateConversion
                0x00004268       0xa0 .\CortexM3\ARM_GCC_541\Debug\Z80_3Chip.a(RTC.o)
 .text.RTC_SetInitValues
                0x00004308      0x728 .\CortexM3\ARM_GCC_541\Debug\Z80_3Chip.a(RTC.o)
 .text.RTC_Init
                0x00004a30       0x28 .\CortexM3\ARM_GCC_541\Debug\Z80_3Chip.a(RTC.o)
                0x00004a30                RTC_Init
 .text.RTC_Enable
                0x00004a58       0x24 .\CortexM3\ARM_GCC_541\Debug\Z80_3Chip.a(RTC.o)
                0x00004a58                RTC_Enable
 .text.RTC_Start
                0x00004a7c       0x1c .\CortexM3\ARM_GCC_541\Debug\Z80_3Chip.a(RTC.o)
                0x00004a7c                RTC_Start
 .text.RTC_WriteSecond
                0x00004a98        0xc .\CortexM3\ARM_GCC_541\Debug\Z80_3Chip.a(RTC.o)
                0x00004a98                RTC_WriteSecond
 .text.RTC_WriteMinute
                0x00004aa4        0xc .\CortexM3\ARM_GCC_541\Debug\Z80_3Chip.a(RTC.o)
                0x00004aa4                RTC_WriteMinute
 .text.RTC_WriteHour
                0x00004ab0        0xc .\CortexM3\ARM_GCC_541\Debug\Z80_3Chip.a(RTC.o)
                0x00004ab0                RTC_WriteHour
 .text.RTC_WriteDayOfMonth
                0x00004abc        0xc .\CortexM3\ARM_GCC_541\Debug\Z80_3Chip.a(RTC.o)
                0x00004abc                RTC_WriteDayOfMonth
 .text.RTC_WriteMonth
                0x00004ac8        0xc .\CortexM3\ARM_GCC_541\Debug\Z80_3Chip.a(RTC.o)
                0x00004ac8                RTC_WriteMonth
 .text.RTC_WriteYear
                0x00004ad4        0xc .\CortexM3\ARM_GCC_541\Debug\Z80_3Chip.a(RTC.o)
                0x00004ad4                RTC_WriteYear
 .text.RTC_ReadSecond
                0x00004ae0        0xc .\CortexM3\ARM_GCC_541\Debug\Z80_3Chip.a(RTC.o)
                0x00004ae0                RTC_ReadSecond
 .text.RTC_ReadMinute
                0x00004aec        0xc .\CortexM3\ARM_GCC_541\Debug\Z80_3Chip.a(RTC.o)
                0x00004aec                RTC_ReadMinute
 .text.RTC_ReadHour
                0x00004af8        0xc .\CortexM3\ARM_GCC_541\Debug\Z80_3Chip.a(RTC.o)
                0x00004af8                RTC_ReadHour
 .text.RTC_ReadDayOfMonth
                0x00004b04        0xc .\CortexM3\ARM_GCC_541\Debug\Z80_3Chip.a(RTC.o)
                0x00004b04                RTC_ReadDayOfMonth
 .text.RTC_ReadMonth
                0x00004b10        0xc .\CortexM3\ARM_GCC_541\Debug\Z80_3Chip.a(RTC.o)
                0x00004b10                RTC_ReadMonth
 .text.RTC_ReadYear
                0x00004b1c        0xc .\CortexM3\ARM_GCC_541\Debug\Z80_3Chip.a(RTC.o)
                0x00004b1c                RTC_ReadYear
 .text.RTC_ISR  0x00004b28      0xa58 .\CortexM3\ARM_GCC_541\Debug\Z80_3Chip.a(RTC_INT.o)
                0x00004b28                RTC_ISR
 .text.SPI_SS_Out_Write
                0x00005580        0xc .\CortexM3\ARM_GCC_541\Debug\Z80_3Chip.a(SPI_SS_Out.o)
                0x00005580                SPI_SS_Out_Write
 .text.WaveDAC8_Enable
                0x0000558c       0x24 .\CortexM3\ARM_GCC_541\Debug\Z80_3Chip.a(WaveDAC8.o)
                0x0000558c                WaveDAC8_Enable
 .text.WaveDAC8_Stop
                0x000055b0       0x1c .\CortexM3\ARM_GCC_541\Debug\Z80_3Chip.a(WaveDAC8.o)
                0x000055b0                WaveDAC8_Stop
 .text.WaveDAC8_Wave1Setup
                0x000055cc       0x40 .\CortexM3\ARM_GCC_541\Debug\Z80_3Chip.a(WaveDAC8.o)
                0x000055cc                WaveDAC8_Wave1Setup
 .text.WaveDAC8_Wave2Setup
                0x0000560c       0x40 .\CortexM3\ARM_GCC_541\Debug\Z80_3Chip.a(WaveDAC8.o)
                0x0000560c                WaveDAC8_Wave2Setup
 .text.WaveDAC8_Init
                0x0000564c       0x3c .\CortexM3\ARM_GCC_541\Debug\Z80_3Chip.a(WaveDAC8.o)
                0x0000564c                WaveDAC8_Init
 .text.WaveDAC8_Start
                0x00005688       0x1c .\CortexM3\ARM_GCC_541\Debug\Z80_3Chip.a(WaveDAC8.o)
                0x00005688                WaveDAC8_Start
 .text.WaveDAC8_Wave1_DMA_DmaInitialize
                0x000056a4       0x3c .\CortexM3\ARM_GCC_541\Debug\Z80_3Chip.a(WaveDAC8_Wave1_DMA_dma.o)
                0x000056a4                WaveDAC8_Wave1_DMA_DmaInitialize
 .text.WaveDAC8_Wave2_DMA_DmaInitialize
                0x000056e0       0x3c .\CortexM3\ARM_GCC_541\Debug\Z80_3Chip.a(WaveDAC8_Wave2_DMA_dma.o)
                0x000056e0                WaveDAC8_Wave2_DMA_DmaInitialize
 .text.WaveDAC8_VDAC8_Enable
                0x0000571c       0x1c .\CortexM3\ARM_GCC_541\Debug\Z80_3Chip.a(WaveDAC8_VDAC8.o)
                0x0000571c                WaveDAC8_VDAC8_Enable
 .text.WaveDAC8_VDAC8_Stop
                0x00005738       0x1c .\CortexM3\ARM_GCC_541\Debug\Z80_3Chip.a(WaveDAC8_VDAC8.o)
                0x00005738                WaveDAC8_VDAC8_Stop
 .text.WaveDAC8_VDAC8_SetSpeed
                0x00005754       0x1c .\CortexM3\ARM_GCC_541\Debug\Z80_3Chip.a(WaveDAC8_VDAC8.o)
                0x00005754                WaveDAC8_VDAC8_SetSpeed
 .text.WaveDAC8_VDAC8_SetValue
                0x00005770        0xc .\CortexM3\ARM_GCC_541\Debug\Z80_3Chip.a(WaveDAC8_VDAC8.o)
                0x00005770                WaveDAC8_VDAC8_SetValue
 .text.WaveDAC8_VDAC8_DacTrim
                0x0000577c       0x24 .\CortexM3\ARM_GCC_541\Debug\Z80_3Chip.a(WaveDAC8_VDAC8.o)
                0x0000577c                WaveDAC8_VDAC8_DacTrim
 .text.WaveDAC8_VDAC8_SetRange
                0x000057a0       0x20 .\CortexM3\ARM_GCC_541\Debug\Z80_3Chip.a(WaveDAC8_VDAC8.o)
                0x000057a0                WaveDAC8_VDAC8_SetRange
 .text.WaveDAC8_VDAC8_Init
                0x000057c0       0x2c .\CortexM3\ARM_GCC_541\Debug\Z80_3Chip.a(WaveDAC8_VDAC8.o)
                0x000057c0                WaveDAC8_VDAC8_Init
 .text.DAC_Control_Write
                0x000057ec        0xc .\CortexM3\ARM_GCC_541\Debug\Z80_3Chip.a(DAC_Control.o)
                0x000057ec                DAC_Control_Write
 .text.Sound_Counter_Enable
                0x000057f8       0x28 .\CortexM3\ARM_GCC_541\Debug\Z80_3Chip.a(Sound_Counter.o)
                0x000057f8                Sound_Counter_Enable
 .text.Sound_Counter_SetInterruptMode
                0x00005820        0xc .\CortexM3\ARM_GCC_541\Debug\Z80_3Chip.a(Sound_Counter.o)
                0x00005820                Sound_Counter_SetInterruptMode
 .text.Sound_Counter_WriteCounter
                0x0000582c       0x34 .\CortexM3\ARM_GCC_541\Debug\Z80_3Chip.a(Sound_Counter.o)
                0x0000582c                Sound_Counter_WriteCounter
 .text.Sound_Counter_WritePeriod
                0x00005860        0xc .\CortexM3\ARM_GCC_541\Debug\Z80_3Chip.a(Sound_Counter.o)
                0x00005860                Sound_Counter_WritePeriod
 .text.Sound_Counter_Init
                0x0000586c       0x64 .\CortexM3\ARM_GCC_541\Debug\Z80_3Chip.a(Sound_Counter.o)
                0x0000586c                Sound_Counter_Init
 .text.Sound_Counter_Start
                0x000058d0       0x1c .\CortexM3\ARM_GCC_541\Debug\Z80_3Chip.a(Sound_Counter.o)
                0x000058d0                Sound_Counter_Start
 .text.I2CINT_ISR_Interrupt
                0x000058ec        0x8 .\CortexM3\ARM_GCC_541\Debug\Z80_3Chip.a(I2CINT_ISR.o)
                0x000058ec                I2CINT_ISR_Interrupt
 .text.I2CINT_ISR_SetVector
                0x000058f4        0xc .\CortexM3\ARM_GCC_541\Debug\Z80_3Chip.a(I2CINT_ISR.o)
                0x000058f4                I2CINT_ISR_SetVector
 .text.I2CINT_ISR_SetPriority
                0x00005900       0x10 .\CortexM3\ARM_GCC_541\Debug\Z80_3Chip.a(I2CINT_ISR.o)
                0x00005900                I2CINT_ISR_SetPriority
 .text.I2CINT_ISR_Enable
                0x00005910        0xc .\CortexM3\ARM_GCC_541\Debug\Z80_3Chip.a(I2CINT_ISR.o)
                0x00005910                I2CINT_ISR_Enable
 .text.I2CINT_ISR_Disable
                0x0000591c        0xc .\CortexM3\ARM_GCC_541\Debug\Z80_3Chip.a(I2CINT_ISR.o)
                0x0000591c                I2CINT_ISR_Disable
 .text.I2CINT_ISR_Start
                0x00005928       0x1c .\CortexM3\ARM_GCC_541\Debug\Z80_3Chip.a(I2CINT_ISR.o)
                0x00005928                I2CINT_ISR_Start
 .text.MMU_Sel_Write
                0x00005944        0xc .\CortexM3\ARM_GCC_541\Debug\Z80_3Chip.a(MMU_Sel.o)
                0x00005944                MMU_Sel_Write
 .text.MMU4_Addr_0_Write
                0x00005950        0xc .\CortexM3\ARM_GCC_541\Debug\Z80_3Chip.a(MMU4_Addr_0.o)
                0x00005950                MMU4_Addr_0_Write
 .text.MMU4_Addr_1_Write
                0x0000595c        0xc .\CortexM3\ARM_GCC_541\Debug\Z80_3Chip.a(MMU4_Addr_1.o)
                0x0000595c                MMU4_Addr_1_Write
 .text.MMU4_Addr_2_Write
                0x00005968        0xc .\CortexM3\ARM_GCC_541\Debug\Z80_3Chip.a(MMU4_Addr_2.o)
                0x00005968                MMU4_Addr_2_Write
 .text.MMU4_Addr_3_Write
                0x00005974        0xc .\CortexM3\ARM_GCC_541\Debug\Z80_3Chip.a(MMU4_Addr_3.o)
                0x00005974                MMU4_Addr_3_Write
 .text          0x00005980       0x20 .\CortexM3\ARM_GCC_541\Debug\Z80_3Chip.a(CyBootAsmGnu.o)
                0x00005980                CyDelayCycles
                0x00005990                CyEnterCriticalSection
                0x00005998                CyExitCriticalSection
 .text.USBUART_DispatchClassRqst
                0x000059a0       0x60 .\CortexM3\ARM_GCC_541\Debug\Z80_3Chip.a(USBUART_cls.o)
                0x000059a0                USBUART_DispatchClassRqst
 .text.__errno  0x00005a00        0xc c:/program files (x86)/cypress/psoc creator/4.4/psoc creator/import/gnu/arm/5.4.1/bin/../lib/gcc/arm-none-eabi/5.4.1/../../../../arm-none-eabi/lib/armv7-m\libg_nano.a(lib_a-errno.o)
                0x00005a00                __errno
 .text.__libc_init_array
                0x00005a0c       0x4c c:/program files (x86)/cypress/psoc creator/4.4/psoc creator/import/gnu/arm/5.4.1/bin/../lib/gcc/arm-none-eabi/5.4.1/../../../../arm-none-eabi/lib/armv7-m\libg_nano.a(lib_a-init.o)
                0x00005a0c                __libc_init_array
 .text.memcpy   0x00005a58       0x16 c:/program files (x86)/cypress/psoc creator/4.4/psoc creator/import/gnu/arm/5.4.1/bin/../lib/gcc/arm-none-eabi/5.4.1/../../../../arm-none-eabi/lib/armv7-m\libg_nano.a(lib_a-memcpy-stub.o)
                0x00005a58                memcpy
 .text.memset   0x00005a6e       0x10 c:/program files (x86)/cypress/psoc creator/4.4/psoc creator/import/gnu/arm/5.4.1/bin/../lib/gcc/arm-none-eabi/5.4.1/../../../../arm-none-eabi/lib/armv7-m\libg_nano.a(lib_a-memset.o)
                0x00005a6e                memset
 *fill*         0x00005a7e        0x2 
 .text.sprintf  0x00005a80       0x48 c:/program files (x86)/cypress/psoc creator/4.4/psoc creator/import/gnu/arm/5.4.1/bin/../lib/gcc/arm-none-eabi/5.4.1/../../../../arm-none-eabi/lib/armv7-m\libg_nano.a(lib_a-sprintf.o)
                0x00005a80                siprintf
                0x00005a80                sprintf
 .text.strcat   0x00005ac8       0x1e c:/program files (x86)/cypress/psoc creator/4.4/psoc creator/import/gnu/arm/5.4.1/bin/../lib/gcc/arm-none-eabi/5.4.1/../../../../arm-none-eabi/lib/armv7-m\libg_nano.a(lib_a-strcat.o)
                0x00005ac8                strcat
 .text          0x00005ae6       0x10 c:/program files (x86)/cypress/psoc creator/4.4/psoc creator/import/gnu/arm/5.4.1/bin/../lib/gcc/arm-none-eabi/5.4.1/../../../../arm-none-eabi/lib/armv7-m\libg_nano.a(lib_a-strlen.o)
                0x00005ae6                strlen
 .text.__ssputs_r
                0x00005af6       0xb2 c:/program files (x86)/cypress/psoc creator/4.4/psoc creator/import/gnu/arm/5.4.1/bin/../lib/gcc/arm-none-eabi/5.4.1/../../../../arm-none-eabi/lib/armv7-m\libg_nano.a(lib_a-nano-svfprintf.o)
                0x00005af6                __ssputs_r
 .text._svfprintf_r
                0x00005ba8      0x1e8 c:/program files (x86)/cypress/psoc creator/4.4/psoc creator/import/gnu/arm/5.4.1/bin/../lib/gcc/arm-none-eabi/5.4.1/../../../../arm-none-eabi/lib/armv7-m\libg_nano.a(lib_a-nano-svfprintf.o)
                0x00005ba8                _svfiprintf_r
                0x00005ba8                _svfprintf_r
 .text._printf_common
                0x00005d90       0xec c:/program files (x86)/cypress/psoc creator/4.4/psoc creator/import/gnu/arm/5.4.1/bin/../lib/gcc/arm-none-eabi/5.4.1/../../../../arm-none-eabi/lib/armv7-m\libg_nano.a(lib_a-nano-vfprintf_i.o)
                0x00005d90                _printf_common
 .text._printf_i
                0x00005e7c      0x24c c:/program files (x86)/cypress/psoc creator/4.4/psoc creator/import/gnu/arm/5.4.1/bin/../lib/gcc/arm-none-eabi/5.4.1/../../../../arm-none-eabi/lib/armv7-m\libg_nano.a(lib_a-nano-vfprintf_i.o)
                0x00005e7c                _printf_i
 .text.memchr   0x000060c8       0x1c c:/program files (x86)/cypress/psoc creator/4.4/psoc creator/import/gnu/arm/5.4.1/bin/../lib/gcc/arm-none-eabi/5.4.1/../../../../arm-none-eabi/lib/armv7-m\libg_nano.a(lib_a-memchr-stub.o)
                0x000060c8                memchr
 .text.memmove  0x000060e4       0x36 c:/program files (x86)/cypress/psoc creator/4.4/psoc creator/import/gnu/arm/5.4.1/bin/../lib/gcc/arm-none-eabi/5.4.1/../../../../arm-none-eabi/lib/armv7-m\libg_nano.a(lib_a-memmove.o)
                0x000060e4                memmove
 *fill*         0x0000611a        0x2 
 .text._free_r  0x0000611c       0x98 c:/program files (x86)/cypress/psoc creator/4.4/psoc creator/import/gnu/arm/5.4.1/bin/../lib/gcc/arm-none-eabi/5.4.1/../../../../arm-none-eabi/lib/armv7-m\libg_nano.a(lib_a-nano-freer.o)
                0x0000611c                _free_r
 .text._malloc_r
                0x000061b4       0xbc c:/program files (x86)/cypress/psoc creator/4.4/psoc creator/import/gnu/arm/5.4.1/bin/../lib/gcc/arm-none-eabi/5.4.1/../../../../arm-none-eabi/lib/armv7-m\libg_nano.a(lib_a-nano-mallocr.o)
                0x000061b4                _malloc_r
 .text._realloc_r
                0x00006270       0x4c c:/program files (x86)/cypress/psoc creator/4.4/psoc creator/import/gnu/arm/5.4.1/bin/../lib/gcc/arm-none-eabi/5.4.1/../../../../arm-none-eabi/lib/armv7-m\libg_nano.a(lib_a-nano-reallocr.o)
                0x00006270                _realloc_r
 .text._sbrk_r  0x000062bc       0x20 c:/program files (x86)/cypress/psoc creator/4.4/psoc creator/import/gnu/arm/5.4.1/bin/../lib/gcc/arm-none-eabi/5.4.1/../../../../arm-none-eabi/lib/armv7-m\libg_nano.a(lib_a-sbrkr.o)
                0x000062bc                _sbrk_r
 .text.__malloc_lock
                0x000062dc        0x2 c:/program files (x86)/cypress/psoc creator/4.4/psoc creator/import/gnu/arm/5.4.1/bin/../lib/gcc/arm-none-eabi/5.4.1/../../../../arm-none-eabi/lib/armv7-m\libg_nano.a(lib_a-mlock.o)
                0x000062dc                __malloc_lock
 .text.__malloc_unlock
                0x000062de        0x2 c:/program files (x86)/cypress/psoc creator/4.4/psoc creator/import/gnu/arm/5.4.1/bin/../lib/gcc/arm-none-eabi/5.4.1/../../../../arm-none-eabi/lib/armv7-m\libg_nano.a(lib_a-mlock.o)
                0x000062de                __malloc_unlock
 .text._malloc_usable_size_r
                0x000062e0       0x14 c:/program files (x86)/cypress/psoc creator/4.4/psoc creator/import/gnu/arm/5.4.1/bin/../lib/gcc/arm-none-eabi/5.4.1/../../../../arm-none-eabi/lib/armv7-m\libg_nano.a(lib_a-nano-msizer.o)
                0x000062e0                _malloc_usable_size_r
 *(.plt)
 *(.gnu.warning)
 *(.glue_7t)
 .glue_7t       0x000062f4        0x0 linker stubs
 *(.glue_7)
 .glue_7        0x000062f4        0x0 linker stubs
 *(.vfp11_veneer)
 .vfp11_veneer  0x000062f4        0x0 linker stubs
 *(.bootloader)
 *(.ARM.extab* .gnu.linkonce.armextab.*)
 *(.gcc_except_table)

.v4_bx          0x000062f4        0x0
 .v4_bx         0x000062f4        0x0 linker stubs

.iplt           0x000062f4        0x0
 .iplt          0x000062f4        0x0 c:/program files (x86)/cypress/psoc creator/4.4/psoc creator/import/gnu/arm/5.4.1/bin/../lib/gcc/arm-none-eabi/5.4.1/armv7-m/crtbegin.o

.eh_frame_hdr
 *(.eh_frame_hdr)

.eh_frame       0x000062f4        0x4
 *(.eh_frame)
 .eh_frame      0x000062f4        0x0 c:/program files (x86)/cypress/psoc creator/4.4/psoc creator/import/gnu/arm/5.4.1/bin/../lib/gcc/arm-none-eabi/5.4.1/armv7-m/crtbegin.o
 .eh_frame      0x000062f4        0x4 c:/program files (x86)/cypress/psoc creator/4.4/psoc creator/import/gnu/arm/5.4.1/bin/../lib/gcc/arm-none-eabi/5.4.1/armv7-m/crtend.o
                [!provide]                PROVIDE (__exidx_start, .)

.ARM.exidx
 *(.ARM.exidx* .gnu.linkonce.armexidx.*)
                0x000062f8                __exidx_end = .

.rodata         0x000062f8      0xfc0
 *(.rodata .rodata.* .gnu.linkonce.r.*)
 .rodata.str1.4
                0x000062f8      0x1ee .\CortexM3\ARM_GCC_541\Debug\main.o
                                0x1f2 (size before relaxing)
 *fill*         0x000064e6        0x2 
 .rodata.str1.4
                0x000064e8       0x57 .\CortexM3\ARM_GCC_541\Debug\SDCard.o
                                 0x5b (size before relaxing)
 *fill*         0x0000653f        0x1 
 .rodata.str1.4
                0x00006540      0x18c .\CortexM3\ARM_GCC_541\Debug\Z80_PSoC_3Chips.o
                                0x1ec (size before relaxing)
 .rodata        0x000066cc       0xc8 .\CortexM3\ARM_GCC_541\Debug\Z80_DAC.o
                0x000066cc                notes
 .rodata        0x00006794      0x810 .\CortexM3\ARM_GCC_541\Debug\MultiBoot_CPM.o
                0x00006794                eprom_length
                0x00006798                eprom_finish
                0x0000679c                eprom_start
                0x000067a0                eprom_termination
                0x000067a4                Z80_eeprom
 .rodata        0x00006fa4       0x56 .\CortexM3\ARM_GCC_541\Debug\cyfitter_cfg.o
 *fill*         0x00006ffa        0x2 
 .rodata.str1.4
                0x00006ffc       0x14 .\CortexM3\ARM_GCC_541\Debug\Z80_3Chip.a(USBUART_std.o)
                                 0x11 (size before relaxing)
 .rodata        0x00007010       0x18 .\CortexM3\ARM_GCC_541\Debug\Z80_3Chip.a(RTC.o)
                0x0000701c                RTC_daysInMonths
 .rodata        0x00007028       0xc8 .\CortexM3\ARM_GCC_541\Debug\Z80_3Chip.a(WaveDAC8.o)
                0x00007028                WaveDAC8_wave1
                0x0000708c                WaveDAC8_wave2
 .rodata        0x000070f0      0x15e .\CortexM3\ARM_GCC_541\Debug\Z80_3Chip.a(USBUART_descr.o)
                0x000070f0                USBUART_TABLE
                0x000070f8                USBUART_DEVICE0_TABLE
                0x00007110                USBUART_DEVICE0_CONFIGURATION0_TABLE
                0x00007138                USBUART_DEVICE0_CONFIGURATION0_INTERFACE_CLASS
                0x0000713c                USBUART_DEVICE0_CONFIGURATION0_EP_SETTINGS_TABLE
                0x00007154                USBUART_SN_STRING_DESCRIPTOR
                0x00007158                USBUART_STRING_DESCRIPTORS
                0x000071f8                USBUART_DEVICE0_CONFIGURATION0_DESCR
                0x0000723c                USBUART_DEVICE0_DESCR
 .rodata.str1.1
                0x0000724e        0x2 c:/program files (x86)/cypress/psoc creator/4.4/psoc creator/import/gnu/arm/5.4.1/bin/../lib/gcc/arm-none-eabi/5.4.1/../../../../arm-none-eabi/lib/armv7-m\libg_nano.a(lib_a-impure.o)
 .rodata.str1.1
                0x00007250       0x11 c:/program files (x86)/cypress/psoc creator/4.4/psoc creator/import/gnu/arm/5.4.1/bin/../lib/gcc/arm-none-eabi/5.4.1/../../../../arm-none-eabi/lib/armv7-m\libg_nano.a(lib_a-nano-svfprintf.o)
 .rodata.str1.1
                0x00007261       0x22 c:/program files (x86)/cypress/psoc creator/4.4/psoc creator/import/gnu/arm/5.4.1/bin/../lib/gcc/arm-none-eabi/5.4.1/../../../../arm-none-eabi/lib/armv7-m\libg_nano.a(lib_a-nano-vfprintf_i.o)
                0x00007284                . = ALIGN (0x4)
 *fill*         0x00007283        0x1 
 *(.init)
 .init          0x00007284        0x4 c:/program files (x86)/cypress/psoc creator/4.4/psoc creator/import/gnu/arm/5.4.1/bin/../lib/gcc/arm-none-eabi/5.4.1/armv7-m/crti.o
                0x00007284                _init
 .init          0x00007288        0x8 c:/program files (x86)/cypress/psoc creator/4.4/psoc creator/import/gnu/arm/5.4.1/bin/../lib/gcc/arm-none-eabi/5.4.1/armv7-m/crtn.o
                0x00007290                . = ALIGN (0x4)
                0x00007290                __preinit_array_start = .
 *(.preinit_array)
                0x00007290                __preinit_array_end = .
                0x00007290                . = ALIGN (0x4)
                0x00007290                __init_array_start = .
 *(SORT(.init_array.*))
 *(.init_array)
 .init_array    0x00007290        0x4 c:/program files (x86)/cypress/psoc creator/4.4/psoc creator/import/gnu/arm/5.4.1/bin/../lib/gcc/arm-none-eabi/5.4.1/armv7-m/crtbegin.o
 .init_array    0x00007294        0x4 .\CortexM3\ARM_GCC_541\Debug\Cm3Start.o
                0x00007298                __init_array_end = .
                0x00007298                . = ALIGN (0x4)
 *(.fini)
 .fini          0x00007298        0x4 c:/program files (x86)/cypress/psoc creator/4.4/psoc creator/import/gnu/arm/5.4.1/bin/../lib/gcc/arm-none-eabi/5.4.1/armv7-m/crti.o
                0x00007298                _fini
 .fini          0x0000729c        0x8 c:/program files (x86)/cypress/psoc creator/4.4/psoc creator/import/gnu/arm/5.4.1/bin/../lib/gcc/arm-none-eabi/5.4.1/armv7-m/crtn.o
                0x000072a4                . = ALIGN (0x4)
                0x000072a4                __fini_array_start = .
 *(.fini_array)
 .fini_array    0x000072a4        0x4 c:/program files (x86)/cypress/psoc creator/4.4/psoc creator/import/gnu/arm/5.4.1/bin/../lib/gcc/arm-none-eabi/5.4.1/armv7-m/crtbegin.o
 *(SORT(.fini_array.*))
                0x000072a8                __fini_array_end = .
                0x000072a8                . = ALIGN (0x4)
 *crtbegin.o(.ctors)
 *(EXCLUDE_FILE(*crtend.o) .ctors)
 *(SORT(.ctors.*))
 *crtend.o(.ctors)
                0x000072a8                . = ALIGN (0x4)
 *crtbegin.o(.dtors)
 *(EXCLUDE_FILE(*crtend.o) .dtors)
 *(SORT(.dtors.*))
 *crtend.o(.dtors)
                0x000072a8                . = ALIGN (0x4)
                0x000072a8                __cy_regions = .
                0x000072a8        0x4 LONG 0x72b8 __cy_region_init_ram
                0x000072ac        0x4 LONG 0x1fffc0c8 __cy_region_start_data
                0x000072b0        0x4 LONG 0xd0 __cy_region_init_size_ram
                0x000072b4        0x4 LONG 0x618 __cy_region_zero_size_ram
                0x000072b8                __cy_regions_end = .
                0x000072b8                . = ALIGN (0x8)
                0x000072b8                _etext = .

.cy_checksum_exclude
                0x000072b8        0x0
 *(.cy_checksum_exclude)

.ramvectors     0x1fffc000       0xc0
                0x1fffc000                __cy_region_start_ram = .
 *(.ramvectors)
 .ramvectors    0x1fffc000       0xc0 .\CortexM3\ARM_GCC_541\Debug\Cm3Start.o
                0x1fffc000                CyRamVectors

.noinit         0x1fffc0c0        0x1
 *(.noinit)
 .noinit        0x1fffc0c0        0x1 .\CortexM3\ARM_GCC_541\Debug\Z80_3Chip.a(CyLib.o)
                0x1fffc0c0                CyResetStatus

.data           0x1fffc0c8       0xd0 load address 0x000072b8
                0x1fffc0c8                __cy_region_start_data = .
 *(.jcr)
 .jcr           0x1fffc0c8        0x0 c:/program files (x86)/cypress/psoc creator/4.4/psoc creator/import/gnu/arm/5.4.1/bin/../lib/gcc/arm-none-eabi/5.4.1/armv7-m/crtbegin.o
 .jcr           0x1fffc0c8        0x4 c:/program files (x86)/cypress/psoc creator/4.4/psoc creator/import/gnu/arm/5.4.1/bin/../lib/gcc/arm-none-eabi/5.4.1/armv7-m/crtend.o
 *(.got.plt)
 *(.got)
 *(.shdata)
 *(.data .data.* .gnu.linkonce.d.*)
 .data          0x1fffc0cc        0x4 .\CortexM3\ARM_GCC_541\Debug\Cm3Start.o
 .data          0x1fffc0d0        0x8 .\CortexM3\ARM_GCC_541\Debug\Z80_3Chip.a(CyDmac.o)
 .data          0x1fffc0d8       0x10 .\CortexM3\ARM_GCC_541\Debug\Z80_3Chip.a(CyLib.o)
                0x1fffc0d8                cydelay_32k_ms
                0x1fffc0dc                cydelay_freq_khz
                0x1fffc0e0                cydelay_freq_mhz
                0x1fffc0e4                cydelay_freq_hz
 .data          0x1fffc0e8       0x1a .\CortexM3\ARM_GCC_541\Debug\Z80_3Chip.a(USBUART_cdc.o)
                0x1fffc0e8                USBUART_linesCoding
 *fill*         0x1fffc102        0x2 
 .data          0x1fffc104       0x28 .\CortexM3\ARM_GCC_541\Debug\Z80_3Chip.a(RTC.o)
                0x1fffc104                RTC_dstTimeDateStart
                0x1fffc10c                RTC_currentTimeDate
                0x1fffc118                RTC_dstTimeDateStop
                0x1fffc120                RTC_alarmCfgTimeDate
 .data          0x1fffc12c        0x1 .\CortexM3\ARM_GCC_541\Debug\Z80_3Chip.a(WaveDAC8_Wave1_DMA_dma.o)
                0x1fffc12c                WaveDAC8_Wave1_DMA_DmaHandle
 .data          0x1fffc12d        0x1 .\CortexM3\ARM_GCC_541\Debug\Z80_3Chip.a(WaveDAC8_Wave2_DMA_dma.o)
                0x1fffc12d                WaveDAC8_Wave2_DMA_DmaHandle
 *fill*         0x1fffc12e        0x2 
 .data.impure_data
                0x1fffc130       0x60 c:/program files (x86)/cypress/psoc creator/4.4/psoc creator/import/gnu/arm/5.4.1/bin/../lib/gcc/arm-none-eabi/5.4.1/../../../../arm-none-eabi/lib/armv7-m\libg_nano.a(lib_a-impure.o)
 .data._impure_ptr
                0x1fffc190        0x4 c:/program files (x86)/cypress/psoc creator/4.4/psoc creator/import/gnu/arm/5.4.1/bin/../lib/gcc/arm-none-eabi/5.4.1/../../../../arm-none-eabi/lib/armv7-m\libg_nano.a(lib_a-impure.o)
                0x1fffc190                _impure_ptr
                0x1fffc198                . = ALIGN (0x8)
 *fill*         0x1fffc194        0x4 
 *(.ram)
                0x1fffc198                _edata = .

.igot.plt       0x1fffc198        0x0 load address 0x00007388
 .igot.plt      0x1fffc198        0x0 c:/program files (x86)/cypress/psoc creator/4.4/psoc creator/import/gnu/arm/5.4.1/bin/../lib/gcc/arm-none-eabi/5.4.1/armv7-m/crtbegin.o

.bss            0x1fffc198      0x618 load address 0x00007388
                0x1fffc198                PROVIDE (__bss_start__, .)
 *(.shbss)
 *(.bss .bss.* .gnu.linkonce.b.*)
 .bss           0x1fffc198       0x1c c:/program files (x86)/cypress/psoc creator/4.4/psoc creator/import/gnu/arm/5.4.1/bin/../lib/gcc/arm-none-eabi/5.4.1/armv7-m/crtbegin.o
 .bss           0x1fffc1b4       0x43 .\CortexM3\ARM_GCC_541\Debug\Z80_3Chip.a(cyPm.o)
 .bss           0x1fffc1f7        0x1 .\CortexM3\ARM_GCC_541\Debug\Z80_3Chip.a(I2C.o)
                0x1fffc1f7                I2C_initVar
 .bss           0x1fffc1f8        0x1 .\CortexM3\ARM_GCC_541\Debug\Z80_3Chip.a(USBUART.o)
                0x1fffc1f8                USBUART_initVar
 .bss           0x1fffc1f9        0x1 .\CortexM3\ARM_GCC_541\Debug\Z80_3Chip.a(USBUART_cdc.o)
 *fill*         0x1fffc1fa        0x2 
 .bss           0x1fffc1fc        0x2 .\CortexM3\ARM_GCC_541\Debug\Z80_3Chip.a(USBUART_std.o)
 .bss           0x1fffc1fe        0x1 .\CortexM3\ARM_GCC_541\Debug\Z80_3Chip.a(SPI_Master.o)
                0x1fffc1fe                SPI_Master_initVar
 .bss           0x1fffc1ff        0x9 .\CortexM3\ARM_GCC_541\Debug\Z80_3Chip.a(RTC.o)
                0x1fffc1ff                RTC_statusDateTime
                0x1fffc200                RTC_dstModeType
                0x1fffc201                RTC_dstStartStatus
                0x1fffc202                RTC_dstStopStatus
                0x1fffc203                RTC_dstOffsetMin
                0x1fffc204                RTC_alarmCfgMask
                0x1fffc205                RTC_alarmCurStatus
                0x1fffc206                RTC_initVar
                0x1fffc207                RTC_intervalCfgMask
 .bss           0x1fffc208        0x5 .\CortexM3\ARM_GCC_541\Debug\Z80_3Chip.a(WaveDAC8.o)
                0x1fffc20c                WaveDAC8_initVar
 .bss           0x1fffc20d        0x1 .\CortexM3\ARM_GCC_541\Debug\Z80_3Chip.a(Sound_Counter.o)
                0x1fffc20d                Sound_Counter_initVar
 *fill*         0x1fffc20e        0x2 
 .bss.__malloc_sbrk_start
                0x1fffc210        0x4 c:/program files (x86)/cypress/psoc creator/4.4/psoc creator/import/gnu/arm/5.4.1/bin/../lib/gcc/arm-none-eabi/5.4.1/../../../../arm-none-eabi/lib/armv7-m\libg_nano.a(lib_a-nano-mallocr.o)
                0x1fffc210                __malloc_sbrk_start
 .bss.__malloc_free_list
                0x1fffc214        0x4 c:/program files (x86)/cypress/psoc creator/4.4/psoc creator/import/gnu/arm/5.4.1/bin/../lib/gcc/arm-none-eabi/5.4.1/../../../../arm-none-eabi/lib/armv7-m\libg_nano.a(lib_a-nano-mallocr.o)
                0x1fffc214                __malloc_free_list
 *(COMMON)
 COMMON         0x1fffc218        0x8 .\CortexM3\ARM_GCC_541\Debug\main.o
                0x1fffc218                pioBIntVals
                0x1fffc219                pioAIntVals
                0x1fffc21c                fpIntVal
 COMMON         0x1fffc220       0x10 .\CortexM3\ARM_GCC_541\Debug\FrontPanel.o
                0x1fffc220                FPAddr
                0x1fffc222                FPCtrl
                0x1fffc224                LEDsVal
                0x1fffc228                FPData
                0x1fffc22c                FPLong
 COMMON         0x1fffc230        0xe .\CortexM3\ARM_GCC_541\Debug\Z80_PIO_emul.o
                0x1fffc230                PIO_Mask_Port_B
                0x1fffc231                PIO_Interrupt_Vector_Port_A
                0x1fffc232                PIO_Interrupt_Vector_Port_B
                0x1fffc233                PIO_Interrupt_Ctrl_Word_B
                0x1fffc234                PIO_Mask_Port_A
                0x1fffc235                PIO_Interrupt_Ctrl_Word_A
                0x1fffc236                PIO_State_A
                0x1fffc237                PIO_Vector_Address_Port_A
                0x1fffc238                PIO_Mode_B
                0x1fffc239                PIO_Vector_Address_Port_B
                0x1fffc23a                PIO_Input_Register_Port_B
                0x1fffc23b                PIO_Mode_A
                0x1fffc23c                PIO_Input_Register_Port_A
                0x1fffc23d                PIO_State_B
 COMMON         0x1fffc23e        0x4 .\CortexM3\ARM_GCC_541\Debug\Z80_6850_Emul.o
                0x1fffc23e                M6850_DataOut
                0x1fffc23f                M6850_Status
                0x1fffc240                M6850_Ctrl
                0x1fffc241                M6850_DataIn
 *fill*         0x1fffc242        0x2 
 COMMON         0x1fffc244        0xc .\CortexM3\ARM_GCC_541\Debug\Z80_SDCard_Emul.o
                0x1fffc244                writeSectorNumber
                0x1fffc248                SD_LBA1_Val
                0x1fffc249                SD_DataOut
                0x1fffc24a                SD_Status
                0x1fffc24b                SD_DataIn
                0x1fffc24c                SD_LBA0_Val
                0x1fffc24d                SD_LBA3_Val
                0x1fffc24e                SD_LBA2_Val
                0x1fffc24f                SD_Command
 COMMON         0x1fffc250        0x4 .\CortexM3\ARM_GCC_541\Debug\Z80_6850_2_Emul.o
                0x1fffc250                M6850_2_Ctrl
                0x1fffc251                M6850_2_Status
                0x1fffc252                M6850_2_DataIn
                0x1fffc253                M6850_2_DataOut
 COMMON         0x1fffc254        0x1 .\CortexM3\ARM_GCC_541\Debug\Z80_Mem_Mappers.o
                0x1fffc254                mmu4select
 *fill*         0x1fffc255        0x3 
 COMMON         0x1fffc258      0x404 .\CortexM3\ARM_GCC_541\Debug\SDCard.o
                0x1fffc258                readPointer
                0x1fffc25a                writePointer
                0x1fffc25c                readSDBuffer
                0x1fffc45c                writeSDBuffer
 COMMON         0x1fffc65c       0x5c .\CortexM3\ARM_GCC_541\Debug\Z80_PSoC_3Chips.o
                0x1fffc65c                receiveBufferPtr
                0x1fffc660                sectorNumber
                0x1fffc664                gotCRorLF
                0x1fffc668                receiveBuffer
 COMMON         0x1fffc6b8        0x1 .\CortexM3\ARM_GCC_541\Debug\Z80_RTC.o
                0x1fffc6b8                rtcState
 COMMON         0x1fffc6b9        0x3 .\CortexM3\ARM_GCC_541\Debug\Z80_DAC.o
                0x1fffc6b9                dacState
                0x1fffc6ba                inDataDAC
                0x1fffc6bb                outDataDAC
 COMMON         0x1fffc6bc        0x1 .\CortexM3\ARM_GCC_541\Debug\Z80_3Chip.a(I2C.o)
                0x1fffc6bc                I2C_state
 *fill*         0x1fffc6bd        0x3 
 COMMON         0x1fffc6c0       0x10 .\CortexM3\ARM_GCC_541\Debug\Z80_3Chip.a(I2C_MASTER.o)
                0x1fffc6c0                I2C_mstrWrBufIndex
                0x1fffc6c1                I2C_mstrWrBufSize
                0x1fffc6c2                I2C_mstrStatus
                0x1fffc6c4                I2C_mstrRdBufPtr
                0x1fffc6c8                I2C_mstrControl
                0x1fffc6c9                I2C_mstrRdBufSize
                0x1fffc6ca                I2C_mstrRdBufIndex
                0x1fffc6cc                I2C_mstrWrBufPtr
 COMMON         0x1fffc6d0       0x18 .\CortexM3\ARM_GCC_541\Debug\Z80_3Chip.a(USBUART_cdc.o)
                0x1fffc6d0                USBUART_linesChanged
                0x1fffc6d4                USBUART_cdcDataInEp
                0x1fffc6d8                USBUART_cdcCommInInterruptEp
                0x1fffc6dc                USBUART_cdcDataOutEp
                0x1fffc6e0                USBUART_serialStateBitmap
                0x1fffc6e4                USBUART_linesControlBitmap
 COMMON         0x1fffc6e8       0x9a .\CortexM3\ARM_GCC_541\Debug\Z80_3Chip.a(USBUART_drv.o)
                0x1fffc6e8                USBUART_lastPacketSize
                0x1fffc6e9                USBUART_device
                0x1fffc6ea                USBUART_transferByteCount
                0x1fffc6ec                USBUART_transferState
                0x1fffc6f0                USBUART_interfaceSettingLast
                0x1fffc6f4                USBUART_currentTD
                0x1fffc700                USBUART_interfaceNumber
                0x1fffc704                USBUART_interfaceClass
                0x1fffc708                USBUART_configurationChanged
                0x1fffc709                USBUART_ep0Mode
                0x1fffc70a                USBUART_deviceAddress
                0x1fffc70b                USBUART_configuration
                0x1fffc70c                USBUART_ep0Count
                0x1fffc70d                USBUART_deviceStatus
                0x1fffc710                USBUART_EP
                0x1fffc77c                USBUART_interfaceSetting
                0x1fffc77e                USBUART_ep0Toggle
                0x1fffc780                USBUART_interfaceStatus
 *fill*         0x1fffc782        0x2 
 COMMON         0x1fffc784       0x22 .\CortexM3\ARM_GCC_541\Debug\Z80_3Chip.a(USBUART_descr.o)
                0x1fffc784                USBUART_idSerialNumberStringDescriptor
 *fill*         0x1fffc7a6        0x2 
 COMMON         0x1fffc7a8        0x4 c:/program files (x86)/cypress/psoc creator/4.4/psoc creator/import/gnu/arm/5.4.1/bin/../lib/gcc/arm-none-eabi/5.4.1/../../../../arm-none-eabi/lib/armv7-m\libg_nano.a(lib_a-reent.o)
                0x1fffc7a8                errno
                0x1fffc7b0                . = ALIGN (0x8)
 *fill*         0x1fffc7ac        0x4 
 *(.ram.b)
                0x1fffc7b0                _end = .
                0x1fffc7b0                __end = .
                0x1fffc7b0                PROVIDE (end, .)
                0x1fffc7b0                PROVIDE (__bss_end__, .)
                0x000072b8                __cy_region_init_ram = LOADADDR (.data)
                0x000000d0                __cy_region_init_size_ram = (_edata - ADDR (.data))
                0x00000618                __cy_region_zero_size_ram = (_end - _edata)

.heap           0x1fffc7b0      0x200 load address 0x00007388
                0x1fffc7b0                . = _end
                0x1fffc9b0                . = (. + 0x200)
 *fill*         0x1fffc7b0      0x200 
                0x1fffc9b0                __cy_heap_limit = .

.stack          0x20003800      0x800
                0x20003800                __cy_stack_limit = .
                0x20004000                . = (. + 0x800)
 *fill*         0x20003800      0x800 
                0x00000001                ASSERT ((__cy_stack_limit >= __cy_heap_limit), region RAM overflowed with stack)
                0x00000000                cy_checksum_exclude_size = (CY_APPL_LOADABLE == 0x1)?SIZEOF (.cy_checksum_exclude):0x0
                0x00000001                ASSERT ((cy_checksum_exclude_size <= CY_CHECKSUM_EXCLUDE_SIZE), CY_BOOT: Section .cy_checksum_exclude size exceedes specified limit.)

.cyloadermeta
 *(.cyloadermeta)

.cyloadablemeta
 *(.cyloadablemeta)

.cyconfigecc    0x80000000      0xdf4
 *(.cyconfigecc)
 .cyconfigecc   0x80000000      0xdf4 .\CortexM3\ARM_GCC_541\Debug\cymetadata.o
                0x80000000                cy_meta_configecc

.cycustnvl      0x90000000        0x4
 *(.cycustnvl)
 .cycustnvl     0x90000000        0x4 .\CortexM3\ARM_GCC_541\Debug\cymetadata.o
                0x90000000                cy_meta_custnvl

.cywolatch      0x90100000        0x4
 *(.cywolatch)
 .cywolatch     0x90100000        0x4 .\CortexM3\ARM_GCC_541\Debug\cymetadata.o
                0x90100000                cy_meta_wonvl

.cyeeprom       0x90200000        0x0
 *(.cyeeprom)
                0x00000001                ASSERT ((. <= ((0x90200000 + ee_offset) + ee_size)), .cyeeprom data will not fit in EEPROM)

.cyflashprotect
                0x90400000       0x80
 *(.cyflashprotect)
 .cyflashprotect
                0x90400000       0x80 .\CortexM3\ARM_GCC_541\Debug\cymetadata.o
                0x90400000                cy_meta_flashprotect

.cymeta         0x90500000        0xc
 *(.cymeta)
 .cymeta        0x90500000        0xc .\CortexM3\ARM_GCC_541\Debug\cymetadata.o
                0x90500000                cy_metadata

.rel.dyn        0x00007388        0x0 load address 0x9050000c
 .rel.iplt      0x00007388        0x0 c:/program files (x86)/cypress/psoc creator/4.4/psoc creator/import/gnu/arm/5.4.1/bin/../lib/gcc/arm-none-eabi/5.4.1/armv7-m/crtbegin.o

.stab
 *(.stab)

.stabstr
 *(.stabstr)

.debug
 *(.debug)

.line
 *(.line)

.debug_srcinfo
 *(.debug_srcinfo)

.debug_sfnames
 *(.debug_sfnames)

.debug_aranges  0x00000000     0x1720
 *(.debug_aranges)
 .debug_aranges
                0x00000000       0x28 .\CortexM3\ARM_GCC_541\Debug\main.o
 .debug_aranges
                0x00000028       0x40 .\CortexM3\ARM_GCC_541\Debug\ExtSRAM.o
 .debug_aranges
                0x00000068       0x60 .\CortexM3\ARM_GCC_541\Debug\FrontPanel.o
 .debug_aranges
                0x000000c8       0x18 .\CortexM3\ARM_GCC_541\Debug\GS_9_MON_BASIC_ROM.o
 .debug_aranges
                0x000000e0       0x18 .\CortexM3\ARM_GCC_541\Debug\Z80_SIO_emul.o
 .debug_aranges
                0x000000f8       0x30 .\CortexM3\ARM_GCC_541\Debug\Z80_IO_Handle.o
 .debug_aranges
                0x00000128       0x50 .\CortexM3\ARM_GCC_541\Debug\Z80_PIO_emul.o
 .debug_aranges
                0x00000178       0x18 .\CortexM3\ARM_GCC_541\Debug\GS_7_BASIC_ROM.o
 .debug_aranges
                0x00000190       0x58 .\CortexM3\ARM_GCC_541\Debug\Z80_6850_Emul.o
 .debug_aranges
                0x000001e8       0x50 .\CortexM3\ARM_GCC_541\Debug\Z80_SDCard_Emul.o
 .debug_aranges
                0x00000238       0x18 .\CortexM3\ARM_GCC_541\Debug\GS_FPGA_CPM_BASIC.o
 .debug_aranges
                0x00000250       0x58 .\CortexM3\ARM_GCC_541\Debug\Z80_6850_2_Emul.o
 .debug_aranges
                0x000002a8       0x30 .\CortexM3\ARM_GCC_541\Debug\Z80_Mem_Mappers.o
 .debug_aranges
                0x000002d8       0x58 .\CortexM3\ARM_GCC_541\Debug\SDCard.o
 .debug_aranges
                0x00000330       0x60 .\CortexM3\ARM_GCC_541\Debug\Z80_PSoC_3Chips.o
 .debug_aranges
                0x00000390       0x40 .\CortexM3\ARM_GCC_541\Debug\Z80_RTC.o
 .debug_aranges
                0x000003d0       0x40 .\CortexM3\ARM_GCC_541\Debug\Z80_DAC.o
 .debug_aranges
                0x00000410       0x18 .\CortexM3\ARM_GCC_541\Debug\MultiBoot_CPM.o
 .debug_aranges
                0x00000428       0x28 .\CortexM3\ARM_GCC_541\Debug\MCP23017.o
 .debug_aranges
                0x00000450       0x58 .\CortexM3\ARM_GCC_541\Debug\cyfitter_cfg.o
 .debug_aranges
                0x000004a8       0x18 .\CortexM3\ARM_GCC_541\Debug\cymetadata.o
 .debug_aranges
                0x000004c0       0x48 .\CortexM3\ARM_GCC_541\Debug\Cm3Start.o
 .debug_aranges
                0x00000508       0xd8 .\CortexM3\ARM_GCC_541\Debug\Z80_3Chip.a(CyDmac.o)
 .debug_aranges
                0x000005e0      0x2a0 .\CortexM3\ARM_GCC_541\Debug\Z80_3Chip.a(CyLib.o)
 .debug_aranges
                0x00000880       0x98 .\CortexM3\ARM_GCC_541\Debug\Z80_3Chip.a(cyPm.o)
 .debug_aranges
                0x00000918       0x38 .\CortexM3\ARM_GCC_541\Debug\Z80_3Chip.a(LED.o)
 .debug_aranges
                0x00000950       0x38 .\CortexM3\ARM_GCC_541\Debug\Z80_3Chip.a(BUSRQ_n.o)
 .debug_aranges
                0x00000988       0x38 .\CortexM3\ARM_GCC_541\Debug\Z80_3Chip.a(INT_n.o)
 .debug_aranges
                0x000009c0       0x28 .\CortexM3\ARM_GCC_541\Debug\Z80_3Chip.a(Z80_Data_In.o)
 .debug_aranges
                0x000009e8       0x40 .\CortexM3\ARM_GCC_541\Debug\Z80_3Chip.a(Z80_Data_Out.o)
 .debug_aranges
                0x00000a28       0x28 .\CortexM3\ARM_GCC_541\Debug\Z80_3Chip.a(ExtSRAMCtl.o)
 .debug_aranges
                0x00000a50       0x38 .\CortexM3\ARM_GCC_541\Debug\Z80_3Chip.a(I2C.o)
 .debug_aranges
                0x00000a88       0x20 .\CortexM3\ARM_GCC_541\Debug\Z80_3Chip.a(I2C_INT.o)
 .debug_aranges
                0x00000aa8       0x38 .\CortexM3\ARM_GCC_541\Debug\Z80_3Chip.a(I2C_PM.o)
 .debug_aranges
                0x00000ae0       0x80 .\CortexM3\ARM_GCC_541\Debug\Z80_3Chip.a(I2C_MASTER.o)
 .debug_aranges
                0x00000b60       0xc8 .\CortexM3\ARM_GCC_541\Debug\Z80_3Chip.a(USBUART.o)
 .debug_aranges
                0x00000c28       0xe8 .\CortexM3\ARM_GCC_541\Debug\Z80_3Chip.a(USBUART_cdc.o)
 .debug_aranges
                0x00000d10       0x98 .\CortexM3\ARM_GCC_541\Debug\Z80_3Chip.a(USBUART_drv.o)
 .debug_aranges
                0x00000da8       0x40 .\CortexM3\ARM_GCC_541\Debug\Z80_3Chip.a(USBUART_episr.o)
 .debug_aranges
                0x00000de8       0x40 .\CortexM3\ARM_GCC_541\Debug\Z80_3Chip.a(USBUART_pm.o)
 .debug_aranges
                0x00000e28       0x80 .\CortexM3\ARM_GCC_541\Debug\Z80_3Chip.a(USBUART_std.o)
 .debug_aranges
                0x00000ea8       0x20 .\CortexM3\ARM_GCC_541\Debug\Z80_3Chip.a(USBUART_vnd.o)
 .debug_aranges
                0x00000ec8       0x48 .\CortexM3\ARM_GCC_541\Debug\Z80_3Chip.a(USBUART_Dp.o)
 .debug_aranges
                0x00000f10       0x38 .\CortexM3\ARM_GCC_541\Debug\Z80_3Chip.a(BUSACK_n.o)
 .debug_aranges
                0x00000f48       0x38 .\CortexM3\ARM_GCC_541\Debug\Z80_3Chip.a(I2CINT_n.o)
 .debug_aranges
                0x00000f80       0xd8 .\CortexM3\ARM_GCC_541\Debug\Z80_3Chip.a(SPI_Master.o)
 .debug_aranges
                0x00001058       0x70 .\CortexM3\ARM_GCC_541\Debug\Z80_3Chip.a(SPI_Master_IntClock.o)
 .debug_aranges
                0x000010c8      0x1c8 .\CortexM3\ARM_GCC_541\Debug\Z80_3Chip.a(RTC.o)
 .debug_aranges
                0x00001290       0x20 .\CortexM3\ARM_GCC_541\Debug\Z80_3Chip.a(RTC_INT.o)
 .debug_aranges
                0x000012b0       0x28 .\CortexM3\ARM_GCC_541\Debug\Z80_3Chip.a(SPI_SS_Out.o)
 .debug_aranges
                0x000012d8       0x50 .\CortexM3\ARM_GCC_541\Debug\Z80_3Chip.a(WaveDAC8.o)
 .debug_aranges
                0x00001328       0x28 .\CortexM3\ARM_GCC_541\Debug\Z80_3Chip.a(WaveDAC8_Wave1_DMA_dma.o)
 .debug_aranges
                0x00001350       0x28 .\CortexM3\ARM_GCC_541\Debug\Z80_3Chip.a(WaveDAC8_Wave2_DMA_dma.o)
 .debug_aranges
                0x00001378       0x58 .\CortexM3\ARM_GCC_541\Debug\Z80_3Chip.a(WaveDAC8_VDAC8.o)
 .debug_aranges
                0x000013d0       0x28 .\CortexM3\ARM_GCC_541\Debug\Z80_3Chip.a(DAC_Control.o)
 .debug_aranges
                0x000013f8       0x80 .\CortexM3\ARM_GCC_541\Debug\Z80_3Chip.a(Sound_Counter.o)
 .debug_aranges
                0x00001478       0x80 .\CortexM3\ARM_GCC_541\Debug\Z80_3Chip.a(I2CINT_ISR.o)
 .debug_aranges
                0x000014f8       0x28 .\CortexM3\ARM_GCC_541\Debug\Z80_3Chip.a(MMU_Sel.o)
 .debug_aranges
                0x00001520       0x28 .\CortexM3\ARM_GCC_541\Debug\Z80_3Chip.a(MMU4_Addr_0.o)
 .debug_aranges
                0x00001548       0x28 .\CortexM3\ARM_GCC_541\Debug\Z80_3Chip.a(MMU4_Addr_1.o)
 .debug_aranges
                0x00001570       0x28 .\CortexM3\ARM_GCC_541\Debug\Z80_3Chip.a(MMU4_Addr_2.o)
 .debug_aranges
                0x00001598       0x28 .\CortexM3\ARM_GCC_541\Debug\Z80_3Chip.a(MMU4_Addr_3.o)
 .debug_aranges
                0x000015c0       0x20 .\CortexM3\ARM_GCC_541\Debug\Z80_3Chip.a(CyBootAsmGnu.o)
 .debug_aranges
                0x000015e0       0x88 .\CortexM3\ARM_GCC_541\Debug\Z80_3Chip.a(CyFlash.o)
 .debug_aranges
                0x00001668       0x80 .\CortexM3\ARM_GCC_541\Debug\Z80_3Chip.a(CySpc.o)
 .debug_aranges
                0x000016e8       0x20 .\CortexM3\ARM_GCC_541\Debug\Z80_3Chip.a(USBUART_cls.o)
 .debug_aranges
                0x00001708       0x18 .\CortexM3\ARM_GCC_541\Debug\Z80_3Chip.a(USBUART_descr.o)

.debug_pubnames
 *(.debug_pubnames)

.debug_info     0x00000000     0xf3f3
 *(.debug_info .gnu.linkonce.wi.*)
 .debug_info    0x00000000      0x6a0 .\CortexM3\ARM_GCC_541\Debug\main.o
 .debug_info    0x000006a0      0x2a0 .\CortexM3\ARM_GCC_541\Debug\ExtSRAM.o
 .debug_info    0x00000940      0x784 .\CortexM3\ARM_GCC_541\Debug\FrontPanel.o
 .debug_info    0x000010c4       0xae .\CortexM3\ARM_GCC_541\Debug\GS_9_MON_BASIC_ROM.o
 .debug_info    0x00001172       0xae .\CortexM3\ARM_GCC_541\Debug\Z80_SIO_emul.o
 .debug_info    0x00001220      0x4d4 .\CortexM3\ARM_GCC_541\Debug\Z80_IO_Handle.o
 .debug_info    0x000016f4      0x64c .\CortexM3\ARM_GCC_541\Debug\Z80_PIO_emul.o
 .debug_info    0x00001d40       0xae .\CortexM3\ARM_GCC_541\Debug\GS_7_BASIC_ROM.o
 .debug_info    0x00001dee      0x2a4 .\CortexM3\ARM_GCC_541\Debug\Z80_6850_Emul.o
 .debug_info    0x00002092      0x344 .\CortexM3\ARM_GCC_541\Debug\Z80_SDCard_Emul.o
 .debug_info    0x000023d6       0xae .\CortexM3\ARM_GCC_541\Debug\GS_FPGA_CPM_BASIC.o
 .debug_info    0x00002484      0x222 .\CortexM3\ARM_GCC_541\Debug\Z80_6850_2_Emul.o
 .debug_info    0x000026a6      0x251 .\CortexM3\ARM_GCC_541\Debug\Z80_Mem_Mappers.o
 .debug_info    0x000028f7      0xb7e .\CortexM3\ARM_GCC_541\Debug\SDCard.o
 .debug_info    0x00003475      0x746 .\CortexM3\ARM_GCC_541\Debug\Z80_PSoC_3Chips.o
 .debug_info    0x00003bbb      0x33d .\CortexM3\ARM_GCC_541\Debug\Z80_RTC.o
 .debug_info    0x00003ef8      0x305 .\CortexM3\ARM_GCC_541\Debug\Z80_DAC.o
 .debug_info    0x000041fd      0x123 .\CortexM3\ARM_GCC_541\Debug\MultiBoot_CPM.o
 .debug_info    0x00004320      0x271 .\CortexM3\ARM_GCC_541\Debug\MCP23017.o
 .debug_info    0x00004591      0x6e2 .\CortexM3\ARM_GCC_541\Debug\cyfitter_cfg.o
 .debug_info    0x00004c73      0x139 .\CortexM3\ARM_GCC_541\Debug\cymetadata.o
 .debug_info    0x00004dac      0x3cf .\CortexM3\ARM_GCC_541\Debug\Cm3Start.o
 .debug_info    0x0000517b      0x94e .\CortexM3\ARM_GCC_541\Debug\Z80_3Chip.a(CyDmac.o)
 .debug_info    0x00005ac9     0x1374 .\CortexM3\ARM_GCC_541\Debug\Z80_3Chip.a(CyLib.o)
 .debug_info    0x00006e3d      0xa2a .\CortexM3\ARM_GCC_541\Debug\Z80_3Chip.a(cyPm.o)
 .debug_info    0x00007867      0x11f .\CortexM3\ARM_GCC_541\Debug\Z80_3Chip.a(LED.o)
 .debug_info    0x00007986      0x11f .\CortexM3\ARM_GCC_541\Debug\Z80_3Chip.a(BUSRQ_n.o)
 .debug_info    0x00007aa5      0x11f .\CortexM3\ARM_GCC_541\Debug\Z80_3Chip.a(INT_n.o)
 .debug_info    0x00007bc4       0xd6 .\CortexM3\ARM_GCC_541\Debug\Z80_3Chip.a(Z80_Data_In.o)
 .debug_info    0x00007c9a      0x17d .\CortexM3\ARM_GCC_541\Debug\Z80_3Chip.a(Z80_Data_Out.o)
 .debug_info    0x00007e17       0xd6 .\CortexM3\ARM_GCC_541\Debug\Z80_3Chip.a(ExtSRAMCtl.o)
 .debug_info    0x00007eed      0x2ab .\CortexM3\ARM_GCC_541\Debug\Z80_3Chip.a(I2C.o)
 .debug_info    0x00008198      0x184 .\CortexM3\ARM_GCC_541\Debug\Z80_3Chip.a(I2C_INT.o)
 .debug_info    0x0000831c      0x207 .\CortexM3\ARM_GCC_541\Debug\Z80_3Chip.a(I2C_PM.o)
 .debug_info    0x00008523      0x407 .\CortexM3\ARM_GCC_541\Debug\Z80_3Chip.a(I2C_MASTER.o)
 .debug_info    0x0000892a      0x98f .\CortexM3\ARM_GCC_541\Debug\Z80_3Chip.a(USBUART.o)
 .debug_info    0x000092b9      0xaf7 .\CortexM3\ARM_GCC_541\Debug\Z80_3Chip.a(USBUART_cdc.o)
 .debug_info    0x00009db0      0x655 .\CortexM3\ARM_GCC_541\Debug\Z80_3Chip.a(USBUART_drv.o)
 .debug_info    0x0000a405      0x254 .\CortexM3\ARM_GCC_541\Debug\Z80_3Chip.a(USBUART_episr.o)
 .debug_info    0x0000a659      0x2e4 .\CortexM3\ARM_GCC_541\Debug\Z80_3Chip.a(USBUART_pm.o)
 .debug_info    0x0000a93d      0xb26 .\CortexM3\ARM_GCC_541\Debug\Z80_3Chip.a(USBUART_std.o)
 .debug_info    0x0000b463       0xed .\CortexM3\ARM_GCC_541\Debug\Z80_3Chip.a(USBUART_vnd.o)
 .debug_info    0x0000b550      0x174 .\CortexM3\ARM_GCC_541\Debug\Z80_3Chip.a(USBUART_Dp.o)
 .debug_info    0x0000b6c4      0x11f .\CortexM3\ARM_GCC_541\Debug\Z80_3Chip.a(BUSACK_n.o)
 .debug_info    0x0000b7e3      0x11f .\CortexM3\ARM_GCC_541\Debug\Z80_3Chip.a(I2CINT_n.o)
 .debug_info    0x0000b902      0x4bb .\CortexM3\ARM_GCC_541\Debug\Z80_3Chip.a(SPI_Master.o)
 .debug_info    0x0000bdbd      0x283 .\CortexM3\ARM_GCC_541\Debug\Z80_3Chip.a(SPI_Master_IntClock.o)
 .debug_info    0x0000c040      0xae9 .\CortexM3\ARM_GCC_541\Debug\Z80_3Chip.a(RTC.o)
 .debug_info    0x0000cb29      0x271 .\CortexM3\ARM_GCC_541\Debug\Z80_3Chip.a(RTC_INT.o)
 .debug_info    0x0000cd9a       0xd6 .\CortexM3\ARM_GCC_541\Debug\Z80_3Chip.a(SPI_SS_Out.o)
 .debug_info    0x0000ce70      0x4db .\CortexM3\ARM_GCC_541\Debug\Z80_3Chip.a(WaveDAC8.o)
 .debug_info    0x0000d34b      0x1aa .\CortexM3\ARM_GCC_541\Debug\Z80_3Chip.a(WaveDAC8_Wave1_DMA_dma.o)
 .debug_info    0x0000d4f5      0x1a7 .\CortexM3\ARM_GCC_541\Debug\Z80_3Chip.a(WaveDAC8_Wave2_DMA_dma.o)
 .debug_info    0x0000d69c      0x1de .\CortexM3\ARM_GCC_541\Debug\Z80_3Chip.a(WaveDAC8_VDAC8.o)
 .debug_info    0x0000d87a       0xd6 .\CortexM3\ARM_GCC_541\Debug\Z80_3Chip.a(DAC_Control.o)
 .debug_info    0x0000d950      0x28d .\CortexM3\ARM_GCC_541\Debug\Z80_3Chip.a(Sound_Counter.o)
 .debug_info    0x0000dbdd      0x2fc .\CortexM3\ARM_GCC_541\Debug\Z80_3Chip.a(I2CINT_ISR.o)
 .debug_info    0x0000ded9       0xd6 .\CortexM3\ARM_GCC_541\Debug\Z80_3Chip.a(MMU_Sel.o)
 .debug_info    0x0000dfaf       0xd6 .\CortexM3\ARM_GCC_541\Debug\Z80_3Chip.a(MMU4_Addr_0.o)
 .debug_info    0x0000e085       0xd6 .\CortexM3\ARM_GCC_541\Debug\Z80_3Chip.a(MMU4_Addr_1.o)
 .debug_info    0x0000e15b       0xd6 .\CortexM3\ARM_GCC_541\Debug\Z80_3Chip.a(MMU4_Addr_2.o)
 .debug_info    0x0000e231       0xd6 .\CortexM3\ARM_GCC_541\Debug\Z80_3Chip.a(MMU4_Addr_3.o)
 .debug_info    0x0000e307       0xce .\CortexM3\ARM_GCC_541\Debug\Z80_3Chip.a(CyBootAsmGnu.o)
 .debug_info    0x0000e3d5      0x64d .\CortexM3\ARM_GCC_541\Debug\Z80_3Chip.a(CyFlash.o)
 .debug_info    0x0000ea22      0x550 .\CortexM3\ARM_GCC_541\Debug\Z80_3Chip.a(CySpc.o)
 .debug_info    0x0000ef72      0x1de .\CortexM3\ARM_GCC_541\Debug\Z80_3Chip.a(USBUART_cls.o)
 .debug_info    0x0000f150      0x2a3 .\CortexM3\ARM_GCC_541\Debug\Z80_3Chip.a(USBUART_descr.o)

.debug_abbrev   0x00000000     0x42b7
 *(.debug_abbrev)
 .debug_abbrev  0x00000000      0x12f .\CortexM3\ARM_GCC_541\Debug\main.o
 .debug_abbrev  0x0000012f      0x128 .\CortexM3\ARM_GCC_541\Debug\ExtSRAM.o
 .debug_abbrev  0x00000257      0x164 .\CortexM3\ARM_GCC_541\Debug\FrontPanel.o
 .debug_abbrev  0x000003bb       0x4b .\CortexM3\ARM_GCC_541\Debug\GS_9_MON_BASIC_ROM.o
 .debug_abbrev  0x00000406       0x4b .\CortexM3\ARM_GCC_541\Debug\Z80_SIO_emul.o
 .debug_abbrev  0x00000451       0xd2 .\CortexM3\ARM_GCC_541\Debug\Z80_IO_Handle.o
 .debug_abbrev  0x00000523       0xf0 .\CortexM3\ARM_GCC_541\Debug\Z80_PIO_emul.o
 .debug_abbrev  0x00000613       0x4b .\CortexM3\ARM_GCC_541\Debug\GS_7_BASIC_ROM.o
 .debug_abbrev  0x0000065e      0x136 .\CortexM3\ARM_GCC_541\Debug\Z80_6850_Emul.o
 .debug_abbrev  0x00000794       0xe0 .\CortexM3\ARM_GCC_541\Debug\Z80_SDCard_Emul.o
 .debug_abbrev  0x00000874       0x4b .\CortexM3\ARM_GCC_541\Debug\GS_FPGA_CPM_BASIC.o
 .debug_abbrev  0x000008bf       0xe4 .\CortexM3\ARM_GCC_541\Debug\Z80_6850_2_Emul.o
 .debug_abbrev  0x000009a3       0xd6 .\CortexM3\ARM_GCC_541\Debug\Z80_Mem_Mappers.o
 .debug_abbrev  0x00000a79      0x1cd .\CortexM3\ARM_GCC_541\Debug\SDCard.o
 .debug_abbrev  0x00000c46      0x168 .\CortexM3\ARM_GCC_541\Debug\Z80_PSoC_3Chips.o
 .debug_abbrev  0x00000dae       0xcc .\CortexM3\ARM_GCC_541\Debug\Z80_RTC.o
 .debug_abbrev  0x00000e7a       0xd5 .\CortexM3\ARM_GCC_541\Debug\Z80_DAC.o
 .debug_abbrev  0x00000f4f       0x75 .\CortexM3\ARM_GCC_541\Debug\MultiBoot_CPM.o
 .debug_abbrev  0x00000fc4       0xf7 .\CortexM3\ARM_GCC_541\Debug\MCP23017.o
 .debug_abbrev  0x000010bb      0x20d .\CortexM3\ARM_GCC_541\Debug\cyfitter_cfg.o
 .debug_abbrev  0x000012c8       0x77 .\CortexM3\ARM_GCC_541\Debug\cymetadata.o
 .debug_abbrev  0x0000133f      0x1e8 .\CortexM3\ARM_GCC_541\Debug\Cm3Start.o
 .debug_abbrev  0x00001527      0x1b2 .\CortexM3\ARM_GCC_541\Debug\Z80_3Chip.a(CyDmac.o)
 .debug_abbrev  0x000016d9      0x254 .\CortexM3\ARM_GCC_541\Debug\Z80_3Chip.a(CyLib.o)
 .debug_abbrev  0x0000192d      0x1ab .\CortexM3\ARM_GCC_541\Debug\Z80_3Chip.a(cyPm.o)
 .debug_abbrev  0x00001ad8       0x90 .\CortexM3\ARM_GCC_541\Debug\Z80_3Chip.a(LED.o)
 .debug_abbrev  0x00001b68       0x90 .\CortexM3\ARM_GCC_541\Debug\Z80_3Chip.a(BUSRQ_n.o)
 .debug_abbrev  0x00001bf8       0x90 .\CortexM3\ARM_GCC_541\Debug\Z80_3Chip.a(INT_n.o)
 .debug_abbrev  0x00001c88       0x81 .\CortexM3\ARM_GCC_541\Debug\Z80_3Chip.a(Z80_Data_In.o)
 .debug_abbrev  0x00001d09       0xac .\CortexM3\ARM_GCC_541\Debug\Z80_3Chip.a(Z80_Data_Out.o)
 .debug_abbrev  0x00001db5       0x81 .\CortexM3\ARM_GCC_541\Debug\Z80_3Chip.a(ExtSRAMCtl.o)
 .debug_abbrev  0x00001e36      0x10a .\CortexM3\ARM_GCC_541\Debug\Z80_3Chip.a(I2C.o)
 .debug_abbrev  0x00001f40       0xb6 .\CortexM3\ARM_GCC_541\Debug\Z80_3Chip.a(I2C_INT.o)
 .debug_abbrev  0x00001ff6       0xfe .\CortexM3\ARM_GCC_541\Debug\Z80_3Chip.a(I2C_PM.o)
 .debug_abbrev  0x000020f4      0x13c .\CortexM3\ARM_GCC_541\Debug\Z80_3Chip.a(I2C_MASTER.o)
 .debug_abbrev  0x00002230      0x215 .\CortexM3\ARM_GCC_541\Debug\Z80_3Chip.a(USBUART.o)
 .debug_abbrev  0x00002445      0x245 .\CortexM3\ARM_GCC_541\Debug\Z80_3Chip.a(USBUART_cdc.o)
 .debug_abbrev  0x0000268a      0x189 .\CortexM3\ARM_GCC_541\Debug\Z80_3Chip.a(USBUART_drv.o)
 .debug_abbrev  0x00002813      0x11b .\CortexM3\ARM_GCC_541\Debug\Z80_3Chip.a(USBUART_episr.o)
 .debug_abbrev  0x0000292e      0x108 .\CortexM3\ARM_GCC_541\Debug\Z80_3Chip.a(USBUART_pm.o)
 .debug_abbrev  0x00002a36      0x20a .\CortexM3\ARM_GCC_541\Debug\Z80_3Chip.a(USBUART_std.o)
 .debug_abbrev  0x00002c40       0x9b .\CortexM3\ARM_GCC_541\Debug\Z80_3Chip.a(USBUART_vnd.o)
 .debug_abbrev  0x00002cdb       0x90 .\CortexM3\ARM_GCC_541\Debug\Z80_3Chip.a(USBUART_Dp.o)
 .debug_abbrev  0x00002d6b       0x90 .\CortexM3\ARM_GCC_541\Debug\Z80_3Chip.a(BUSACK_n.o)
 .debug_abbrev  0x00002dfb       0x90 .\CortexM3\ARM_GCC_541\Debug\Z80_3Chip.a(I2CINT_n.o)
 .debug_abbrev  0x00002e8b      0x146 .\CortexM3\ARM_GCC_541\Debug\Z80_3Chip.a(SPI_Master.o)
 .debug_abbrev  0x00002fd1      0x139 .\CortexM3\ARM_GCC_541\Debug\Z80_3Chip.a(SPI_Master_IntClock.o)
 .debug_abbrev  0x0000310a      0x20f .\CortexM3\ARM_GCC_541\Debug\Z80_3Chip.a(RTC.o)