Archive member included to satisfy reference by file (symbol)

.\CortexM3\ARM_GCC_541\Debug\Z80_3Chip.a(CyDmac.o)
                              .\CortexM3\ARM_GCC_541\Debug\Cm3Start.o (CyDmacConfigure)
.\CortexM3\ARM_GCC_541\Debug\Z80_3Chip.a(CyLib.o)
                              .\CortexM3\ARM_GCC_541\Debug\Cm3Start.o (CyHalt)
.\CortexM3\ARM_GCC_541\Debug\Z80_3Chip.a(cyPm.o)
                              .\CortexM3\ARM_GCC_541\Debug\Z80_3Chip.a(CyLib.o) (CyPmReadStatus)
.\CortexM3\ARM_GCC_541\Debug\Z80_3Chip.a(LED.o)
                              .\CortexM3\ARM_GCC_541\Debug\Z80_PSoC_3Chips.o (LED_Write)
.\CortexM3\ARM_GCC_541\Debug\Z80_3Chip.a(BUSRQ_n.o)
                              .\CortexM3\ARM_GCC_541\Debug\Z80_IO_Handle.o (BUSRQ_n_Write)
.\CortexM3\ARM_GCC_541\Debug\Z80_3Chip.a(INT_n.o)
                              .\CortexM3\ARM_GCC_541\Debug\Z80_6850_Emul.o (INT_n_Write)
.\CortexM3\ARM_GCC_541\Debug\Z80_3Chip.a(Z80_Data_In.o)
                              .\CortexM3\ARM_GCC_541\Debug\FrontPanel.o (Z80_Data_In_Write)
.\CortexM3\ARM_GCC_541\Debug\Z80_3Chip.a(Z80_Data_Out.o)
                              .\CortexM3\ARM_GCC_541\Debug\FrontPanel.o (Z80_Data_Out_Read)
.\CortexM3\ARM_GCC_541\Debug\Z80_3Chip.a(ExtSRAMCtl.o)
                              .\CortexM3\ARM_GCC_541\Debug\FrontPanel.o (ExtSRAMCtl_Write)
.\CortexM3\ARM_GCC_541\Debug\Z80_3Chip.a(I2C.o)
                              .\CortexM3\ARM_GCC_541\Debug\main.o (I2C_Start)
.\CortexM3\ARM_GCC_541\Debug\Z80_3Chip.a(I2C_INT.o)
                              .\CortexM3\ARM_GCC_541\Debug\Z80_3Chip.a(I2C.o) (I2C_ISR)
.\CortexM3\ARM_GCC_541\Debug\Z80_3Chip.a(I2C_PM.o)
                              .\CortexM3\ARM_GCC_541\Debug\Z80_3Chip.a(I2C.o) (I2C_backup)
.\CortexM3\ARM_GCC_541\Debug\Z80_3Chip.a(I2C_MASTER.o)
                              .\CortexM3\ARM_GCC_541\Debug\FrontPanel.o (I2C_MasterWriteBuf)
.\CortexM3\ARM_GCC_541\Debug\Z80_3Chip.a(USBUART.o)
                              .\CortexM3\ARM_GCC_541\Debug\main.o (USBUART_Start)
.\CortexM3\ARM_GCC_541\Debug\Z80_3Chip.a(USBUART_cdc.o)
                              .\CortexM3\ARM_GCC_541\Debug\main.o (USBUART_CDC_Init)
.\CortexM3\ARM_GCC_541\Debug\Z80_3Chip.a(USBUART_drv.o)
                              .\CortexM3\ARM_GCC_541\Debug\Z80_3Chip.a(USBUART.o) (USBUART_lastPacketSize)
.\CortexM3\ARM_GCC_541\Debug\Z80_3Chip.a(USBUART_episr.o)
                              .\CortexM3\ARM_GCC_541\Debug\Z80_3Chip.a(USBUART.o) (USBUART_EP_1_ISR)
.\CortexM3\ARM_GCC_541\Debug\Z80_3Chip.a(USBUART_pm.o)
                              .\CortexM3\ARM_GCC_541\Debug\Z80_3Chip.a(USBUART.o) (USBUART_DP_ISR)
.\CortexM3\ARM_GCC_541\Debug\Z80_3Chip.a(USBUART_std.o)
                              .\CortexM3\ARM_GCC_541\Debug\Z80_3Chip.a(USBUART_pm.o) (USBUART_ConfigReg)
.\CortexM3\ARM_GCC_541\Debug\Z80_3Chip.a(USBUART_vnd.o)
                              .\CortexM3\ARM_GCC_541\Debug\Z80_3Chip.a(USBUART_drv.o) (USBUART_HandleVendorRqst)
.\CortexM3\ARM_GCC_541\Debug\Z80_3Chip.a(USBUART_Dp.o)
                              .\CortexM3\ARM_GCC_541\Debug\Z80_3Chip.a(USBUART.o) (USBUART_Dp_ClearInterrupt)
.\CortexM3\ARM_GCC_541\Debug\Z80_3Chip.a(BUSACK_n.o)
                              .\CortexM3\ARM_GCC_541\Debug\Z80_IO_Handle.o (BUSACK_n_Read)
.\CortexM3\ARM_GCC_541\Debug\Z80_3Chip.a(I2CINT_n.o)
                              .\CortexM3\ARM_GCC_541\Debug\main.o (I2CINT_n_SetDriveMode)
.\CortexM3\ARM_GCC_541\Debug\Z80_3Chip.a(SPI_Master.o)
                              .\CortexM3\ARM_GCC_541\Debug\SDCard.o (SPI_Master_ReadTxStatus)
.\CortexM3\ARM_GCC_541\Debug\Z80_3Chip.a(SPI_Master_IntClock.o)
                              .\CortexM3\ARM_GCC_541\Debug\Z80_3Chip.a(SPI_Master.o) (SPI_Master_IntClock_Start)
.\CortexM3\ARM_GCC_541\Debug\Z80_3Chip.a(RTC.o)
                              .\CortexM3\ARM_GCC_541\Debug\Z80_RTC.o (RTC_Start)
.\CortexM3\ARM_GCC_541\Debug\Z80_3Chip.a(RTC_INT.o)
                              .\CortexM3\ARM_GCC_541\Debug\Z80_3Chip.a(RTC.o) (RTC_ISR)
.\CortexM3\ARM_GCC_541\Debug\Z80_3Chip.a(SPI_SS_Out.o)
                              .\CortexM3\ARM_GCC_541\Debug\SDCard.o (SPI_SS_Out_Write)
.\CortexM3\ARM_GCC_541\Debug\Z80_3Chip.a(WaveDAC8.o)
                              .\CortexM3\ARM_GCC_541\Debug\Z80_DAC.o (WaveDAC8_Stop)
.\CortexM3\ARM_GCC_541\Debug\Z80_3Chip.a(WaveDAC8_Wave1_DMA_dma.o)
                              .\CortexM3\ARM_GCC_541\Debug\Z80_3Chip.a(WaveDAC8.o) (WaveDAC8_Wave1_DMA_DmaInitialize)
.\CortexM3\ARM_GCC_541\Debug\Z80_3Chip.a(WaveDAC8_Wave2_DMA_dma.o)
                              .\CortexM3\ARM_GCC_541\Debug\Z80_3Chip.a(WaveDAC8.o) (WaveDAC8_Wave2_DMA_DmaInitialize)
.\CortexM3\ARM_GCC_541\Debug\Z80_3Chip.a(WaveDAC8_VDAC8.o)
                              .\CortexM3\ARM_GCC_541\Debug\Z80_3Chip.a(WaveDAC8.o) (WaveDAC8_VDAC8_Enable)
.\CortexM3\ARM_GCC_541\Debug\Z80_3Chip.a(DAC_Control.o)
                              .\CortexM3\ARM_GCC_541\Debug\Z80_DAC.o (DAC_Control_Write)
[...]
Memory Configuration

Name             Origin             Length             Attributes
rom              0x00000000         0x00020000         xr
ram              0x1fffc000         0x00008000         xrw
*default*        0x00000000         0xffffffff

Linker script and memory map

LOAD c:/program files (x86)/cypress/psoc creator/4.2/psoc creator/import/gnu/arm/5.4.1/bin/../lib/gcc/arm-none-eabi/5.4.1/armv7-m/crti.o
LOAD c:/program files (x86)/cypress/psoc creator/4.2/psoc creator/import/gnu/arm/5.4.1/bin/../lib/gcc/arm-none-eabi/5.4.1/armv7-m/crtbegin.o
LOAD c:/program files (x86)/cypress/psoc creator/4.2/psoc creator/import/gnu/arm/5.4.1/bin/../lib/gcc/arm-none-eabi/5.4.1/../../../../arm-none-eabi/lib/armv7-m/crt0.o
START GROUP
LOAD .\CortexM3\ARM_GCC_541\Debug\main.o
LOAD .\CortexM3\ARM_GCC_541\Debug\ExtSRAM.o
LOAD .\CortexM3\ARM_GCC_541\Debug\FrontPanel.o
LOAD .\CortexM3\ARM_GCC_541\Debug\GS_9_MON_BASIC_ROM.o
LOAD .\CortexM3\ARM_GCC_541\Debug\Z80_SIO_emul.o
LOAD .\CortexM3\ARM_GCC_541\Debug\Z80_IO_Handle.o
LOAD .\CortexM3\ARM_GCC_541\Debug\Z80_PIO_emul.o
LOAD .\CortexM3\ARM_GCC_541\Debug\GS_7_BASIC_ROM.o
LOAD .\CortexM3\ARM_GCC_541\Debug\Z80_6850_Emul.o
LOAD .\CortexM3\ARM_GCC_541\Debug\Z80_SDCard_Emul.o
LOAD .\CortexM3\ARM_GCC_541\Debug\GS_FPGA_CPM_BASIC.o
LOAD .\CortexM3\ARM_GCC_541\Debug\Z80_6850_2_Emul.o
LOAD .\CortexM3\ARM_GCC_541\Debug\Z80_Mem_Mappers.o
LOAD .\CortexM3\ARM_GCC_541\Debug\SDCard.o
LOAD .\CortexM3\ARM_GCC_541\Debug\Z80_PSoC_3Chips.o
LOAD .\CortexM3\ARM_GCC_541\Debug\Z80_RTC.o
LOAD .\CortexM3\ARM_GCC_541\Debug\Z80_DAC.o
LOAD .\CortexM3\ARM_GCC_541\Debug\MultiBoot_CPM.o
LOAD .\CortexM3\ARM_GCC_541\Debug\cyfitter_cfg.o
LOAD .\CortexM3\ARM_GCC_541\Debug\cymetadata.o
LOAD .\CortexM3\ARM_GCC_541\Debug\Cm3Start.o
LOAD .\CortexM3\ARM_GCC_541\Debug\Z80_3Chip.a
LOAD C:\Program Files (x86)\Cypress\PSoC Creator\4.2\PSoC Creator\psoc\content\cycomponentlibrary\CyComponentLibrary.cylib\CortexM3\ARM_GCC_541\Debug\CyComponentLibrary.a
END GROUP
START GROUP
LOAD c:/program files (x86)/cypress/psoc creator/4.2/psoc creator/import/gnu/arm/5.4.1/bin/../lib/gcc/arm-none-eabi/5.4.1/armv7-m\libgcc.a
LOAD c:/program files (x86)/cypress/psoc creator/4.2/psoc creator/import/gnu/arm/5.4.1/bin/../lib/gcc/arm-none-eabi/5.4.1/../../../../arm-none-eabi/lib/armv7-m\libg_nano.a
LOAD c:/program files (x86)/cypress/psoc creator/4.2/psoc creator/import/gnu/arm/5.4.1/bin/../lib/gcc/arm-none-eabi/5.4.1/../../../../arm-none-eabi/lib/armv7-m\libc_nano.a
END GROUP
START GROUP
LOAD c:/program files (x86)/cypress/psoc creator/4.2/psoc creator/import/gnu/arm/5.4.1/bin/../lib/gcc/arm-none-eabi/5.4.1/armv7-m\libgcc.a
LOAD c:/program files (x86)/cypress/psoc creator/4.2/psoc creator/import/gnu/arm/5.4.1/bin/../lib/gcc/arm-none-eabi/5.4.1/../../../../arm-none-eabi/lib/armv7-m\libc_nano.a
END GROUP
LOAD c:/program files (x86)/cypress/psoc creator/4.2/psoc creator/import/gnu/arm/5.4.1/bin/../lib/gcc/arm-none-eabi/5.4.1/armv7-m/crtend.o
LOAD c:/program files (x86)/cypress/psoc creator/4.2/psoc creator/import/gnu/arm/5.4.1/bin/../lib/gcc/arm-none-eabi/5.4.1/armv7-m/crtn.o
START GROUP
LOAD c:/program files (x86)/cypress/psoc creator/4.2/psoc creator/import/gnu/arm/5.4.1/bin/../lib/gcc/arm-none-eabi/5.4.1/armv7-m\libgcc.a
LOAD c:/program files (x86)/cypress/psoc creator/4.2/psoc creator/import/gnu/arm/5.4.1/bin/../lib/gcc/arm-none-eabi/5.4.1/../../../../arm-none-eabi/lib/armv7-m\libc.a
LOAD c:/program files (x86)/cypress/psoc creator/4.2/psoc creator/import/gnu/arm/5.4.1/bin/../lib/gcc/arm-none-eabi/5.4.1/../../../../arm-none-eabi/lib/armv7-m\libnosys.a
END GROUP
                0x00000000                CY_APPL_ORIGIN = 0x0
                0x00000100                CY_FLASH_ROW_SIZE = 0x100
                0x00000020                CY_ECC_ROW_SIZE = 0x20
                0x00000000                CY_EE_IN_BTLDR = 0x0
                0x00000000                CY_APPL_LOADABLE = 0x0
                0x00000800                CY_EE_SIZE = 0x800
                0x00000001                CY_APPL_NUM = 0x1
                0x00000001                CY_APPL_MAX = 0x1
                0x00000040                CY_METADATA_SIZE = 0x40
                0x00000000                CY_APPL_LOADABLE = 0x0
                0x00000000                CY_CHECKSUM_EXCLUDE_SIZE = ALIGN (0x0, CY_FLASH_ROW_SIZE)
                [!provide]                PROVIDE (__cy_heap_start, _end)
                0x00000001                PROVIDE (__cy_region_num, ((__cy_regions_end - __cy_regions) / 0x10))
                0x20004000                PROVIDE (__cy_stack, (ORIGIN (ram) + LENGTH (ram)))
                [!provide]                PROVIDE (__cy_heap_end, (__cy_stack - 0x800))

.cybootloader   0x00000000        0x0
 *(.cybootloader)
                0x00000000                appl1_start = CY_APPL_ORIGIN?CY_APPL_ORIGIN:ALIGN (CY_FLASH_ROW_SIZE)
                0x0000ff00                appl2_start = (appl1_start + ALIGN ((((LENGTH (rom) - appl1_start) - (0x2 * CY_FLASH_ROW_SIZE)) / 0x2), CY_FLASH_ROW_SIZE))
                0x00000000                appl_start = (CY_APPL_NUM == 0x1)?appl1_start:appl2_start
                0x00000000                ecc_offset = ((appl_start / CY_FLASH_ROW_SIZE) * CY_ECC_ROW_SIZE)
                0x00000000                ee_offset = (CY_APPL_LOADABLE && ! (CY_EE_IN_BTLDR))?((CY_EE_SIZE / CY_APPL_MAX) * (CY_APPL_NUM - 0x1)):0x0
                0x00000800                ee_size = (CY_APPL_LOADABLE && ! (CY_EE_IN_BTLDR))?(CY_EE_SIZE / CY_APPL_MAX):CY_EE_SIZE
                [!provide]                PROVIDE (CY_ECC_OFFSET, ecc_offset)

.text           0x00000000     0x6164
 CREATE_OBJECT_SYMBOLS
                0x00000000                PROVIDE (__cy_interrupt_vector, RomVectors)
 *(.romvectors)
 .romvectors    0x00000000       0x10 .\CortexM3\ARM_GCC_541\Debug\Cm3Start.o
                0x00000000                RomVectors
                0x00000001                ASSERT ((. != __cy_interrupt_vector), No interrupt vector)
                0x00000001                ASSERT (CY_APPL_ORIGIN?(SIZEOF (.cybootloader) <= CY_APPL_ORIGIN):0x1, Wrong image location)
                0x00000010                PROVIDE (__cy_reset, Reset)
 *(.text.Reset)
 .text.Reset    0x00000010       0x18 .\CortexM3\ARM_GCC_541\Debug\Cm3Start.o
                0x00000010                Reset
                0x00000001                ASSERT ((. != __cy_reset), No reset code)
 *(.dma_init)
                0x00000001                ASSERT ((((appl_start + .) <= 0x10000) || 0x1), DMA Init must be within the first 64k of flash)
 *(.text .text.* .gnu.linkonce.t.*)
 .text          0x00000028       0x5c c:/program files (x86)/cypress/psoc creator/4.2/psoc creator/import/gnu/arm/5.4.1/bin/../lib/gcc/arm-none-eabi/5.4.1/armv7-m/crtbegin.o
 .text.initZ80PSOC
                0x00000084       0x74 .\CortexM3\ARM_GCC_541\Debug\main.o
                0x00000084                initZ80PSOC
 .text.main     0x000000f8      0x21c .\CortexM3\ARM_GCC_541\Debug\main.o
                0x000000f8                main
 .text.SetExtSRAMAddr
                0x00000314       0x20 .\CortexM3\ARM_GCC_541\Debug\ExtSRAM.o
                0x00000314                SetExtSRAMAddr
 .text.ReadExtSRAM
                0x00000334       0x24 .\CortexM3\ARM_GCC_541\Debug\ExtSRAM.o
                0x00000334                ReadExtSRAM
 .text.WriteExtSRAM
                0x00000358       0x24 .\CortexM3\ARM_GCC_541\Debug\ExtSRAM.o
                0x00000358                WriteExtSRAM
 .text.TestSRAM
                0x0000037c      0x11c .\CortexM3\ARM_GCC_541\Debug\ExtSRAM.o
                0x0000037c                TestSRAM
 .text.loadSRAM
                0x00000498       0x24 .\CortexM3\ARM_GCC_541\Debug\ExtSRAM.o
                0x00000498                loadSRAM
 .text.readRegister_MCP23017
                0x000004bc       0x38 .\CortexM3\ARM_GCC_541\Debug\FrontPanel.o
                0x000004bc                readRegister_MCP23017
 .text.readFrontPanelSwitchesStatic
                0x000004f4       0x30 .\CortexM3\ARM_GCC_541\Debug\FrontPanel.o
                0x000004f4                readFrontPanelSwitchesStatic
 .text.FrontPanelZ80Read
                0x00000524       0x38 .\CortexM3\ARM_GCC_541\Debug\FrontPanel.o
                0x00000524                FrontPanelZ80Read
 .text.readFrontPanelSwitchesRegistered
                0x0000055c       0x34 .\CortexM3\ARM_GCC_541\Debug\FrontPanel.o
                0x0000055c                readFrontPanelSwitchesRegistered
 .text.waitFrontPanelSwitchesPressed
                0x00000590       0x24 .\CortexM3\ARM_GCC_541\Debug\FrontPanel.o
                0x00000590                waitFrontPanelSwitchesPressed
 .text.writeRegister_MCP23017
                0x000005b4       0x34 .\CortexM3\ARM_GCC_541\Debug\FrontPanel.o
                0x000005b4                writeRegister_MCP23017
 .text.init_FrontPanel
                0x000005e8       0xa0 .\CortexM3\ARM_GCC_541\Debug\FrontPanel.o
                0x000005e8                init_FrontPanel
 .text.writeFrontPanelLEDs
                0x00000688       0x34 .\CortexM3\ARM_GCC_541\Debug\FrontPanel.o
                0x00000688                writeFrontPanelLEDs
 .text.FrontPanelZ80Write
                0x000006bc       0x68 .\CortexM3\ARM_GCC_541\Debug\FrontPanel.o
                0x000006bc                FrontPanelZ80Write
 .text.runFrontPanel
                0x00000724      0x1a0 .\CortexM3\ARM_GCC_541\Debug\FrontPanel.o
                0x00000724                runFrontPanel
 .text.ackIO    0x000008c4       0x10 .\CortexM3\ARM_GCC_541\Debug\Z80_IO_Handle.o
                0x000008c4                ackIO
 .text.HandleZ80IO
                0x000008d4      0x4c8 .\CortexM3\ARM_GCC_541\Debug\Z80_IO_Handle.o
                0x000008d4                HandleZ80IO
 .text.init_PIO
                0x00000d9c       0xc4 .\CortexM3\ARM_GCC_541\Debug\Z80_PIO_emul.o
                0x00000d9c                init_PIO
 .text.PioReadDataA
                0x00000e60       0x2c .\CortexM3\ARM_GCC_541\Debug\Z80_PIO_emul.o
                0x00000e60                PioReadDataA
 .text.PioWriteDataA
                0x00000e8c       0x18 .\CortexM3\ARM_GCC_541\Debug\Z80_PIO_emul.o
                0x00000e8c                PioWriteDataA
 .text.PioWriteCtrlA
                0x00000ea4      0x118 .\CortexM3\ARM_GCC_541\Debug\Z80_PIO_emul.o
                0x00000ea4                PioWriteCtrlA
 .text.PioReadDataB
                0x00000fbc       0x2c .\CortexM3\ARM_GCC_541\Debug\Z80_PIO_emul.o
                0x00000fbc                PioReadDataB
 .text.PioWriteDataB
                0x00000fe8       0x18 .\CortexM3\ARM_GCC_541\Debug\Z80_PIO_emul.o
                0x00000fe8                PioWriteDataB
 .text.PioWriteCtrlB
                0x00001000      0x118 .\CortexM3\ARM_GCC_541\Debug\Z80_PIO_emul.o
                0x00001000                PioWriteCtrlB
 .text.initM6850StatusRegister
                0x00001118        0xc .\CortexM3\ARM_GCC_541\Debug\Z80_6850_Emul.o
                0x00001118                initM6850StatusRegister
 .text.M6850ReadIntReg
                0x00001124       0x18 .\CortexM3\ARM_GCC_541\Debug\Z80_6850_Emul.o
                0x00001124                M6850ReadIntReg
 .text.sendCharToZ80
                0x0000113c       0x30 .\CortexM3\ARM_GCC_541\Debug\Z80_6850_Emul.o
                0x0000113c                sendCharToZ80
 .text.checkSerialReceiverBusy
                0x0000116c       0x24 .\CortexM3\ARM_GCC_541\Debug\Z80_6850_Emul.o
                0x0000116c                checkSerialReceiverBusy
 .text.M6850ReadData
                0x00001190       0x28 .\CortexM3\ARM_GCC_541\Debug\Z80_6850_Emul.o
                0x00001190                M6850ReadData
 .text.M6850WriteData
                0x000011b8       0x2c .\CortexM3\ARM_GCC_541\Debug\Z80_6850_Emul.o
                0x000011b8                M6850WriteData
 .text.M6850ReadStatus
                0x000011e4       0x1c .\CortexM3\ARM_GCC_541\Debug\Z80_6850_Emul.o
                0x000011e4                M6850ReadStatus
 .text.M6850WriteCtrl
                0x00001200       0x1c .\CortexM3\ARM_GCC_541\Debug\Z80_6850_Emul.o
                0x00001200                M6850WriteCtrl
 .text.SDReadData
                0x0000121c       0x38 .\CortexM3\ARM_GCC_541\Debug\Z80_SDCard_Emul.o
                0x0000121c                SDReadData
 .text.SDWriteData
                0x00001254       0x54 .\CortexM3\ARM_GCC_541\Debug\Z80_SDCard_Emul.o
                0x00001254                SDWriteData
 .text.SDWriteCommand
                0x000012a8       0xbc .\CortexM3\ARM_GCC_541\Debug\Z80_SDCard_Emul.o
                0x000012a8                SDWriteCommand
 .text.SDReadStatus
                0x00001364       0x1c .\CortexM3\ARM_GCC_541\Debug\Z80_SDCard_Emul.o
                0x00001364                SDReadStatus
 .text.SDWriteLBA0
                0x00001380       0x14 .\CortexM3\ARM_GCC_541\Debug\Z80_SDCard_Emul.o
                0x00001380                SDWriteLBA0
 .text.SDWriteLBA1
                0x00001394       0x14 .\CortexM3\ARM_GCC_541\Debug\Z80_SDCard_Emul.o
                0x00001394                SDWriteLBA1
 .text.SDWriteLBA2
                0x000013a8       0x14 .\CortexM3\ARM_GCC_541\Debug\Z80_SDCard_Emul.o
                0x000013a8                SDWriteLBA2
 .text.initM6850_2_StatusRegister
                0x000013bc        0xc .\CortexM3\ARM_GCC_541\Debug\Z80_6850_2_Emul.o
                0x000013bc                initM6850_2_StatusRegister
 .text.M6850_2_ReadData
                0x000013c8        0x8 .\CortexM3\ARM_GCC_541\Debug\Z80_6850_2_Emul.o
                0x000013c8                M6850_2_ReadData
 .text.M6850_2_WriteData
                0x000013d0        0x8 .\CortexM3\ARM_GCC_541\Debug\Z80_6850_2_Emul.o
                0x000013d0                M6850_2_WriteData
 .text.M6850_2_ReadStatus
                0x000013d8       0x14 .\CortexM3\ARM_GCC_541\Debug\Z80_6850_2_Emul.o
                0x000013d8                M6850_2_ReadStatus
 .text.M6850_2_WriteCtrl
                0x000013ec       0x14 .\CortexM3\ARM_GCC_541\Debug\Z80_6850_2_Emul.o
                0x000013ec                M6850_2_WriteCtrl
 .text.init_mem_map_4
                0x00001400       0x34 .\CortexM3\ARM_GCC_541\Debug\Z80_Mem_Mappers.o
                0x00001400                init_mem_map_4
 .text.wrMMU4SelectReg
                0x00001434       0x14 .\CortexM3\ARM_GCC_541\Debug\Z80_Mem_Mappers.o
                0x00001434                wrMMU4SelectReg
 .text.wrMMU4Bank
                0x00001448       0x50 .\CortexM3\ARM_GCC_541\Debug\Z80_Mem_Mappers.o
                0x00001448                wrMMU4Bank
 .text.SPI_write_byte
                0x00001498       0x18 .\CortexM3\ARM_GCC_541\Debug\SDCard.o
                0x00001498                SPI_write_byte
 .text.SD_command
                0x000014b0       0x6c .\CortexM3\ARM_GCC_541\Debug\SDCard.o
                0x000014b0                SD_command
 .text.SDInit   0x0000151c      0x11c .\CortexM3\ARM_GCC_541\Debug\SDCard.o
                0x0000151c                SDInit
 .text.dumpBuffer
                0x00001638       0xd0 .\CortexM3\ARM_GCC_541\Debug\SDCard.o
                0x00001638                dumpBuffer
 .text.SD_ReadSector
                0x00001708       0xe8 .\CortexM3\ARM_GCC_541\Debug\SDCard.o
                0x00001708                SD_ReadSector
 .text.readSDCard
                0x000017f0       0x3c .\CortexM3\ARM_GCC_541\Debug\SDCard.o
                0x000017f0                readSDCard
 .text.SD_WriteSector
                0x0000182c       0xfc .\CortexM3\ARM_GCC_541\Debug\SDCard.o
                0x0000182c                SD_WriteSector
 .text.writeSDCard
                0x00001928       0x34 .\CortexM3\ARM_GCC_541\Debug\SDCard.o
                0x00001928                writeSDCard
 .text.PostLed  0x0000195c       0x28 .\CortexM3\ARM_GCC_541\Debug\Z80_PSoC_3Chips.o
                0x0000195c                PostLed
 .text.clearReceiveBuffer
                0x00001984       0x14 .\CortexM3\ARM_GCC_541\Debug\Z80_PSoC_3Chips.o
                0x00001984                clearReceiveBuffer
 .text.putStringToUSB
                0x00001998       0x1c .\CortexM3\ARM_GCC_541\Debug\Z80_PSoC_3Chips.o
                0x00001998                putStringToUSB
 .text.addToReceiveBuffer
                0x000019b4       0x70 .\CortexM3\ARM_GCC_541\Debug\Z80_PSoC_3Chips.o
                0x000019b4                addToReceiveBuffer
 .text.I2CIntISR
                0x00001a24       0x78 .\CortexM3\ARM_GCC_541\Debug\Z80_PSoC_3Chips.o
                0x00001a24                I2CIntISR
 .text.init_Z80_RTC
                0x00001a9c       0x14 .\CortexM3\ARM_GCC_541\Debug\Z80_RTC.o
                0x00001a9c                init_Z80_RTC
 .text.writeCmdRTC
                0x00001ab0       0x14 .\CortexM3\ARM_GCC_541\Debug\Z80_RTC.o
                0x00001ab0                writeCmdRTC
 .text.readCmdRTC
                0x00001ac4       0x14 .\CortexM3\ARM_GCC_541\Debug\Z80_RTC.o
                0x00001ac4                readCmdRTC
 .text.writeRTC
                0x00001ad8       0x84 .\CortexM3\ARM_GCC_541\Debug\Z80_RTC.o
                0x00001ad8                writeRTC
 .text.readRTC  0x00001b5c       0x80 .\CortexM3\ARM_GCC_541\Debug\Z80_RTC.o
                0x00001b5c                readRTC
 .text.init_DAC
                0x00001bdc       0x24 .\CortexM3\ARM_GCC_541\Debug\Z80_DAC.o
                0x00001bdc                init_DAC
 .text.writeDAC
                0x00001c00       0x24 .\CortexM3\ARM_GCC_541\Debug\Z80_DAC.o
                0x00001c00                writeDAC
 .text.readDAC  0x00001c24       0x14 .\CortexM3\ARM_GCC_541\Debug\Z80_DAC.o
                0x00001c24                readDAC
 .text.readStatDAC
                0x00001c38       0x14 .\CortexM3\ARM_GCC_541\Debug\Z80_DAC.o
                0x00001c38                readStatDAC
 .text.writeCmdDAC
                0x00001c4c       0x70 .\CortexM3\ARM_GCC_541\Debug\Z80_DAC.o
                0x00001c4c                writeCmdDAC
 .text.CyClockStartupError
                0x00001cbc        0x4 .\CortexM3\ARM_GCC_541\Debug\cyfitter_cfg.o
 .text.cfg_write_bytes32
                0x00001cc0       0x34 .\CortexM3\ARM_GCC_541\Debug\cyfitter_cfg.o
 .text.AnalogSetDefault
                0x00001cf4       0x38 .\CortexM3\ARM_GCC_541\Debug\cyfitter_cfg.o
 .text.CYMEMZERO
                0x00001d2c        0xc .\CortexM3\ARM_GCC_541\Debug\cyfitter_cfg.o
 .text.ClockSetup
                0x00001d38      0x12c .\CortexM3\ARM_GCC_541\Debug\cyfitter_cfg.o
 .text.CYCONFIGCPY
                0x00001e64        0x8 .\CortexM3\ARM_GCC_541\Debug\cyfitter_cfg.o
 .text.cyfitter_cfg
                0x00001e6c      0x18c .\CortexM3\ARM_GCC_541\Debug\cyfitter_cfg.o
                0x00001e6c                cyfitter_cfg
 .text.IntDefaultHandler
                0x00001ff8       0x10 .\CortexM3\ARM_GCC_541\Debug\Cm3Start.o
                0x00001ff8                IntDefaultHandler
 .text._sbrk    0x00002008       0x30 .\CortexM3\ARM_GCC_541\Debug\Cm3Start.o
                0x00002008                _sbrk
 .text.Start_c  0x00002038       0x4c .\CortexM3\ARM_GCC_541\Debug\Cm3Start.o
                0x00002038                Start_c
 .text.initialize_psoc
                0x00002084       0x6c .\CortexM3\ARM_GCC_541\Debug\Cm3Start.o
                0x00002084                initialize_psoc
 .text.CyDmacConfigure
                0x000020f0       0x34 .\CortexM3\ARM_GCC_541\Debug\Z80_3Chip.a(CyDmac.o)
                0x000020f0                CyDmacConfigure
 .text.CyDmaChEnable
                0x00002124       0x38 .\CortexM3\ARM_GCC_541\Debug\Z80_3Chip.a(CyDmac.o)
                0x00002124                CyDmaChEnable
 .text.CyDmaChDisable
                0x0000215c       0x24 .\CortexM3\ARM_GCC_541\Debug\Z80_3Chip.a(CyDmac.o)
                0x0000215c                CyDmaChDisable
 .text.CyDmaChPriority
                0x00002180       0x24 .\CortexM3\ARM_GCC_541\Debug\Z80_3Chip.a(CyDmac.o)
                0x00002180                CyDmaChPriority
 .text.CyDmaChSetExtendedAddress
                0x000021a4       0x34 .\CortexM3\ARM_GCC_541\Debug\Z80_3Chip.a(CyDmac.o)
                0x000021a4                CyDmaChSetExtendedAddress
 .text.CyDmaChSetInitialTd
                0x000021d8       0x18 .\CortexM3\ARM_GCC_541\Debug\Z80_3Chip.a(CyDmac.o)
                0x000021d8                CyDmaChSetInitialTd
 .text.CyDmaChSetConfiguration
                0x000021f0       0x44 .\CortexM3\ARM_GCC_541\Debug\Z80_3Chip.a(CyDmac.o)
                0x000021f0                CyDmaChSetConfiguration
 .text.CyDmaTdAllocate
                0x00002234       0x34 .\CortexM3\ARM_GCC_541\Debug\Z80_3Chip.a(CyDmac.o)
                0x00002234                CyDmaTdAllocate
 .text.CyDmaTdSetConfiguration
                0x00002268       0x28 .\CortexM3\ARM_GCC_541\Debug\Z80_3Chip.a(CyDmac.o)
                0x00002268                CyDmaTdSetConfiguration
 .text.CyDmaTdSetAddress
                0x00002290       0x1c .\CortexM3\ARM_GCC_541\Debug\Z80_3Chip.a(CyDmac.o)
                0x00002290                CyDmaTdSetAddress
 .text.CyHalt   0x000022ac        0x4 .\CortexM3\ARM_GCC_541\Debug\Z80_3Chip.a(CyLib.o)
                0x000022ac                CyHalt
 .text.CyDelay  0x000022b0       0x2c .\CortexM3\ARM_GCC_541\Debug\Z80_3Chip.a(CyLib.o)
                0x000022b0                CyDelay
 .text.CyDelayUs
                0x000022dc       0x14 .\CortexM3\ARM_GCC_541\Debug\Z80_3Chip.a(CyLib.o)
                0x000022dc                CyDelayUs
 .text.CyIntSetVector
                0x000022f0       0x28 .\CortexM3\ARM_GCC_541\Debug\Z80_3Chip.a(CyLib.o)
                0x000022f0                CyIntSetVector
 .text.CyIntSetPriority
                0x00002318       0x30 .\CortexM3\ARM_GCC_541\Debug\Z80_3Chip.a(CyLib.o)
                0x00002318                CyIntSetPriority
 .text.CyGetUniqueId
                0x00002348       0x70 .\CortexM3\ARM_GCC_541\Debug\Z80_3Chip.a(CyLib.o)
                0x00002348                CyGetUniqueId
 .text.CyPmReadStatus
                0x000023b8       0x30 .\CortexM3\ARM_GCC_541\Debug\Z80_3Chip.a(cyPm.o)
                0x000023b8                CyPmReadStatus
 .text.LED_Write
                0x000023e8       0x18 .\CortexM3\ARM_GCC_541\Debug\Z80_3Chip.a(LED.o)
                0x000023e8                LED_Write
 .text.BUSRQ_n_Write
                0x00002400       0x18 .\CortexM3\ARM_GCC_541\Debug\Z80_3Chip.a(BUSRQ_n.o)
                0x00002400                BUSRQ_n_Write
 .text.INT_n_Write
                0x00002418       0x18 .\CortexM3\ARM_GCC_541\Debug\Z80_3Chip.a(INT_n.o)
                0x00002418                INT_n_Write
 .text.Z80_Data_In_Write
                0x00002430        0xc .\CortexM3\ARM_GCC_541\Debug\Z80_3Chip.a(Z80_Data_In.o)
                0x00002430                Z80_Data_In_Write
 .text.Z80_Data_Out_Read
                0x0000243c        0xc .\CortexM3\ARM_GCC_541\Debug\Z80_3Chip.a(Z80_Data_Out.o)
                0x0000243c                Z80_Data_Out_Read
 .text.ExtSRAMCtl_Write
                0x00002448        0xc .\CortexM3\ARM_GCC_541\Debug\Z80_3Chip.a(ExtSRAMCtl.o)
                0x00002448                ExtSRAMCtl_Write
 .text.I2C_Init
                0x00002454       0x68 .\CortexM3\ARM_GCC_541\Debug\Z80_3Chip.a(I2C.o)
                0x00002454                I2C_Init
 .text.I2C_Enable
                0x000024bc       0x24 .\CortexM3\ARM_GCC_541\Debug\Z80_3Chip.a(I2C.o)
                0x000024bc                I2C_Enable
 .text.I2C_Start
                0x000024e0       0x28 .\CortexM3\ARM_GCC_541\Debug\Z80_3Chip.a(I2C.o)
                0x000024e0                I2C_Start
 .text.I2C_ISR  0x00002508      0x2d0 .\CortexM3\ARM_GCC_541\Debug\Z80_3Chip.a(I2C_INT.o)
                0x00002508                I2C_ISR
 .text.I2C_MasterWriteBuf
                0x000027d8       0xcc .\CortexM3\ARM_GCC_541\Debug\Z80_3Chip.a(I2C_MASTER.o)
                0x000027d8                I2C_MasterWriteBuf
 .text.I2C_MasterSendStart
                0x000028a4       0x80 .\CortexM3\ARM_GCC_541\Debug\Z80_3Chip.a(I2C_MASTER.o)
                0x000028a4                I2C_MasterSendStart
 .text.I2C_MasterSendStop
                0x00002924       0x38 .\CortexM3\ARM_GCC_541\Debug\Z80_3Chip.a(I2C_MASTER.o)
                0x00002924                I2C_MasterSendStop
 .text.I2C_MasterWriteByte
                0x0000295c       0x58 .\CortexM3\ARM_GCC_541\Debug\Z80_3Chip.a(I2C_MASTER.o)
                0x0000295c                I2C_MasterWriteByte
 .text.I2C_MasterReadByte
                0x000029b4       0x58 .\CortexM3\ARM_GCC_541\Debug\Z80_3Chip.a(I2C_MASTER.o)
                0x000029b4                I2C_MasterReadByte
 .text.I2C_MasterStatus
                0x00002a0c       0x38 .\CortexM3\ARM_GCC_541\Debug\Z80_3Chip.a(I2C_MASTER.o)
                0x00002a0c                I2C_MasterStatus
 .text.I2C_MasterClearStatus
                0x00002a44       0x24 .\CortexM3\ARM_GCC_541\Debug\Z80_3Chip.a(I2C_MASTER.o)
                0x00002a44                I2C_MasterClearStatus
 .text.USBUART_Init
                0x00002a68      0x140 .\CortexM3\ARM_GCC_541\Debug\Z80_3Chip.a(USBUART.o)
                0x00002a68                USBUART_Init
 .text.USBUART_InitComponent
                0x00002ba8       0xb8 .\CortexM3\ARM_GCC_541\Debug\Z80_3Chip.a(USBUART.o)
                0x00002ba8                USBUART_InitComponent
 .text.USBUART_Start
                0x00002c60       0x24 .\CortexM3\ARM_GCC_541\Debug\Z80_3Chip.a(USBUART.o)
                0x00002c60                USBUART_Start
 .text.USBUART_ReInitComponent
                0x00002c84       0x4c .\CortexM3\ARM_GCC_541\Debug\Z80_3Chip.a(USBUART.o)
                0x00002c84                USBUART_ReInitComponent
 .text.USBUART_GetConfiguration
                0x00002cd0        0xc .\CortexM3\ARM_GCC_541\Debug\Z80_3Chip.a(USBUART.o)
                0x00002cd0                USBUART_GetConfiguration
 .text.USBUART_IsConfigurationChanged
                0x00002cdc       0x20 .\CortexM3\ARM_GCC_541\Debug\Z80_3Chip.a(USBUART.o)
                0x00002cdc                USBUART_IsConfigurationChanged
 .text.USBUART_GetEPState
                0x00002cfc       0x14 .\CortexM3\ARM_GCC_541\Debug\Z80_3Chip.a(USBUART.o)
                0x00002cfc                USBUART_GetEPState
 .text.USBUART_GetEPCount
                0x00002d10       0x28 .\CortexM3\ARM_GCC_541\Debug\Z80_3Chip.a(USBUART.o)
                0x00002d10                USBUART_GetEPCount
 .text.USBUART_LoadInEP
                0x00002d38       0x94 .\CortexM3\ARM_GCC_541\Debug\Z80_3Chip.a(USBUART.o)
                0x00002d38                USBUART_LoadInEP
 .text.USBUART_EnableOutEP
                0x00002dcc       0x2c .\CortexM3\ARM_GCC_541\Debug\Z80_3Chip.a(USBUART.o)
                0x00002dcc                USBUART_EnableOutEP
 .text.USBUART_ReadOutEP
                0x00002df8       0x50 .\CortexM3\ARM_GCC_541\Debug\Z80_3Chip.a(USBUART.o)
                0x00002df8                USBUART_ReadOutEP
 .text.USBUART_GetInterfaceComPort
                0x00002e48       0x38 .\CortexM3\ARM_GCC_541\Debug\Z80_3Chip.a(USBUART_cdc.o)
                0x00002e48                USBUART_GetInterfaceComPort
 .text.USBUART_DispatchCDCClassRqst
                0x00002e80       0x98 .\CortexM3\ARM_GCC_541\Debug\Z80_3Chip.a(USBUART_cdc.o)
                0x00002e80                USBUART_DispatchCDCClassRqst
 .text.USBUART_CDC_Init
                0x00002f18       0x98 .\CortexM3\ARM_GCC_541\Debug\Z80_3Chip.a(USBUART_cdc.o)
                0x00002f18                USBUART_CDC_Init
 .text.USBUART_PutData
                0x00002fb0       0x50 .\CortexM3\ARM_GCC_541\Debug\Z80_3Chip.a(USBUART_cdc.o)
                0x00002fb0                USBUART_PutData
 .text.USBUART_DataIsReady
                0x00003000       0x18 .\CortexM3\ARM_GCC_541\Debug\Z80_3Chip.a(USBUART_cdc.o)
                0x00003000                USBUART_DataIsReady
 .text.USBUART_CDCIsReady
                0x00003018       0x18 .\CortexM3\ARM_GCC_541\Debug\Z80_3Chip.a(USBUART_cdc.o)
                0x00003018                USBUART_CDCIsReady
 .text.USBUART_GetAll
                0x00003030       0x30 .\CortexM3\ARM_GCC_541\Debug\Z80_3Chip.a(USBUART_cdc.o)
                0x00003030                USBUART_GetAll
 .text.USBUART_Cdc_EpInit
                0x00003060       0x50 .\CortexM3\ARM_GCC_541\Debug\Z80_3Chip.a(USBUART_cdc.o)
                0x00003060                USBUART_Cdc_EpInit
 .text.USBUART_LoadEP0
                0x000030b0       0x98 .\CortexM3\ARM_GCC_541\Debug\Z80_3Chip.a(USBUART_drv.o)
                0x000030b0                USBUART_LoadEP0
 .text.USBUART_InitZeroLengthControlTransfer
                0x00003148       0x34 .\CortexM3\ARM_GCC_541\Debug\Z80_3Chip.a(USBUART_drv.o)
                0x00003148                USBUART_InitZeroLengthControlTransfer
 .text.USBUART_ControlReadDataStage
                0x0000317c        0x8 .\CortexM3\ARM_GCC_541\Debug\Z80_3Chip.a(USBUART_drv.o)
                0x0000317c                USBUART_ControlReadDataStage
 .text.USBUART_ControlWriteDataStage
                0x00003184       0x84 .\CortexM3\ARM_GCC_541\Debug\Z80_3Chip.a(USBUART_drv.o)
                0x00003184                USBUART_ControlWriteDataStage
 .text.USBUART_InitNoDataControlTransfer
                0x00003208       0x2c .\CortexM3\ARM_GCC_541\Debug\Z80_3Chip.a(USBUART_drv.o)
                0x00003208                USBUART_InitNoDataControlTransfer
 .text.USBUART_UpdateStatusBlock
                0x00003234       0x24 .\CortexM3\ARM_GCC_541\Debug\Z80_3Chip.a(USBUART_drv.o)
                0x00003234                USBUART_UpdateStatusBlock
 .text.USBUART_HandleSetup
                0x00003258       0x5c .\CortexM3\ARM_GCC_541\Debug\Z80_3Chip.a(USBUART_drv.o)
                0x00003258                USBUART_HandleSetup
 .text.USBUART_ControlReadStatusStage
                0x000032b4       0x38 .\CortexM3\ARM_GCC_541\Debug\Z80_3Chip.a(USBUART_drv.o)
                0x000032b4                USBUART_ControlReadStatusStage
 .text.USBUART_HandleOUT
                0x000032ec       0x38 .\CortexM3\ARM_GCC_541\Debug\Z80_3Chip.a(USBUART_drv.o)
                0x000032ec                USBUART_HandleOUT
 .text.USBUART_ControlWriteStatusStage
                0x00003324       0x20 .\CortexM3\ARM_GCC_541\Debug\Z80_3Chip.a(USBUART_drv.o)
                0x00003324                USBUART_ControlWriteStatusStage
 .text.USBUART_NoDataControlStatusStage
                0x00003344       0x40 .\CortexM3\ARM_GCC_541\Debug\Z80_3Chip.a(USBUART_drv.o)
                0x00003344                USBUART_NoDataControlStatusStage
 .text.USBUART_HandleIN
                0x00003384       0x2c .\CortexM3\ARM_GCC_541\Debug\Z80_3Chip.a(USBUART_drv.o)
                0x00003384                USBUART_HandleIN
 .text.USBUART_EP_0_ISR
                0x000033b0       0xb8 .\CortexM3\ARM_GCC_541\Debug\Z80_3Chip.a(USBUART_drv.o)
                0x000033b0                USBUART_EP_0_ISR
 .text.USBUART_InitializeStatusBlock
                0x00003468       0x24 .\CortexM3\ARM_GCC_541\Debug\Z80_3Chip.a(USBUART_drv.o)
                0x00003468                USBUART_InitializeStatusBlock
 .text.USBUART_InitControlRead
                0x0000348c       0x50 .\CortexM3\ARM_GCC_541\Debug\Z80_3Chip.a(USBUART_drv.o)
                0x0000348c                USBUART_InitControlRead
 .text.USBUART_InitControlWrite
                0x000034dc       0x48 .\CortexM3\ARM_GCC_541\Debug\Z80_3Chip.a(USBUART_drv.o)
                0x000034dc                USBUART_InitControlWrite
 .text.USBUART_EP_1_ISR
                0x00003524       0x30 .\CortexM3\ARM_GCC_541\Debug\Z80_3Chip.a(USBUART_episr.o)
                0x00003524                USBUART_EP_1_ISR
 .text.USBUART_EP_2_ISR
                0x00003554       0x34 .\CortexM3\ARM_GCC_541\Debug\Z80_3Chip.a(USBUART_episr.o)
                0x00003554                USBUART_EP_2_ISR
 .text.USBUART_EP_3_ISR
                0x00003588       0x3c .\CortexM3\ARM_GCC_541\Debug\Z80_3Chip.a(USBUART_episr.o)
                0x00003588                USBUART_EP_3_ISR
 .text.USBUART_SOF_ISR
                0x000035c4        0x4 .\CortexM3\ARM_GCC_541\Debug\Z80_3Chip.a(USBUART_episr.o)
                0x000035c4                USBUART_SOF_ISR
 .text.USBUART_BUS_RESET_ISR
                0x000035c8        0x8 .\CortexM3\ARM_GCC_541\Debug\Z80_3Chip.a(USBUART_episr.o)
                0x000035c8                USBUART_BUS_RESET_ISR
 .text.USBUART_DP_ISR
                0x000035d0        0x8 .\CortexM3\ARM_GCC_541\Debug\Z80_3Chip.a(USBUART_pm.o)
                0x000035d0                USBUART_DP_ISR
 .text.USBUART_ReadDieID
                0x000035d8       0x6c .\CortexM3\ARM_GCC_541\Debug\Z80_3Chip.a(USBUART_std.o)
                0x000035d8                USBUART_ReadDieID
 .text.USBUART_ConfigReg
                0x00003644       0xa4 .\CortexM3\ARM_GCC_541\Debug\Z80_3Chip.a(USBUART_std.o)
                0x00003644                USBUART_ConfigReg
 .text.USBUART_GetConfigTablePtr
                0x000036e8       0x28 .\CortexM3\ARM_GCC_541\Debug\Z80_3Chip.a(USBUART_std.o)
                0x000036e8                USBUART_GetConfigTablePtr
 .text.USBUART_ConfigAltChanged
                0x00003710      0x11c .\CortexM3\ARM_GCC_541\Debug\Z80_3Chip.a(USBUART_std.o)
                0x00003710                USBUART_ConfigAltChanged
 .text.USBUART_GetDeviceTablePtr
                0x0000382c       0x18 .\CortexM3\ARM_GCC_541\Debug\Z80_3Chip.a(USBUART_std.o)
                0x0000382c                USBUART_GetDeviceTablePtr
 .text.USBUART_GetInterfaceClassTablePtr
                0x00003844       0x28 .\CortexM3\ARM_GCC_541\Debug\Z80_3Chip.a(USBUART_std.o)
                0x00003844                USBUART_GetInterfaceClassTablePtr
 .text.USBUART_Config
                0x0000386c      0x1ec .\CortexM3\ARM_GCC_541\Debug\Z80_3Chip.a(USBUART_std.o)
                0x0000386c                USBUART_Config
 .text.USBUART_SetEndpointHalt
                0x00003a58       0x64 .\CortexM3\ARM_GCC_541\Debug\Z80_3Chip.a(USBUART_std.o)
                0x00003a58                USBUART_SetEndpointHalt
 .text.USBUART_ClearEndpointHalt
                0x00003abc       0xac .\CortexM3\ARM_GCC_541\Debug\Z80_3Chip.a(USBUART_std.o)
                0x00003abc                USBUART_ClearEndpointHalt
 .text.USBUART_ValidateAlternateSetting
                0x00003b68       0x4c .\CortexM3\ARM_GCC_541\Debug\Z80_3Chip.a(USBUART_std.o)
                0x00003b68                USBUART_ValidateAlternateSetting
 .text.USBUART_HandleStandardRqst
                0x00003bb4      0x354 .\CortexM3\ARM_GCC_541\Debug\Z80_3Chip.a(USBUART_std.o)
                0x00003bb4                USBUART_HandleStandardRqst
 .text.USBUART_HandleVendorRqst
                0x00003f08       0x18 .\CortexM3\ARM_GCC_541\Debug\Z80_3Chip.a(USBUART_vnd.o)
                0x00003f08                USBUART_HandleVendorRqst
 .text.USBUART_Dp_ClearInterrupt
                0x00003f20       0x10 .\CortexM3\ARM_GCC_541\Debug\Z80_3Chip.a(USBUART_Dp.o)
                0x00003f20                USBUART_Dp_ClearInterrupt
 .text.BUSACK_n_Read
                0x00003f30       0x10 .\CortexM3\ARM_GCC_541\Debug\Z80_3Chip.a(BUSACK_n.o)
                0x00003f30                BUSACK_n_Read
 .text.I2CINT_n_SetDriveMode
                0x00003f40       0x18 .\CortexM3\ARM_GCC_541\Debug\Z80_3Chip.a(I2CINT_n.o)
                0x00003f40                I2CINT_n_SetDriveMode
 .text.SPI_Master_Enable
                0x00003f58       0x34 .\CortexM3\ARM_GCC_541\Debug\Z80_3Chip.a(SPI_Master.o)
                0x00003f58                SPI_Master_Enable
 .text.SPI_Master_ReadTxStatus
                0x00003f8c        0xc .\CortexM3\ARM_GCC_541\Debug\Z80_3Chip.a(SPI_Master.o)
                0x00003f8c                SPI_Master_ReadTxStatus
 .text.SPI_Master_ReadRxStatus
                0x00003f98        0xc .\CortexM3\ARM_GCC_541\Debug\Z80_3Chip.a(SPI_Master.o)
                0x00003f98                SPI_Master_ReadRxStatus
 .text.SPI_Master_WriteTxData
                0x00003fa4       0x18 .\CortexM3\ARM_GCC_541\Debug\Z80_3Chip.a(SPI_Master.o)
                0x00003fa4                SPI_Master_WriteTxData
 .text.SPI_Master_ReadRxData
                0x00003fbc        0xc .\CortexM3\ARM_GCC_541\Debug\Z80_3Chip.a(SPI_Master.o)
                0x00003fbc                SPI_Master_ReadRxData
 .text.SPI_Master_ClearRxBuffer
                0x00003fc8       0x1c .\CortexM3\ARM_GCC_541\Debug\Z80_3Chip.a(SPI_Master.o)
                0x00003fc8                SPI_Master_ClearRxBuffer
 .text.SPI_Master_ClearFIFO
                0x00003fe4       0x3c .\CortexM3\ARM_GCC_541\Debug\Z80_3Chip.a(SPI_Master.o)
                0x00003fe4                SPI_Master_ClearFIFO
 .text.SPI_Master_Init
                0x00004020       0x2c .\CortexM3\ARM_GCC_541\Debug\Z80_3Chip.a(SPI_Master.o)
                0x00004020                SPI_Master_Init
 .text.SPI_Master_Start
                0x0000404c       0x1c .\CortexM3\ARM_GCC_541\Debug\Z80_3Chip.a(SPI_Master.o)
                0x0000404c                SPI_Master_Start
 .text.SPI_Master_IntClock_Start
                0x00004068       0x1c .\CortexM3\ARM_GCC_541\Debug\Z80_3Chip.a(SPI_Master_IntClock.o)
                0x00004068                SPI_Master_IntClock_Start
 .text.RTC_DayOfWeek
                0x00004084       0x50 .\CortexM3\ARM_GCC_541\Debug\Z80_3Chip.a(RTC.o)
 .text.RTC_DSTDateConversion
                0x000040d4       0xa0 .\CortexM3\ARM_GCC_541\Debug\Z80_3Chip.a(RTC.o)
 .text.RTC_SetInitValues
                0x00004174      0x728 .\CortexM3\ARM_GCC_541\Debug\Z80_3Chip.a(RTC.o)
 .text.RTC_Init
                0x0000489c       0x28 .\CortexM3\ARM_GCC_541\Debug\Z80_3Chip.a(RTC.o)
                0x0000489c                RTC_Init
 .text.RTC_Enable
                0x000048c4       0x24 .\CortexM3\ARM_GCC_541\Debug\Z80_3Chip.a(RTC.o)
                0x000048c4                RTC_Enable
 .text.RTC_Start
                0x000048e8       0x1c .\CortexM3\ARM_GCC_541\Debug\Z80_3Chip.a(RTC.o)
                0x000048e8                RTC_Start
 .text.RTC_WriteSecond
                0x00004904        0xc .\CortexM3\ARM_GCC_541\Debug\Z80_3Chip.a(RTC.o)
                0x00004904                RTC_WriteSecond
 .text.RTC_WriteMinute
                0x00004910        0xc .\CortexM3\ARM_GCC_541\Debug\Z80_3Chip.a(RTC.o)
                0x00004910                RTC_WriteMinute
 .text.RTC_WriteHour
                0x0000491c        0xc .\CortexM3\ARM_GCC_541\Debug\Z80_3Chip.a(RTC.o)
                0x0000491c                RTC_WriteHour
 .text.RTC_WriteDayOfMonth
                0x00004928        0xc .\CortexM3\ARM_GCC_541\Debug\Z80_3Chip.a(RTC.o)
                0x00004928                RTC_WriteDayOfMonth
 .text.RTC_WriteMonth
                0x00004934        0xc .\CortexM3\ARM_GCC_541\Debug\Z80_3Chip.a(RTC.o)
                0x00004934                RTC_WriteMonth
 .text.RTC_WriteYear
                0x00004940        0xc .\CortexM3\ARM_GCC_541\Debug\Z80_3Chip.a(RTC.o)
                0x00004940                RTC_WriteYear
 .text.RTC_ReadSecond
                0x0000494c        0xc .\CortexM3\ARM_GCC_541\Debug\Z80_3Chip.a(RTC.o)
                0x0000494c                RTC_ReadSecond
 .text.RTC_ReadMinute
                0x00004958        0xc .\CortexM3\ARM_GCC_541\Debug\Z80_3Chip.a(RTC.o)
                0x00004958                RTC_ReadMinute
 .text.RTC_ReadHour
                0x00004964        0xc .\CortexM3\ARM_GCC_541\Debug\Z80_3Chip.a(RTC.o)
                0x00004964                RTC_ReadHour
 .text.RTC_ReadDayOfMonth
                0x00004970        0xc .\CortexM3\ARM_GCC_541\Debug\Z80_3Chip.a(RTC.o)
                0x00004970                RTC_ReadDayOfMonth
 .text.RTC_ReadMonth
                0x0000497c        0xc .\CortexM3\ARM_GCC_541\Debug\Z80_3Chip.a(RTC.o)
                0x0000497c                RTC_ReadMonth
 .text.RTC_ReadYear
                0x00004988        0xc .\CortexM3\ARM_GCC_541\Debug\Z80_3Chip.a(RTC.o)
                0x00004988                RTC_ReadYear
 .text.RTC_ISR  0x00004994      0xa58 .\CortexM3\ARM_GCC_541\Debug\Z80_3Chip.a(RTC_INT.o)
                0x00004994                RTC_ISR
 .text.SPI_SS_Out_Write
                0x000053ec        0xc .\CortexM3\ARM_GCC_541\Debug\Z80_3Chip.a(SPI_SS_Out.o)
                0x000053ec                SPI_SS_Out_Write
 .text.WaveDAC8_Enable
                0x000053f8       0x24 .\CortexM3\ARM_GCC_541\Debug\Z80_3Chip.a(WaveDAC8.o)
                0x000053f8                WaveDAC8_Enable
 .text.WaveDAC8_Stop
                0x0000541c       0x1c .\CortexM3\ARM_GCC_541\Debug\Z80_3Chip.a(WaveDAC8.o)
                0x0000541c                WaveDAC8_Stop
 .text.WaveDAC8_Wave1Setup
                0x00005438       0x40 .\CortexM3\ARM_GCC_541\Debug\Z80_3Chip.a(WaveDAC8.o)
                0x00005438                WaveDAC8_Wave1Setup
 .text.WaveDAC8_Wave2Setup
                0x00005478       0x40 .\CortexM3\ARM_GCC_541\Debug\Z80_3Chip.a(WaveDAC8.o)
                0x00005478                WaveDAC8_Wave2Setup
 .text.WaveDAC8_Init
                0x000054b8       0x3c .\CortexM3\ARM_GCC_541\Debug\Z80_3Chip.a(WaveDAC8.o)
                0x000054b8                WaveDAC8_Init
 .text.WaveDAC8_Start
                0x000054f4       0x1c .\CortexM3\ARM_GCC_541\Debug\Z80_3Chip.a(WaveDAC8.o)
                0x000054f4                WaveDAC8_Start
 .text.WaveDAC8_Wave1_DMA_DmaInitialize
                0x00005510       0x3c .\CortexM3\ARM_GCC_541\Debug\Z80_3Chip.a(WaveDAC8_Wave1_DMA_dma.o)
                0x00005510                WaveDAC8_Wave1_DMA_DmaInitialize
 .text.WaveDAC8_Wave2_DMA_DmaInitialize
                0x0000554c       0x3c .\CortexM3\ARM_GCC_541\Debug\Z80_3Chip.a(WaveDAC8_Wave2_DMA_dma.o)
                0x0000554c                WaveDAC8_Wave2_DMA_DmaInitialize
 .text.WaveDAC8_VDAC8_Enable
                0x00005588       0x1c .\CortexM3\ARM_GCC_541\Debug\Z80_3Chip.a(WaveDAC8_VDAC8.o)
                0x00005588                WaveDAC8_VDAC8_Enable
 .text.WaveDAC8_VDAC8_Stop
                0x000055a4       0x1c .\CortexM3\ARM_GCC_541\Debug\Z80_3Chip.a(WaveDAC8_VDAC8.o)
                0x000055a4                WaveDAC8_VDAC8_Stop
 .text.WaveDAC8_VDAC8_SetSpeed
                0x000055c0       0x1c .\CortexM3\ARM_GCC_541\Debug\Z80_3Chip.a(WaveDAC8_VDAC8.o)
                0x000055c0                WaveDAC8_VDAC8_SetSpeed
 .text.WaveDAC8_VDAC8_SetValue
                0x000055dc        0xc .\CortexM3\ARM_GCC_541\Debug\Z80_3Chip.a(WaveDAC8_VDAC8.o)
                0x000055dc                WaveDAC8_VDAC8_SetValue
 .text.WaveDAC8_VDAC8_DacTrim
                0x000055e8       0x24 .\CortexM3\ARM_GCC_541\Debug\Z80_3Chip.a(WaveDAC8_VDAC8.o)
                0x000055e8                WaveDAC8_VDAC8_DacTrim
 .text.WaveDAC8_VDAC8_SetRange
                0x0000560c       0x20 .\CortexM3\ARM_GCC_541\Debug\Z80_3Chip.a(WaveDAC8_VDAC8.o)
                0x0000560c                WaveDAC8_VDAC8_SetRange
 .text.WaveDAC8_VDAC8_Init
                0x0000562c       0x2c .\CortexM3\ARM_GCC_541\Debug\Z80_3Chip.a(WaveDAC8_VDAC8.o)
                0x0000562c                WaveDAC8_VDAC8_Init
 .text.DAC_Control_Write
                0x00005658        0xc .\CortexM3\ARM_GCC_541\Debug\Z80_3Chip.a(DAC_Control.o)
                0x00005658                DAC_Control_Write
 .text.Sound_Counter_Enable
                0x00005664       0x28 .\CortexM3\ARM_GCC_541\Debug\Z80_3Chip.a(Sound_Counter.o)
                0x00005664                Sound_Counter_Enable
 .text.Sound_Counter_SetInterruptMode
                0x0000568c        0xc .\CortexM3\ARM_GCC_541\Debug\Z80_3Chip.a(Sound_Counter.o)
                0x0000568c                Sound_Counter_SetInterruptMode
 .text.Sound_Counter_WriteCounter
                0x00005698       0x34 .\CortexM3\ARM_GCC_541\Debug\Z80_3Chip.a(Sound_Counter.o)
                0x00005698                Sound_Counter_WriteCounter
 .text.Sound_Counter_WritePeriod
                0x000056cc        0xc .\CortexM3\ARM_GCC_541\Debug\Z80_3Chip.a(Sound_Counter.o)
                0x000056cc                Sound_Counter_WritePeriod
 .text.Sound_Counter_Init
                0x000056d8       0x64 .\CortexM3\ARM_GCC_541\Debug\Z80_3Chip.a(Sound_Counter.o)
                0x000056d8                Sound_Counter_Init
 .text.Sound_Counter_Start
                0x0000573c       0x1c .\CortexM3\ARM_GCC_541\Debug\Z80_3Chip.a(Sound_Counter.o)
                0x0000573c                Sound_Counter_Start
 .text.I2CINT_ISR_Interrupt
                0x00005758        0x8 .\CortexM3\ARM_GCC_541\Debug\Z80_3Chip.a(I2CINT_ISR.o)
                0x00005758                I2CINT_ISR_Interrupt
 .text.I2CINT_ISR_SetVector
                0x00005760        0xc .\CortexM3\ARM_GCC_541\Debug\Z80_3Chip.a(I2CINT_ISR.o)
                0x00005760                I2CINT_ISR_SetVector
 .text.I2CINT_ISR_SetPriority
                0x0000576c       0x10 .\CortexM3\ARM_GCC_541\Debug\Z80_3Chip.a(I2CINT_ISR.o)
                0x0000576c                I2CINT_ISR_SetPriority
 .text.I2CINT_ISR_Enable
                0x0000577c        0xc .\CortexM3\ARM_GCC_541\Debug\Z80_3Chip.a(I2CINT_ISR.o)
                0x0000577c                I2CINT_ISR_Enable
 .text.I2CINT_ISR_Disable
                0x00005788        0xc .\CortexM3\ARM_GCC_541\Debug\Z80_3Chip.a(I2CINT_ISR.o)
                0x00005788                I2CINT_ISR_Disable
 .text.I2CINT_ISR_Start
                0x00005794       0x1c .\CortexM3\ARM_GCC_541\Debug\Z80_3Chip.a(I2CINT_ISR.o)
                0x00005794                I2CINT_ISR_Start
 .text.MMU_Sel_Write
                0x000057b0        0xc .\CortexM3\ARM_GCC_541\Debug\Z80_3Chip.a(MMU_Sel.o)
                0x000057b0                MMU_Sel_Write
 .text.MMU4_Addr_0_Write
                0x000057bc        0xc .\CortexM3\ARM_GCC_541\Debug\Z80_3Chip.a(MMU4_Addr_0.o)
                0x000057bc                MMU4_Addr_0_Write
 .text.MMU4_Addr_1_Write
                0x000057c8        0xc .\CortexM3\ARM_GCC_541\Debug\Z80_3Chip.a(MMU4_Addr_1.o)
                0x000057c8                MMU4_Addr_1_Write
 .text.MMU4_Addr_2_Write
                0x000057d4        0xc .\CortexM3\ARM_GCC_541\Debug\Z80_3Chip.a(MMU4_Addr_2.o)
                0x000057d4                MMU4_Addr_2_Write
 .text.MMU4_Addr_3_Write
                0x000057e0        0xc .\CortexM3\ARM_GCC_541\Debug\Z80_3Chip.a(MMU4_Addr_3.o)
                0x000057e0                MMU4_Addr_3_Write
 *fill*         0x000057ec        0x4 
 .text          0x000057f0       0x20 .\CortexM3\ARM_GCC_541\Debug\Z80_3Chip.a(CyBootAsmGnu.o)
                0x000057f0                CyDelayCycles
                0x00005800                CyEnterCriticalSection
                0x00005808                CyExitCriticalSection
 .text.USBUART_DispatchClassRqst
                0x00005810       0x60 .\CortexM3\ARM_GCC_541\Debug\Z80_3Chip.a(USBUART_cls.o)
                0x00005810                USBUART_DispatchClassRqst
 .text.__errno  0x00005870        0xc c:/program files (x86)/cypress/psoc creator/4.2/psoc creator/import/gnu/arm/5.4.1/bin/../lib/gcc/arm-none-eabi/5.4.1/../../../../arm-none-eabi/lib/armv7-m\libg_nano.a(lib_a-errno.o)
                0x00005870                __errno
 .text.__libc_init_array
                0x0000587c       0x4c c:/program files (x86)/cypress/psoc creator/4.2/psoc creator/import/gnu/arm/5.4.1/bin/../lib/gcc/arm-none-eabi/5.4.1/../../../../arm-none-eabi/lib/armv7-m\libg_nano.a(lib_a-init.o)
                0x0000587c                __libc_init_array
 .text.memcpy   0x000058c8       0x16 c:/program files (x86)/cypress/psoc creator/4.2/psoc creator/import/gnu/arm/5.4.1/bin/../lib/gcc/arm-none-eabi/5.4.1/../../../../arm-none-eabi/lib/armv7-m\libg_nano.a(lib_a-memcpy-stub.o)
                0x000058c8                memcpy
 .text.memset   0x000058de       0x10 c:/program files (x86)/cypress/psoc creator/4.2/psoc creator/import/gnu/arm/5.4.1/bin/../lib/gcc/arm-none-eabi/5.4.1/../../../../arm-none-eabi/lib/armv7-m\libg_nano.a(lib_a-memset.o)
                0x000058de                memset
 *fill*         0x000058ee        0x2 
 .text.sprintf  0x000058f0       0x48 c:/program files (x86)/cypress/psoc creator/4.2/psoc creator/import/gnu/arm/5.4.1/bin/../lib/gcc/arm-none-eabi/5.4.1/../../../../arm-none-eabi/lib/armv7-m\libg_nano.a(lib_a-sprintf.o)
                0x000058f0                siprintf
                0x000058f0                sprintf
 .text.strcat   0x00005938       0x1e c:/program files (x86)/cypress/psoc creator/4.2/psoc creator/import/gnu/arm/5.4.1/bin/../lib/gcc/arm-none-eabi/5.4.1/../../../../arm-none-eabi/lib/armv7-m\libg_nano.a(lib_a-strcat.o)
                0x00005938                strcat
 .text          0x00005956       0x10 c:/program files (x86)/cypress/psoc creator/4.2/psoc creator/import/gnu/arm/5.4.1/bin/../lib/gcc/arm-none-eabi/5.4.1/../../../../arm-none-eabi/lib/armv7-m\libg_nano.a(lib_a-strlen.o)
                0x00005956                strlen
 .text.__ssputs_r
                0x00005966       0xb2 c:/program files (x86)/cypress/psoc creator/4.2/psoc creator/import/gnu/arm/5.4.1/bin/../lib/gcc/arm-none-eabi/5.4.1/../../../../arm-none-eabi/lib/armv7-m\libg_nano.a(lib_a-nano-svfprintf.o)
                0x00005966                __ssputs_r
 .text._svfprintf_r
                0x00005a18      0x1e8 c:/program files (x86)/cypress/psoc creator/4.2/psoc creator/import/gnu/arm/5.4.1/bin/../lib/gcc/arm-none-eabi/5.4.1/../../../../arm-none-eabi/lib/armv7-m\libg_nano.a(lib_a-nano-svfprintf.o)
                0x00005a18                _svfiprintf_r
                0x00005a18                _svfprintf_r
 .text._printf_common
                0x00005c00       0xec c:/program files (x86)/cypress/psoc creator/4.2/psoc creator/import/gnu/arm/5.4.1/bin/../lib/gcc/arm-none-eabi/5.4.1/../../../../arm-none-eabi/lib/armv7-m\libg_nano.a(lib_a-nano-vfprintf_i.o)
                0x00005c00                _printf_common
 .text._printf_i
                0x00005cec      0x24c c:/program files (x86)/cypress/psoc creator/4.2/psoc creator/import/gnu/arm/5.4.1/bin/../lib/gcc/arm-none-eabi/5.4.1/../../../../arm-none-eabi/lib/armv7-m\libg_nano.a(lib_a-nano-vfprintf_i.o)
                0x00005cec                _printf_i
 .text.memchr   0x00005f38       0x1c c:/program files (x86)/cypress/psoc creator/4.2/psoc creator/import/gnu/arm/5.4.1/bin/../lib/gcc/arm-none-eabi/5.4.1/../../../../arm-none-eabi/lib/armv7-m\libg_nano.a(lib_a-memchr-stub.o)
                0x00005f38                memchr
 .text.memmove  0x00005f54       0x36 c:/program files (x86)/cypress/psoc creator/4.2/psoc creator/import/gnu/arm/5.4.1/bin/../lib/gcc/arm-none-eabi/5.4.1/../../../../arm-none-eabi/lib/armv7-m\libg_nano.a(lib_a-memmove.o)
                0x00005f54                memmove
 *fill*         0x00005f8a        0x2 
 .text._free_r  0x00005f8c       0x98 c:/program files (x86)/cypress/psoc creator/4.2/psoc creator/import/gnu/arm/5.4.1/bin/../lib/gcc/arm-none-eabi/5.4.1/../../../../arm-none-eabi/lib/armv7-m\libg_nano.a(lib_a-nano-freer.o)
                0x00005f8c                _free_r
 .text._malloc_r
                0x00006024       0xbc c:/program files (x86)/cypress/psoc creator/4.2/psoc creator/import/gnu/arm/5.4.1/bin/../lib/gcc/arm-none-eabi/5.4.1/../../../../arm-none-eabi/lib/armv7-m\libg_nano.a(lib_a-nano-mallocr.o)
                0x00006024                _malloc_r
 .text._realloc_r
                0x000060e0       0x4c c:/program files (x86)/cypress/psoc creator/4.2/psoc creator/import/gnu/arm/5.4.1/bin/../lib/gcc/arm-none-eabi/5.4.1/../../../../arm-none-eabi/lib/armv7-m\libg_nano.a(lib_a-nano-reallocr.o)
                0x000060e0                _realloc_r
 .text._sbrk_r  0x0000612c       0x20 c:/program files (x86)/cypress/psoc creator/4.2/psoc creator/import/gnu/arm/5.4.1/bin/../lib/gcc/arm-none-eabi/5.4.1/../../../../arm-none-eabi/lib/armv7-m\libg_nano.a(lib_a-sbrkr.o)
                0x0000612c                _sbrk_r
 .text.__malloc_lock
                0x0000614c        0x2 c:/program files (x86)/cypress/psoc creator/4.2/psoc creator/import/gnu/arm/5.4.1/bin/../lib/gcc/arm-none-eabi/5.4.1/../../../../arm-none-eabi/lib/armv7-m\libg_nano.a(lib_a-mlock.o)
                0x0000614c                __malloc_lock
 .text.__malloc_unlock
                0x0000614e        0x2 c:/program files (x86)/cypress/psoc creator/4.2/psoc creator/import/gnu/arm/5.4.1/bin/../lib/gcc/arm-none-eabi/5.4.1/../../../../arm-none-eabi/lib/armv7-m\libg_nano.a(lib_a-mlock.o)
                0x0000614e                __malloc_unlock
 .text._malloc_usable_size_r
                0x00006150       0x14 c:/program files (x86)/cypress/psoc creator/4.2/psoc creator/import/gnu/arm/5.4.1/bin/../lib/gcc/arm-none-eabi/5.4.1/../../../../arm-none-eabi/lib/armv7-m\libg_nano.a(lib_a-nano-msizer.o)
                0x00006150                _malloc_usable_size_r
 *(.plt)
 *(.gnu.warning)
 *(.glue_7t)
 .glue_7t       0x00006164        0x0 linker stubs
 *(.glue_7)
 .glue_7        0x00006164        0x0 linker stubs
 *(.vfp11_veneer)
 .vfp11_veneer  0x00006164        0x0 linker stubs
 *(.bootloader)
 *(.ARM.extab* .gnu.linkonce.armextab.*)
 *(.gcc_except_table)

.v4_bx          0x00006164        0x0
 .v4_bx         0x00006164        0x0 linker stubs

.iplt           0x00006164        0x0
 .iplt          0x00006164        0x0 c:/program files (x86)/cypress/psoc creator/4.2/psoc creator/import/gnu/arm/5.4.1/bin/../lib/gcc/arm-none-eabi/5.4.1/armv7-m/crtbegin.o

.eh_frame_hdr
 *(.eh_frame_hdr)

.eh_frame       0x00006164        0x4
 *(.eh_frame)
 .eh_frame      0x00006164        0x0 c:/program files (x86)/cypress/psoc creator/4.2/psoc creator/import/gnu/arm/5.4.1/bin/../lib/gcc/arm-none-eabi/5.4.1/armv7-m/crtbegin.o
 .eh_frame      0x00006164        0x4 c:/program files (x86)/cypress/psoc creator/4.2/psoc creator/import/gnu/arm/5.4.1/bin/../lib/gcc/arm-none-eabi/5.4.1/armv7-m/crtend.o
                [!provide]                PROVIDE (__exidx_start, .)

.ARM.exidx
 *(.ARM.exidx* .gnu.linkonce.armexidx.*)
                0x00006168                __exidx_end = .

.rodata         0x00006168      0xda0
 *(.rodata .rodata.* .gnu.linkonce.r.*)
 .rodata.str1.4
                0x00006168      0x15a .\CortexM3\ARM_GCC_541\Debug\main.o
                                0x1fa (size before relaxing)
 *fill*         0x000062c2        0x2 
 .rodata.str1.4
                0x000062c4       0x57 .\CortexM3\ARM_GCC_541\Debug\SDCard.o
                                 0x5b (size before relaxing)
 .rodata.str1.4
                0x0000631b        0x3 .\CortexM3\ARM_GCC_541\Debug\Z80_PSoC_3Chips.o
 *fill*         0x0000631b        0x1 
 .rodata        0x0000631c       0xc8 .\CortexM3\ARM_GCC_541\Debug\Z80_DAC.o
                0x0000631c                notes
 .rodata        0x000063e4      0x810 .\CortexM3\ARM_GCC_541\Debug\MultiBoot_CPM.o
                0x000063e4                eprom_length
                0x000063e8                eprom_finish
                0x000063ec                eprom_start
                0x000063f0                eprom_termination
                0x000063f4                Z80_eeprom
 .rodata        0x00006bf4       0x56 .\CortexM3\ARM_GCC_541\Debug\cyfitter_cfg.o
 *fill*         0x00006c4a        0x2 
 .rodata.str1.4
                0x00006c4c       0x14 .\CortexM3\ARM_GCC_541\Debug\Z80_3Chip.a(USBUART_std.o)
                                 0x11 (size before relaxing)
 .rodata        0x00006c60       0x18 .\CortexM3\ARM_GCC_541\Debug\Z80_3Chip.a(RTC.o)
                0x00006c6c                RTC_daysInMonths
 .rodata        0x00006c78       0xc8 .\CortexM3\ARM_GCC_541\Debug\Z80_3Chip.a(WaveDAC8.o)
                0x00006c78                WaveDAC8_wave1
                0x00006cdc                WaveDAC8_wave2
 .rodata        0x00006d40      0x15e .\CortexM3\ARM_GCC_541\Debug\Z80_3Chip.a(USBUART_descr.o)
                0x00006d40                USBUART_TABLE
                0x00006d48                USBUART_DEVICE0_TABLE
                0x00006d60                USBUART_DEVICE0_CONFIGURATION0_TABLE
                0x00006d88                USBUART_DEVICE0_CONFIGURATION0_INTERFACE_CLASS
                0x00006d8c                USBUART_DEVICE0_CONFIGURATION0_EP_SETTINGS_TABLE
                0x00006da4                USBUART_SN_STRING_DESCRIPTOR
                0x00006da8                USBUART_STRING_DESCRIPTORS
                0x00006e48                USBUART_DEVICE0_CONFIGURATION0_DESCR
                0x00006e8c                USBUART_DEVICE0_DESCR
 .rodata.str1.1
                0x00006e9e        0x2 c:/program files (x86)/cypress/psoc creator/4.2/psoc creator/import/gnu/arm/5.4.1/bin/../lib/gcc/arm-none-eabi/5.4.1/../../../../arm-none-eabi/lib/armv7-m\libg_nano.a(lib_a-impure.o)
 .rodata.str1.1
                0x00006ea0       0x11 c:/program files (x86)/cypress/psoc creator/4.2/psoc creator/import/gnu/arm/5.4.1/bin/../lib/gcc/arm-none-eabi/5.4.1/../../../../arm-none-eabi/lib/armv7-m\libg_nano.a(lib_a-nano-svfprintf.o)
 .rodata.str1.1
                0x00006eb1       0x22 c:/program files (x86)/cypress/psoc creator/4.2/psoc creator/import/gnu/arm/5.4.1/bin/../lib/gcc/arm-none-eabi/5.4.1/../../../../arm-none-eabi/lib/armv7-m\libg_nano.a(lib_a-nano-vfprintf_i.o)
                0x00006ed4                . = ALIGN (0x4)
 *fill*         0x00006ed3        0x1 
 *(.init)
 .init          0x00006ed4        0x4 c:/program files (x86)/cypress/psoc creator/4.2/psoc creator/import/gnu/arm/5.4.1/bin/../lib/gcc/arm-none-eabi/5.4.1/armv7-m/crti.o
                0x00006ed4                _init
 .init          0x00006ed8        0x8 c:/program files (x86)/cypress/psoc creator/4.2/psoc creator/import/gnu/arm/5.4.1/bin/../lib/gcc/arm-none-eabi/5.4.1/armv7-m/crtn.o
                0x00006ee0                . = ALIGN (0x4)
                0x00006ee0                __preinit_array_start = .
 *(.preinit_array)
                0x00006ee0                __preinit_array_end = .
                0x00006ee0                . = ALIGN (0x4)
                0x00006ee0                __init_array_start = .
 *(SORT(.init_array.*))
 *(.init_array)
 .init_array    0x00006ee0        0x4 c:/program files (x86)/cypress/psoc creator/4.2/psoc creator/import/gnu/arm/5.4.1/bin/../lib/gcc/arm-none-eabi/5.4.1/armv7-m/crtbegin.o
 .init_array    0x00006ee4        0x4 .\CortexM3\ARM_GCC_541\Debug\Cm3Start.o
                0x00006ee8                __init_array_end = .
                0x00006ee8                . = ALIGN (0x4)
 *(.fini)
 .fini          0x00006ee8        0x4 c:/program files (x86)/cypress/psoc creator/4.2/psoc creator/import/gnu/arm/5.4.1/bin/../lib/gcc/arm-none-eabi/5.4.1/armv7-m/crti.o
                0x00006ee8                _fini
 .fini          0x00006eec        0x8 c:/program files (x86)/cypress/psoc creator/4.2/psoc creator/import/gnu/arm/5.4.1/bin/../lib/gcc/arm-none-eabi/5.4.1/armv7-m/crtn.o
                0x00006ef4                . = ALIGN (0x4)
                0x00006ef4                __fini_array_start = .
 *(.fini_array)
 .fini_array    0x00006ef4        0x4 c:/program files (x86)/cypress/psoc creator/4.2/psoc creator/import/gnu/arm/5.4.1/bin/../lib/gcc/arm-none-eabi/5.4.1/armv7-m/crtbegin.o
 *(SORT(.fini_array.*))
                0x00006ef8                __fini_array_end = .
                0x00006ef8                . = ALIGN (0x4)
 *crtbegin.o(.ctors)
 *(EXCLUDE_FILE(*crtend.o) .ctors)
 *(SORT(.ctors.*))
 *crtend.o(.ctors)
                0x00006ef8                . = ALIGN (0x4)
 *crtbegin.o(.dtors)
 *(EXCLUDE_FILE(*crtend.o) .dtors)
 *(SORT(.dtors.*))
 *crtend.o(.dtors)
                0x00006ef8                . = ALIGN (0x4)
                0x00006ef8                __cy_regions = .
                0x00006ef8        0x4 LONG 0x6f08 __cy_region_init_ram
                0x00006efc        0x4 LONG 0x1fffc0c8 __cy_region_start_data
                0x00006f00        0x4 LONG 0xd0 __cy_region_init_size_ram
                0x00006f04        0x4 LONG 0x610 __cy_region_zero_size_ram
                0x00006f08                __cy_regions_end = .
                0x00006f08                . = ALIGN (0x8)
                0x00006f08                _etext = .

.cy_checksum_exclude
                0x00006f08        0x0
 *(.cy_checksum_exclude)

.ramvectors     0x1fffc000       0xc0
                0x1fffc000                __cy_region_start_ram = .
 *(.ramvectors)
 .ramvectors    0x1fffc000       0xc0 .\CortexM3\ARM_GCC_541\Debug\Cm3Start.o
                0x1fffc000                CyRamVectors

.noinit         0x1fffc0c0        0x1
 *(.noinit)
 .noinit        0x1fffc0c0        0x1 .\CortexM3\ARM_GCC_541\Debug\Z80_3Chip.a(CyLib.o)
                0x1fffc0c0                CyResetStatus

.data           0x1fffc0c8       0xd0 load address 0x00006f08
                0x1fffc0c8                __cy_region_start_data = .
 *(.jcr)
 .jcr           0x1fffc0c8        0x0 c:/program files (x86)/cypress/psoc creator/4.2/psoc creator/import/gnu/arm/5.4.1/bin/../lib/gcc/arm-none-eabi/5.4.1/armv7-m/crtbegin.o
 .jcr           0x1fffc0c8        0x4 c:/program files (x86)/cypress/psoc creator/4.2/psoc creator/import/gnu/arm/5.4.1/bin/../lib/gcc/arm-none-eabi/5.4.1/armv7-m/crtend.o
 *(.got.plt)
 *(.got)
 *(.shdata)
 *(.data .data.* .gnu.linkonce.d.*)
 .data          0x1fffc0cc        0x4 .\CortexM3\ARM_GCC_541\Debug\Cm3Start.o
 .data          0x1fffc0d0        0x8 .\CortexM3\ARM_GCC_541\Debug\Z80_3Chip.a(CyDmac.o)
 .data          0x1fffc0d8       0x10 .\CortexM3\ARM_GCC_541\Debug\Z80_3Chip.a(CyLib.o)
                0x1fffc0d8                cydelay_32k_ms
                0x1fffc0dc                cydelay_freq_khz
                0x1fffc0e0                cydelay_freq_mhz
                0x1fffc0e4                cydelay_freq_hz
 .data          0x1fffc0e8       0x1a .\CortexM3\ARM_GCC_541\Debug\Z80_3Chip.a(USBUART_cdc.o)
                0x1fffc0e8                USBUART_linesCoding
 *fill*         0x1fffc102        0x2 
 .data          0x1fffc104       0x28 .\CortexM3\ARM_GCC_541\Debug\Z80_3Chip.a(RTC.o)
                0x1fffc104                RTC_dstTimeDateStart
                0x1fffc10c                RTC_currentTimeDate
                0x1fffc118                RTC_dstTimeDateStop
                0x1fffc120                RTC_alarmCfgTimeDate
 .data          0x1fffc12c        0x1 .\CortexM3\ARM_GCC_541\Debug\Z80_3Chip.a(WaveDAC8_Wave1_DMA_dma.o)
                0x1fffc12c                WaveDAC8_Wave1_DMA_DmaHandle
 .data          0x1fffc12d        0x1 .\CortexM3\ARM_GCC_541\Debug\Z80_3Chip.a(WaveDAC8_Wave2_DMA_dma.o)
                0x1fffc12d                WaveDAC8_Wave2_DMA_DmaHandle
 *fill*         0x1fffc12e        0x2 
 .data.impure_data
                0x1fffc130       0x60 c:/program files (x86)/cypress/psoc creator/4.2/psoc creator/import/gnu/arm/5.4.1/bin/../lib/gcc/arm-none-eabi/5.4.1/../../../../arm-none-eabi/lib/armv7-m\libg_nano.a(lib_a-impure.o)
 .data._impure_ptr
                0x1fffc190        0x4 c:/program files (x86)/cypress/psoc creator/4.2/psoc creator/import/gnu/arm/5.4.1/bin/../lib/gcc/arm-none-eabi/5.4.1/../../../../arm-none-eabi/lib/armv7-m\libg_nano.a(lib_a-impure.o)
                0x1fffc190                _impure_ptr
                0x1fffc198                . = ALIGN (0x8)
 *fill*         0x1fffc194        0x4 
 *(.ram)
                0x1fffc198                _edata = .

.igot.plt       0x1fffc198        0x0 load address 0x00006fd8
 .igot.plt      0x1fffc198        0x0 c:/program files (x86)/cypress/psoc creator/4.2/psoc creator/import/gnu/arm/5.4.1/bin/../lib/gcc/arm-none-eabi/5.4.1/armv7-m/crtbegin.o

.bss            0x1fffc198      0x610 load address 0x00006fd8
                0x1fffc198                PROVIDE (__bss_start__, .)
 *(.shbss)
 *(.bss .bss.* .gnu.linkonce.b.*)
 .bss           0x1fffc198       0x1c c:/program files (x86)/cypress/psoc creator/4.2/psoc creator/import/gnu/arm/5.4.1/bin/../lib/gcc/arm-none-eabi/5.4.1/armv7-m/crtbegin.o
 .bss           0x1fffc1b4       0x43 .\CortexM3\ARM_GCC_541\Debug\Z80_3Chip.a(cyPm.o)
 .bss           0x1fffc1f7        0x1 .\CortexM3\ARM_GCC_541\Debug\Z80_3Chip.a(I2C.o)
                0x1fffc1f7                I2C_initVar
 .bss           0x1fffc1f8        0x1 .\CortexM3\ARM_GCC_541\Debug\Z80_3Chip.a(USBUART.o)
                0x1fffc1f8                USBUART_initVar
 .bss           0x1fffc1f9        0x1 .\CortexM3\ARM_GCC_541\Debug\Z80_3Chip.a(USBUART_cdc.o)
 *fill*         0x1fffc1fa        0x2 
 .bss           0x1fffc1fc        0x2 .\CortexM3\ARM_GCC_541\Debug\Z80_3Chip.a(USBUART_std.o)
 .bss           0x1fffc1fe        0x1 .\CortexM3\ARM_GCC_541\Debug\Z80_3Chip.a(SPI_Master.o)
                0x1fffc1fe                SPI_Master_initVar
 .bss           0x1fffc1ff        0x9 .\CortexM3\ARM_GCC_541\Debug\Z80_3Chip.a(RTC.o)
                0x1fffc1ff                RTC_statusDateTime
                0x1fffc200                RTC_dstModeType
                0x1fffc201                RTC_dstStartStatus
                0x1fffc202                RTC_dstStopStatus
                0x1fffc203                RTC_dstOffsetMin
                0x1fffc204                RTC_alarmCfgMask
                0x1fffc205                RTC_alarmCurStatus
                0x1fffc206                RTC_initVar
                0x1fffc207                RTC_intervalCfgMask
 .bss           0x1fffc208        0x5 .\CortexM3\ARM_GCC_541\Debug\Z80_3Chip.a(WaveDAC8.o)
                0x1fffc20c                WaveDAC8_initVar
 .bss           0x1fffc20d        0x1 .\CortexM3\ARM_GCC_541\Debug\Z80_3Chip.a(Sound_Counter.o)
                0x1fffc20d                Sound_Counter_initVar
 *fill*         0x1fffc20e        0x2 
 .bss.__malloc_sbrk_start
                0x1fffc210        0x4 c:/program files (x86)/cypress/psoc creator/4.2/psoc creator/import/gnu/arm/5.4.1/bin/../lib/gcc/arm-none-eabi/5.4.1/../../../../arm-none-eabi/lib/armv7-m\libg_nano.a(lib_a-nano-mallocr.o)
                0x1fffc210                __malloc_sbrk_start
 .bss.__malloc_free_list
                0x1fffc214        0x4 c:/program files (x86)/cypress/psoc creator/4.2/psoc creator/import/gnu/arm/5.4.1/bin/../lib/gcc/arm-none-eabi/5.4.1/../../../../arm-none-eabi/lib/armv7-m\libg_nano.a(lib_a-nano-mallocr.o)
                0x1fffc214                __malloc_free_list
 *(COMMON)
 COMMON         0x1fffc218        0x8 .\CortexM3\ARM_GCC_541\Debug\main.o
                0x1fffc218                pioBIntVals
                0x1fffc219                pioAIntVals
                0x1fffc21c                fpIntVal
 COMMON         0x1fffc220       0x10 .\CortexM3\ARM_GCC_541\Debug\FrontPanel.o
                0x1fffc220                FPAddr
                0x1fffc222                FPCtrl
                0x1fffc224                LEDsVal
                0x1fffc228                FPData
                0x1fffc22c                FPLong
 COMMON         0x1fffc230        0xe .\CortexM3\ARM_GCC_541\Debug\Z80_PIO_emul.o
                0x1fffc230                PIO_Mask_Port_B
                0x1fffc231                PIO_Interrupt_Vector_Port_A
                0x1fffc232                PIO_Interrupt_Vector_Port_B
                0x1fffc233                PIO_Interrupt_Ctrl_Word_B
                0x1fffc234                PIO_Mask_Port_A
                0x1fffc235                PIO_Interrupt_Ctrl_Word_A
                0x1fffc236                PIO_State_A
                0x1fffc237                PIO_Vector_Address_Port_A
                0x1fffc238                PIO_Mode_B
                0x1fffc239                PIO_Vector_Address_Port_B
                0x1fffc23a                PIO_Input_Register_Port_B
                0x1fffc23b                PIO_Mode_A
                0x1fffc23c                PIO_Input_Register_Port_A
                0x1fffc23d                PIO_State_B
 COMMON         0x1fffc23e        0x4 .\CortexM3\ARM_GCC_541\Debug\Z80_6850_Emul.o
                0x1fffc23e                M6850_DataOut
                0x1fffc23f                M6850_Status
                0x1fffc240                M6850_Ctrl
                0x1fffc241                M6850_DataIn
 *fill*         0x1fffc242        0x2 
 COMMON         0x1fffc244        0xc .\CortexM3\ARM_GCC_541\Debug\Z80_SDCard_Emul.o
                0x1fffc244                writeSectorNumber
                0x1fffc248                SD_LBA1_Val
                0x1fffc249                SD_DataOut
                0x1fffc24a                SD_Status
                0x1fffc24b                SD_DataIn
                0x1fffc24c                SD_LBA0_Val
                0x1fffc24d                SD_LBA3_Val
                0x1fffc24e                SD_LBA2_Val
                0x1fffc24f                SD_Command
 COMMON         0x1fffc250        0x4 .\CortexM3\ARM_GCC_541\Debug\Z80_6850_2_Emul.o
                0x1fffc250                M6850_2_Ctrl
                0x1fffc251                M6850_2_Status
                0x1fffc252                M6850_2_DataIn
                0x1fffc253                M6850_2_DataOut
 COMMON         0x1fffc254        0x1 .\CortexM3\ARM_GCC_541\Debug\Z80_Mem_Mappers.o
                0x1fffc254                mmu4select
 *fill*         0x1fffc255        0x3 
 COMMON         0x1fffc258      0x404 .\CortexM3\ARM_GCC_541\Debug\SDCard.o
                0x1fffc258                readPointer
                0x1fffc25a                writePointer
                0x1fffc25c                readSDBuffer
                0x1fffc45c                writeSDBuffer
 COMMON         0x1fffc65c       0x54 .\CortexM3\ARM_GCC_541\Debug\Z80_PSoC_3Chips.o
                0x1fffc65c                receiveBufferPtr
                0x1fffc65d                gotCRorLF
                0x1fffc660                receiveBuffer
 COMMON         0x1fffc6b0        0x1 .\CortexM3\ARM_GCC_541\Debug\Z80_RTC.o
                0x1fffc6b0                rtcState
 COMMON         0x1fffc6b1        0x3 .\CortexM3\ARM_GCC_541\Debug\Z80_DAC.o
                0x1fffc6b1                dacState
                0x1fffc6b2                inDataDAC
                0x1fffc6b3                outDataDAC
 COMMON         0x1fffc6b4        0x1 .\CortexM3\ARM_GCC_541\Debug\Z80_3Chip.a(I2C.o)
                0x1fffc6b4                I2C_state
 *fill*         0x1fffc6b5        0x3 
 COMMON         0x1fffc6b8       0x10 .\CortexM3\ARM_GCC_541\Debug\Z80_3Chip.a(I2C_MASTER.o)
                0x1fffc6b8                I2C_mstrWrBufIndex
                0x1fffc6b9                I2C_mstrWrBufSize
                0x1fffc6ba                I2C_mstrStatus
                0x1fffc6bc                I2C_mstrRdBufPtr
                0x1fffc6c0                I2C_mstrControl
                0x1fffc6c1                I2C_mstrRdBufSize
                0x1fffc6c2                I2C_mstrRdBufIndex
                0x1fffc6c4                I2C_mstrWrBufPtr
 COMMON         0x1fffc6c8       0x18 .\CortexM3\ARM_GCC_541\Debug\Z80_3Chip.a(USBUART_cdc.o)
                0x1fffc6c8                USBUART_linesChanged
                0x1fffc6cc                USBUART_cdcDataInEp
                0x1fffc6d0                USBUART_cdcCommInInterruptEp
                0x1fffc6d4                USBUART_cdcDataOutEp
                0x1fffc6d8                USBUART_serialStateBitmap
                0x1fffc6dc                USBUART_linesControlBitmap
 COMMON         0x1fffc6e0       0x9a .\CortexM3\ARM_GCC_541\Debug\Z80_3Chip.a(USBUART_drv.o)
                0x1fffc6e0                USBUART_lastPacketSize
                0x1fffc6e1                USBUART_device
                0x1fffc6e2                USBUART_transferByteCount
                0x1fffc6e4                USBUART_transferState
                0x1fffc6e8                USBUART_interfaceSettingLast
                0x1fffc6ec                USBUART_currentTD
                0x1fffc6f8                USBUART_interfaceNumber
                0x1fffc6fc                USBUART_interfaceClass
                0x1fffc700                USBUART_configurationChanged
                0x1fffc701                USBUART_ep0Mode
                0x1fffc702                USBUART_deviceAddress
                0x1fffc703                USBUART_configuration
                0x1fffc704                USBUART_ep0Count
                0x1fffc705                USBUART_deviceStatus
                0x1fffc708                USBUART_EP
                0x1fffc774                USBUART_interfaceSetting
                0x1fffc776                USBUART_ep0Toggle
                0x1fffc778                USBUART_interfaceStatus
 *fill*         0x1fffc77a        0x2 
 COMMON         0x1fffc77c       0x22 .\CortexM3\ARM_GCC_541\Debug\Z80_3Chip.a(USBUART_descr.o)
                0x1fffc77c                USBUART_idSerialNumberStringDescriptor
 *fill*         0x1fffc79e        0x2 
 COMMON         0x1fffc7a0        0x4 c:/program files (x86)/cypress/psoc creator/4.2/psoc creator/import/gnu/arm/5.4.1/bin/../lib/gcc/arm-none-eabi/5.4.1/../../../../arm-none-eabi/lib/armv7-m\libg_nano.a(lib_a-reent.o)
                0x1fffc7a0                errno
                0x1fffc7a8                . = ALIGN (0x8)
 *fill*         0x1fffc7a4        0x4 
 *(.ram.b)
                0x1fffc7a8                _end = .
                0x1fffc7a8                __end = .
                0x1fffc7a8                PROVIDE (end, .)
                0x1fffc7a8                PROVIDE (__bss_end__, .)
                0x00006f08                __cy_region_init_ram = LOADADDR (.data)
                0x000000d0                __cy_region_init_size_ram = (_edata - ADDR (.data))
                0x00000610                __cy_region_zero_size_ram = (_end - _edata)

.heap           0x1fffc7a8      0x200 load address 0x00006fd8
                0x1fffc7a8                . = _end
                0x1fffc9a8                . = (. + 0x200)
 *fill*         0x1fffc7a8      0x200 
                0x1fffc9a8                __cy_heap_limit = .

.stack          0x20003800      0x800
                0x20003800                __cy_stack_limit = .
                0x20004000                . = (. + 0x800)
 *fill*         0x20003800      0x800 
                0x00000001                ASSERT ((__cy_stack_limit >= __cy_heap_limit), region RAM overflowed with stack)
                0x00000000                cy_checksum_exclude_size = (CY_APPL_LOADABLE == 0x1)?SIZEOF (.cy_checksum_exclude):0x0
                0x00000001                ASSERT ((cy_checksum_exclude_size <= CY_CHECKSUM_EXCLUDE_SIZE), CY_BOOT: Section .cy_checksum_exclude size exceedes specified limit.)

.cyloadermeta
 *(.cyloadermeta)

.cyloadablemeta
 *(.cyloadablemeta)

.cyconfigecc    0x80000000      0xdf4
 *(.cyconfigecc)
 .cyconfigecc   0x80000000      0xdf4 .\CortexM3\ARM_GCC_541\Debug\cymetadata.o
                0x80000000                cy_meta_configecc

.cycustnvl      0x90000000        0x4
 *(.cycustnvl)
 .cycustnvl     0x90000000        0x4 .\CortexM3\ARM_GCC_541\Debug\cymetadata.o
                0x90000000                cy_meta_custnvl

.cywolatch      0x90100000        0x4
 *(.cywolatch)
 .cywolatch     0x90100000        0x4 .\CortexM3\ARM_GCC_541\Debug\cymetadata.o
                0x90100000                cy_meta_wonvl

.cyeeprom       0x90200000        0x0
 *(.cyeeprom)
                0x00000001                ASSERT ((. <= ((0x90200000 + ee_offset) + ee_size)), .cyeeprom data will not fit in EEPROM)

.cyflashprotect
                0x90400000       0x80
 *(.cyflashprotect)
 .cyflashprotect
                0x90400000       0x80 .\CortexM3\ARM_GCC_541\Debug\cymetadata.o
                0x90400000                cy_meta_flashprotect

.cymeta         0x90500000        0xc
 *(.cymeta)
 .cymeta        0x90500000        0xc .\CortexM3\ARM_GCC_541\Debug\cymetadata.o
                0x90500000                cy_metadata

.rel.dyn        0x00006fd8        0x0 load address 0x9050000c
 .rel.iplt      0x00006fd8        0x0 c:/program files (x86)/cypress/psoc creator/4.2/psoc creator/import/gnu/arm/5.4.1/bin/../lib/gcc/arm-none-eabi/5.4.1/armv7-m/crtbegin.o

.stab
 *(.stab)

.stabstr
 *(.stabstr)

.debug
 *(.debug)

.line
 *(.line)

.debug_srcinfo
 *(.debug_srcinfo)

.debug_sfnames
 *(.debug_sfnames)

.debug_aranges  0x00000000     0x16e0
 *(.debug_aranges)
 .debug_aranges
                0x00000000       0x28 .\CortexM3\ARM_GCC_541\Debug\main.o
 .debug_aranges
                0x00000028       0x40 .\CortexM3\ARM_GCC_541\Debug\ExtSRAM.o
 .debug_aranges
                0x00000068       0x68 .\CortexM3\ARM_GCC_541\Debug\FrontPanel.o
 .debug_aranges
                0x000000d0       0x18 .\CortexM3\ARM_GCC_541\Debug\GS_9_MON_BASIC_ROM.o
 .debug_aranges
                0x000000e8       0x18 .\CortexM3\ARM_GCC_541\Debug\Z80_SIO_emul.o
 .debug_aranges
                0x00000100       0x30 .\CortexM3\ARM_GCC_541\Debug\Z80_IO_Handle.o
 .debug_aranges
                0x00000130       0x50 .\CortexM3\ARM_GCC_541\Debug\Z80_PIO_emul.o
 .debug_aranges
                0x00000180       0x18 .\CortexM3\ARM_GCC_541\Debug\GS_7_BASIC_ROM.o
 .debug_aranges
                0x00000198       0x58 .\CortexM3\ARM_GCC_541\Debug\Z80_6850_Emul.o
 .debug_aranges
                0x000001f0       0x50 .\CortexM3\ARM_GCC_541\Debug\Z80_SDCard_Emul.o
 .debug_aranges
                0x00000240       0x18 .\CortexM3\ARM_GCC_541\Debug\GS_FPGA_CPM_BASIC.o
 .debug_aranges
                0x00000258       0x58 .\CortexM3\ARM_GCC_541\Debug\Z80_6850_2_Emul.o
 .debug_aranges
                0x000002b0       0x30 .\CortexM3\ARM_GCC_541\Debug\Z80_Mem_Mappers.o
 .debug_aranges
                0x000002e0       0x58 .\CortexM3\ARM_GCC_541\Debug\SDCard.o
 .debug_aranges
                0x00000338       0x40 .\CortexM3\ARM_GCC_541\Debug\Z80_PSoC_3Chips.o
 .debug_aranges
                0x00000378       0x40 .\CortexM3\ARM_GCC_541\Debug\Z80_RTC.o
 .debug_aranges
                0x000003b8       0x40 .\CortexM3\ARM_GCC_541\Debug\Z80_DAC.o
 .debug_aranges
                0x000003f8       0x18 .\CortexM3\ARM_GCC_541\Debug\MultiBoot_CPM.o
 .debug_aranges
                0x00000410       0x58 .\CortexM3\ARM_GCC_541\Debug\cyfitter_cfg.o
 .debug_aranges
                0x00000468       0x18 .\CortexM3\ARM_GCC_541\Debug\cymetadata.o
 .debug_aranges
                0x00000480       0x48 .\CortexM3\ARM_GCC_541\Debug\Cm3Start.o
 .debug_aranges
                0x000004c8       0xd8 .\CortexM3\ARM_GCC_541\Debug\Z80_3Chip.a(CyDmac.o)
 .debug_aranges
                0x000005a0      0x2a0 .\CortexM3\ARM_GCC_541\Debug\Z80_3Chip.a(CyLib.o)
 .debug_aranges
                0x00000840       0x98 .\CortexM3\ARM_GCC_541\Debug\Z80_3Chip.a(cyPm.o)
 .debug_aranges
                0x000008d8       0x38 .\CortexM3\ARM_GCC_541\Debug\Z80_3Chip.a(LED.o)
 .debug_aranges
                0x00000910       0x38 .\CortexM3\ARM_GCC_541\Debug\Z80_3Chip.a(BUSRQ_n.o)
 .debug_aranges
                0x00000948       0x38 .\CortexM3\ARM_GCC_541\Debug\Z80_3Chip.a(INT_n.o)
 .debug_aranges
                0x00000980       0x28 .\CortexM3\ARM_GCC_541\Debug\Z80_3Chip.a(Z80_Data_In.o)
 .debug_aranges
                0x000009a8       0x40 .\CortexM3\ARM_GCC_541\Debug\Z80_3Chip.a(Z80_Data_Out.o)
 .debug_aranges
                0x000009e8       0x28 .\CortexM3\ARM_GCC_541\Debug\Z80_3Chip.a(ExtSRAMCtl.o)
 .debug_aranges
                0x00000a10       0x38 .\CortexM3\ARM_GCC_541\Debug\Z80_3Chip.a(I2C.o)
 .debug_aranges
                0x00000a48       0x20 .\CortexM3\ARM_GCC_541\Debug\Z80_3Chip.a(I2C_INT.o)
 .debug_aranges
                0x00000a68       0x38 .\CortexM3\ARM_GCC_541\Debug\Z80_3Chip.a(I2C_PM.o)
 .debug_aranges
                0x00000aa0       0x80 .\CortexM3\ARM_GCC_541\Debug\Z80_3Chip.a(I2C_MASTER.o)
 .debug_aranges
                0x00000b20       0xc8 .\CortexM3\ARM_GCC_541\Debug\Z80_3Chip.a(USBUART.o)
 .debug_aranges
                0x00000be8       0xe8 .\CortexM3\ARM_GCC_541\Debug\Z80_3Chip.a(USBUART_cdc.o)
 .debug_aranges
                0x00000cd0       0x98 .\CortexM3\ARM_GCC_541\Debug\Z80_3Chip.a(USBUART_drv.o)
 .debug_aranges
                0x00000d68       0x40 .\CortexM3\ARM_GCC_541\Debug\Z80_3Chip.a(USBUART_episr.o)
 .debug_aranges
                0x00000da8       0x40 .\CortexM3\ARM_GCC_541\Debug\Z80_3Chip.a(USBUART_pm.o)
 .debug_aranges
                0x00000de8       0x80 .\CortexM3\ARM_GCC_541\Debug\Z80_3Chip.a(USBUART_std.o)
 .debug_aranges
                0x00000e68       0x20 .\CortexM3\ARM_GCC_541\Debug\Z80_3Chip.a(USBUART_vnd.o)
 .debug_aranges
                0x00000e88       0x48 .\CortexM3\ARM_GCC_541\Debug\Z80_3Chip.a(USBUART_Dp.o)
 .debug_aranges
                0x00000ed0       0x38 .\CortexM3\ARM_GCC_541\Debug\Z80_3Chip.a(BUSACK_n.o)
 .debug_aranges
                0x00000f08       0x38 .\CortexM3\ARM_GCC_541\Debug\Z80_3Chip.a(I2CINT_n.o)
 .debug_aranges
                0x00000f40       0xd8 .\CortexM3\ARM_GCC_541\Debug\Z80_3Chip.a(SPI_Master.o)
 .debug_aranges
                0x00001018       0x70 .\CortexM3\ARM_GCC_541\Debug\Z80_3Chip.a(SPI_Master_IntClock.o)
 .debug_aranges
                0x00001088      0x1c8 .\CortexM3\ARM_GCC_541\Debug\Z80_3Chip.a(RTC.o)
 .debug_aranges
                0x00001250       0x20 .\CortexM3\ARM_GCC_541\Debug\Z80_3Chip.a(RTC_INT.o)
 .debug_aranges
                0x00001270       0x28 .\CortexM3\ARM_GCC_541\Debug\Z80_3Chip.a(SPI_SS_Out.o)
 .debug_aranges
                0x00001298       0x50 .\CortexM3\ARM_GCC_541\Debug\Z80_3Chip.a(WaveDAC8.o)
 .debug_aranges
                0x000012e8       0x28 .\CortexM3\ARM_GCC_541\Debug\Z80_3Chip.a(WaveDAC8_Wave1_DMA_dma.o)
 .debug_aranges
                0x00001310       0x28 .\CortexM3\ARM_GCC_541\Debug\Z80_3Chip.a(WaveDAC8_Wave2_DMA_dma.o)
 .debug_aranges
                0x00001338       0x58 .\CortexM3\ARM_GCC_541\Debug\Z80_3Chip.a(WaveDAC8_VDAC8.o)
 .debug_aranges
                0x00001390       0x28 .\CortexM3\ARM_GCC_541\Debug\Z80_3Chip.a(DAC_Control.o)
 .debug_aranges
                0x000013b8       0x80 .\CortexM3\ARM_GCC_541\Debug\Z80_3Chip.a(Sound_Counter.o)
 .debug_aranges
                0x00001438       0x80 .\CortexM3\ARM_GCC_541\Debug\Z80_3Chip.a(I2CINT_ISR.o)
 .debug_aranges
                0x000014b8       0x28 .\CortexM3\ARM_GCC_541\Debug\Z80_3Chip.a(MMU_Sel.o)
 .debug_aranges
                0x000014e0       0x28 .\CortexM3\ARM_GCC_541\Debug\Z80_3Chip.a(MMU4_Addr_0.o)
 .debug_aranges
                0x00001508       0x28 .\CortexM3\ARM_GCC_541\Debug\Z80_3Chip.a(MMU4_Addr_1.o)
 .debug_aranges
                0x00001530       0x28 .\CortexM3\ARM_GCC_541\Debug\Z80_3Chip.a(MMU4_Addr_2.o)
 .debug_aranges
                0x00001558       0x28 .\CortexM3\ARM_GCC_541\Debug\Z80_3Chip.a(MMU4_Addr_3.o)
 .debug_aranges
                0x00001580       0x20 .\CortexM3\ARM_GCC_541\Debug\Z80_3Chip.a(CyBootAsmGnu.o)
 .debug_aranges
                0x000015a0       0x88 .\CortexM3\ARM_GCC_541\Debug\Z80_3Chip.a(CyFlash.o)
 .debug_aranges
                0x00001628       0x80 .\CortexM3\ARM_GCC_541\Debug\Z80_3Chip.a(CySpc.o)
 .debug_aranges
                0x000016a8       0x20 .\CortexM3\ARM_GCC_541\Debug\Z80_3Chip.a(USBUART_cls.o)
 .debug_aranges
                0x000016c8       0x18 .\CortexM3\ARM_GCC_541\Debug\Z80_3Chip.a(USBUART_descr.o)

.debug_pubnames
 *(.debug_pubnames)

.debug_info     0x00000000     0xf096
 *(.debug_info .gnu.linkonce.wi.*)
 .debug_info    0x00000000      0x796 .\CortexM3\ARM_GCC_541\Debug\main.o
 .debug_info    0x00000796      0x2a0 .\CortexM3\ARM_GCC_541\Debug\ExtSRAM.o
 .debug_info    0x00000a36      0x8eb .\CortexM3\ARM_GCC_541\Debug\FrontPanel.o
 .debug_info    0x00001321       0xae .\CortexM3\ARM_GCC_541\Debug\GS_9_MON_BASIC_ROM.o
 .debug_info    0x000013cf       0xae .\CortexM3\ARM_GCC_541\Debug\Z80_SIO_emul.o
 .debug_info    0x0000147d      0x4d4 .\CortexM3\ARM_GCC_541\Debug\Z80_IO_Handle.o
 .debug_info    0x00001951      0x64c .\CortexM3\ARM_GCC_541\Debug\Z80_PIO_emul.o
 .debug_info    0x00001f9d       0xae .\CortexM3\ARM_GCC_541\Debug\GS_7_BASIC_ROM.o
 .debug_info    0x0000204b      0x2a4 .\CortexM3\ARM_GCC_541\Debug\Z80_6850_Emul.o
 .debug_info    0x000022ef      0x344 .\CortexM3\ARM_GCC_541\Debug\Z80_SDCard_Emul.o
 .debug_info    0x00002633       0xae .\CortexM3\ARM_GCC_541\Debug\GS_FPGA_CPM_BASIC.o
 .debug_info    0x000026e1      0x222 .\CortexM3\ARM_GCC_541\Debug\Z80_6850_2_Emul.o
 .debug_info    0x00002903      0x251 .\CortexM3\ARM_GCC_541\Debug\Z80_Mem_Mappers.o
 .debug_info    0x00002b54      0xb7e .\CortexM3\ARM_GCC_541\Debug\SDCard.o
 .debug_info    0x000036d2      0x3fd .\CortexM3\ARM_GCC_541\Debug\Z80_PSoC_3Chips.o
 .debug_info    0x00003acf      0x33d .\CortexM3\ARM_GCC_541\Debug\Z80_RTC.o
 .debug_info    0x00003e0c      0x305 .\CortexM3\ARM_GCC_541\Debug\Z80_DAC.o
 .debug_info    0x00004111      0x123 .\CortexM3\ARM_GCC_541\Debug\MultiBoot_CPM.o
 .debug_info    0x00004234      0x6e2 .\CortexM3\ARM_GCC_541\Debug\cyfitter_cfg.o
 .debug_info    0x00004916      0x139 .\CortexM3\ARM_GCC_541\Debug\cymetadata.o
 .debug_info    0x00004a4f      0x3cf .\CortexM3\ARM_GCC_541\Debug\Cm3Start.o
 .debug_info    0x00004e1e      0x94e .\CortexM3\ARM_GCC_541\Debug\Z80_3Chip.a(CyDmac.o)
 .debug_info    0x0000576c     0x1374 .\CortexM3\ARM_GCC_541\Debug\Z80_3Chip.a(CyLib.o)
 .debug_info    0x00006ae0      0xa2a .\CortexM3\ARM_GCC_541\Debug\Z80_3Chip.a(cyPm.o)
 .debug_info    0x0000750a      0x11f .\CortexM3\ARM_GCC_541\Debug\Z80_3Chip.a(LED.o)
 .debug_info    0x00007629      0x11f .\CortexM3\ARM_GCC_541\Debug\Z80_3Chip.a(BUSRQ_n.o)
 .debug_info    0x00007748      0x11f .\CortexM3\ARM_GCC_541\Debug\Z80_3Chip.a(INT_n.o)
 .debug_info    0x00007867       0xd6 .\CortexM3\ARM_GCC_541\Debug\Z80_3Chip.a(Z80_Data_In.o)
 .debug_info    0x0000793d      0x17d .\CortexM3\ARM_GCC_541\Debug\Z80_3Chip.a(Z80_Data_Out.o)
 .debug_info    0x00007aba       0xd6 .\CortexM3\ARM_GCC_541\Debug\Z80_3Chip.a(ExtSRAMCtl.o)
 .debug_info    0x00007b90      0x2ab .\CortexM3\ARM_GCC_541\Debug\Z80_3Chip.a(I2C.o)
 .debug_info    0x00007e3b      0x184 .\CortexM3\ARM_GCC_541\Debug\Z80_3Chip.a(I2C_INT.o)
 .debug_info    0x00007fbf      0x207 .\CortexM3\ARM_GCC_541\Debug\Z80_3Chip.a(I2C_PM.o)
 .debug_info    0x000081c6      0x407 .\CortexM3\ARM_GCC_541\Debug\Z80_3Chip.a(I2C_MASTER.o)
 .debug_info    0x000085cd      0x98f .\CortexM3\ARM_GCC_541\Debug\Z80_3Chip.a(USBUART.o)
 .debug_info    0x00008f5c      0xaf7 .\CortexM3\ARM_GCC_541\Debug\Z80_3Chip.a(USBUART_cdc.o)
 .debug_info    0x00009a53      0x655 .\CortexM3\ARM_GCC_541\Debug\Z80_3Chip.a(USBUART_drv.o)
 .debug_info    0x0000a0a8      0x254 .\CortexM3\ARM_GCC_541\Debug\Z80_3Chip.a(USBUART_episr.o)
 .debug_info    0x0000a2fc      0x2e4 .\CortexM3\ARM_GCC_541\Debug\Z80_3Chip.a(USBUART_pm.o)
 .debug_info    0x0000a5e0      0xb26 .\CortexM3\ARM_GCC_541\Debug\Z80_3Chip.a(USBUART_std.o)
 .debug_info    0x0000b106       0xed .\CortexM3\ARM_GCC_541\Debug\Z80_3Chip.a(USBUART_vnd.o)
 .debug_info    0x0000b1f3      0x174 .\CortexM3\ARM_GCC_541\Debug\Z80_3Chip.a(USBUART_Dp.o)
 .debug_info    0x0000b367      0x11f .\CortexM3\ARM_GCC_541\Debug\Z80_3Chip.a(BUSACK_n.o)
 .debug_info    0x0000b486      0x11f .\CortexM3\ARM_GCC_541\Debug\Z80_3Chip.a(I2CINT_n.o)
 .debug_info    0x0000b5a5      0x4bb .\CortexM3\ARM_GCC_541\Debug\Z80_3Chip.a(SPI_Master.o)
 .debug_info    0x0000ba60      0x283 .\CortexM3\ARM_GCC_541\Debug\Z80_3Chip.a(SPI_Master_IntClock.o)
 .debug_info    0x0000bce3      0xae9 .\CortexM3\ARM_GCC_541\Debug\Z80_3Chip.a(RTC.o)
 .debug_info    0x0000c7cc      0x271 .\CortexM3\ARM_GCC_541\Debug\Z80_3Chip.a(RTC_INT.o)
 .debug_info    0x0000ca3d       0xd6 .\CortexM3\ARM_GCC_541\Debug\Z80_3Chip.a(SPI_SS_Out.o)
 .debug_info    0x0000cb13      0x4db .\CortexM3\ARM_GCC_541\Debug\Z80_3Chip.a(WaveDAC8.o)
 .debug_info    0x0000cfee      0x1aa .\CortexM3\ARM_GCC_541\Debug\Z80_3Chip.a(WaveDAC8_Wave1_DMA_dma.o)
 .debug_info    0x0000d198      0x1a7 .\CortexM3\ARM_GCC_541\Debug\Z80_3Chip.a(WaveDAC8_Wave2_DMA_dma.o)
 .debug_info    0x0000d33f      0x1de .\CortexM3\ARM_GCC_541\Debug\Z80_3Chip.a(WaveDAC8_VDAC8.o)
 .debug_info    0x0000d51d       0xd6 .\CortexM3\ARM_GCC_541\Debug\Z80_3Chip.a(DAC_Control.o)
 .debug_info    0x0000d5f3      0x28d .\CortexM3\ARM_GCC_541\Debug\Z80_3Chip.a(Sound_Counter.o)
 .debug_info    0x0000d880      0x2fc .\CortexM3\ARM_GCC_541\Debug\Z80_3Chip.a(I2CINT_ISR.o)
 .debug_info    0x0000db7c       0xd6 .\CortexM3\ARM_GCC_541\Debug\Z80_3Chip.a(MMU_Sel.o)
 .debug_info    0x0000dc52       0xd6 .\CortexM3\ARM_GCC_541\Debug\Z80_3Chip.a(MMU4_Addr_0.o)
 .debug_info    0x0000dd28       0xd6 .\CortexM3\ARM_GCC_541\Debug\Z80_3Chip.a(MMU4_Addr_1.o)
 .debug_info    0x0000ddfe       0xd6 .\CortexM3\ARM_GCC_541\Debug\Z80_3Chip.a(MMU4_Addr_2.o)
 .debug_info    0x0000ded4       0xd6 .\CortexM3\ARM_GCC_541\Debug\Z80_3Chip.a(MMU4_Addr_3.o)
 .debug_info    0x0000dfaa       0xce .\CortexM3\ARM_GCC_541\Debug\Z80_3Chip.a(CyBootAsmGnu.o)
 .debug_info    0x0000e078      0x64d .\CortexM3\ARM_GCC_541\Debug\Z80_3Chip.a(CyFlash.o)
 .debug_info    0x0000e6c5      0x550 .\CortexM3\ARM_GCC_541\Debug\Z80_3Chip.a(CySpc.o)
 .debug_info    0x0000ec15      0x1de .\CortexM3\ARM_GCC_541\Debug\Z80_3Chip.a(USBUART_cls.o)
 .debug_info    0x0000edf3      0x2a3 .\CortexM3\ARM_GCC_541\Debug\Z80_3Chip.a(USBUART_descr.o)

.debug_abbrev   0x00000000     0x41c7
 *(.debug_abbrev)
 .debug_abbrev  0x00000000      0x13a .\CortexM3\ARM_GCC_541\Debug\main.o
 .debug_abbrev  0x0000013a      0x128 .\CortexM3\ARM_GCC_541\Debug\ExtSRAM.o
 .debug_abbrev  0x00000262      0x185 .\CortexM3\ARM_GCC_541\Debug\FrontPanel.o
 .debug_abbrev  0x000003e7       0x4b .\CortexM3\ARM_GCC_541\Debug\GS_9_MON_BASIC_ROM.o
 .debug_abbrev  0x00000432       0x4b .\CortexM3\ARM_GCC_541\Debug\Z80_SIO_emul.o
 .debug_abbrev  0x0000047d       0xd2 .\CortexM3\ARM_GCC_541\Debug\Z80_IO_Handle.o
 .debug_abbrev  0x0000054f       0xf0 .\CortexM3\ARM_GCC_541\Debug\Z80_PIO_emul.o
 .debug_abbrev  0x0000063f       0x4b .\CortexM3\ARM_GCC_541\Debug\GS_7_BASIC_ROM.o
 .debug_abbrev  0x0000068a      0x136 .\CortexM3\ARM_GCC_541\Debug\Z80_6850_Emul.o
 .debug_abbrev  0x000007c0       0xe0 .\CortexM3\ARM_GCC_541\Debug\Z80_SDCard_Emul.o
 .debug_abbrev  0x000008a0       0x4b .\CortexM3\ARM_GCC_541\Debug\GS_FPGA_CPM_BASIC.o
 .debug_abbrev  0x000008eb       0xe4 .\CortexM3\ARM_GCC_541\Debug\Z80_6850_2_Emul.o
 .debug_abbrev  0x000009cf       0xd6 .\CortexM3\ARM_GCC_541\Debug\Z80_Mem_Mappers.o
 .debug_abbrev  0x00000aa5      0x1cd .\CortexM3\ARM_GCC_541\Debug\SDCard.o
 .debug_abbrev  0x00000c72      0x143 .\CortexM3\ARM_GCC_541\Debug\Z80_PSoC_3Chips.o
 .debug_abbrev  0x00000db5       0xcc .\CortexM3\ARM_GCC_541\Debug\Z80_RTC.o
 .debug_abbrev  0x00000e81       0xd5 .\CortexM3\ARM_GCC_541\Debug\Z80_DAC.o
 .debug_abbrev  0x00000f56       0x75 .\CortexM3\ARM_GCC_541\Debug\MultiBoot_CPM.o
 .debug_abbrev  0x00000fcb      0x20d .\CortexM3\ARM_GCC_541\Debug\cyfitter_cfg.o
 .debug_abbrev  0x000011d8       0x77 .\CortexM3\ARM_GCC_541\Debug\cymetadata.o
 .debug_abbrev  0x0000124f      0x1e8 .\CortexM3\ARM_GCC_541\Debug\Cm3Start.o
 .debug_abbrev  0x00001437      0x1b2 .\CortexM3\ARM_GCC_541\Debug\Z80_3Chip.a(CyDmac.o)
 .debug_abbrev  0x000015e9      0x254 .\CortexM3\ARM_GCC_541\Debug\Z80_3Chip.a(CyLib.o)
 .debug_abbrev  0x0000183d      0x1ab .\CortexM3\ARM_GCC_541\Debug\Z80_3Chip.a(cyPm.o)
 .debug_abbrev  0x000019e8       0x90 .\CortexM3\ARM_GCC_541\Debug\Z80_3Chip.a(LED.o)
 .debug_abbrev  0x00001a78       0x90 .\CortexM3\ARM_GCC_541\Debug\Z80_3Chip.a(BUSRQ_n.o)
 .debug_abbrev  0x00001b08       0x90 .\CortexM3\ARM_GCC_541\Debug\Z80_3Chip.a(INT_n.o)
 .debug_abbrev  0x00001b98       0x81 .\CortexM3\ARM_GCC_541\Debug\Z80_3Chip.a(Z80_Data_In.o)
 .debug_abbrev  0x00001c19       0xac .\CortexM3\ARM_GCC_541\Debug\Z80_3Chip.a(Z80_Data_Out.o)
 .debug_abbrev  0x00001cc5       0x81 .\CortexM3\ARM_GCC_541\Debug\Z80_3Chip.a(ExtSRAMCtl.o)
 .debug_abbrev  0x00001d46      0x10a .\CortexM3\ARM_GCC_541\Debug\Z80_3Chip.a(I2C.o)
 .debug_abbrev  0x00001e50       0xb6 .\CortexM3\ARM_GCC_541\Debug\Z80_3Chip.a(I2C_INT.o)
 .debug_abbrev  0x00001f06       0xfe .\CortexM3\ARM_GCC_541\Debug\Z80_3Chip.a(I2C_PM.o)
 .debug_abbrev  0x00002004      0x13c .\CortexM3\ARM_GCC_541\Debug\Z80_3Chip.a(I2C_MASTER.o)
 .debug_abbrev  0x00002140      0x215 .\CortexM3\ARM_GCC_541\Debug\Z80_3Chip.a(USBUART.o)
 .debug_abbrev  0x00002355      0x245 .\CortexM3\ARM_GCC_541\Debug\Z80_3Chip.a(USBUART_cdc.o)
 .debug_abbrev  0x0000259a      0x189 .\CortexM3\ARM_GCC_541\Debug\Z80_3Chip.a(USBUART_drv.o)
 .debug_abbrev  0x00002723      0x11b .\CortexM3\ARM_GCC_541\Debug\Z80_3Chip.a(USBUART_episr.o)
 .debug_abbrev  0x0000283e      0x108 .\CortexM3\ARM_GCC_541\Debug\Z80_3Chip.a(USBUART_pm.o)
 .debug_abbrev  0x00002946      0x20a .\CortexM3\ARM_GCC_541\Debug\Z80_3Chip.a(USBUART_std.o)
 .debug_abbrev  0x00002b50       0x9b .\CortexM3\ARM_GCC_541\Debug\Z80_3Chip.a(USBUART_vnd.o)
 .debug_abbrev  0x00002beb       0x90 .\CortexM3\ARM_GCC_541\Debug\Z80_3Chip.a(USBUART_Dp.o)
 .debug_abbrev  0x00002c7b       0x90 .\CortexM3\ARM_GCC_541\Debug\Z80_3Chip.a(BUSACK_n.o)
 .debug_abbrev  0x00002d0b       0x90 .\CortexM3\ARM_GCC_541\Debug\Z80_3Chip.a(I2CINT_n.o)
 .debug_abbrev  0x00002d9b      0x146 .\CortexM3\ARM_GCC_541\Debug\Z80_3Chip.a(SPI_Master.o)
 .debug_abbrev  0x00002ee1      0x139 .\CortexM3\ARM_GCC_541\Debug\Z80_3Chip.a(SPI_Master_IntClock.o)
 .debug_abbrev  0x0000301a      0x20f .\CortexM3\ARM_GCC_541\Debug\Z80_3Chip.a(RTC.o)
 .debug_abbrev  0x00003229       0xf1 .\CortexM3\ARM_GCC_541\Debug\Z80_3Chip.a(RTC_INT.o)
 .debug_abbrev  0x0000331a       0x81 .\CortexM3\ARM_GCC_541\Debug\Z80_3Chip.a(SPI_SS_Out.o)
 .debug_abbrev  0x0000339b      0x10b .\CortexM3\ARM_GCC_541\Debug\Z80_3Chip.a(WaveDAC8.o)
 .debug_abbrev  0x000034a6       0xcd .\CortexM3\ARM_GCC_541\Debug\Z80_3Chip.a(WaveDAC8_Wave1_DMA_dma.o)
 .debug_abbrev  0x00003573       0xcd .\CortexM3\ARM_GCC_541\Debug\Z80_3Chip.a(WaveDAC8_Wave2_DMA_dma.o)
 .debug_abbrev  0x00003640       0xf7 .\CortexM3\ARM_GCC_541\Debug\Z80_3Chip.a(WaveDAC8_VDAC8.o)
 .debug_abbrev  0x00003737       0x81 .\CortexM3\ARM_GCC_541\Debug\Z80_3Chip.a(DAC_Control.o)
 .debug_abbrev  0x000037b8      0x122 .\CortexM3\ARM_GCC_541\Debug\Z80_3Chip.a(Sound_Counter.o)
 .debug_abbrev  0x000038da      0x184 .\CortexM3\ARM_GCC_541\Debug\Z80_3Chip.a(I2CINT_ISR.o)
 .debug_abbrev  0x00003a5e       0x81 .\CortexM3\ARM_GCC_541\Debug\Z80_3Chip.a(MMU_Sel.o)
 .debug_abbrev  0x00003adf       0x81 .\CortexM3\ARM_GCC_541\Debug\Z80_3Chip.a(MMU4_Addr_0.o)
 .debug_abbrev  0x00003b60       0x81 .\CortexM3\ARM_GCC_541\Debug\Z80_3Chip.a(MMU4_Addr_1.o)