Archive member included to satisfy reference by file (symbol)

.\CortexM3\ARM_GCC_541\Debug\Z80_3Chip.a(CyLib.o)
                              .\CortexM3\ARM_GCC_541\Debug\Cm3Start.o (CyHalt)
.\CortexM3\ARM_GCC_541\Debug\Z80_3Chip.a(cyPm.o)
                              .\CortexM3\ARM_GCC_541\Debug\Z80_3Chip.a(CyLib.o) (CyPmReadStatus)
.\CortexM3\ARM_GCC_541\Debug\Z80_3Chip.a(AdrLowIn.o)
                              .\CortexM3\ARM_GCC_541\Debug\Z80_IO_Handle.o (AdrLowIn_Read)
.\CortexM3\ARM_GCC_541\Debug\Z80_3Chip.a(LED.o)
                              .\CortexM3\ARM_GCC_541\Debug\main.o (LED_Write)
.\CortexM3\ARM_GCC_541\Debug\Z80_3Chip.a(INT_n.o)
                              .\CortexM3\ARM_GCC_541\Debug\Z80_6850_Emul.o (INT_n_Write)
.\CortexM3\ARM_GCC_541\Debug\Z80_3Chip.a(IO_Ctrl_Reg.o)
                              .\CortexM3\ARM_GCC_541\Debug\Z80_IO_Handle.o (IO_Ctrl_Reg_Write)
.\CortexM3\ARM_GCC_541\Debug\Z80_3Chip.a(IO_Stat_Reg.o)
                              .\CortexM3\ARM_GCC_541\Debug\main.o (IO_Stat_Reg_Read)
.\CortexM3\ARM_GCC_541\Debug\Z80_3Chip.a(Z80_Data_In.o)
                              .\CortexM3\ARM_GCC_541\Debug\FrontPanel.o (Z80_Data_In_Write)
.\CortexM3\ARM_GCC_541\Debug\Z80_3Chip.a(Z80_Data_Out.o)
                              .\CortexM3\ARM_GCC_541\Debug\FrontPanel.o (Z80_Data_Out_Read)
.\CortexM3\ARM_GCC_541\Debug\Z80_3Chip.a(BankBaseAdr.o)
                              .\CortexM3\ARM_GCC_541\Debug\Z80_Mem_Mappers.o (BankBaseAdr_Write)
.\CortexM3\ARM_GCC_541\Debug\Z80_3Chip.a(BankMask.o)
                              .\CortexM3\ARM_GCC_541\Debug\Z80_Mem_Mappers.o (BankMask_Write)
.\CortexM3\ARM_GCC_541\Debug\Z80_3Chip.a(AdrHighOut.o)
                              .\CortexM3\ARM_GCC_541\Debug\Z80_Mem_Mappers.o (AdrHighOut_Write)
.\CortexM3\ARM_GCC_541\Debug\Z80_3Chip.a(I2C.o)
                              .\CortexM3\ARM_GCC_541\Debug\main.o (I2C_Start)
.\CortexM3\ARM_GCC_541\Debug\Z80_3Chip.a(I2C_INT.o)
                              .\CortexM3\ARM_GCC_541\Debug\Z80_3Chip.a(I2C.o) (I2C_ISR)
.\CortexM3\ARM_GCC_541\Debug\Z80_3Chip.a(I2C_PM.o)
                              .\CortexM3\ARM_GCC_541\Debug\Z80_3Chip.a(I2C.o) (I2C_backup)
.\CortexM3\ARM_GCC_541\Debug\Z80_3Chip.a(I2C_MASTER.o)
                              .\CortexM3\ARM_GCC_541\Debug\FrontPanel.o (I2C_MasterWriteBuf)
.\CortexM3\ARM_GCC_541\Debug\Z80_3Chip.a(USBUART.o)
                              .\CortexM3\ARM_GCC_541\Debug\main.o (USBUART_Start)
.\CortexM3\ARM_GCC_541\Debug\Z80_3Chip.a(USBUART_cdc.o)
                              .\CortexM3\ARM_GCC_541\Debug\main.o (USBUART_CDC_Init)
.\CortexM3\ARM_GCC_541\Debug\Z80_3Chip.a(USBUART_drv.o)
                              .\CortexM3\ARM_GCC_541\Debug\Z80_3Chip.a(USBUART.o) (USBUART_lastPacketSize)
.\CortexM3\ARM_GCC_541\Debug\Z80_3Chip.a(USBUART_episr.o)
                              .\CortexM3\ARM_GCC_541\Debug\Z80_3Chip.a(USBUART.o) (USBUART_EP_1_ISR)
.\CortexM3\ARM_GCC_541\Debug\Z80_3Chip.a(USBUART_pm.o)
                              .\CortexM3\ARM_GCC_541\Debug\Z80_3Chip.a(USBUART.o) (USBUART_DP_ISR)
.\CortexM3\ARM_GCC_541\Debug\Z80_3Chip.a(USBUART_std.o)
                              .\CortexM3\ARM_GCC_541\Debug\Z80_3Chip.a(USBUART_pm.o) (USBUART_ConfigReg)
.\CortexM3\ARM_GCC_541\Debug\Z80_3Chip.a(USBUART_vnd.o)
                              .\CortexM3\ARM_GCC_541\Debug\Z80_3Chip.a(USBUART_drv.o) (USBUART_HandleVendorRqst)
.\CortexM3\ARM_GCC_541\Debug\Z80_3Chip.a(USBUART_Dp.o)
                              .\CortexM3\ARM_GCC_541\Debug\Z80_3Chip.a(USBUART.o) (USBUART_Dp_ClearInterrupt)
.\CortexM3\ARM_GCC_541\Debug\Z80_3Chip.a(SPI_Master.o)
                              .\CortexM3\ARM_GCC_541\Debug\SDCard.o (SPI_Master_ReadTxStatus)
.\CortexM3\ARM_GCC_541\Debug\Z80_3Chip.a(SPI_Master_IntClock.o)
                              .\CortexM3\ARM_GCC_541\Debug\Z80_3Chip.a(SPI_Master.o) (SPI_Master_IntClock_Start)
.\CortexM3\ARM_GCC_541\Debug\Z80_3Chip.a(SPI_SS_Override.o)
                              .\CortexM3\ARM_GCC_541\Debug\SDCard.o (SPI_SS_Override_Write)
.\CortexM3\ARM_GCC_541\Debug\Z80_3Chip.a(CyBootAsmGnu.o)
                              .\CortexM3\ARM_GCC_541\Debug\cyfitter_cfg.o (CyDelayCycles)
.\CortexM3\ARM_GCC_541\Debug\Z80_3Chip.a(CyFlash.o)
                              .\CortexM3\ARM_GCC_541\Debug\Z80_3Chip.a(cyPm.o) (CyFlash_SetWaitCycles)
.\CortexM3\ARM_GCC_541\Debug\Z80_3Chip.a(CySpc.o)
                              .\CortexM3\ARM_GCC_541\Debug\Z80_3Chip.a(CyFlash.o) (CySpcStart)
.\CortexM3\ARM_GCC_541\Debug\Z80_3Chip.a(USBUART_cls.o)
                              .\CortexM3\ARM_GCC_541\Debug\Z80_3Chip.a(USBUART_drv.o) (USBUART_DispatchClassRqst)
.\CortexM3\ARM_GCC_541\Debug\Z80_3Chip.a(USBUART_descr.o)
                              .\CortexM3\ARM_GCC_541\Debug\Z80_3Chip.a(USBUART_std.o) (USBUART_idSerialNumberStringDescriptor)
[...]
Memory Configuration

Name             Origin             Length             Attributes
rom              0x00000000         0x00020000         xr
ram              0x1fffc000         0x00008000         xrw
*default*        0x00000000         0xffffffff

Linker script and memory map

LOAD c:/program files (x86)/cypress/psoc creator/4.2/psoc creator/import/gnu/arm/5.4.1/bin/../lib/gcc/arm-none-eabi/5.4.1/armv7-m/crti.o
LOAD c:/program files (x86)/cypress/psoc creator/4.2/psoc creator/import/gnu/arm/5.4.1/bin/../lib/gcc/arm-none-eabi/5.4.1/armv7-m/crtbegin.o
LOAD c:/program files (x86)/cypress/psoc creator/4.2/psoc creator/import/gnu/arm/5.4.1/bin/../lib/gcc/arm-none-eabi/5.4.1/../../../../arm-none-eabi/lib/armv7-m/crt0.o
START GROUP
LOAD .\CortexM3\ARM_GCC_541\Debug\main.o
LOAD .\CortexM3\ARM_GCC_541\Debug\ExtSRAM.o
LOAD .\CortexM3\ARM_GCC_541\Debug\FrontPanel.o
LOAD .\CortexM3\ARM_GCC_541\Debug\GS_9_MON_BASIC_ROM.o
LOAD .\CortexM3\ARM_GCC_541\Debug\Z80_SIO_emul.o
LOAD .\CortexM3\ARM_GCC_541\Debug\Z80_IO_Handle.o
LOAD .\CortexM3\ARM_GCC_541\Debug\Z80_PIO_emul.o
LOAD .\CortexM3\ARM_GCC_541\Debug\GS_7_BASIC_ROM.o
LOAD .\CortexM3\ARM_GCC_541\Debug\Z80_6850_Emul.o
LOAD .\CortexM3\ARM_GCC_541\Debug\Z80_SDCard_Emul.o
LOAD .\CortexM3\ARM_GCC_541\Debug\GS_FPGA_CPM_BASIC.o
LOAD .\CortexM3\ARM_GCC_541\Debug\Z80_6850_2_Emul.o
LOAD .\CortexM3\ARM_GCC_541\Debug\Z80_Mem_Mappers.o
LOAD .\CortexM3\ARM_GCC_541\Debug\SDCard.o
LOAD .\CortexM3\ARM_GCC_541\Debug\cyfitter_cfg.o
LOAD .\CortexM3\ARM_GCC_541\Debug\cymetadata.o
LOAD .\CortexM3\ARM_GCC_541\Debug\Cm3Start.o
LOAD .\CortexM3\ARM_GCC_541\Debug\Z80_3Chip.a
LOAD C:\Program Files (x86)\Cypress\PSoC Creator\4.2\PSoC Creator\psoc\content\cycomponentlibrary\CyComponentLibrary.cylib\CortexM3\ARM_GCC_541\Debug\CyComponentLibrary.a
END GROUP
START GROUP
LOAD c:/program files (x86)/cypress/psoc creator/4.2/psoc creator/import/gnu/arm/5.4.1/bin/../lib/gcc/arm-none-eabi/5.4.1/armv7-m\libgcc.a
LOAD c:/program files (x86)/cypress/psoc creator/4.2/psoc creator/import/gnu/arm/5.4.1/bin/../lib/gcc/arm-none-eabi/5.4.1/../../../../arm-none-eabi/lib/armv7-m\libg_nano.a
LOAD c:/program files (x86)/cypress/psoc creator/4.2/psoc creator/import/gnu/arm/5.4.1/bin/../lib/gcc/arm-none-eabi/5.4.1/../../../../arm-none-eabi/lib/armv7-m\libc_nano.a
END GROUP
START GROUP
LOAD c:/program files (x86)/cypress/psoc creator/4.2/psoc creator/import/gnu/arm/5.4.1/bin/../lib/gcc/arm-none-eabi/5.4.1/armv7-m\libgcc.a
LOAD c:/program files (x86)/cypress/psoc creator/4.2/psoc creator/import/gnu/arm/5.4.1/bin/../lib/gcc/arm-none-eabi/5.4.1/../../../../arm-none-eabi/lib/armv7-m\libc_nano.a
END GROUP
LOAD c:/program files (x86)/cypress/psoc creator/4.2/psoc creator/import/gnu/arm/5.4.1/bin/../lib/gcc/arm-none-eabi/5.4.1/armv7-m/crtend.o
LOAD c:/program files (x86)/cypress/psoc creator/4.2/psoc creator/import/gnu/arm/5.4.1/bin/../lib/gcc/arm-none-eabi/5.4.1/armv7-m/crtn.o
START GROUP
LOAD c:/program files (x86)/cypress/psoc creator/4.2/psoc creator/import/gnu/arm/5.4.1/bin/../lib/gcc/arm-none-eabi/5.4.1/armv7-m\libgcc.a
LOAD c:/program files (x86)/cypress/psoc creator/4.2/psoc creator/import/gnu/arm/5.4.1/bin/../lib/gcc/arm-none-eabi/5.4.1/../../../../arm-none-eabi/lib/armv7-m\libc.a
LOAD c:/program files (x86)/cypress/psoc creator/4.2/psoc creator/import/gnu/arm/5.4.1/bin/../lib/gcc/arm-none-eabi/5.4.1/../../../../arm-none-eabi/lib/armv7-m\libnosys.a
END GROUP
                0x00000000                CY_APPL_ORIGIN = 0x0
                0x00000100                CY_FLASH_ROW_SIZE = 0x100
                0x00000020                CY_ECC_ROW_SIZE = 0x20
                0x00000000                CY_EE_IN_BTLDR = 0x0
                0x00000000                CY_APPL_LOADABLE = 0x0
                0x00000800                CY_EE_SIZE = 0x800
                0x00000001                CY_APPL_NUM = 0x1
                0x00000001                CY_APPL_MAX = 0x1
                0x00000040                CY_METADATA_SIZE = 0x40
                0x00000000                CY_APPL_LOADABLE = 0x0
                0x00000000                CY_CHECKSUM_EXCLUDE_SIZE = ALIGN (0x0, CY_FLASH_ROW_SIZE)
                [!provide]                PROVIDE (__cy_heap_start, _end)
                0x00000001                PROVIDE (__cy_region_num, ((__cy_regions_end - __cy_regions) / 0x10))
                0x20004000                PROVIDE (__cy_stack, (ORIGIN (ram) + LENGTH (ram)))
                [!provide]                PROVIDE (__cy_heap_end, (__cy_stack - 0x800))

.cybootloader   0x00000000        0x0
 *(.cybootloader)
                0x00000000                appl1_start = CY_APPL_ORIGIN?CY_APPL_ORIGIN:ALIGN (CY_FLASH_ROW_SIZE)
                0x0000ff00                appl2_start = (appl1_start + ALIGN ((((LENGTH (rom) - appl1_start) - (0x2 * CY_FLASH_ROW_SIZE)) / 0x2), CY_FLASH_ROW_SIZE))
                0x00000000                appl_start = (CY_APPL_NUM == 0x1)?appl1_start:appl2_start
                0x00000000                ecc_offset = ((appl_start / CY_FLASH_ROW_SIZE) * CY_ECC_ROW_SIZE)
                0x00000000                ee_offset = (CY_APPL_LOADABLE && ! (CY_EE_IN_BTLDR))?((CY_EE_SIZE / CY_APPL_MAX) * (CY_APPL_NUM - 0x1)):0x0
                0x00000800                ee_size = (CY_APPL_LOADABLE && ! (CY_EE_IN_BTLDR))?(CY_EE_SIZE / CY_APPL_MAX):CY_EE_SIZE
                [!provide]                PROVIDE (CY_ECC_OFFSET, ecc_offset)

.text           0x00000000     0x3cbc
 CREATE_OBJECT_SYMBOLS
                0x00000000                PROVIDE (__cy_interrupt_vector, RomVectors)
 *(.romvectors)
 .romvectors    0x00000000       0x10 .\CortexM3\ARM_GCC_541\Debug\Cm3Start.o
                0x00000000                RomVectors
                0x00000001                ASSERT ((. != __cy_interrupt_vector), No interrupt vector)
                0x00000001                ASSERT (CY_APPL_ORIGIN?(SIZEOF (.cybootloader) <= CY_APPL_ORIGIN):0x1, Wrong image location)
                0x00000010                PROVIDE (__cy_reset, Reset)
 *(.text.Reset)
 .text.Reset    0x00000010       0x18 .\CortexM3\ARM_GCC_541\Debug\Cm3Start.o
                0x00000010                Reset
                0x00000001                ASSERT ((. != __cy_reset), No reset code)
 *(.dma_init)
                0x00000001                ASSERT ((((appl_start + .) <= 0x10000) || 0x1), DMA Init must be within the first 64k of flash)
 *(.text .text.* .gnu.linkonce.t.*)
 .text          0x00000028       0x5c c:/program files (x86)/cypress/psoc creator/4.2/psoc creator/import/gnu/arm/5.4.1/bin/../lib/gcc/arm-none-eabi/5.4.1/armv7-m/crtbegin.o
 .text.PostLed  0x00000084       0x28 .\CortexM3\ARM_GCC_541\Debug\main.o
                0x00000084                PostLed
 .text.main     0x000000ac      0x144 .\CortexM3\ARM_GCC_541\Debug\main.o
                0x000000ac                main
 .text.SetExtSRAMAddr
                0x000001f0       0x1c .\CortexM3\ARM_GCC_541\Debug\ExtSRAM.o
                0x000001f0                SetExtSRAMAddr
 .text.ReadExtSRAM
                0x0000020c       0x24 .\CortexM3\ARM_GCC_541\Debug\ExtSRAM.o
                0x0000020c                ReadExtSRAM
 .text.WriteExtSRAM
                0x00000230       0x24 .\CortexM3\ARM_GCC_541\Debug\ExtSRAM.o
                0x00000230                WriteExtSRAM
 .text.TestSRAM
                0x00000254      0x114 .\CortexM3\ARM_GCC_541\Debug\ExtSRAM.o
                0x00000254                TestSRAM
 .text.loadSRAM
                0x00000368       0x30 .\CortexM3\ARM_GCC_541\Debug\ExtSRAM.o
                0x00000368                loadSRAM
 .text.readRegister_MCP23017
                0x00000398       0x38 .\CortexM3\ARM_GCC_541\Debug\FrontPanel.o
                0x00000398                readRegister_MCP23017
 .text.readFrontPanelSwitchesStatic
                0x000003d0       0x30 .\CortexM3\ARM_GCC_541\Debug\FrontPanel.o
                0x000003d0                readFrontPanelSwitchesStatic
 .text.FrontPanelZ80Read
                0x00000400       0x38 .\CortexM3\ARM_GCC_541\Debug\FrontPanel.o
                0x00000400                FrontPanelZ80Read
 .text.readFrontPanelSwitchesRegistered
                0x00000438       0x34 .\CortexM3\ARM_GCC_541\Debug\FrontPanel.o
                0x00000438                readFrontPanelSwitchesRegistered
 .text.waitFrontPanelSwitchesPressed
                0x0000046c       0x24 .\CortexM3\ARM_GCC_541\Debug\FrontPanel.o
                0x0000046c                waitFrontPanelSwitchesPressed
 .text.writeRegister_MCP23017
                0x00000490       0x34 .\CortexM3\ARM_GCC_541\Debug\FrontPanel.o
                0x00000490                writeRegister_MCP23017
 .text.init_FrontPanel
                0x000004c4       0xa0 .\CortexM3\ARM_GCC_541\Debug\FrontPanel.o
                0x000004c4                init_FrontPanel
 .text.writeFrontPanelLEDs
                0x00000564       0x34 .\CortexM3\ARM_GCC_541\Debug\FrontPanel.o
                0x00000564                writeFrontPanelLEDs
 .text.FrontPanelZ80Write
                0x00000598       0x68 .\CortexM3\ARM_GCC_541\Debug\FrontPanel.o
                0x00000598                FrontPanelZ80Write
 .text.runFrontPanel
                0x00000600      0x1ac .\CortexM3\ARM_GCC_541\Debug\FrontPanel.o
                0x00000600                runFrontPanel
 .text.HandleZ80IO
                0x000007ac      0x2c0 .\CortexM3\ARM_GCC_541\Debug\Z80_IO_Handle.o
                0x000007ac                HandleZ80IO
 .text.ackIO    0x00000a6c       0x14 .\CortexM3\ARM_GCC_541\Debug\Z80_IO_Handle.o
                0x00000a6c                ackIO
 .text.initM6850StatusRegister
                0x00000a80        0xc .\CortexM3\ARM_GCC_541\Debug\Z80_6850_Emul.o
                0x00000a80                initM6850StatusRegister
 .text.M6850ReadIntReg
                0x00000a8c       0x14 .\CortexM3\ARM_GCC_541\Debug\Z80_6850_Emul.o
                0x00000a8c                M6850ReadIntReg
 .text.sendCharToZ80
                0x00000aa0       0x30 .\CortexM3\ARM_GCC_541\Debug\Z80_6850_Emul.o
                0x00000aa0                sendCharToZ80
 .text.checkSerialReceiverBusy
                0x00000ad0       0x24 .\CortexM3\ARM_GCC_541\Debug\Z80_6850_Emul.o
                0x00000ad0                checkSerialReceiverBusy
 .text.M6850ReadData
                0x00000af4       0x24 .\CortexM3\ARM_GCC_541\Debug\Z80_6850_Emul.o
                0x00000af4                M6850ReadData
 .text.M6850WriteData
                0x00000b18       0x28 .\CortexM3\ARM_GCC_541\Debug\Z80_6850_Emul.o
                0x00000b18                M6850WriteData
 .text.M6850ReadStatus
                0x00000b40       0x14 .\CortexM3\ARM_GCC_541\Debug\Z80_6850_Emul.o
                0x00000b40                M6850ReadStatus
 .text.M6850WriteCtrl
                0x00000b54       0x14 .\CortexM3\ARM_GCC_541\Debug\Z80_6850_Emul.o
                0x00000b54                M6850WriteCtrl
 .text.SDWriteCommand
                0x00000b68       0xbc .\CortexM3\ARM_GCC_541\Debug\Z80_SDCard_Emul.o
                0x00000b68                SDWriteCommand
 .text.SDReadStatus
                0x00000c24       0x14 .\CortexM3\ARM_GCC_541\Debug\Z80_SDCard_Emul.o
                0x00000c24                SDReadStatus
 .text.SDWriteLBA0
                0x00000c38       0x14 .\CortexM3\ARM_GCC_541\Debug\Z80_SDCard_Emul.o
                0x00000c38                SDWriteLBA0
 .text.SDWriteLBA1
                0x00000c4c       0x14 .\CortexM3\ARM_GCC_541\Debug\Z80_SDCard_Emul.o
                0x00000c4c                SDWriteLBA1
 .text.SDWriteLBA2
                0x00000c60       0x14 .\CortexM3\ARM_GCC_541\Debug\Z80_SDCard_Emul.o
                0x00000c60                SDWriteLBA2
 .text.putStringToUSB
                0x00000c74       0x1c .\CortexM3\ARM_GCC_541\Debug\Z80_SDCard_Emul.o
                0x00000c74                putStringToUSB
 .text.initM6850_2_StatusRegister
                0x00000c90        0xc .\CortexM3\ARM_GCC_541\Debug\Z80_6850_2_Emul.o
                0x00000c90                initM6850_2_StatusRegister
 .text.M6850_2_ReadData
                0x00000c9c        0x8 .\CortexM3\ARM_GCC_541\Debug\Z80_6850_2_Emul.o
                0x00000c9c                M6850_2_ReadData
 .text.M6850_2_WriteData
                0x00000ca4        0x8 .\CortexM3\ARM_GCC_541\Debug\Z80_6850_2_Emul.o
                0x00000ca4                M6850_2_WriteData
 .text.M6850_2_ReadStatus
                0x00000cac       0x14 .\CortexM3\ARM_GCC_541\Debug\Z80_6850_2_Emul.o
                0x00000cac                M6850_2_ReadStatus
 .text.M6850_2_WriteCtrl
                0x00000cc0       0x14 .\CortexM3\ARM_GCC_541\Debug\Z80_6850_2_Emul.o
                0x00000cc0                M6850_2_WriteCtrl
 .text.init_mem_map_1
                0x00000cd4       0x18 .\CortexM3\ARM_GCC_541\Debug\Z80_Mem_Mappers.o
                0x00000cd4                init_mem_map_1
 .text.swap_out_ROM_space
                0x00000cec       0x10 .\CortexM3\ARM_GCC_541\Debug\Z80_Mem_Mappers.o
                0x00000cec                swap_out_ROM_space
 .text.dumpBuffer
                0x00000cfc       0xd0 .\CortexM3\ARM_GCC_541\Debug\SDCard.o
                0x00000cfc                dumpBuffer
 .text.SPI_write
                0x00000dcc       0x18 .\CortexM3\ARM_GCC_541\Debug\SDCard.o
                0x00000dcc                SPI_write
 .text.SD_command
                0x00000de4       0x6c .\CortexM3\ARM_GCC_541\Debug\SDCard.o
                0x00000de4                SD_command
 .text.SDInit   0x00000e50       0xfc .\CortexM3\ARM_GCC_541\Debug\SDCard.o
                0x00000e50                SDInit
 .text.SD_readSector
                0x00000f4c       0xe8 .\CortexM3\ARM_GCC_541\Debug\SDCard.o
                0x00000f4c                SD_readSector
 .text.readSDCard
                0x00001034       0x18 .\CortexM3\ARM_GCC_541\Debug\SDCard.o
                0x00001034                readSDCard
 .text.SD_WriteSector
                0x0000104c       0xd8 .\CortexM3\ARM_GCC_541\Debug\SDCard.o
                0x0000104c                SD_WriteSector
 .text.SDReadData
                0x00001124       0x34 .\CortexM3\ARM_GCC_541\Debug\SDCard.o
                0x00001124                SDReadData
 .text.SDWriteData
                0x00001158       0x30 .\CortexM3\ARM_GCC_541\Debug\SDCard.o
                0x00001158                SDWriteData
 .text.CyClockStartupError
                0x00001188        0x4 .\CortexM3\ARM_GCC_541\Debug\cyfitter_cfg.o
 .text.cfg_write_bytes32
                0x0000118c       0x34 .\CortexM3\ARM_GCC_541\Debug\cyfitter_cfg.o
 .text.AnalogSetDefault
                0x000011c0       0x38 .\CortexM3\ARM_GCC_541\Debug\cyfitter_cfg.o
 .text.CYMEMZERO
                0x000011f8        0xc .\CortexM3\ARM_GCC_541\Debug\cyfitter_cfg.o
 .text.ClockSetup
                0x00001204      0x120 .\CortexM3\ARM_GCC_541\Debug\cyfitter_cfg.o
 .text.CYCONFIGCPY
                0x00001324        0x8 .\CortexM3\ARM_GCC_541\Debug\cyfitter_cfg.o
 .text.cyfitter_cfg
                0x0000132c      0x170 .\CortexM3\ARM_GCC_541\Debug\cyfitter_cfg.o
                0x0000132c                cyfitter_cfg
 .text.IntDefaultHandler
                0x0000149c       0x10 .\CortexM3\ARM_GCC_541\Debug\Cm3Start.o
                0x0000149c                IntDefaultHandler
 .text._sbrk    0x000014ac       0x30 .\CortexM3\ARM_GCC_541\Debug\Cm3Start.o
                0x000014ac                _sbrk
 .text.Start_c  0x000014dc       0x4c .\CortexM3\ARM_GCC_541\Debug\Cm3Start.o
                0x000014dc                Start_c
 .text.initialize_psoc
                0x00001528       0x68 .\CortexM3\ARM_GCC_541\Debug\Cm3Start.o
                0x00001528                initialize_psoc
 .text.CyHalt   0x00001590        0x4 .\CortexM3\ARM_GCC_541\Debug\Z80_3Chip.a(CyLib.o)
                0x00001590                CyHalt
 .text.CyDelay  0x00001594       0x2c .\CortexM3\ARM_GCC_541\Debug\Z80_3Chip.a(CyLib.o)
                0x00001594                CyDelay
 .text.CyDelayUs
                0x000015c0       0x14 .\CortexM3\ARM_GCC_541\Debug\Z80_3Chip.a(CyLib.o)
                0x000015c0                CyDelayUs
 .text.CyIntSetVector
                0x000015d4       0x28 .\CortexM3\ARM_GCC_541\Debug\Z80_3Chip.a(CyLib.o)
                0x000015d4                CyIntSetVector
 .text.CyIntSetPriority
                0x000015fc       0x30 .\CortexM3\ARM_GCC_541\Debug\Z80_3Chip.a(CyLib.o)
                0x000015fc                CyIntSetPriority
 .text.CyGetUniqueId
                0x0000162c       0x70 .\CortexM3\ARM_GCC_541\Debug\Z80_3Chip.a(CyLib.o)
                0x0000162c                CyGetUniqueId
 .text.AdrLowIn_Read
                0x0000169c        0xc .\CortexM3\ARM_GCC_541\Debug\Z80_3Chip.a(AdrLowIn.o)
                0x0000169c                AdrLowIn_Read
 .text.LED_Write
                0x000016a8       0x18 .\CortexM3\ARM_GCC_541\Debug\Z80_3Chip.a(LED.o)
                0x000016a8                LED_Write
 .text.INT_n_Write
                0x000016c0       0x18 .\CortexM3\ARM_GCC_541\Debug\Z80_3Chip.a(INT_n.o)
                0x000016c0                INT_n_Write
 .text.IO_Ctrl_Reg_Write
                0x000016d8        0xc .\CortexM3\ARM_GCC_541\Debug\Z80_3Chip.a(IO_Ctrl_Reg.o)
                0x000016d8                IO_Ctrl_Reg_Write
 .text.IO_Ctrl_Reg_Read
                0x000016e4        0xc .\CortexM3\ARM_GCC_541\Debug\Z80_3Chip.a(IO_Ctrl_Reg.o)
                0x000016e4                IO_Ctrl_Reg_Read
 .text.IO_Stat_Reg_Read
                0x000016f0        0xc .\CortexM3\ARM_GCC_541\Debug\Z80_3Chip.a(IO_Stat_Reg.o)
                0x000016f0                IO_Stat_Reg_Read
 .text.Z80_Data_In_Write
                0x000016fc        0xc .\CortexM3\ARM_GCC_541\Debug\Z80_3Chip.a(Z80_Data_In.o)
                0x000016fc                Z80_Data_In_Write
 .text.Z80_Data_Out_Read
                0x00001708        0xc .\CortexM3\ARM_GCC_541\Debug\Z80_3Chip.a(Z80_Data_Out.o)
                0x00001708                Z80_Data_Out_Read
 .text.BankBaseAdr_Write
                0x00001714        0xc .\CortexM3\ARM_GCC_541\Debug\Z80_3Chip.a(BankBaseAdr.o)
                0x00001714                BankBaseAdr_Write
 .text.BankMask_Write
                0x00001720        0xc .\CortexM3\ARM_GCC_541\Debug\Z80_3Chip.a(BankMask.o)
                0x00001720                BankMask_Write
 .text.AdrHighOut_Write
                0x0000172c        0xc .\CortexM3\ARM_GCC_541\Debug\Z80_3Chip.a(AdrHighOut.o)
                0x0000172c                AdrHighOut_Write
 .text.I2C_Init
                0x00001738       0x68 .\CortexM3\ARM_GCC_541\Debug\Z80_3Chip.a(I2C.o)
                0x00001738                I2C_Init
 .text.I2C_Enable
                0x000017a0       0x24 .\CortexM3\ARM_GCC_541\Debug\Z80_3Chip.a(I2C.o)
                0x000017a0                I2C_Enable
 .text.I2C_Start
                0x000017c4       0x28 .\CortexM3\ARM_GCC_541\Debug\Z80_3Chip.a(I2C.o)
                0x000017c4                I2C_Start
 .text.I2C_ISR  0x000017ec      0x2d0 .\CortexM3\ARM_GCC_541\Debug\Z80_3Chip.a(I2C_INT.o)
                0x000017ec                I2C_ISR
 .text.I2C_MasterWriteBuf
                0x00001abc       0xcc .\CortexM3\ARM_GCC_541\Debug\Z80_3Chip.a(I2C_MASTER.o)
                0x00001abc                I2C_MasterWriteBuf
 .text.I2C_MasterSendStart
                0x00001b88       0x80 .\CortexM3\ARM_GCC_541\Debug\Z80_3Chip.a(I2C_MASTER.o)
                0x00001b88                I2C_MasterSendStart
 .text.I2C_MasterSendStop
                0x00001c08       0x38 .\CortexM3\ARM_GCC_541\Debug\Z80_3Chip.a(I2C_MASTER.o)
                0x00001c08                I2C_MasterSendStop
 .text.I2C_MasterWriteByte
                0x00001c40       0x58 .\CortexM3\ARM_GCC_541\Debug\Z80_3Chip.a(I2C_MASTER.o)
                0x00001c40                I2C_MasterWriteByte
 .text.I2C_MasterReadByte
                0x00001c98       0x58 .\CortexM3\ARM_GCC_541\Debug\Z80_3Chip.a(I2C_MASTER.o)
                0x00001c98                I2C_MasterReadByte
 .text.I2C_MasterStatus
                0x00001cf0       0x38 .\CortexM3\ARM_GCC_541\Debug\Z80_3Chip.a(I2C_MASTER.o)
                0x00001cf0                I2C_MasterStatus
 .text.I2C_MasterClearStatus
                0x00001d28       0x24 .\CortexM3\ARM_GCC_541\Debug\Z80_3Chip.a(I2C_MASTER.o)
                0x00001d28                I2C_MasterClearStatus
 .text.USBUART_Init
                0x00001d4c      0x140 .\CortexM3\ARM_GCC_541\Debug\Z80_3Chip.a(USBUART.o)
                0x00001d4c                USBUART_Init
 .text.USBUART_InitComponent
                0x00001e8c       0xb8 .\CortexM3\ARM_GCC_541\Debug\Z80_3Chip.a(USBUART.o)
                0x00001e8c                USBUART_InitComponent
 .text.USBUART_Start
                0x00001f44       0x24 .\CortexM3\ARM_GCC_541\Debug\Z80_3Chip.a(USBUART.o)
                0x00001f44                USBUART_Start
 .text.USBUART_ReInitComponent
                0x00001f68       0x4c .\CortexM3\ARM_GCC_541\Debug\Z80_3Chip.a(USBUART.o)
                0x00001f68                USBUART_ReInitComponent
 .text.USBUART_GetConfiguration
                0x00001fb4        0xc .\CortexM3\ARM_GCC_541\Debug\Z80_3Chip.a(USBUART.o)
                0x00001fb4                USBUART_GetConfiguration
 .text.USBUART_IsConfigurationChanged
                0x00001fc0       0x20 .\CortexM3\ARM_GCC_541\Debug\Z80_3Chip.a(USBUART.o)
                0x00001fc0                USBUART_IsConfigurationChanged
 .text.USBUART_GetEPState
                0x00001fe0       0x14 .\CortexM3\ARM_GCC_541\Debug\Z80_3Chip.a(USBUART.o)
                0x00001fe0                USBUART_GetEPState
 .text.USBUART_GetEPCount
                0x00001ff4       0x28 .\CortexM3\ARM_GCC_541\Debug\Z80_3Chip.a(USBUART.o)
                0x00001ff4                USBUART_GetEPCount
 .text.USBUART_LoadInEP
                0x0000201c       0x94 .\CortexM3\ARM_GCC_541\Debug\Z80_3Chip.a(USBUART.o)
                0x0000201c                USBUART_LoadInEP
 .text.USBUART_EnableOutEP
                0x000020b0       0x2c .\CortexM3\ARM_GCC_541\Debug\Z80_3Chip.a(USBUART.o)
                0x000020b0                USBUART_EnableOutEP
 .text.USBUART_ReadOutEP
                0x000020dc       0x50 .\CortexM3\ARM_GCC_541\Debug\Z80_3Chip.a(USBUART.o)
                0x000020dc                USBUART_ReadOutEP
 .text.USBUART_GetInterfaceComPort
                0x0000212c       0x38 .\CortexM3\ARM_GCC_541\Debug\Z80_3Chip.a(USBUART_cdc.o)
                0x0000212c                USBUART_GetInterfaceComPort
 .text.USBUART_DispatchCDCClassRqst
                0x00002164       0x98 .\CortexM3\ARM_GCC_541\Debug\Z80_3Chip.a(USBUART_cdc.o)
                0x00002164                USBUART_DispatchCDCClassRqst
 .text.USBUART_CDC_Init
                0x000021fc       0x98 .\CortexM3\ARM_GCC_541\Debug\Z80_3Chip.a(USBUART_cdc.o)
                0x000021fc                USBUART_CDC_Init
 .text.USBUART_PutData
                0x00002294       0x50 .\CortexM3\ARM_GCC_541\Debug\Z80_3Chip.a(USBUART_cdc.o)
                0x00002294                USBUART_PutData
 .text.USBUART_DataIsReady
                0x000022e4       0x18 .\CortexM3\ARM_GCC_541\Debug\Z80_3Chip.a(USBUART_cdc.o)
                0x000022e4                USBUART_DataIsReady
 .text.USBUART_CDCIsReady
                0x000022fc       0x18 .\CortexM3\ARM_GCC_541\Debug\Z80_3Chip.a(USBUART_cdc.o)
                0x000022fc                USBUART_CDCIsReady
 .text.USBUART_GetAll
                0x00002314       0x30 .\CortexM3\ARM_GCC_541\Debug\Z80_3Chip.a(USBUART_cdc.o)
                0x00002314                USBUART_GetAll
 .text.USBUART_Cdc_EpInit
                0x00002344       0x50 .\CortexM3\ARM_GCC_541\Debug\Z80_3Chip.a(USBUART_cdc.o)
                0x00002344                USBUART_Cdc_EpInit
 .text.USBUART_LoadEP0
                0x00002394       0x98 .\CortexM3\ARM_GCC_541\Debug\Z80_3Chip.a(USBUART_drv.o)
                0x00002394                USBUART_LoadEP0
 .text.USBUART_InitZeroLengthControlTransfer
                0x0000242c       0x34 .\CortexM3\ARM_GCC_541\Debug\Z80_3Chip.a(USBUART_drv.o)
                0x0000242c                USBUART_InitZeroLengthControlTransfer
 .text.USBUART_ControlReadDataStage
                0x00002460        0x8 .\CortexM3\ARM_GCC_541\Debug\Z80_3Chip.a(USBUART_drv.o)
                0x00002460                USBUART_ControlReadDataStage
 .text.USBUART_ControlWriteDataStage
                0x00002468       0x84 .\CortexM3\ARM_GCC_541\Debug\Z80_3Chip.a(USBUART_drv.o)
                0x00002468                USBUART_ControlWriteDataStage
 .text.USBUART_InitNoDataControlTransfer
                0x000024ec       0x2c .\CortexM3\ARM_GCC_541\Debug\Z80_3Chip.a(USBUART_drv.o)
                0x000024ec                USBUART_InitNoDataControlTransfer
 .text.USBUART_UpdateStatusBlock
                0x00002518       0x24 .\CortexM3\ARM_GCC_541\Debug\Z80_3Chip.a(USBUART_drv.o)
                0x00002518                USBUART_UpdateStatusBlock
 .text.USBUART_HandleSetup
                0x0000253c       0x5c .\CortexM3\ARM_GCC_541\Debug\Z80_3Chip.a(USBUART_drv.o)
                0x0000253c                USBUART_HandleSetup
 .text.USBUART_ControlReadStatusStage
                0x00002598       0x38 .\CortexM3\ARM_GCC_541\Debug\Z80_3Chip.a(USBUART_drv.o)
                0x00002598                USBUART_ControlReadStatusStage
 .text.USBUART_HandleOUT
                0x000025d0       0x38 .\CortexM3\ARM_GCC_541\Debug\Z80_3Chip.a(USBUART_drv.o)
                0x000025d0                USBUART_HandleOUT
 .text.USBUART_ControlWriteStatusStage
                0x00002608       0x20 .\CortexM3\ARM_GCC_541\Debug\Z80_3Chip.a(USBUART_drv.o)
                0x00002608                USBUART_ControlWriteStatusStage
 .text.USBUART_NoDataControlStatusStage
                0x00002628       0x40 .\CortexM3\ARM_GCC_541\Debug\Z80_3Chip.a(USBUART_drv.o)
                0x00002628                USBUART_NoDataControlStatusStage
 .text.USBUART_HandleIN
                0x00002668       0x2c .\CortexM3\ARM_GCC_541\Debug\Z80_3Chip.a(USBUART_drv.o)
                0x00002668                USBUART_HandleIN
 .text.USBUART_EP_0_ISR
                0x00002694       0xb8 .\CortexM3\ARM_GCC_541\Debug\Z80_3Chip.a(USBUART_drv.o)
                0x00002694                USBUART_EP_0_ISR
 .text.USBUART_InitializeStatusBlock
                0x0000274c       0x24 .\CortexM3\ARM_GCC_541\Debug\Z80_3Chip.a(USBUART_drv.o)
                0x0000274c                USBUART_InitializeStatusBlock
 .text.USBUART_InitControlRead
                0x00002770       0x50 .\CortexM3\ARM_GCC_541\Debug\Z80_3Chip.a(USBUART_drv.o)
                0x00002770                USBUART_InitControlRead
 .text.USBUART_InitControlWrite
                0x000027c0       0x48 .\CortexM3\ARM_GCC_541\Debug\Z80_3Chip.a(USBUART_drv.o)
                0x000027c0                USBUART_InitControlWrite
 .text.USBUART_EP_1_ISR
                0x00002808       0x30 .\CortexM3\ARM_GCC_541\Debug\Z80_3Chip.a(USBUART_episr.o)
                0x00002808                USBUART_EP_1_ISR
 .text.USBUART_EP_2_ISR
                0x00002838       0x34 .\CortexM3\ARM_GCC_541\Debug\Z80_3Chip.a(USBUART_episr.o)
                0x00002838                USBUART_EP_2_ISR
 .text.USBUART_EP_3_ISR
                0x0000286c       0x3c .\CortexM3\ARM_GCC_541\Debug\Z80_3Chip.a(USBUART_episr.o)
                0x0000286c                USBUART_EP_3_ISR
 .text.USBUART_SOF_ISR
                0x000028a8        0x4 .\CortexM3\ARM_GCC_541\Debug\Z80_3Chip.a(USBUART_episr.o)
                0x000028a8                USBUART_SOF_ISR
 .text.USBUART_BUS_RESET_ISR
                0x000028ac        0x8 .\CortexM3\ARM_GCC_541\Debug\Z80_3Chip.a(USBUART_episr.o)
                0x000028ac                USBUART_BUS_RESET_ISR
 .text.USBUART_DP_ISR
                0x000028b4        0x8 .\CortexM3\ARM_GCC_541\Debug\Z80_3Chip.a(USBUART_pm.o)
                0x000028b4                USBUART_DP_ISR
 .text.USBUART_ReadDieID
                0x000028bc       0x6c .\CortexM3\ARM_GCC_541\Debug\Z80_3Chip.a(USBUART_std.o)
                0x000028bc                USBUART_ReadDieID
 .text.USBUART_ConfigReg
                0x00002928       0xa4 .\CortexM3\ARM_GCC_541\Debug\Z80_3Chip.a(USBUART_std.o)
                0x00002928                USBUART_ConfigReg
 .text.USBUART_GetConfigTablePtr
                0x000029cc       0x28 .\CortexM3\ARM_GCC_541\Debug\Z80_3Chip.a(USBUART_std.o)
                0x000029cc                USBUART_GetConfigTablePtr
 .text.USBUART_ConfigAltChanged
                0x000029f4      0x11c .\CortexM3\ARM_GCC_541\Debug\Z80_3Chip.a(USBUART_std.o)
                0x000029f4                USBUART_ConfigAltChanged
 .text.USBUART_GetDeviceTablePtr
                0x00002b10       0x18 .\CortexM3\ARM_GCC_541\Debug\Z80_3Chip.a(USBUART_std.o)
                0x00002b10                USBUART_GetDeviceTablePtr
 .text.USBUART_GetInterfaceClassTablePtr
                0x00002b28       0x28 .\CortexM3\ARM_GCC_541\Debug\Z80_3Chip.a(USBUART_std.o)
                0x00002b28                USBUART_GetInterfaceClassTablePtr
 .text.USBUART_Config
                0x00002b50      0x1ec .\CortexM3\ARM_GCC_541\Debug\Z80_3Chip.a(USBUART_std.o)
                0x00002b50                USBUART_Config
 .text.USBUART_SetEndpointHalt
                0x00002d3c       0x64 .\CortexM3\ARM_GCC_541\Debug\Z80_3Chip.a(USBUART_std.o)
                0x00002d3c                USBUART_SetEndpointHalt
 .text.USBUART_ClearEndpointHalt
                0x00002da0       0xac .\CortexM3\ARM_GCC_541\Debug\Z80_3Chip.a(USBUART_std.o)
                0x00002da0                USBUART_ClearEndpointHalt
 .text.USBUART_ValidateAlternateSetting
                0x00002e4c       0x4c .\CortexM3\ARM_GCC_541\Debug\Z80_3Chip.a(USBUART_std.o)
                0x00002e4c                USBUART_ValidateAlternateSetting
 .text.USBUART_HandleStandardRqst
                0x00002e98      0x354 .\CortexM3\ARM_GCC_541\Debug\Z80_3Chip.a(USBUART_std.o)
                0x00002e98                USBUART_HandleStandardRqst
 .text.USBUART_HandleVendorRqst
                0x000031ec       0x18 .\CortexM3\ARM_GCC_541\Debug\Z80_3Chip.a(USBUART_vnd.o)
                0x000031ec                USBUART_HandleVendorRqst
 .text.USBUART_Dp_ClearInterrupt
                0x00003204       0x10 .\CortexM3\ARM_GCC_541\Debug\Z80_3Chip.a(USBUART_Dp.o)
                0x00003204                USBUART_Dp_ClearInterrupt
 .text.SPI_Master_Enable
                0x00003214       0x34 .\CortexM3\ARM_GCC_541\Debug\Z80_3Chip.a(SPI_Master.o)
                0x00003214                SPI_Master_Enable
 .text.SPI_Master_ReadTxStatus
                0x00003248        0xc .\CortexM3\ARM_GCC_541\Debug\Z80_3Chip.a(SPI_Master.o)
                0x00003248                SPI_Master_ReadTxStatus
 .text.SPI_Master_ReadRxStatus
                0x00003254        0xc .\CortexM3\ARM_GCC_541\Debug\Z80_3Chip.a(SPI_Master.o)
                0x00003254                SPI_Master_ReadRxStatus
 .text.SPI_Master_WriteTxData
                0x00003260       0x18 .\CortexM3\ARM_GCC_541\Debug\Z80_3Chip.a(SPI_Master.o)
                0x00003260                SPI_Master_WriteTxData
 .text.SPI_Master_ReadRxData
                0x00003278        0xc .\CortexM3\ARM_GCC_541\Debug\Z80_3Chip.a(SPI_Master.o)
                0x00003278                SPI_Master_ReadRxData
 .text.SPI_Master_ClearRxBuffer
                0x00003284       0x1c .\CortexM3\ARM_GCC_541\Debug\Z80_3Chip.a(SPI_Master.o)
                0x00003284                SPI_Master_ClearRxBuffer
 .text.SPI_Master_ClearFIFO
                0x000032a0       0x3c .\CortexM3\ARM_GCC_541\Debug\Z80_3Chip.a(SPI_Master.o)
                0x000032a0                SPI_Master_ClearFIFO
 .text.SPI_Master_Init
                0x000032dc       0x28 .\CortexM3\ARM_GCC_541\Debug\Z80_3Chip.a(SPI_Master.o)
                0x000032dc                SPI_Master_Init
 .text.SPI_Master_Start
                0x00003304       0x1c .\CortexM3\ARM_GCC_541\Debug\Z80_3Chip.a(SPI_Master.o)
                0x00003304                SPI_Master_Start
 .text.SPI_Master_IntClock_Start
                0x00003320       0x1c .\CortexM3\ARM_GCC_541\Debug\Z80_3Chip.a(SPI_Master_IntClock.o)
                0x00003320                SPI_Master_IntClock_Start
 .text.SPI_SS_Override_Write
                0x0000333c        0xc .\CortexM3\ARM_GCC_541\Debug\Z80_3Chip.a(SPI_SS_Override.o)
                0x0000333c                SPI_SS_Override_Write
 .text          0x00003348       0x20 .\CortexM3\ARM_GCC_541\Debug\Z80_3Chip.a(CyBootAsmGnu.o)
                0x00003348                CyDelayCycles
                0x00003358                CyEnterCriticalSection
                0x00003360                CyExitCriticalSection
 .text.USBUART_DispatchClassRqst
                0x00003368       0x60 .\CortexM3\ARM_GCC_541\Debug\Z80_3Chip.a(USBUART_cls.o)
                0x00003368                USBUART_DispatchClassRqst
 .text.__errno  0x000033c8        0xc c:/program files (x86)/cypress/psoc creator/4.2/psoc creator/import/gnu/arm/5.4.1/bin/../lib/gcc/arm-none-eabi/5.4.1/../../../../arm-none-eabi/lib/armv7-m\libg_nano.a(lib_a-errno.o)
                0x000033c8                __errno
 .text.__libc_init_array
                0x000033d4       0x4c c:/program files (x86)/cypress/psoc creator/4.2/psoc creator/import/gnu/arm/5.4.1/bin/../lib/gcc/arm-none-eabi/5.4.1/../../../../arm-none-eabi/lib/armv7-m\libg_nano.a(lib_a-init.o)
                0x000033d4                __libc_init_array
 .text.memcpy   0x00003420       0x16 c:/program files (x86)/cypress/psoc creator/4.2/psoc creator/import/gnu/arm/5.4.1/bin/../lib/gcc/arm-none-eabi/5.4.1/../../../../arm-none-eabi/lib/armv7-m\libg_nano.a(lib_a-memcpy-stub.o)
                0x00003420                memcpy
 .text.memset   0x00003436       0x10 c:/program files (x86)/cypress/psoc creator/4.2/psoc creator/import/gnu/arm/5.4.1/bin/../lib/gcc/arm-none-eabi/5.4.1/../../../../arm-none-eabi/lib/armv7-m\libg_nano.a(lib_a-memset.o)
                0x00003436                memset
 *fill*         0x00003446        0x2 
 .text.sprintf  0x00003448       0x48 c:/program files (x86)/cypress/psoc creator/4.2/psoc creator/import/gnu/arm/5.4.1/bin/../lib/gcc/arm-none-eabi/5.4.1/../../../../arm-none-eabi/lib/armv7-m\libg_nano.a(lib_a-sprintf.o)
                0x00003448                siprintf
                0x00003448                sprintf
 .text.strcat   0x00003490       0x1e c:/program files (x86)/cypress/psoc creator/4.2/psoc creator/import/gnu/arm/5.4.1/bin/../lib/gcc/arm-none-eabi/5.4.1/../../../../arm-none-eabi/lib/armv7-m\libg_nano.a(lib_a-strcat.o)
                0x00003490                strcat
 .text          0x000034ae       0x10 c:/program files (x86)/cypress/psoc creator/4.2/psoc creator/import/gnu/arm/5.4.1/bin/../lib/gcc/arm-none-eabi/5.4.1/../../../../arm-none-eabi/lib/armv7-m\libg_nano.a(lib_a-strlen.o)
                0x000034ae                strlen
 .text.__ssputs_r
                0x000034be       0xb2 c:/program files (x86)/cypress/psoc creator/4.2/psoc creator/import/gnu/arm/5.4.1/bin/../lib/gcc/arm-none-eabi/5.4.1/../../../../arm-none-eabi/lib/armv7-m\libg_nano.a(lib_a-nano-svfprintf.o)
                0x000034be                __ssputs_r
 .text._svfprintf_r
                0x00003570      0x1e8 c:/program files (x86)/cypress/psoc creator/4.2/psoc creator/import/gnu/arm/5.4.1/bin/../lib/gcc/arm-none-eabi/5.4.1/../../../../arm-none-eabi/lib/armv7-m\libg_nano.a(lib_a-nano-svfprintf.o)
                0x00003570                _svfiprintf_r
                0x00003570                _svfprintf_r
 .text._printf_common
                0x00003758       0xec c:/program files (x86)/cypress/psoc creator/4.2/psoc creator/import/gnu/arm/5.4.1/bin/../lib/gcc/arm-none-eabi/5.4.1/../../../../arm-none-eabi/lib/armv7-m\libg_nano.a(lib_a-nano-vfprintf_i.o)
                0x00003758                _printf_common
 .text._printf_i
                0x00003844      0x24c c:/program files (x86)/cypress/psoc creator/4.2/psoc creator/import/gnu/arm/5.4.1/bin/../lib/gcc/arm-none-eabi/5.4.1/../../../../arm-none-eabi/lib/armv7-m\libg_nano.a(lib_a-nano-vfprintf_i.o)
                0x00003844                _printf_i
 .text.memchr   0x00003a90       0x1c c:/program files (x86)/cypress/psoc creator/4.2/psoc creator/import/gnu/arm/5.4.1/bin/../lib/gcc/arm-none-eabi/5.4.1/../../../../arm-none-eabi/lib/armv7-m\libg_nano.a(lib_a-memchr-stub.o)
                0x00003a90                memchr
 .text.memmove  0x00003aac       0x36 c:/program files (x86)/cypress/psoc creator/4.2/psoc creator/import/gnu/arm/5.4.1/bin/../lib/gcc/arm-none-eabi/5.4.1/../../../../arm-none-eabi/lib/armv7-m\libg_nano.a(lib_a-memmove.o)
                0x00003aac                memmove
 *fill*         0x00003ae2        0x2 
 .text._free_r  0x00003ae4       0x98 c:/program files (x86)/cypress/psoc creator/4.2/psoc creator/import/gnu/arm/5.4.1/bin/../lib/gcc/arm-none-eabi/5.4.1/../../../../arm-none-eabi/lib/armv7-m\libg_nano.a(lib_a-nano-freer.o)
                0x00003ae4                _free_r
 .text._malloc_r
                0x00003b7c       0xbc c:/program files (x86)/cypress/psoc creator/4.2/psoc creator/import/gnu/arm/5.4.1/bin/../lib/gcc/arm-none-eabi/5.4.1/../../../../arm-none-eabi/lib/armv7-m\libg_nano.a(lib_a-nano-mallocr.o)
                0x00003b7c                _malloc_r
 .text._realloc_r
                0x00003c38       0x4c c:/program files (x86)/cypress/psoc creator/4.2/psoc creator/import/gnu/arm/5.4.1/bin/../lib/gcc/arm-none-eabi/5.4.1/../../../../arm-none-eabi/lib/armv7-m\libg_nano.a(lib_a-nano-reallocr.o)
                0x00003c38                _realloc_r
 .text._sbrk_r  0x00003c84       0x20 c:/program files (x86)/cypress/psoc creator/4.2/psoc creator/import/gnu/arm/5.4.1/bin/../lib/gcc/arm-none-eabi/5.4.1/../../../../arm-none-eabi/lib/armv7-m\libg_nano.a(lib_a-sbrkr.o)
                0x00003c84                _sbrk_r
 .text.__malloc_lock
                0x00003ca4        0x2 c:/program files (x86)/cypress/psoc creator/4.2/psoc creator/import/gnu/arm/5.4.1/bin/../lib/gcc/arm-none-eabi/5.4.1/../../../../arm-none-eabi/lib/armv7-m\libg_nano.a(lib_a-mlock.o)
                0x00003ca4                __malloc_lock
 .text.__malloc_unlock
                0x00003ca6        0x2 c:/program files (x86)/cypress/psoc creator/4.2/psoc creator/import/gnu/arm/5.4.1/bin/../lib/gcc/arm-none-eabi/5.4.1/../../../../arm-none-eabi/lib/armv7-m\libg_nano.a(lib_a-mlock.o)
                0x00003ca6                __malloc_unlock
 .text._malloc_usable_size_r
                0x00003ca8       0x14 c:/program files (x86)/cypress/psoc creator/4.2/psoc creator/import/gnu/arm/5.4.1/bin/../lib/gcc/arm-none-eabi/5.4.1/../../../../arm-none-eabi/lib/armv7-m\libg_nano.a(lib_a-nano-msizer.o)
                0x00003ca8                _malloc_usable_size_r
 *(.plt)
 *(.gnu.warning)
 *(.glue_7t)
 .glue_7t       0x00003cbc        0x0 linker stubs
 *(.glue_7)
 .glue_7        0x00003cbc        0x0 linker stubs
 *(.vfp11_veneer)
 .vfp11_veneer  0x00003cbc        0x0 linker stubs
 *(.bootloader)
 *(.ARM.extab* .gnu.linkonce.armextab.*)
 *(.gcc_except_table)

.v4_bx          0x00003cbc        0x0
 .v4_bx         0x00003cbc        0x0 linker stubs

.iplt           0x00003cbc        0x0
 .iplt          0x00003cbc        0x0 c:/program files (x86)/cypress/psoc creator/4.2/psoc creator/import/gnu/arm/5.4.1/bin/../lib/gcc/arm-none-eabi/5.4.1/armv7-m/crtbegin.o

.eh_frame_hdr
 *(.eh_frame_hdr)

.eh_frame       0x00003cbc        0x4
 *(.eh_frame)
 .eh_frame      0x00003cbc        0x0 c:/program files (x86)/cypress/psoc creator/4.2/psoc creator/import/gnu/arm/5.4.1/bin/../lib/gcc/arm-none-eabi/5.4.1/armv7-m/crtbegin.o
 .eh_frame      0x00003cbc        0x4 c:/program files (x86)/cypress/psoc creator/4.2/psoc creator/import/gnu/arm/5.4.1/bin/../lib/gcc/arm-none-eabi/5.4.1/armv7-m/crtend.o
                [!provide]                PROVIDE (__exidx_start, .)

.ARM.exidx
 *(.ARM.exidx* .gnu.linkonce.armexidx.*)
                0x00003cc0                __exidx_end = .

.rodata         0x00003cc0     0x22a8
 *(.rodata .rodata.* .gnu.linkonce.r.*)
 .rodata.str1.4
                0x00003cc0       0x6a .\CortexM3\ARM_GCC_541\Debug\main.o
 *fill*         0x00003d2a        0x2 
 .rodata        0x00003d2c     0x2008 .\CortexM3\ARM_GCC_541\Debug\GS_FPGA_CPM_BASIC.o
                0x00003d2c                eprom_length
                0x00003d30                eprom_finish
                0x00003d34                eprom_start
                0x00003d38                eprom_termination
                0x00003d3c                gs_fpga_basic_eeprom
 .rodata.str1.4
                0x00005d34       0x13 .\CortexM3\ARM_GCC_541\Debug\SDCard.o
                                 0x17 (size before relaxing)
 *fill*         0x00005d47        0x1 
 .rodata        0x00005d48       0x40 .\CortexM3\ARM_GCC_541\Debug\cyfitter_cfg.o
 .rodata.str1.4
                0x00005d88       0x14 .\CortexM3\ARM_GCC_541\Debug\Z80_3Chip.a(USBUART_std.o)
                                 0x11 (size before relaxing)
 .rodata        0x00005d9c      0x15e .\CortexM3\ARM_GCC_541\Debug\Z80_3Chip.a(USBUART_descr.o)
                0x00005d9c                USBUART_TABLE
                0x00005da4                USBUART_DEVICE0_TABLE
                0x00005dbc                USBUART_DEVICE0_CONFIGURATION0_TABLE
                0x00005de4                USBUART_DEVICE0_CONFIGURATION0_INTERFACE_CLASS
                0x00005de8                USBUART_DEVICE0_CONFIGURATION0_EP_SETTINGS_TABLE
                0x00005e00                USBUART_SN_STRING_DESCRIPTOR
                0x00005e04                USBUART_STRING_DESCRIPTORS
                0x00005ea4                USBUART_DEVICE0_CONFIGURATION0_DESCR
                0x00005ee8                USBUART_DEVICE0_DESCR
 .rodata.str1.1
                0x00005efa        0x2 c:/program files (x86)/cypress/psoc creator/4.2/psoc creator/import/gnu/arm/5.4.1/bin/../lib/gcc/arm-none-eabi/5.4.1/../../../../arm-none-eabi/lib/armv7-m\libg_nano.a(lib_a-impure.o)
 .rodata.str1.1
                0x00005efc       0x11 c:/program files (x86)/cypress/psoc creator/4.2/psoc creator/import/gnu/arm/5.4.1/bin/../lib/gcc/arm-none-eabi/5.4.1/../../../../arm-none-eabi/lib/armv7-m\libg_nano.a(lib_a-nano-svfprintf.o)
 .rodata.str1.1
                0x00005f0d       0x22 c:/program files (x86)/cypress/psoc creator/4.2/psoc creator/import/gnu/arm/5.4.1/bin/../lib/gcc/arm-none-eabi/5.4.1/../../../../arm-none-eabi/lib/armv7-m\libg_nano.a(lib_a-nano-vfprintf_i.o)
                0x00005f30                . = ALIGN (0x4)
 *fill*         0x00005f2f        0x1 
 *(.init)
 .init          0x00005f30        0x4 c:/program files (x86)/cypress/psoc creator/4.2/psoc creator/import/gnu/arm/5.4.1/bin/../lib/gcc/arm-none-eabi/5.4.1/armv7-m/crti.o
                0x00005f30                _init
 .init          0x00005f34        0x8 c:/program files (x86)/cypress/psoc creator/4.2/psoc creator/import/gnu/arm/5.4.1/bin/../lib/gcc/arm-none-eabi/5.4.1/armv7-m/crtn.o
                0x00005f3c                . = ALIGN (0x4)
                0x00005f3c                __preinit_array_start = .
 *(.preinit_array)
                0x00005f3c                __preinit_array_end = .
                0x00005f3c                . = ALIGN (0x4)
                0x00005f3c                __init_array_start = .
 *(SORT(.init_array.*))
 *(.init_array)
 .init_array    0x00005f3c        0x4 c:/program files (x86)/cypress/psoc creator/4.2/psoc creator/import/gnu/arm/5.4.1/bin/../lib/gcc/arm-none-eabi/5.4.1/armv7-m/crtbegin.o
 .init_array    0x00005f40        0x4 .\CortexM3\ARM_GCC_541\Debug\Cm3Start.o
                0x00005f44                __init_array_end = .
                0x00005f44                . = ALIGN (0x4)
 *(.fini)
 .fini          0x00005f44        0x4 c:/program files (x86)/cypress/psoc creator/4.2/psoc creator/import/gnu/arm/5.4.1/bin/../lib/gcc/arm-none-eabi/5.4.1/armv7-m/crti.o
                0x00005f44                _fini
 .fini          0x00005f48        0x8 c:/program files (x86)/cypress/psoc creator/4.2/psoc creator/import/gnu/arm/5.4.1/bin/../lib/gcc/arm-none-eabi/5.4.1/armv7-m/crtn.o
                0x00005f50                . = ALIGN (0x4)
                0x00005f50                __fini_array_start = .
 *(.fini_array)
 .fini_array    0x00005f50        0x4 c:/program files (x86)/cypress/psoc creator/4.2/psoc creator/import/gnu/arm/5.4.1/bin/../lib/gcc/arm-none-eabi/5.4.1/armv7-m/crtbegin.o
 *(SORT(.fini_array.*))
                0x00005f54                __fini_array_end = .
                0x00005f54                . = ALIGN (0x4)
 *crtbegin.o(.ctors)
 *(EXCLUDE_FILE(*crtend.o) .ctors)
 *(SORT(.ctors.*))
 *crtend.o(.ctors)
                0x00005f54                . = ALIGN (0x4)
 *crtbegin.o(.dtors)
 *(EXCLUDE_FILE(*crtend.o) .dtors)
 *(SORT(.dtors.*))
 *crtend.o(.dtors)
                0x00005f54                . = ALIGN (0x4)
                0x00005f54                __cy_regions = .
                0x00005f54        0x4 LONG 0x5f68 __cy_region_init_ram
                0x00005f58        0x4 LONG 0x1fffc0c8 __cy_region_start_data
                0x00005f5c        0x4 LONG 0x98 __cy_region_init_size_ram
                0x00005f60        0x4 LONG 0x540 __cy_region_zero_size_ram
                0x00005f64                __cy_regions_end = .
                0x00005f68                . = ALIGN (0x8)
 *fill*         0x00005f64        0x4 
                0x00005f68                _etext = .

.cy_checksum_exclude
                0x00005f68        0x0
 *(.cy_checksum_exclude)

.ramvectors     0x1fffc000       0xc0
                0x1fffc000                __cy_region_start_ram = .
 *(.ramvectors)
 .ramvectors    0x1fffc000       0xc0 .\CortexM3\ARM_GCC_541\Debug\Cm3Start.o
                0x1fffc000                CyRamVectors

.noinit         0x1fffc0c0        0x1
 *(.noinit)
 .noinit        0x1fffc0c0        0x1 .\CortexM3\ARM_GCC_541\Debug\Z80_3Chip.a(CyLib.o)
                0x1fffc0c0                CyResetStatus

.data           0x1fffc0c8       0x98 load address 0x00005f68
                0x1fffc0c8                __cy_region_start_data = .
 *(.jcr)
 .jcr           0x1fffc0c8        0x0 c:/program files (x86)/cypress/psoc creator/4.2/psoc creator/import/gnu/arm/5.4.1/bin/../lib/gcc/arm-none-eabi/5.4.1/armv7-m/crtbegin.o
 .jcr           0x1fffc0c8        0x4 c:/program files (x86)/cypress/psoc creator/4.2/psoc creator/import/gnu/arm/5.4.1/bin/../lib/gcc/arm-none-eabi/5.4.1/armv7-m/crtend.o
 *(.got.plt)
 *(.got)
 *(.shdata)
 *(.data .data.* .gnu.linkonce.d.*)
 .data          0x1fffc0cc        0x4 .\CortexM3\ARM_GCC_541\Debug\Cm3Start.o
 .data          0x1fffc0d0       0x10 .\CortexM3\ARM_GCC_541\Debug\Z80_3Chip.a(CyLib.o)
                0x1fffc0d0                cydelay_32k_ms
                0x1fffc0d4                cydelay_freq_khz
                0x1fffc0d8                cydelay_freq_mhz
                0x1fffc0dc                cydelay_freq_hz
 .data          0x1fffc0e0       0x1a .\CortexM3\ARM_GCC_541\Debug\Z80_3Chip.a(USBUART_cdc.o)
                0x1fffc0e0                USBUART_linesCoding
 *fill*         0x1fffc0fa        0x2 
 .data.impure_data
                0x1fffc0fc       0x60 c:/program files (x86)/cypress/psoc creator/4.2/psoc creator/import/gnu/arm/5.4.1/bin/../lib/gcc/arm-none-eabi/5.4.1/../../../../arm-none-eabi/lib/armv7-m\libg_nano.a(lib_a-impure.o)
 .data._impure_ptr
                0x1fffc15c        0x4 c:/program files (x86)/cypress/psoc creator/4.2/psoc creator/import/gnu/arm/5.4.1/bin/../lib/gcc/arm-none-eabi/5.4.1/../../../../arm-none-eabi/lib/armv7-m\libg_nano.a(lib_a-impure.o)
                0x1fffc15c                _impure_ptr
                0x1fffc160                . = ALIGN (0x8)
 *(.ram)
                0x1fffc160                _edata = .

.igot.plt       0x1fffc160        0x0 load address 0x00006000
 .igot.plt      0x1fffc160        0x0 c:/program files (x86)/cypress/psoc creator/4.2/psoc creator/import/gnu/arm/5.4.1/bin/../lib/gcc/arm-none-eabi/5.4.1/armv7-m/crtbegin.o

.bss            0x1fffc160      0x540 load address 0x00006000
                0x1fffc160                PROVIDE (__bss_start__, .)
 *(.shbss)
 *(.bss .bss.* .gnu.linkonce.b.*)
 .bss           0x1fffc160       0x1c c:/program files (x86)/cypress/psoc creator/4.2/psoc creator/import/gnu/arm/5.4.1/bin/../lib/gcc/arm-none-eabi/5.4.1/armv7-m/crtbegin.o
 .bss           0x1fffc17c        0x1 .\CortexM3\ARM_GCC_541\Debug\Z80_3Chip.a(I2C.o)
                0x1fffc17c                I2C_initVar
 .bss           0x1fffc17d        0x1 .\CortexM3\ARM_GCC_541\Debug\Z80_3Chip.a(USBUART.o)
                0x1fffc17d                USBUART_initVar
 .bss           0x1fffc17e        0x1 .\CortexM3\ARM_GCC_541\Debug\Z80_3Chip.a(USBUART_cdc.o)
 *fill*         0x1fffc17f        0x1 
 .bss           0x1fffc180        0x2 .\CortexM3\ARM_GCC_541\Debug\Z80_3Chip.a(USBUART_std.o)
 .bss           0x1fffc182        0x1 .\CortexM3\ARM_GCC_541\Debug\Z80_3Chip.a(SPI_Master.o)
                0x1fffc182                SPI_Master_initVar
 *fill*         0x1fffc183        0x1 
 .bss.__malloc_sbrk_start
                0x1fffc184        0x4 c:/program files (x86)/cypress/psoc creator/4.2/psoc creator/import/gnu/arm/5.4.1/bin/../lib/gcc/arm-none-eabi/5.4.1/../../../../arm-none-eabi/lib/armv7-m\libg_nano.a(lib_a-nano-mallocr.o)
                0x1fffc184                __malloc_sbrk_start
 .bss.__malloc_free_list
                0x1fffc188        0x4 c:/program files (x86)/cypress/psoc creator/4.2/psoc creator/import/gnu/arm/5.4.1/bin/../lib/gcc/arm-none-eabi/5.4.1/../../../../arm-none-eabi/lib/armv7-m\libg_nano.a(lib_a-nano-mallocr.o)
                0x1fffc188                __malloc_free_list
 *(COMMON)
 COMMON         0x1fffc18c       0x10 .\CortexM3\ARM_GCC_541\Debug\FrontPanel.o
                0x1fffc18c                FPAddr
                0x1fffc18e                FPCtrl
                0x1fffc190                LEDsVal
                0x1fffc194                FPData
                0x1fffc198                FPLong
 COMMON         0x1fffc19c        0x4 .\CortexM3\ARM_GCC_541\Debug\Z80_6850_Emul.o
                0x1fffc19c                M6850_DataOut
                0x1fffc19d                M6850_Status
                0x1fffc19e                M6850_Ctrl
                0x1fffc19f                M6850_DataIn
 COMMON         0x1fffc1a0        0x8 .\CortexM3\ARM_GCC_541\Debug\Z80_SDCard_Emul.o
                0x1fffc1a0                SD_LBA1_Val
                0x1fffc1a1                SD_DataOut
                0x1fffc1a2                SD_Status
                0x1fffc1a3                SD_DataIn
                0x1fffc1a4                SD_LBA0_Val
                0x1fffc1a5                SD_LBA3_Val
                0x1fffc1a6                SD_LBA2_Val
                0x1fffc1a7                SD_Command
 COMMON         0x1fffc1a8        0x4 .\CortexM3\ARM_GCC_541\Debug\Z80_6850_2_Emul.o
                0x1fffc1a8                M6850_2_Ctrl
                0x1fffc1a9                M6850_2_Status
                0x1fffc1aa                M6850_2_DataIn
                0x1fffc1ab                M6850_2_DataOut
 COMMON         0x1fffc1ac      0x404 .\CortexM3\ARM_GCC_541\Debug\SDCard.o
                0x1fffc1ac                readPointer
                0x1fffc1ae                writePointer
                0x1fffc1b0                readSDBuffer
                0x1fffc3b0                writeSDBuffer
 COMMON         0x1fffc5b0        0x1 .\CortexM3\ARM_GCC_541\Debug\Z80_3Chip.a(I2C.o)
                0x1fffc5b0                I2C_state
 *fill*         0x1fffc5b1        0x3 
 COMMON         0x1fffc5b4       0x10 .\CortexM3\ARM_GCC_541\Debug\Z80_3Chip.a(I2C_MASTER.o)
                0x1fffc5b4                I2C_mstrWrBufIndex
                0x1fffc5b5                I2C_mstrWrBufSize
                0x1fffc5b6                I2C_mstrStatus
                0x1fffc5b8                I2C_mstrRdBufPtr
                0x1fffc5bc                I2C_mstrControl
                0x1fffc5bd                I2C_mstrRdBufSize
                0x1fffc5be                I2C_mstrRdBufIndex
                0x1fffc5c0                I2C_mstrWrBufPtr
 COMMON         0x1fffc5c4       0x18 .\CortexM3\ARM_GCC_541\Debug\Z80_3Chip.a(USBUART_cdc.o)
                0x1fffc5c4                USBUART_linesChanged
                0x1fffc5c8                USBUART_cdcDataInEp
                0x1fffc5cc                USBUART_cdcCommInInterruptEp
                0x1fffc5d0                USBUART_cdcDataOutEp
                0x1fffc5d4                USBUART_serialStateBitmap
                0x1fffc5d8                USBUART_linesControlBitmap
 COMMON         0x1fffc5dc       0x9a .\CortexM3\ARM_GCC_541\Debug\Z80_3Chip.a(USBUART_drv.o)
                0x1fffc5dc                USBUART_lastPacketSize
                0x1fffc5dd                USBUART_device
                0x1fffc5de                USBUART_transferByteCount
                0x1fffc5e0                USBUART_transferState
                0x1fffc5e4                USBUART_interfaceSettingLast
                0x1fffc5e8                USBUART_currentTD
                0x1fffc5f4                USBUART_interfaceNumber
                0x1fffc5f8                USBUART_interfaceClass
                0x1fffc5fc                USBUART_configurationChanged
                0x1fffc5fd                USBUART_ep0Mode
                0x1fffc5fe                USBUART_deviceAddress
                0x1fffc5ff                USBUART_configuration
                0x1fffc600                USBUART_ep0Count
                0x1fffc601                USBUART_deviceStatus
                0x1fffc604                USBUART_EP
                0x1fffc670                USBUART_interfaceSetting
                0x1fffc672                USBUART_ep0Toggle
                0x1fffc674                USBUART_interfaceStatus
 *fill*         0x1fffc676        0x2 
 COMMON         0x1fffc678       0x22 .\CortexM3\ARM_GCC_541\Debug\Z80_3Chip.a(USBUART_descr.o)
                0x1fffc678                USBUART_idSerialNumberStringDescriptor
 *fill*         0x1fffc69a        0x2 
 COMMON         0x1fffc69c        0x4 c:/program files (x86)/cypress/psoc creator/4.2/psoc creator/import/gnu/arm/5.4.1/bin/../lib/gcc/arm-none-eabi/5.4.1/../../../../arm-none-eabi/lib/armv7-m\libg_nano.a(lib_a-reent.o)
                0x1fffc69c                errno
                0x1fffc6a0                . = ALIGN (0x8)
 *(.ram.b)
                0x1fffc6a0                _end = .
                0x1fffc6a0                __end = .
                0x1fffc6a0                PROVIDE (end, .)
                0x1fffc6a0                PROVIDE (__bss_end__, .)
                0x00005f68                __cy_region_init_ram = LOADADDR (.data)
                0x00000098                __cy_region_init_size_ram = (_edata - ADDR (.data))
                0x00000540                __cy_region_zero_size_ram = (_end - _edata)

.heap           0x1fffc6a0       0x80 load address 0x00006000
                0x1fffc6a0                . = _end
                0x1fffc720                . = (. + 0x80)
 *fill*         0x1fffc6a0       0x80 
                0x1fffc720                __cy_heap_limit = .

.stack          0x20003800      0x800
                0x20003800                __cy_stack_limit = .
                0x20004000                . = (. + 0x800)
 *fill*         0x20003800      0x800 
                0x00000001                ASSERT ((__cy_stack_limit >= __cy_heap_limit), region RAM overflowed with stack)
                0x00000000                cy_checksum_exclude_size = (CY_APPL_LOADABLE == 0x1)?SIZEOF (.cy_checksum_exclude):0x0
                0x00000001                ASSERT ((cy_checksum_exclude_size <= CY_CHECKSUM_EXCLUDE_SIZE), CY_BOOT: Section .cy_checksum_exclude size exceedes specified limit.)

.cyloadermeta
 *(.cyloadermeta)

.cyloadablemeta
 *(.cyloadablemeta)

.cyconfigecc    0x80000000      0xacc
 *(.cyconfigecc)
 .cyconfigecc   0x80000000      0xacc .\CortexM3\ARM_GCC_541\Debug\cymetadata.o
                0x80000000                cy_meta_configecc

.cycustnvl      0x90000000        0x4
 *(.cycustnvl)
 .cycustnvl     0x90000000        0x4 .\CortexM3\ARM_GCC_541\Debug\cymetadata.o
                0x90000000                cy_meta_custnvl

.cywolatch      0x90100000        0x4
 *(.cywolatch)
 .cywolatch     0x90100000        0x4 .\CortexM3\ARM_GCC_541\Debug\cymetadata.o
                0x90100000                cy_meta_wonvl

.cyeeprom       0x90200000        0x0
 *(.cyeeprom)
                0x00000001                ASSERT ((. <= ((0x90200000 + ee_offset) + ee_size)), .cyeeprom data will not fit in EEPROM)

.cyflashprotect
                0x90400000       0x80
 *(.cyflashprotect)
 .cyflashprotect
                0x90400000       0x80 .\CortexM3\ARM_GCC_541\Debug\cymetadata.o
                0x90400000                cy_meta_flashprotect

.cymeta         0x90500000        0xc
 *(.cymeta)
 .cymeta        0x90500000        0xc .\CortexM3\ARM_GCC_541\Debug\cymetadata.o
                0x90500000                cy_metadata

.rel.dyn        0x00006000        0x0 load address 0x9050000c
 .rel.iplt      0x00006000        0x0 c:/program files (x86)/cypress/psoc creator/4.2/psoc creator/import/gnu/arm/5.4.1/bin/../lib/gcc/arm-none-eabi/5.4.1/armv7-m/crtbegin.o

.stab
 *(.stab)

.stabstr
 *(.stabstr)

.debug
 *(.debug)

.line
 *(.line)

.debug_srcinfo
 *(.debug_srcinfo)

.debug_sfnames
 *(.debug_sfnames)

.debug_aranges  0x00000000     0x10a0
 *(.debug_aranges)
 .debug_aranges
                0x00000000       0x28 .\CortexM3\ARM_GCC_541\Debug\main.o
 .debug_aranges
                0x00000028       0x40 .\CortexM3\ARM_GCC_541\Debug\ExtSRAM.o
 .debug_aranges
                0x00000068       0x68 .\CortexM3\ARM_GCC_541\Debug\FrontPanel.o
 .debug_aranges
                0x000000d0       0x18 .\CortexM3\ARM_GCC_541\Debug\GS_9_MON_BASIC_ROM.o
 .debug_aranges
                0x000000e8       0x18 .\CortexM3\ARM_GCC_541\Debug\Z80_SIO_emul.o
 .debug_aranges
                0x00000100       0x30 .\CortexM3\ARM_GCC_541\Debug\Z80_IO_Handle.o
 .debug_aranges
                0x00000130       0x48 .\CortexM3\ARM_GCC_541\Debug\Z80_PIO_emul.o
 .debug_aranges
                0x00000178       0x18 .\CortexM3\ARM_GCC_541\Debug\GS_7_BASIC_ROM.o
 .debug_aranges
                0x00000190       0x58 .\CortexM3\ARM_GCC_541\Debug\Z80_6850_Emul.o
 .debug_aranges
                0x000001e8       0x48 .\CortexM3\ARM_GCC_541\Debug\Z80_SDCard_Emul.o
 .debug_aranges
                0x00000230       0x18 .\CortexM3\ARM_GCC_541\Debug\GS_FPGA_CPM_BASIC.o
 .debug_aranges
                0x00000248       0x58 .\CortexM3\ARM_GCC_541\Debug\Z80_6850_2_Emul.o
 .debug_aranges
                0x000002a0       0x28 .\CortexM3\ARM_GCC_541\Debug\Z80_Mem_Mappers.o
 .debug_aranges
                0x000002c8       0x60 .\CortexM3\ARM_GCC_541\Debug\SDCard.o
 .debug_aranges
                0x00000328       0x58 .\CortexM3\ARM_GCC_541\Debug\cyfitter_cfg.o
 .debug_aranges
                0x00000380       0x18 .\CortexM3\ARM_GCC_541\Debug\cymetadata.o
 .debug_aranges
                0x00000398       0x48 .\CortexM3\ARM_GCC_541\Debug\Cm3Start.o
 .debug_aranges
                0x000003e0      0x2a0 .\CortexM3\ARM_GCC_541\Debug\Z80_3Chip.a(CyLib.o)
 .debug_aranges
                0x00000680       0x98 .\CortexM3\ARM_GCC_541\Debug\Z80_3Chip.a(cyPm.o)
 .debug_aranges
                0x00000718       0x40 .\CortexM3\ARM_GCC_541\Debug\Z80_3Chip.a(AdrLowIn.o)
 .debug_aranges
                0x00000758       0x38 .\CortexM3\ARM_GCC_541\Debug\Z80_3Chip.a(LED.o)
 .debug_aranges
                0x00000790       0x38 .\CortexM3\ARM_GCC_541\Debug\Z80_3Chip.a(INT_n.o)
 .debug_aranges
                0x000007c8       0x28 .\CortexM3\ARM_GCC_541\Debug\Z80_3Chip.a(IO_Ctrl_Reg.o)
 .debug_aranges
                0x000007f0       0x40 .\CortexM3\ARM_GCC_541\Debug\Z80_3Chip.a(IO_Stat_Reg.o)
 .debug_aranges
                0x00000830       0x28 .\CortexM3\ARM_GCC_541\Debug\Z80_3Chip.a(Z80_Data_In.o)
 .debug_aranges
                0x00000858       0x40 .\CortexM3\ARM_GCC_541\Debug\Z80_3Chip.a(Z80_Data_Out.o)
 .debug_aranges
                0x00000898       0x28 .\CortexM3\ARM_GCC_541\Debug\Z80_3Chip.a(BankBaseAdr.o)
 .debug_aranges
                0x000008c0       0x28 .\CortexM3\ARM_GCC_541\Debug\Z80_3Chip.a(BankMask.o)
 .debug_aranges
                0x000008e8       0x28 .\CortexM3\ARM_GCC_541\Debug\Z80_3Chip.a(AdrHighOut.o)
 .debug_aranges
                0x00000910       0x38 .\CortexM3\ARM_GCC_541\Debug\Z80_3Chip.a(I2C.o)
 .debug_aranges
                0x00000948       0x20 .\CortexM3\ARM_GCC_541\Debug\Z80_3Chip.a(I2C_INT.o)
 .debug_aranges
                0x00000968       0x38 .\CortexM3\ARM_GCC_541\Debug\Z80_3Chip.a(I2C_PM.o)
 .debug_aranges
                0x000009a0       0x80 .\CortexM3\ARM_GCC_541\Debug\Z80_3Chip.a(I2C_MASTER.o)
 .debug_aranges
                0x00000a20       0xc8 .\CortexM3\ARM_GCC_541\Debug\Z80_3Chip.a(USBUART.o)
 .debug_aranges
                0x00000ae8       0xe8 .\CortexM3\ARM_GCC_541\Debug\Z80_3Chip.a(USBUART_cdc.o)
 .debug_aranges
                0x00000bd0       0x98 .\CortexM3\ARM_GCC_541\Debug\Z80_3Chip.a(USBUART_drv.o)
 .debug_aranges
                0x00000c68       0x40 .\CortexM3\ARM_GCC_541\Debug\Z80_3Chip.a(USBUART_episr.o)
 .debug_aranges
                0x00000ca8       0x40 .\CortexM3\ARM_GCC_541\Debug\Z80_3Chip.a(USBUART_pm.o)
 .debug_aranges
                0x00000ce8       0x80 .\CortexM3\ARM_GCC_541\Debug\Z80_3Chip.a(USBUART_std.o)
 .debug_aranges
                0x00000d68       0x20 .\CortexM3\ARM_GCC_541\Debug\Z80_3Chip.a(USBUART_vnd.o)
 .debug_aranges
                0x00000d88       0x48 .\CortexM3\ARM_GCC_541\Debug\Z80_3Chip.a(USBUART_Dp.o)
 .debug_aranges
                0x00000dd0       0xd8 .\CortexM3\ARM_GCC_541\Debug\Z80_3Chip.a(SPI_Master.o)
 .debug_aranges
                0x00000ea8       0x70 .\CortexM3\ARM_GCC_541\Debug\Z80_3Chip.a(SPI_Master_IntClock.o)
 .debug_aranges
                0x00000f18       0x28 .\CortexM3\ARM_GCC_541\Debug\Z80_3Chip.a(SPI_SS_Override.o)
 .debug_aranges
                0x00000f40       0x20 .\CortexM3\ARM_GCC_541\Debug\Z80_3Chip.a(CyBootAsmGnu.o)
 .debug_aranges
                0x00000f60       0x88 .\CortexM3\ARM_GCC_541\Debug\Z80_3Chip.a(CyFlash.o)
 .debug_aranges
                0x00000fe8       0x80 .\CortexM3\ARM_GCC_541\Debug\Z80_3Chip.a(CySpc.o)
 .debug_aranges
                0x00001068       0x20 .\CortexM3\ARM_GCC_541\Debug\Z80_3Chip.a(USBUART_cls.o)
 .debug_aranges
                0x00001088       0x18 .\CortexM3\ARM_GCC_541\Debug\Z80_3Chip.a(USBUART_descr.o)

.debug_pubnames
 *(.debug_pubnames)

.debug_info     0x00000000     0xb1e1
 *(.debug_info .gnu.linkonce.wi.*)
 .debug_info    0x00000000      0x4c9 .\CortexM3\ARM_GCC_541\Debug\main.o
 .debug_info    0x000004c9      0x29b .\CortexM3\ARM_GCC_541\Debug\ExtSRAM.o
 .debug_info    0x00000764      0x8e8 .\CortexM3\ARM_GCC_541\Debug\FrontPanel.o
 .debug_info    0x0000104c       0xae .\CortexM3\ARM_GCC_541\Debug\GS_9_MON_BASIC_ROM.o
 .debug_info    0x000010fa       0xae .\CortexM3\ARM_GCC_541\Debug\Z80_SIO_emul.o
 .debug_info    0x000011a8      0x382 .\CortexM3\ARM_GCC_541\Debug\Z80_IO_Handle.o
 .debug_info    0x0000152a      0x1b5 .\CortexM3\ARM_GCC_541\Debug\Z80_PIO_emul.o
 .debug_info    0x000016df       0xae .\CortexM3\ARM_GCC_541\Debug\GS_7_BASIC_ROM.o
 .debug_info    0x0000178d      0x2e6 .\CortexM3\ARM_GCC_541\Debug\Z80_6850_Emul.o
 .debug_info    0x00001a73      0x33f .\CortexM3\ARM_GCC_541\Debug\Z80_SDCard_Emul.o
 .debug_info    0x00001db2      0x127 .\CortexM3\ARM_GCC_541\Debug\GS_FPGA_CPM_BASIC.o
 .debug_info    0x00001ed9      0x222 .\CortexM3\ARM_GCC_541\Debug\Z80_6850_2_Emul.o
 .debug_info    0x000020fb      0x160 .\CortexM3\ARM_GCC_541\Debug\Z80_Mem_Mappers.o
 .debug_info    0x0000225b      0xa88 .\CortexM3\ARM_GCC_541\Debug\SDCard.o
 .debug_info    0x00002ce3      0x6aa .\CortexM3\ARM_GCC_541\Debug\cyfitter_cfg.o
 .debug_info    0x0000338d      0x139 .\CortexM3\ARM_GCC_541\Debug\cymetadata.o
 .debug_info    0x000034c6      0x3bb .\CortexM3\ARM_GCC_541\Debug\Cm3Start.o
 .debug_info    0x00003881     0x1374 .\CortexM3\ARM_GCC_541\Debug\Z80_3Chip.a(CyLib.o)
 .debug_info    0x00004bf5      0xa2a .\CortexM3\ARM_GCC_541\Debug\Z80_3Chip.a(cyPm.o)
 .debug_info    0x0000561f      0x17d .\CortexM3\ARM_GCC_541\Debug\Z80_3Chip.a(AdrLowIn.o)
 .debug_info    0x0000579c      0x11f .\CortexM3\ARM_GCC_541\Debug\Z80_3Chip.a(LED.o)
 .debug_info    0x000058bb      0x11f .\CortexM3\ARM_GCC_541\Debug\Z80_3Chip.a(INT_n.o)
 .debug_info    0x000059da       0xd6 .\CortexM3\ARM_GCC_541\Debug\Z80_3Chip.a(IO_Ctrl_Reg.o)
 .debug_info    0x00005ab0      0x17f .\CortexM3\ARM_GCC_541\Debug\Z80_3Chip.a(IO_Stat_Reg.o)
 .debug_info    0x00005c2f       0xd6 .\CortexM3\ARM_GCC_541\Debug\Z80_3Chip.a(Z80_Data_In.o)
 .debug_info    0x00005d05      0x17d .\CortexM3\ARM_GCC_541\Debug\Z80_3Chip.a(Z80_Data_Out.o)
 .debug_info    0x00005e82       0xd6 .\CortexM3\ARM_GCC_541\Debug\Z80_3Chip.a(BankBaseAdr.o)
 .debug_info    0x00005f58       0xd6 .\CortexM3\ARM_GCC_541\Debug\Z80_3Chip.a(BankMask.o)
 .debug_info    0x0000602e       0xd6 .\CortexM3\ARM_GCC_541\Debug\Z80_3Chip.a(AdrHighOut.o)
 .debug_info    0x00006104      0x2ab .\CortexM3\ARM_GCC_541\Debug\Z80_3Chip.a(I2C.o)
 .debug_info    0x000063af      0x184 .\CortexM3\ARM_GCC_541\Debug\Z80_3Chip.a(I2C_INT.o)
 .debug_info    0x00006533      0x207 .\CortexM3\ARM_GCC_541\Debug\Z80_3Chip.a(I2C_PM.o)
 .debug_info    0x0000673a      0x407 .\CortexM3\ARM_GCC_541\Debug\Z80_3Chip.a(I2C_MASTER.o)
 .debug_info    0x00006b41      0x995 .\CortexM3\ARM_GCC_541\Debug\Z80_3Chip.a(USBUART.o)
 .debug_info    0x000074d6      0xaf7 .\CortexM3\ARM_GCC_541\Debug\Z80_3Chip.a(USBUART_cdc.o)
 .debug_info    0x00007fcd      0x655 .\CortexM3\ARM_GCC_541\Debug\Z80_3Chip.a(USBUART_drv.o)
 .debug_info    0x00008622      0x254 .\CortexM3\ARM_GCC_541\Debug\Z80_3Chip.a(USBUART_episr.o)
 .debug_info    0x00008876      0x2e4 .\CortexM3\ARM_GCC_541\Debug\Z80_3Chip.a(USBUART_pm.o)
 .debug_info    0x00008b5a      0xb26 .\CortexM3\ARM_GCC_541\Debug\Z80_3Chip.a(USBUART_std.o)
 .debug_info    0x00009680       0xed .\CortexM3\ARM_GCC_541\Debug\Z80_3Chip.a(USBUART_vnd.o)
 .debug_info    0x0000976d      0x174 .\CortexM3\ARM_GCC_541\Debug\Z80_3Chip.a(USBUART_Dp.o)
 .debug_info    0x000098e1      0x4bb .\CortexM3\ARM_GCC_541\Debug\Z80_3Chip.a(SPI_Master.o)
 .debug_info    0x00009d9c      0x283 .\CortexM3\ARM_GCC_541\Debug\Z80_3Chip.a(SPI_Master_IntClock.o)
 .debug_info    0x0000a01f       0xd6 .\CortexM3\ARM_GCC_541\Debug\Z80_3Chip.a(SPI_SS_Override.o)
 .debug_info    0x0000a0f5       0xce .\CortexM3\ARM_GCC_541\Debug\Z80_3Chip.a(CyBootAsmGnu.o)
 .debug_info    0x0000a1c3      0x64d .\CortexM3\ARM_GCC_541\Debug\Z80_3Chip.a(CyFlash.o)
 .debug_info    0x0000a810      0x550 .\CortexM3\ARM_GCC_541\Debug\Z80_3Chip.a(CySpc.o)
 .debug_info    0x0000ad60      0x1de .\CortexM3\ARM_GCC_541\Debug\Z80_3Chip.a(USBUART_cls.o)
 .debug_info    0x0000af3e      0x2a3 .\CortexM3\ARM_GCC_541\Debug\Z80_3Chip.a(USBUART_descr.o)

.debug_abbrev   0x00000000     0x3134
 *(.debug_abbrev)
 .debug_abbrev  0x00000000      0x125 .\CortexM3\ARM_GCC_541\Debug\main.o
 .debug_abbrev  0x00000125      0x114 .\CortexM3\ARM_GCC_541\Debug\ExtSRAM.o
 .debug_abbrev  0x00000239      0x185 .\CortexM3\ARM_GCC_541\Debug\FrontPanel.o
 .debug_abbrev  0x000003be       0x4b .\CortexM3\ARM_GCC_541\Debug\GS_9_MON_BASIC_ROM.o
 .debug_abbrev  0x00000409       0x4b .\CortexM3\ARM_GCC_541\Debug\Z80_SIO_emul.o
 .debug_abbrev  0x00000454       0xd4 .\CortexM3\ARM_GCC_541\Debug\Z80_IO_Handle.o
 .debug_abbrev  0x00000528       0x85 .\CortexM3\ARM_GCC_541\Debug\Z80_PIO_emul.o
 .debug_abbrev  0x000005ad       0x4b .\CortexM3\ARM_GCC_541\Debug\GS_7_BASIC_ROM.o
 .debug_abbrev  0x000005f8      0x136 .\CortexM3\ARM_GCC_541\Debug\Z80_6850_Emul.o
 .debug_abbrev  0x0000072e      0x106 .\CortexM3\ARM_GCC_541\Debug\Z80_SDCard_Emul.o
 .debug_abbrev  0x00000834       0x86 .\CortexM3\ARM_GCC_541\Debug\GS_FPGA_CPM_BASIC.o
 .debug_abbrev  0x000008ba       0xe4 .\CortexM3\ARM_GCC_541\Debug\Z80_6850_2_Emul.o
 .debug_abbrev  0x0000099e       0xa9 .\CortexM3\ARM_GCC_541\Debug\Z80_Mem_Mappers.o
 .debug_abbrev  0x00000a47      0x1c0 .\CortexM3\ARM_GCC_541\Debug\SDCard.o
 .debug_abbrev  0x00000c07      0x20d .\CortexM3\ARM_GCC_541\Debug\cyfitter_cfg.o
 .debug_abbrev  0x00000e14       0x77 .\CortexM3\ARM_GCC_541\Debug\cymetadata.o
 .debug_abbrev  0x00000e8b      0x1e8 .\CortexM3\ARM_GCC_541\Debug\Cm3Start.o
 .debug_abbrev  0x00001073      0x254 .\CortexM3\ARM_GCC_541\Debug\Z80_3Chip.a(CyLib.o)
 .debug_abbrev  0x000012c7      0x1ab .\CortexM3\ARM_GCC_541\Debug\Z80_3Chip.a(cyPm.o)
 .debug_abbrev  0x00001472       0xac .\CortexM3\ARM_GCC_541\Debug\Z80_3Chip.a(AdrLowIn.o)
 .debug_abbrev  0x0000151e       0x90 .\CortexM3\ARM_GCC_541\Debug\Z80_3Chip.a(LED.o)
 .debug_abbrev  0x000015ae       0x90 .\CortexM3\ARM_GCC_541\Debug\Z80_3Chip.a(INT_n.o)
 .debug_abbrev  0x0000163e       0x81 .\CortexM3\ARM_GCC_541\Debug\Z80_3Chip.a(IO_Ctrl_Reg.o)
 .debug_abbrev  0x000016bf       0xac .\CortexM3\ARM_GCC_541\Debug\Z80_3Chip.a(IO_Stat_Reg.o)
 .debug_abbrev  0x0000176b       0x81 .\CortexM3\ARM_GCC_541\Debug\Z80_3Chip.a(Z80_Data_In.o)
 .debug_abbrev  0x000017ec       0xac .\CortexM3\ARM_GCC_541\Debug\Z80_3Chip.a(Z80_Data_Out.o)
 .debug_abbrev  0x00001898       0x81 .\CortexM3\ARM_GCC_541\Debug\Z80_3Chip.a(BankBaseAdr.o)
 .debug_abbrev  0x00001919       0x81 .\CortexM3\ARM_GCC_541\Debug\Z80_3Chip.a(BankMask.o)
 .debug_abbrev  0x0000199a       0x81 .\CortexM3\ARM_GCC_541\Debug\Z80_3Chip.a(AdrHighOut.o)
 .debug_abbrev  0x00001a1b      0x10a .\CortexM3\ARM_GCC_541\Debug\Z80_3Chip.a(I2C.o)
 .debug_abbrev  0x00001b25       0xb6 .\CortexM3\ARM_GCC_541\Debug\Z80_3Chip.a(I2C_INT.o)
 .debug_abbrev  0x00001bdb       0xfe .\CortexM3\ARM_GCC_541\Debug\Z80_3Chip.a(I2C_PM.o)
 .debug_abbrev  0x00001cd9      0x13c .\CortexM3\ARM_GCC_541\Debug\Z80_3Chip.a(I2C_MASTER.o)
 .debug_abbrev  0x00001e15      0x215 .\CortexM3\ARM_GCC_541\Debug\Z80_3Chip.a(USBUART.o)
 .debug_abbrev  0x0000202a      0x245 .\CortexM3\ARM_GCC_541\Debug\Z80_3Chip.a(USBUART_cdc.o)
 .debug_abbrev  0x0000226f      0x189 .\CortexM3\ARM_GCC_541\Debug\Z80_3Chip.a(USBUART_drv.o)
 .debug_abbrev  0x000023f8      0x11b .\CortexM3\ARM_GCC_541\Debug\Z80_3Chip.a(USBUART_episr.o)
 .debug_abbrev  0x00002513      0x108 .\CortexM3\ARM_GCC_541\Debug\Z80_3Chip.a(USBUART_pm.o)
 .debug_abbrev  0x0000261b      0x20a .\CortexM3\ARM_GCC_541\Debug\Z80_3Chip.a(USBUART_std.o)
 .debug_abbrev  0x00002825       0x9b .\CortexM3\ARM_GCC_541\Debug\Z80_3Chip.a(USBUART_vnd.o)
 .debug_abbrev  0x000028c0       0x90 .\CortexM3\ARM_GCC_541\Debug\Z80_3Chip.a(USBUART_Dp.o)
 .debug_abbrev  0x00002950      0x146 .\CortexM3\ARM_GCC_541\Debug\Z80_3Chip.a(SPI_Master.o)
 .debug_abbrev  0x00002a96      0x139 .\CortexM3\ARM_GCC_541\Debug\Z80_3Chip.a(SPI_Master_IntClock.o)
 .debug_abbrev  0x00002bcf       0x81 .\CortexM3\ARM_GCC_541\Debug\Z80_3Chip.a(SPI_SS_Override.o)
 .debug_abbrev  0x00002c50       0x14 .\CortexM3\ARM_GCC_541\Debug\Z80_3Chip.a(CyBootAsmGnu.o)
 .debug_abbrev  0x00002c64      0x1a7 .\CortexM3\ARM_GCC_541\Debug\Z80_3Chip.a(CyFlash.o)
 .debug_abbrev  0x00002e0b      0x194 .\CortexM3\ARM_GCC_541\Debug\Z80_3Chip.a(CySpc.o)
 .debug_abbrev  0x00002f9f       0xe1 .\CortexM3\ARM_GCC_541\Debug\Z80_3Chip.a(USBUART_cls.o)
 .debug_abbrev  0x00003080       0xb4 .\CortexM3\ARM_GCC_541\Debug\Z80_3Chip.a(USBUART_descr.o)

.debug_line     0x00000000     0x5379
 *(.debug_line)
 .debug_line    0x00000000      0x2b2 .\CortexM3\ARM_GCC_541\Debug\main.o
 .debug_line    0x000002b2      0x243 .\CortexM3\ARM_GCC_541\Debug\ExtSRAM.o
 .debug_line    0x000004f5      0x358 .\CortexM3\ARM_GCC_541\Debug\FrontPanel.o
 .debug_line    0x0000084d      0x13f .\CortexM3\ARM_GCC_541\Debug\GS_9_MON_BASIC_ROM.o
 .debug_line    0x0000098c      0x13f .\CortexM3\ARM_GCC_541\Debug\Z80_SIO_emul.o
 .debug_line    0x00000acb      0x280 .\CortexM3\ARM_GCC_541\Debug\Z80_IO_Handle.o
 .debug_line    0x00000d4b      0x1b8 .\CortexM3\ARM_GCC_541\Debug\Z80_PIO_emul.o
 .debug_line    0x00000f03      0x13f .\CortexM3\ARM_GCC_541\Debug\GS_7_BASIC_ROM.o
 .debug_line    0x00001042      0x24c .\CortexM3\ARM_GCC_541\Debug\Z80_6850_Emul.o
 .debug_line    0x0000128e      0x2a9 .\CortexM3\ARM_GCC_541\Debug\Z80_SDCard_Emul.o
 .debug_line    0x00001537      0x156 .\CortexM3\ARM_GCC_541\Debug\GS_FPGA_CPM_BASIC.o
 .debug_line    0x0000168d      0x222 .\CortexM3\ARM_GCC_541\Debug\Z80_6850_2_Emul.o
 .debug_line    0x000018af      0x1bb .\CortexM3\ARM_GCC_541\Debug\Z80_Mem_Mappers.o
 .debug_line    0x00001a6a      0x4cd .\CortexM3\ARM_GCC_541\Debug\SDCard.o
 .debug_line    0x00001f37      0x21c .\CortexM3\ARM_GCC_541\Debug\cyfitter_cfg.o
 .debug_line    0x00002153      0x141 .\CortexM3\ARM_GCC_541\Debug\cymetadata.o
 .debug_line    0x00002294      0x234 .\CortexM3\ARM_GCC_541\Debug\Cm3Start.o
 .debug_line    0x000024c8      0x816 .\CortexM3\ARM_GCC_541\Debug\Z80_3Chip.a(CyLib.o)
 .debug_line    0x00002cde      0x367 .\CortexM3\ARM_GCC_541\Debug\Z80_3Chip.a(cyPm.o)
 .debug_line    0x00003045       0xb3 .\CortexM3\ARM_GCC_541\Debug\Z80_3Chip.a(AdrLowIn.o)
 .debug_line    0x000030f8       0x90 .\CortexM3\ARM_GCC_541\Debug\Z80_3Chip.a(LED.o)
 .debug_line    0x00003188       0x92 .\CortexM3\ARM_GCC_541\Debug\Z80_3Chip.a(INT_n.o)
 .debug_line    0x0000321a       0x73 .\CortexM3\ARM_GCC_541\Debug\Z80_3Chip.a(IO_Ctrl_Reg.o)
 .debug_line    0x0000328d       0xb7 .\CortexM3\ARM_GCC_541\Debug\Z80_3Chip.a(IO_Stat_Reg.o)
 .debug_line    0x00003344       0x73 .\CortexM3\ARM_GCC_541\Debug\Z80_3Chip.a(Z80_Data_In.o)
 .debug_line    0x000033b7       0xb7 .\CortexM3\ARM_GCC_541\Debug\Z80_3Chip.a(Z80_Data_Out.o)
 .debug_line    0x0000346e       0x73 .\CortexM3\ARM_GCC_541\Debug\Z80_3Chip.a(BankBaseAdr.o)
 .debug_line    0x000034e1       0x70 .\CortexM3\ARM_GCC_541\Debug\Z80_3Chip.a(BankMask.o)
 .debug_line    0x00003551       0x72 .\CortexM3\ARM_GCC_541\Debug\Z80_3Chip.a(AdrHighOut.o)
 .debug_line    0x000035c3       0xd9 .\CortexM3\ARM_GCC_541\Debug\Z80_3Chip.a(I2C.o)
 .debug_line    0x0000369c      0x114 .\CortexM3\ARM_GCC_541\Debug\Z80_3Chip.a(I2C_INT.o)
 .debug_line    0x000037b0       0xbb .\CortexM3\ARM_GCC_541\Debug\Z80_3Chip.a(I2C_PM.o)
 .debug_line    0x0000386b      0x1fd .\CortexM3\ARM_GCC_541\Debug\Z80_3Chip.a(I2C_MASTER.o)
 .debug_line    0x00003a68      0x2dc .\CortexM3\ARM_GCC_541\Debug\Z80_3Chip.a(USBUART.o)
 .debug_line    0x00003d44      0x2f2 .\CortexM3\ARM_GCC_541\Debug\Z80_3Chip.a(USBUART_cdc.o)
 .debug_line    0x00004036      0x221 .\CortexM3\ARM_GCC_541\Debug\Z80_3Chip.a(USBUART_drv.o)
 .debug_line    0x00004257       0xe6 .\CortexM3\ARM_GCC_541\Debug\Z80_3Chip.a(USBUART_episr.o)
 .debug_line    0x0000433d      0x10e .\CortexM3\ARM_GCC_541\Debug\Z80_3Chip.a(USBUART_pm.o)
 .debug_line    0x0000444b      0x3e2 .\CortexM3\ARM_GCC_541\Debug\Z80_3Chip.a(USBUART_std.o)
 .debug_line    0x0000482d       0x73 .\CortexM3\ARM_GCC_541\Debug\Z80_3Chip.a(USBUART_vnd.o)
 .debug_line    0x000048a0       0xbb .\CortexM3\ARM_GCC_541\Debug\Z80_3Chip.a(USBUART_Dp.o)
 .debug_line    0x0000495b      0x24f .\CortexM3\ARM_GCC_541\Debug\Z80_3Chip.a(SPI_Master.o)
 .debug_line    0x00004baa      0x182 .\CortexM3\ARM_GCC_541\Debug\Z80_3Chip.a(SPI_Master_IntClock.o)
 .debug_line    0x00004d2c       0x77 .\CortexM3\ARM_GCC_541\Debug\Z80_3Chip.a(SPI_SS_Override.o)
 .debug_line    0x00004da3       0x66 .\CortexM3\ARM_GCC_541\Debug\Z80_3Chip.a(CyBootAsmGnu.o)
 .debug_line    0x00004e09      0x21a .\CortexM3\ARM_GCC_541\Debug\Z80_3Chip.a(CyFlash.o)
 .debug_line    0x00005023      0x260 .\CortexM3\ARM_GCC_541\Debug\Z80_3Chip.a(CySpc.o)
 .debug_line    0x00005283       0x95 .\CortexM3\ARM_GCC_541\Debug\Z80_3Chip.a(USBUART_cls.o)
 .debug_line    0x00005318       0x61 .\CortexM3\ARM_GCC_541\Debug\Z80_3Chip.a(USBUART_descr.o)

.debug_frame    0x00000000     0x2a48
 *(.debug_frame)
 .debug_frame   0x00000000       0x4c .\CortexM3\ARM_GCC_541\Debug\main.o
 .debug_frame   0x0000004c       0x9c .\CortexM3\ARM_GCC_541\Debug\ExtSRAM.o
 .debug_frame   0x000000e8      0x13c .\CortexM3\ARM_GCC_541\Debug\FrontPanel.o
 .debug_frame   0x00000224       0x68 .\CortexM3\ARM_GCC_541\Debug\Z80_IO_Handle.o
 .debug_frame   0x0000028c       0x70 .\CortexM3\ARM_GCC_541\Debug\Z80_PIO_emul.o
 .debug_frame   0x000002fc       0xd8 .\CortexM3\ARM_GCC_541\Debug\Z80_6850_Emul.o
 .debug_frame   0x000003d4       0xb8 .\CortexM3\ARM_GCC_541\Debug\Z80_SDCard_Emul.o
 .debug_frame   0x0000048c       0xcc .\CortexM3\ARM_GCC_541\Debug\Z80_6850_2_Emul.o
 .debug_frame   0x00000558       0x48 .\CortexM3\ARM_GCC_541\Debug\Z80_Mem_Mappers.o
 .debug_frame   0x000005a0      0x130 .\CortexM3\ARM_GCC_541\Debug\SDCard.o
 .debug_frame   0x000006d0       0xe4 .\CortexM3\ARM_GCC_541\Debug\cyfitter_cfg.o
 .debug_frame   0x000007b4       0xb8 .\CortexM3\ARM_GCC_541\Debug\Cm3Start.o
 .debug_frame   0x0000086c      0x738 .\CortexM3\ARM_GCC_541\Debug\Z80_3Chip.a(CyLib.o)
 .debug_frame   0x00000fa4      0x1f8 .\CortexM3\ARM_GCC_541\Debug\Z80_3Chip.a(cyPm.o)
 .debug_frame   0x0000119c       0x78 .\CortexM3\ARM_GCC_541\Debug\Z80_3Chip.a(AdrLowIn.o)
 .debug_frame   0x00001214       0x50 .\CortexM3\ARM_GCC_541\Debug\Z80_3Chip.a(LED.o)
 .debug_frame   0x00001264       0x50 .\CortexM3\ARM_GCC_541\Debug\Z80_3Chip.a(INT_n.o)
 .debug_frame   0x000012b4       0x30 .\CortexM3\ARM_GCC_541\Debug\Z80_3Chip.a(IO_Ctrl_Reg.o)
 .debug_frame   0x000012e4       0x78 .\CortexM3\ARM_GCC_541\Debug\Z80_3Chip.a(IO_Stat_Reg.o)
 .debug_frame   0x0000135c       0x30 .\CortexM3\ARM_GCC_541\Debug\Z80_3Chip.a(Z80_Data_In.o)
 .debug_frame   0x0000138c       0x78 .\CortexM3\ARM_GCC_541\Debug\Z80_3Chip.a(Z80_Data_Out.o)
 .debug_frame   0x00001404       0x30 .\CortexM3\ARM_GCC_541\Debug\Z80_3Chip.a(BankBaseAdr.o)
 .debug_frame   0x00001434       0x30 .\CortexM3\ARM_GCC_541\Debug\Z80_3Chip.a(BankMask.o)
 .debug_frame   0x00001464       0x30 .\CortexM3\ARM_GCC_541\Debug\Z80_3Chip.a(AdrHighOut.o)
 .debug_frame   0x00001494       0x90 .\CortexM3\ARM_GCC_541\Debug\Z80_3Chip.a(I2C.o)
 .debug_frame   0x00001524       0x30 .\CortexM3\ARM_GCC_541\Debug\Z80_3Chip.a(I2C_INT.o)
 .debug_frame   0x00001554       0x74 .\CortexM3\ARM_GCC_541\Debug\Z80_3Chip.a(I2C_PM.o)
 .debug_frame   0x000015c8      0x138 .\CortexM3\ARM_GCC_541\Debug\Z80_3Chip.a(I2C_MASTER.o)
 .debug_frame   0x00001700      0x1dc .\CortexM3\ARM_GCC_541\Debug\Z80_3Chip.a(USBUART.o)
 .debug_frame   0x000018dc      0x27c .\CortexM3\ARM_GCC_541\Debug\Z80_3Chip.a(USBUART_cdc.o)
 .debug_frame   0x00001b58      0x194 .\CortexM3\ARM_GCC_541\Debug\Z80_3Chip.a(USBUART_drv.o)
 .debug_frame   0x00001cec       0x6c .\CortexM3\ARM_GCC_541\Debug\Z80_3Chip.a(USBUART_episr.o)
 .debug_frame   0x00001d58       0xa0 .\CortexM3\ARM_GCC_541\Debug\Z80_3Chip.a(USBUART_pm.o)
 .debug_frame   0x00001df8      0x17c .\CortexM3\ARM_GCC_541\Debug\Z80_3Chip.a(USBUART_std.o)
 .debug_frame   0x00001f74       0x20 .\CortexM3\ARM_GCC_541\Debug\Z80_3Chip.a(USBUART_vnd.o)
 .debug_frame   0x00001f94       0x70 .\CortexM3\ARM_GCC_541\Debug\Z80_3Chip.a(USBUART_Dp.o)
 .debug_frame   0x00002004      0x1e8 .\CortexM3\ARM_GCC_541\Debug\Z80_3Chip.a(SPI_Master.o)
 .debug_frame   0x000021ec       0xe0 .\CortexM3\ARM_GCC_541\Debug\Z80_3Chip.a(SPI_Master_IntClock.o)
 .debug_frame   0x000022cc       0x30 .\CortexM3\ARM_GCC_541\Debug\Z80_3Chip.a(SPI_SS_Override.o)
 .debug_frame   0x000022fc      0x194 .\CortexM3\ARM_GCC_541\Debug\Z80_3Chip.a(CyFlash.o)
 .debug_frame   0x00002490      0x180 .\CortexM3\ARM_GCC_541\Debug\Z80_3Chip.a(CySpc.o)
 .debug_frame   0x00002610       0x2c .\CortexM3\ARM_GCC_541\Debug\Z80_3Chip.a(USBUART_cls.o)
 .debug_frame   0x0000263c       0x20 c:/program files (x86)/cypress/psoc creator/4.2/psoc creator/import/gnu/arm/5.4.1/bin/../lib/gcc/arm-none-eabi/5.4.1/../../../../arm-none-eabi/lib/armv7-m\libg_nano.a(lib_a-errno.o)
 .debug_frame   0x0000265c       0x28 c:/program files (x86)/cypress/psoc creator/4.2/psoc creator/import/gnu/arm/5.4.1/bin/../lib/gcc/arm-none-eabi/5.4.1/../../../../arm-none-eabi/lib/armv7-m\libg_nano.a(lib_a-exit.o)
 .debug_frame   0x00002684       0x2c c:/program files (x86)/cypress/psoc creator/4.2/psoc creator/import/gnu/arm/5.4.1/bin/../lib/gcc/arm-none-eabi/5.4.1/../../../../arm-none-eabi/lib/armv7-m\libg_nano.a(lib_a-init.o)
 .debug_frame   0x000026b0       0x28 c:/program files (x86)/cypress/psoc creator/4.2/psoc creator/import/gnu/arm/5.4.1/bin/../lib/gcc/arm-none-eabi/5.4.1/../../../../arm-none-eabi/lib/armv7-m\libg_nano.a(lib_a-memcpy-stub.o)
 .debug_frame   0x000026d8       0x20 c:/program files (x86)/cypress/psoc creator/4.2/psoc creator/import/gnu/arm/5.4.1/bin/../lib/gcc/arm-none-eabi/5.4.1/../../../../arm-none-eabi/lib/armv7-m\libg_nano.a(lib_a-memset.o)
 .debug_frame   0x000026f8       0x70 c:/program files (x86)/cypress/psoc creator/4.2/psoc creator/import/gnu/arm/5.4.1/bin/../lib/gcc/arm-none-eabi/5.4.1/../../../../arm-none-eabi/lib/armv7-m\libg_nano.a(lib_a-sprintf.o)
 .debug_frame   0x00002768       0x28 c:/program files (x86)/cypress/psoc creator/4.2/psoc creator/import/gnu/arm/5.4.1/bin/../lib/gcc/arm-none-eabi/5.4.1/../../../../arm-none-eabi/lib/armv7-m\libg_nano.a(lib_a-strcat.o)
 .debug_frame   0x00002790       0x90 c:/program files (x86)/cypress/psoc creator/4.2/psoc creator/import/gnu/arm/5.4.1/bin/../lib/gcc/arm-none-eabi/5.4.1/../../../../arm-none-eabi/lib/armv7-m\libg_nano.a(lib_a-nano-svfprintf.o)
 .debug_frame   0x00002820       0x60 c:/program files (x86)/cypress/psoc creator/4.2/psoc creator/import/gnu/arm/5.4.1/bin/../lib/gcc/arm-none-eabi/5.4.1/../../../../arm-none-eabi/lib/armv7-m\libg_nano.a(lib_a-nano-vfprintf_i.o)
 .debug_frame   0x00002880       0x28 c:/program files (x86)/cypress/psoc creator/4.2/psoc creator/import/gnu/arm/5.4.1/bin/../lib/gcc/arm-none-eabi/5.4.1/../../../../arm-none-eabi/lib/armv7-m\libg_nano.a(lib_a-memchr-stub.o)
 .debug_frame   0x000028a8       0x28 c:/program files (x86)/cypress/psoc creator/4.2/psoc creator/import/gnu/arm/5.4.1/bin/../lib/gcc/arm-none-eabi/5.4.1/../../../../arm-none-eabi/lib/armv7-m\libg_nano.a(lib_a-memmove.o)
 .debug_frame   0x000028d0       0x38 c:/program files (x86)/cypress/psoc creator/4.2/psoc creator/import/gnu/arm/5.4.1/bin/../lib/gcc/arm-none-eabi/5.4.1/../../../../arm-none-eabi/lib/armv7-m\libg_nano.a(lib_a-nano-freer.o)
 .debug_frame   0x00002908       0x2c c:/program files (x86)/cypress/psoc creator/4.2/psoc creator/import/gnu/arm/5.4.1/bin/../lib/gcc/arm-none-eabi/5.4.1/../../../../arm-none-eabi/lib/armv7-m\libg_nano.a(lib_a-nano-mallocr.o)
 .debug_frame   0x00002934       0x3c c:/program files (x86)/cypress/psoc creator/4.2/psoc creator/import/gnu/arm/5.4.1/bin/../lib/gcc/arm-none-eabi/5.4.1/../../../../arm-none-eabi/lib/armv7-m\libg_nano.a(lib_a-nano-reallocr.o)
 .debug_frame   0x00002970       0x2c c:/program files (x86)/cypress/psoc creator/4.2/psoc creator/import/gnu/arm/5.4.1/bin/../lib/gcc/arm-none-eabi/5.4.1/../../../../arm-none-eabi/lib/armv7-m\libg_nano.a(lib_a-sbrkr.o)
 .debug_frame   0x0000299c       0x30 c:/program files (x86)/cypress/psoc creator/4.2/psoc creator/import/gnu/arm/5.4.1/bin/../lib/gcc/arm-none-eabi/5.4.1/../../../../arm-none-eabi/lib/armv7-m\libg_nano.a(lib_a-mlock.o)
 .debug_frame   0x000029cc       0x20 c:/program files (x86)/cypress/psoc creator/4.2/psoc creator/import/gnu/arm/5.4.1/bin/../lib/gcc/arm-none-eabi/5.4.1/../../../../arm-none-eabi/lib/armv7-m\libg_nano.a(lib_a-nano-msizer.o)
 .debug_frame   0x000029ec       0x5c c:/program files (x86)/cypress/psoc creator/4.2/psoc creator/import/gnu/arm/5.4.1/bin/../lib/gcc/arm-none-eabi/5.4.1/../../../../arm-none-eabi/lib/armv7-m\libg_nano.a(lib_a-reent.o)

.debug_str      0x00000000     0x393a
 *(.debug_str)
 .debug_str     0x00000000      0x3ad .\CortexM3\ARM_GCC_541\Debug\main.o
                                0x3f5 (size before relaxing)
 .debug_str     0x000003ad       0x88 .\CortexM3\ARM_GCC_541\Debug\ExtSRAM.o
                                0x28d (size before relaxing)
 .debug_str     0x00000435      0x24f .\CortexM3\ARM_GCC_541\Debug\FrontPanel.o
                                0x475 (size before relaxing)
 .debug_str     0x00000684       0x15 .\CortexM3\ARM_GCC_541\Debug\GS_9_MON_BASIC_ROM.o
                                0x1ed (size before relaxing)
 .debug_str     0x00000699        0xf .\CortexM3\ARM_GCC_541\Debug\Z80_SIO_emul.o
                                0x1e7 (size before relaxing)
 .debug_str     0x000006a8      0x163 .\CortexM3\ARM_GCC_541\Debug\Z80_IO_Handle.o
                                0x389 (size before relaxing)
 .debug_str     0x0000080b      0x123 .\CortexM3\ARM_GCC_541\Debug\Z80_PIO_emul.o
                                0x301 (size before relaxing)
 .debug_str     0x0000092e       0x11 .\CortexM3\ARM_GCC_541\Debug\GS_7_BASIC_ROM.o
                                0x1e9 (size before relaxing)
 .debug_str     0x0000093f       0x5d .\CortexM3\ARM_GCC_541\Debug\Z80_6850_Emul.o
                                0x31f (size before relaxing)
 .debug_str     0x0000099c       0xc9 .\CortexM3\ARM_GCC_541\Debug\Z80_SDCard_Emul.o
                                0x358 (size before relaxing)
 .debug_str     0x00000a65       0x4c .\CortexM3\ARM_GCC_541\Debug\GS_FPGA_CPM_BASIC.o
                                0x239 (size before relaxing)
 .debug_str     0x00000ab1       0x8b .\CortexM3\ARM_GCC_541\Debug\Z80_6850_2_Emul.o
                                0x2fd (size before relaxing)
 .debug_str     0x00000b3c       0x44 .\CortexM3\ARM_GCC_541\Debug\Z80_Mem_Mappers.o
                                0x244 (size before relaxing)
 .debug_str     0x00000b80      0x189 .\CortexM3\ARM_GCC_541\Debug\SDCard.o
                                0x491 (size before relaxing)
 .debug_str     0x00000d09      0x1a7 .\CortexM3\ARM_GCC_541\Debug\cyfitter_cfg.o
                                0x38c (size before relaxing)
 .debug_str     0x00000eb0       0x7f .\CortexM3\ARM_GCC_541\Debug\cymetadata.o
                                0x222 (size before relaxing)
 .debug_str     0x00000f2f      0x144 .\CortexM3\ARM_GCC_541\Debug\Cm3Start.o
                                0x348 (size before relaxing)
 .debug_str     0x00001073      0x835 .\CortexM3\ARM_GCC_541\Debug\Z80_3Chip.a(CyLib.o)
                                0xa85 (size before relaxing)
 .debug_str     0x000018a8      0x365 .\CortexM3\ARM_GCC_541\Debug\Z80_3Chip.a(cyPm.o)
                                0x771 (size before relaxing)
 .debug_str     0x00001c0d       0x7a .\CortexM3\ARM_GCC_541\Debug\Z80_3Chip.a(AdrLowIn.o)
                                0x28d (size before relaxing)
 .debug_str     0x00001c87       0x52 .\CortexM3\ARM_GCC_541\Debug\Z80_3Chip.a(LED.o)
                                0x216 (size before relaxing)
 .debug_str     0x00001cd9       0x4f .\CortexM3\ARM_GCC_541\Debug\Z80_3Chip.a(INT_n.o)
                                0x220 (size before relaxing)
 .debug_str     0x00001d28       0x2d .\CortexM3\ARM_GCC_541\Debug\Z80_3Chip.a(IO_Ctrl_Reg.o)
                                0x1ff (size before relaxing)
 .debug_str     0x00001d55       0x89 .\CortexM3\ARM_GCC_541\Debug\Z80_3Chip.a(IO_Stat_Reg.o)
                                0x29f (size before relaxing)
 .debug_str     0x00001dde       0x36 .\CortexM3\ARM_GCC_541\Debug\Z80_3Chip.a(Z80_Data_In.o)
                                0x1ff (size before relaxing)
 .debug_str     0x00001e14       0x8e .\CortexM3\ARM_GCC_541\Debug\Z80_3Chip.a(Z80_Data_Out.o)
                                0x2a5 (size before relaxing)
 .debug_str     0x00001ea2       0x36 .\CortexM3\ARM_GCC_541\Debug\Z80_3Chip.a(BankBaseAdr.o)
                                0x1ff (size before relaxing)
 .debug_str     0x00001ed8       0x30 .\CortexM3\ARM_GCC_541\Debug\Z80_3Chip.a(BankMask.o)
                                0x1f6 (size before relaxing)
 .debug_str     0x00001f08       0x34 .\CortexM3\ARM_GCC_541\Debug\Z80_3Chip.a(AdrHighOut.o)
                                0x1fc (size before relaxing)
 .debug_str     0x00001f3c       0xd4 .\CortexM3\ARM_GCC_541\Debug\Z80_3Chip.a(I2C.o)
                                0x31f (size before relaxing)
 .debug_str     0x00002010       0x86 .\CortexM3\ARM_GCC_541\Debug\Z80_3Chip.a(I2C_INT.o)
                                0x29d (size before relaxing)
 .debug_str     0x00002096       0x56 .\CortexM3\ARM_GCC_541\Debug\Z80_3Chip.a(I2C_PM.o)
                                0x2bb (size before relaxing)
 .debug_str     0x000020ec       0xe8 .\CortexM3\ARM_GCC_541\Debug\Z80_3Chip.a(I2C_MASTER.o)
                                0x3e2 (size before relaxing)
 .debug_str     0x000021d4      0x3f7 .\CortexM3\ARM_GCC_541\Debug\Z80_3Chip.a(USBUART.o)
                                0x6a8 (size before relaxing)
 .debug_str     0x000025cb      0x4d5 .\CortexM3\ARM_GCC_541\Debug\Z80_3Chip.a(USBUART_cdc.o)
                                0x80f (size before relaxing)
 .debug_str     0x00002aa0      0x291 .\CortexM3\ARM_GCC_541\Debug\Z80_3Chip.a(USBUART_drv.o)
                                0x686 (size before relaxing)
 .debug_str     0x00002d31       0x80 .\CortexM3\ARM_GCC_541\Debug\Z80_3Chip.a(USBUART_episr.o)
                                0x31d (size before relaxing)
 .debug_str     0x00002db1       0xc6 .\CortexM3\ARM_GCC_541\Debug\Z80_3Chip.a(USBUART_pm.o)
                                0x32e (size before relaxing)
 .debug_str     0x00002e77      0x259 .\CortexM3\ARM_GCC_541\Debug\Z80_3Chip.a(USBUART_std.o)
                                0x7f5 (size before relaxing)
 .debug_str     0x000030d0       0x25 .\CortexM3\ARM_GCC_541\Debug\Z80_3Chip.a(USBUART_vnd.o)
                                0x22b (size before relaxing)
 .debug_str     0x000030f5       0x99 .\CortexM3\ARM_GCC_541\Debug\Z80_3Chip.a(USBUART_Dp.o)
                                0x27f (size before relaxing)
 .debug_str     0x0000318e      0x233 .\CortexM3\ARM_GCC_541\Debug\Z80_3Chip.a(SPI_Master.o)
                                0x4fe (size before relaxing)
 .debug_str     0x000033c1      0x1bf .\CortexM3\ARM_GCC_541\Debug\Z80_3Chip.a(SPI_Master_IntClock.o)
                                0x3bc (size before relaxing)
 .debug_str     0x00003580       0x3e .\CortexM3\ARM_GCC_541\Debug\Z80_3Chip.a(SPI_SS_Override.o)
                                0x20b (size before relaxing)
 .debug_str     0x000035be      0x1b4 .\CortexM3\ARM_GCC_541\Debug\Z80_3Chip.a(CyFlash.o)
                                0x3fe (size before relaxing)
 .debug_str     0x00003772       0x9f .\CortexM3\ARM_GCC_541\Debug\Z80_3Chip.a(CySpc.o)
                                0x376 (size before relaxing)
 .debug_str     0x00003811       0x25 .\CortexM3\ARM_GCC_541\Debug\Z80_3Chip.a(USBUART_cls.o)
                                0x2ea (size before relaxing)
 .debug_str     0x00003836      0x104 .\CortexM3\ARM_GCC_541\Debug\Z80_3Chip.a(USBUART_descr.o)
                                0x397 (size before relaxing)

.debug_loc      0x00000000     0x42c6
 *(.debug_loc)
 .debug_loc     0x00000000      0x13b .\CortexM3\ARM_GCC_541\Debug\main.o
 .debug_loc     0x0000013b       0xc2 .\CortexM3\ARM_GCC_541\Debug\ExtSRAM.o
 .debug_loc     0x000001fd      0x416 .\CortexM3\ARM_GCC_541\Debug\FrontPanel.o
 .debug_loc     0x00000613       0x21 .\CortexM3\ARM_GCC_541\Debug\Z80_6850_Emul.o
 .debug_loc     0x00000634       0x3c .\CortexM3\ARM_GCC_541\Debug\Z80_SDCard_Emul.o
 .debug_loc     0x00000670      0x3d0 .\CortexM3\ARM_GCC_541\Debug\SDCard.o
 .debug_loc     0x00000a40      0x2b6 .\CortexM3\ARM_GCC_541\Debug\cyfitter_cfg.o
 .debug_loc     0x00000cf6      0x144 .\CortexM3\ARM_GCC_541\Debug\Cm3Start.o
 .debug_loc     0x00000e3a      0xa11 .\CortexM3\ARM_GCC_541\Debug\Z80_3Chip.a(CyLib.o)
 .debug_loc     0x0000184b      0x1e4 .\CortexM3\ARM_GCC_541\Debug\Z80_3Chip.a(cyPm.o)
 .debug_loc     0x00001a2f       0x26 .\CortexM3\ARM_GCC_541\Debug\Z80_3Chip.a(AdrLowIn.o)
 .debug_loc     0x00001a55       0x42 .\CortexM3\ARM_GCC_541\Debug\Z80_3Chip.a(LED.o)
 .debug_loc     0x00001a97       0x42 .\CortexM3\ARM_GCC_541\Debug\Z80_3Chip.a(INT_n.o)
 .debug_loc     0x00001ad9       0x44 .\CortexM3\ARM_GCC_541\Debug\Z80_3Chip.a(IO_Stat_Reg.o)
 .debug_loc     0x00001b1d       0x26 .\CortexM3\ARM_GCC_541\Debug\Z80_3Chip.a(Z80_Data_Out.o)
 .debug_loc     0x00001b43       0x39 .\CortexM3\ARM_GCC_541\Debug\Z80_3Chip.a(I2C.o)
 .debug_loc     0x00001b7c       0x29 .\CortexM3\ARM_GCC_541\Debug\Z80_3Chip.a(I2C_INT.o)
 .debug_loc     0x00001ba5       0x13 .\CortexM3\ARM_GCC_541\Debug\Z80_3Chip.a(I2C_PM.o)
 .debug_loc     0x00001bb8      0x52f .\CortexM3\ARM_GCC_541\Debug\Z80_3Chip.a(I2C_MASTER.o)
 .debug_loc     0x000020e7      0x3e1 .\CortexM3\ARM_GCC_541\Debug\Z80_3Chip.a(USBUART.o)
 .debug_loc     0x000024c8      0x557 .\CortexM3\ARM_GCC_541\Debug\Z80_3Chip.a(USBUART_cdc.o)
 .debug_loc     0x00002a1f      0x171 .\CortexM3\ARM_GCC_541\Debug\Z80_3Chip.a(USBUART_drv.o)
 .debug_loc     0x00002b90       0x26 .\CortexM3\ARM_GCC_541\Debug\Z80_3Chip.a(USBUART_pm.o)
 .debug_loc     0x00002bb6      0x945 .\CortexM3\ARM_GCC_541\Debug\Z80_3Chip.a(USBUART_std.o)
 .debug_loc     0x000034fb       0x84 .\CortexM3\ARM_GCC_541\Debug\Z80_3Chip.a(USBUART_Dp.o)
 .debug_loc     0x0000357f       0xfe .\CortexM3\ARM_GCC_541\Debug\Z80_3Chip.a(SPI_Master.o)
 .debug_loc     0x0000367d      0x128 .\CortexM3\ARM_GCC_541\Debug\Z80_3Chip.a(SPI_Master_IntClock.o)
 .debug_loc     0x000037a5      0x3b2 .\CortexM3\ARM_GCC_541\Debug\Z80_3Chip.a(CyFlash.o)
 .debug_loc     0x00003b57      0x705 .\CortexM3\ARM_GCC_541\Debug\Z80_3Chip.a(CySpc.o)
 .debug_loc     0x0000425c       0x6a .\CortexM3\ARM_GCC_541\Debug\Z80_3Chip.a(USBUART_cls.o)

.debug_macinfo
 *(.debug_macinfo)

.debug_ranges   0x00000000      0xd68
 *(.debug_ranges)
 .debug_ranges  0x00000000       0x18 .\CortexM3\ARM_GCC_541\Debug\main.o
 .debug_ranges  0x00000018       0x30 .\CortexM3\ARM_GCC_541\Debug\ExtSRAM.o
 .debug_ranges  0x00000048       0x58 .\CortexM3\ARM_GCC_541\Debug\FrontPanel.o
 .debug_ranges  0x000000a0       0x20 .\CortexM3\ARM_GCC_541\Debug\Z80_IO_Handle.o
 .debug_ranges  0x000000c0       0x38 .\CortexM3\ARM_GCC_541\Debug\Z80_PIO_emul.o
 .debug_ranges  0x000000f8       0x48 .\CortexM3\ARM_GCC_541\Debug\Z80_6850_Emul.o
 .debug_ranges  0x00000140       0x38 .\CortexM3\ARM_GCC_541\Debug\Z80_SDCard_Emul.o
 .debug_ranges  0x00000178       0x48 .\CortexM3\ARM_GCC_541\Debug\Z80_6850_2_Emul.o
 .debug_ranges  0x000001c0       0x18 .\CortexM3\ARM_GCC_541\Debug\Z80_Mem_Mappers.o