------------------------------------------------------------
Timing Analyzer Summary
------------------------------------------------------------

Type  : Slow 1200mV 85C Model Setup 'cpuclk'
Slack : -39.440
TNS   : -128061.366

Type  : Slow 1200mV 85C Model Setup 'pll0|altpll_component|auto_generated|pll1|clk[0]'
Slack : -36.377
TNS   : -2737.866

Type  : Slow 1200mV 85C Model Setup 'resetbtn'
Slack : -8.204
TNS   : -28.718

Type  : Slow 1200mV 85C Model Setup 'LEDMatrix:t_LEDMatrix|virtual_clock:vclock|virt_clk'
Slack : -8.058
TNS   : -393.944

Type  : Slow 1200mV 85C Model Setup 'vt:vt0|vga:vga0|vgaclk'
Slack : -7.904
TNS   : -486.711

Type  : Slow 1200mV 85C Model Setup 'clkin'
Slack : -4.203
TNS   : -1298.642

Type  : Slow 1200mV 85C Model Hold 'pll0|altpll_component|auto_generated|pll1|clk[0]'
Slack : -0.277
TNS   : -0.277

Type  : Slow 1200mV 85C Model Hold 'cpuclk'
Slack : 0.048
TNS   : 0.000

Type  : Slow 1200mV 85C Model Hold 'clkin'
Slack : 0.277
TNS   : 0.000

Type  : Slow 1200mV 85C Model Hold 'LEDMatrix:t_LEDMatrix|virtual_clock:vclock|virt_clk'
Slack : 0.436
TNS   : 0.000

Type  : Slow 1200mV 85C Model Hold 'vt:vt0|vga:vga0|vgaclk'
Slack : 0.453
TNS   : 0.000

Type  : Slow 1200mV 85C Model Hold 'resetbtn'
Slack : 2.135
TNS   : 0.000

Type  : Slow 1200mV 85C Model Recovery 'pll0|altpll_component|auto_generated|pll1|clk[0]'
Slack : -4.583
TNS   : -73.924

Type  : Slow 1200mV 85C Model Recovery 'clkin'
Slack : -1.410
TNS   : -4.863

Type  : Slow 1200mV 85C Model Removal 'clkin'
Slack : 1.221
TNS   : 0.000

Type  : Slow 1200mV 85C Model Removal 'pll0|altpll_component|auto_generated|pll1|clk[0]'
Slack : 1.377
TNS   : 0.000

Type  : Slow 1200mV 85C Model Minimum Pulse Width 'cpuclk'
Slack : -3.201
TNS   : -10917.518

Type  : Slow 1200mV 85C Model Minimum Pulse Width 'vt:vt0|vga:vga0|vgaclk'
Slack : -3.201
TNS   : -172.571

Type  : Slow 1200mV 85C Model Minimum Pulse Width 'resetbtn'
Slack : -3.000
TNS   : -3.000

Type  : Slow 1200mV 85C Model Minimum Pulse Width 'LEDMatrix:t_LEDMatrix|virtual_clock:vclock|virt_clk'
Slack : -1.487
TNS   : -124.908

Type  : Slow 1200mV 85C Model Minimum Pulse Width 'pll0|altpll_component|auto_generated|pll1|clk[0]'
Slack : 5.377
TNS   : 0.000

Type  : Slow 1200mV 85C Model Minimum Pulse Width 'clkin'
Slack : 9.618
TNS   : 0.000

Type  : Slow 1200mV 0C Model Setup 'cpuclk'
Slack : -37.437
TNS   : -121167.469

Type  : Slow 1200mV 0C Model Setup 'pll0|altpll_component|auto_generated|pll1|clk[0]'
Slack : -34.244
TNS   : -2575.725

Type  : Slow 1200mV 0C Model Setup 'resetbtn'
Slack : -8.065
TNS   : -28.409

Type  : Slow 1200mV 0C Model Setup 'vt:vt0|vga:vga0|vgaclk'
Slack : -7.401
TNS   : -463.521

Type  : Slow 1200mV 0C Model Setup 'LEDMatrix:t_LEDMatrix|virtual_clock:vclock|virt_clk'
Slack : -7.185
TNS   : -354.695

Type  : Slow 1200mV 0C Model Setup 'clkin'
Slack : -3.888
TNS   : -1202.598

Type  : Slow 1200mV 0C Model Hold 'pll0|altpll_component|auto_generated|pll1|clk[0]'
Slack : -0.375
TNS   : -0.375

Type  : Slow 1200mV 0C Model Hold 'cpuclk'
Slack : 0.198
TNS   : 0.000

Type  : Slow 1200mV 0C Model Hold 'clkin'
Slack : 0.260
TNS   : 0.000

Type  : Slow 1200mV 0C Model Hold 'LEDMatrix:t_LEDMatrix|virtual_clock:vclock|virt_clk'
Slack : 0.385
TNS   : 0.000

Type  : Slow 1200mV 0C Model Hold 'vt:vt0|vga:vga0|vgaclk'
Slack : 0.402
TNS   : 0.000

Type  : Slow 1200mV 0C Model Hold 'resetbtn'
Slack : 1.999
TNS   : 0.000

Type  : Slow 1200mV 0C Model Recovery 'pll0|altpll_component|auto_generated|pll1|clk[0]'
Slack : -4.239
TNS   : -67.736

Type  : Slow 1200mV 0C Model Recovery 'clkin'
Slack : -1.211
TNS   : -4.122

Type  : Slow 1200mV 0C Model Removal 'pll0|altpll_component|auto_generated|pll1|clk[0]'
Slack : 1.124
TNS   : 0.000

Type  : Slow 1200mV 0C Model Removal 'clkin'
Slack : 1.282
TNS   : 0.000

Type  : Slow 1200mV 0C Model Minimum Pulse Width 'cpuclk'
Slack : -3.201
TNS   : -10917.518

Type  : Slow 1200mV 0C Model Minimum Pulse Width 'vt:vt0|vga:vga0|vgaclk'
Slack : -3.201
TNS   : -172.571

Type  : Slow 1200mV 0C Model Minimum Pulse Width 'resetbtn'
Slack : -3.000
TNS   : -3.000

Type  : Slow 1200mV 0C Model Minimum Pulse Width 'LEDMatrix:t_LEDMatrix|virtual_clock:vclock|virt_clk'
Slack : -1.487
TNS   : -124.908

Type  : Slow 1200mV 0C Model Minimum Pulse Width 'pll0|altpll_component|auto_generated|pll1|clk[0]'
Slack : 5.357
TNS   : 0.000

Type  : Slow 1200mV 0C Model Minimum Pulse Width 'clkin'
Slack : 9.615
TNS   : 0.000

Type  : Fast 1200mV 0C Model Setup 'cpuclk'
Slack : -16.609
TNS   : -52939.471

Type  : Fast 1200mV 0C Model Setup 'pll0|altpll_component|auto_generated|pll1|clk[0]'
Slack : -16.189
TNS   : -1227.978

Type  : Fast 1200mV 0C Model Setup 'LEDMatrix:t_LEDMatrix|virtual_clock:vclock|virt_clk'
Slack : -3.348
TNS   : -140.292

Type  : Fast 1200mV 0C Model Setup 'resetbtn'
Slack : -3.032
TNS   : -10.457

Type  : Fast 1200mV 0C Model Setup 'vt:vt0|vga:vga0|vgaclk'
Slack : -2.984
TNS   : -180.430

Type  : Fast 1200mV 0C Model Setup 'clkin'
Slack : -1.800
TNS   : -382.430

Type  : Fast 1200mV 0C Model Hold 'cpuclk'
Slack : -0.293
TNS   : -0.293

Type  : Fast 1200mV 0C Model Hold 'pll0|altpll_component|auto_generated|pll1|clk[0]'
Slack : 0.022
TNS   : 0.000

Type  : Fast 1200mV 0C Model Hold 'clkin'
Slack : 0.104
TNS   : 0.000

Type  : Fast 1200mV 0C Model Hold 'resetbtn'
Slack : 0.114
TNS   : 0.000

Type  : Fast 1200mV 0C Model Hold 'LEDMatrix:t_LEDMatrix|virtual_clock:vclock|virt_clk'
Slack : 0.179
TNS   : 0.000

Type  : Fast 1200mV 0C Model Hold 'vt:vt0|vga:vga0|vgaclk'
Slack : 0.187
TNS   : 0.000

Type  : Fast 1200mV 0C Model Recovery 'pll0|altpll_component|auto_generated|pll1|clk[0]'
Slack : -2.745
TNS   : -46.908

Type  : Fast 1200mV 0C Model Recovery 'clkin'
Slack : -0.990
TNS   : -3.496

Type  : Fast 1200mV 0C Model Removal 'clkin'
Slack : 0.352
TNS   : 0.000

Type  : Fast 1200mV 0C Model Removal 'pll0|altpll_component|auto_generated|pll1|clk[0]'
Slack : 0.589
TNS   : 0.000

Type  : Fast 1200mV 0C Model Minimum Pulse Width 'resetbtn'
Slack : -3.000
TNS   : -3.948

Type  : Fast 1200mV 0C Model Minimum Pulse Width 'cpuclk'
Slack : -1.000
TNS   : -7244.000

Type  : Fast 1200mV 0C Model Minimum Pulse Width 'vt:vt0|vga:vga0|vgaclk'
Slack : -1.000
TNS   : -93.000

Type  : Fast 1200mV 0C Model Minimum Pulse Width 'LEDMatrix:t_LEDMatrix|virtual_clock:vclock|virt_clk'
Slack : -1.000
TNS   : -84.000

Type  : Fast 1200mV 0C Model Minimum Pulse Width 'pll0|altpll_component|auto_generated|pll1|clk[0]'
Slack : 5.497
TNS   : 0.000

Type  : Fast 1200mV 0C Model Minimum Pulse Width 'clkin'
Slack : 9.205
TNS   : 0.000

------------------------------------------------------------
