------------------------------------------------------------
Timing Analyzer Summary
------------------------------------------------------------

Type  : Slow 1200mV 85C Model Setup 'cpuclk'
Slack : -40.528
TNS   : -126266.835

Type  : Slow 1200mV 85C Model Setup 'pll0|altpll_component|auto_generated|pll1|clk[0]'
Slack : -35.788
TNS   : -2661.097

Type  : Slow 1200mV 85C Model Setup 'LEDMatrix:t_LEDMatrix|virtual_clock:vclock|virt_clk'
Slack : -8.122
TNS   : -390.849

Type  : Slow 1200mV 85C Model Setup 'vt:vt0|vga:vga0|vgaclk'
Slack : -7.735
TNS   : -573.916

Type  : Slow 1200mV 85C Model Setup 'resetbtn'
Slack : -7.723
TNS   : -28.776

Type  : Slow 1200mV 85C Model Setup 'clkin'
Slack : -3.959
TNS   : -1237.065

Type  : Slow 1200mV 85C Model Hold 'clkin'
Slack : -0.304
TNS   : -0.304

Type  : Slow 1200mV 85C Model Hold 'pll0|altpll_component|auto_generated|pll1|clk[0]'
Slack : -0.286
TNS   : -0.286

Type  : Slow 1200mV 85C Model Hold 'cpuclk'
Slack : -0.195
TNS   : -9.152

Type  : Slow 1200mV 85C Model Hold 'LEDMatrix:t_LEDMatrix|virtual_clock:vclock|virt_clk'
Slack : -0.170
TNS   : -0.170

Type  : Slow 1200mV 85C Model Hold 'vt:vt0|vga:vga0|vgaclk'
Slack : 0.454
TNS   : 0.000

Type  : Slow 1200mV 85C Model Hold 'resetbtn'
Slack : 3.114
TNS   : 0.000

Type  : Slow 1200mV 85C Model Recovery 'pll0|altpll_component|auto_generated|pll1|clk[0]'
Slack : -2.938
TNS   : -56.847

Type  : Slow 1200mV 85C Model Recovery 'clkin'
Slack : 0.343
TNS   : 0.000

Type  : Slow 1200mV 85C Model Removal 'clkin'
Slack : -0.360
TNS   : -1.422

Type  : Slow 1200mV 85C Model Removal 'pll0|altpll_component|auto_generated|pll1|clk[0]'
Slack : 1.315
TNS   : 0.000

Type  : Slow 1200mV 85C Model Minimum Pulse Width 'cpuclk'
Slack : -3.201
TNS   : -10917.518

Type  : Slow 1200mV 85C Model Minimum Pulse Width 'vt:vt0|vga:vga0|vgaclk'
Slack : -3.201
TNS   : -172.571

Type  : Slow 1200mV 85C Model Minimum Pulse Width 'resetbtn'
Slack : -3.000
TNS   : -3.000

Type  : Slow 1200mV 85C Model Minimum Pulse Width 'LEDMatrix:t_LEDMatrix|virtual_clock:vclock|virt_clk'
Slack : -1.487
TNS   : -124.908

Type  : Slow 1200mV 85C Model Minimum Pulse Width 'pll0|altpll_component|auto_generated|pll1|clk[0]'
Slack : 5.382
TNS   : 0.000

Type  : Slow 1200mV 85C Model Minimum Pulse Width 'clkin'
Slack : 9.622
TNS   : 0.000

Type  : Slow 1200mV 0C Model Setup 'cpuclk'
Slack : -38.475
TNS   : -120175.077

Type  : Slow 1200mV 0C Model Setup 'pll0|altpll_component|auto_generated|pll1|clk[0]'
Slack : -33.714
TNS   : -2505.125

Type  : Slow 1200mV 0C Model Setup 'resetbtn'
Slack : -7.339
TNS   : -27.467

Type  : Slow 1200mV 0C Model Setup 'LEDMatrix:t_LEDMatrix|virtual_clock:vclock|virt_clk'
Slack : -7.277
TNS   : -353.146

Type  : Slow 1200mV 0C Model Setup 'vt:vt0|vga:vga0|vgaclk'
Slack : -7.265
TNS   : -542.505

Type  : Slow 1200mV 0C Model Setup 'clkin'
Slack : -3.658
TNS   : -1140.905

Type  : Slow 1200mV 0C Model Hold 'pll0|altpll_component|auto_generated|pll1|clk[0]'
Slack : -0.384
TNS   : -0.384

Type  : Slow 1200mV 0C Model Hold 'clkin'
Slack : -0.153
TNS   : -0.153

Type  : Slow 1200mV 0C Model Hold 'cpuclk'
Slack : -0.046
TNS   : -0.736

Type  : Slow 1200mV 0C Model Hold 'LEDMatrix:t_LEDMatrix|virtual_clock:vclock|virt_clk'
Slack : -0.006
TNS   : -0.006

Type  : Slow 1200mV 0C Model Hold 'vt:vt0|vga:vga0|vgaclk'
Slack : 0.402
TNS   : 0.000

Type  : Slow 1200mV 0C Model Hold 'resetbtn'
Slack : 2.880
TNS   : 0.000

Type  : Slow 1200mV 0C Model Recovery 'pll0|altpll_component|auto_generated|pll1|clk[0]'
Slack : -2.651
TNS   : -51.257

Type  : Slow 1200mV 0C Model Recovery 'clkin'
Slack : 0.361
TNS   : 0.000

Type  : Slow 1200mV 0C Model Removal 'clkin'
Slack : -0.241
TNS   : -0.952

Type  : Slow 1200mV 0C Model Removal 'pll0|altpll_component|auto_generated|pll1|clk[0]'
Slack : 1.058
TNS   : 0.000

Type  : Slow 1200mV 0C Model Minimum Pulse Width 'cpuclk'
Slack : -3.201
TNS   : -10917.518

Type  : Slow 1200mV 0C Model Minimum Pulse Width 'vt:vt0|vga:vga0|vgaclk'
Slack : -3.201
TNS   : -172.571

Type  : Slow 1200mV 0C Model Minimum Pulse Width 'resetbtn'
Slack : -3.000
TNS   : -3.000

Type  : Slow 1200mV 0C Model Minimum Pulse Width 'LEDMatrix:t_LEDMatrix|virtual_clock:vclock|virt_clk'
Slack : -1.487
TNS   : -124.908

Type  : Slow 1200mV 0C Model Minimum Pulse Width 'pll0|altpll_component|auto_generated|pll1|clk[0]'
Slack : 5.355
TNS   : 0.000

Type  : Slow 1200mV 0C Model Minimum Pulse Width 'clkin'
Slack : 9.623
TNS   : 0.000

Type  : Fast 1200mV 0C Model Setup 'cpuclk'
Slack : -17.291
TNS   : -52424.325

Type  : Fast 1200mV 0C Model Setup 'pll0|altpll_component|auto_generated|pll1|clk[0]'
Slack : -16.060
TNS   : -1205.250

Type  : Fast 1200mV 0C Model Setup 'LEDMatrix:t_LEDMatrix|virtual_clock:vclock|virt_clk'
Slack : -2.935
TNS   : -121.922

Type  : Fast 1200mV 0C Model Setup 'vt:vt0|vga:vga0|vgaclk'
Slack : -2.886
TNS   : -232.015

Type  : Fast 1200mV 0C Model Setup 'resetbtn'
Slack : -2.728
TNS   : -10.356

Type  : Fast 1200mV 0C Model Setup 'clkin'
Slack : -1.682
TNS   : -361.846

Type  : Fast 1200mV 0C Model Hold 'cpuclk'
Slack : -0.383
TNS   : -156.702

Type  : Fast 1200mV 0C Model Hold 'LEDMatrix:t_LEDMatrix|virtual_clock:vclock|virt_clk'
Slack : -0.338
TNS   : -9.484

Type  : Fast 1200mV 0C Model Hold 'clkin'
Slack : -0.285
TNS   : -0.285

Type  : Fast 1200mV 0C Model Hold 'pll0|altpll_component|auto_generated|pll1|clk[0]'
Slack : 0.016
TNS   : 0.000

Type  : Fast 1200mV 0C Model Hold 'vt:vt0|vga:vga0|vgaclk'
Slack : 0.186
TNS   : 0.000

Type  : Fast 1200mV 0C Model Hold 'resetbtn'
Slack : 0.653
TNS   : 0.000

Type  : Fast 1200mV 0C Model Recovery 'pll0|altpll_component|auto_generated|pll1|clk[0]'
Slack : -2.000
TNS   : -38.920

Type  : Fast 1200mV 0C Model Recovery 'clkin'
Slack : -0.090
TNS   : -0.318

Type  : Fast 1200mV 0C Model Removal 'clkin'
Slack : -0.294
TNS   : -1.159

Type  : Fast 1200mV 0C Model Removal 'pll0|altpll_component|auto_generated|pll1|clk[0]'
Slack : 0.567
TNS   : 0.000

Type  : Fast 1200mV 0C Model Minimum Pulse Width 'resetbtn'
Slack : -3.000
TNS   : -3.773

Type  : Fast 1200mV 0C Model Minimum Pulse Width 'cpuclk'
Slack : -1.000
TNS   : -7244.000

Type  : Fast 1200mV 0C Model Minimum Pulse Width 'vt:vt0|vga:vga0|vgaclk'
Slack : -1.000
TNS   : -93.000

Type  : Fast 1200mV 0C Model Minimum Pulse Width 'LEDMatrix:t_LEDMatrix|virtual_clock:vclock|virt_clk'
Slack : -1.000
TNS   : -84.000

Type  : Fast 1200mV 0C Model Minimum Pulse Width 'pll0|altpll_component|auto_generated|pll1|clk[0]'
Slack : 5.496
TNS   : 0.000

Type  : Fast 1200mV 0C Model Minimum Pulse Width 'clkin'
Slack : 9.208
TNS   : 0.000

------------------------------------------------------------
