Archive member included to satisfy reference by file (symbol)

.\CortexM3\ARM_GCC_541\Debug\Z80_3Pin.a(CyLib.o)
                              .\CortexM3\ARM_GCC_541\Debug\Cm3Start.o (CyHalt)
.\CortexM3\ARM_GCC_541\Debug\Z80_3Pin.a(cyPm.o)
                              .\CortexM3\ARM_GCC_541\Debug\Z80_3Pin.a(CyLib.o) (CyPmReadStatus)
.\CortexM3\ARM_GCC_541\Debug\Z80_3Pin.a(AdrLowOut.o)
                              .\CortexM3\ARM_GCC_541\Debug\ExtSRAM.o (AdrLowOut_Write)
.\CortexM3\ARM_GCC_541\Debug\Z80_3Pin.a(IO_Ctrl_Reg.o)
                              .\CortexM3\ARM_GCC_541\Debug\main.o (IO_Ctrl_Reg_Write)
.\CortexM3\ARM_GCC_541\Debug\Z80_3Pin.a(Z80_Data_In.o)
                              .\CortexM3\ARM_GCC_541\Debug\ExtSRAM.o (Z80_Data_In_Write)
.\CortexM3\ARM_GCC_541\Debug\Z80_3Pin.a(Z80_Data_Out.o)
                              .\CortexM3\ARM_GCC_541\Debug\ExtSRAM.o (Z80_Data_Out_Read)
.\CortexM3\ARM_GCC_541\Debug\Z80_3Pin.a(AdrMidOut.o)
                              .\CortexM3\ARM_GCC_541\Debug\ExtSRAM.o (AdrMidOut_Write)
.\CortexM3\ARM_GCC_541\Debug\Z80_3Pin.a(AdrHighOut.o)
                              .\CortexM3\ARM_GCC_541\Debug\ExtSRAM.o (AdrHighOut_Write)
.\CortexM3\ARM_GCC_541\Debug\Z80_3Pin.a(ExtSRAMCtl.o)
                              .\CortexM3\ARM_GCC_541\Debug\ExtSRAM.o (ExtSRAMCtl_Write)
.\CortexM3\ARM_GCC_541\Debug\Z80_3Pin.a(I2C_MASTER.o)
                              .\CortexM3\ARM_GCC_541\Debug\FrontPanel.o (I2C_MasterWriteBuf)
.\CortexM3\ARM_GCC_541\Debug\Z80_3Pin.a(CyBootAsmGnu.o)
                              .\CortexM3\ARM_GCC_541\Debug\cyfitter_cfg.o (CyDelayCycles)
.\CortexM3\ARM_GCC_541\Debug\Z80_3Pin.a(CyFlash.o)
                              .\CortexM3\ARM_GCC_541\Debug\Z80_3Pin.a(cyPm.o) (CyFlash_SetWaitCycles)
.\CortexM3\ARM_GCC_541\Debug\Z80_3Pin.a(CySpc.o)
                              .\CortexM3\ARM_GCC_541\Debug\Z80_3Pin.a(CyFlash.o) (CySpcStart)
.\CortexM3\ARM_GCC_541\Debug\Z80_3Pin.a(I2C.o)
                              .\CortexM3\ARM_GCC_541\Debug\Z80_3Pin.a(I2C_MASTER.o) (I2C_state)
.\CortexM3\ARM_GCC_541\Debug\Z80_3Pin.a(I2C_INT.o)
                              .\CortexM3\ARM_GCC_541\Debug\Z80_3Pin.a(I2C.o) (I2C_ISR)
c:/program files (x86)/cypress/psoc creator/4.2/psoc creator/import/gnu/arm/5.4.1/bin/../lib/gcc/arm-none-eabi/5.4.1/../../../../arm-none-eabi/lib/armv7-m\libg_nano.a(lib_a-errno.o)
                              .\CortexM3\ARM_GCC_541\Debug\Cm3Start.o (__errno)
c:/program files (x86)/cypress/psoc creator/4.2/psoc creator/import/gnu/arm/5.4.1/bin/../lib/gcc/arm-none-eabi/5.4.1/../../../../arm-none-eabi/lib/armv7-m\libg_nano.a(lib_a-exit.o)
                              c:/program files (x86)/cypress/psoc creator/4.2/psoc creator/import/gnu/arm/5.4.1/bin/../lib/gcc/arm-none-eabi/5.4.1/../../../../arm-none-eabi/lib/armv7-m/crt0.o (exit)
c:/program files (x86)/cypress/psoc creator/4.2/psoc creator/import/gnu/arm/5.4.1/bin/../lib/gcc/arm-none-eabi/5.4.1/../../../../arm-none-eabi/lib/armv7-m\libg_nano.a(lib_a-impure.o)
                              c:/program files (x86)/cypress/psoc creator/4.2/psoc creator/import/gnu/arm/5.4.1/bin/../lib/gcc/arm-none-eabi/5.4.1/../../../../arm-none-eabi/lib/armv7-m\libg_nano.a(lib_a-exit.o) (_global_impure_ptr)
c:/program files (x86)/cypress/psoc creator/4.2/psoc creator/import/gnu/arm/5.4.1/bin/../lib/gcc/arm-none-eabi/5.4.1/../../../../arm-none-eabi/lib/armv7-m\libg_nano.a(lib_a-init.o)
                              c:/program files (x86)/cypress/psoc creator/4.2/psoc creator/import/gnu/arm/5.4.1/bin/../lib/gcc/arm-none-eabi/5.4.1/../../../../arm-none-eabi/lib/armv7-m/crt0.o (__libc_init_array)
c:/program files (x86)/cypress/psoc creator/4.2/psoc creator/import/gnu/arm/5.4.1/bin/../lib/gcc/arm-none-eabi/5.4.1/../../../../arm-none-eabi/lib/armv7-m\libg_nano.a(lib_a-memcpy-stub.o)
                              .\CortexM3\ARM_GCC_541\Debug\cyfitter_cfg.o (memcpy)
c:/program files (x86)/cypress/psoc creator/4.2/psoc creator/import/gnu/arm/5.4.1/bin/../lib/gcc/arm-none-eabi/5.4.1/../../../../arm-none-eabi/lib/armv7-m\libg_nano.a(lib_a-memset.o)
                              c:/program files (x86)/cypress/psoc creator/4.2/psoc creator/import/gnu/arm/5.4.1/bin/../lib/gcc/arm-none-eabi/5.4.1/../../../../arm-none-eabi/lib/armv7-m/crt0.o (memset)

Allocating common symbols
Common symbol       size              file

FPAddr              0x2               .\CortexM3\ARM_GCC_541\Debug\FrontPanel.o
FPCtrl              0x1               .\CortexM3\ARM_GCC_541\Debug\FrontPanel.o
I2C_state           0x1               .\CortexM3\ARM_GCC_541\Debug\Z80_3Pin.a(I2C.o)
I2C_mstrWrBufIndex  0x1               .\CortexM3\ARM_GCC_541\Debug\Z80_3Pin.a(I2C_MASTER.o)
I2C_mstrWrBufSize   0x1               .\CortexM3\ARM_GCC_541\Debug\Z80_3Pin.a(I2C_MASTER.o)
I2C_mstrStatus      0x1               .\CortexM3\ARM_GCC_541\Debug\Z80_3Pin.a(I2C_MASTER.o)
I2C_mstrRdBufPtr    0x4               .\CortexM3\ARM_GCC_541\Debug\Z80_3Pin.a(I2C_MASTER.o)
I2C_mstrControl     0x1               .\CortexM3\ARM_GCC_541\Debug\Z80_3Pin.a(I2C_MASTER.o)
I2C_mstrRdBufSize   0x1               .\CortexM3\ARM_GCC_541\Debug\Z80_3Pin.a(I2C_MASTER.o)
I2C_mstrRdBufIndex  0x1               .\CortexM3\ARM_GCC_541\Debug\Z80_3Pin.a(I2C_MASTER.o)
I2C_mstrWrBufPtr    0x4               .\CortexM3\ARM_GCC_541\Debug\Z80_3Pin.a(I2C_MASTER.o)
FPData              0x1               .\CortexM3\ARM_GCC_541\Debug\FrontPanel.o
dieTemperature      0x2               .\CortexM3\ARM_GCC_541\Debug\Z80_3Pin.a(CyFlash.o)
FPLong              0x4               .\CortexM3\ARM_GCC_541\Debug\FrontPanel.o

Discarded input sections

 .text          0x00000000        0x0 c:/program files (x86)/cypress/psoc creator/4.2/psoc creator/import/gnu/arm/5.4.1/bin/../lib/gcc/arm-none-eabi/5.4.1/armv7-m/crti.o
 .data          0x00000000        0x0 c:/program files (x86)/cypress/psoc creator/4.2/psoc creator/import/gnu/arm/5.4.1/bin/../lib/gcc/arm-none-eabi/5.4.1/armv7-m/crti.o
 .bss           0x00000000        0x0 c:/program files (x86)/cypress/psoc creator/4.2/psoc creator/import/gnu/arm/5.4.1/bin/../lib/gcc/arm-none-eabi/5.4.1/armv7-m/crti.o
 .data          0x00000000        0x4 c:/program files (x86)/cypress/psoc creator/4.2/psoc creator/import/gnu/arm/5.4.1/bin/../lib/gcc/arm-none-eabi/5.4.1/armv7-m/crtbegin.o
 .text          0x00000000       0x74 c:/program files (x86)/cypress/psoc creator/4.2/psoc creator/import/gnu/arm/5.4.1/bin/../lib/gcc/arm-none-eabi/5.4.1/../../../../arm-none-eabi/lib/armv7-m/crt0.o
 .data          0x00000000        0x0 c:/program files (x86)/cypress/psoc creator/4.2/psoc creator/import/gnu/arm/5.4.1/bin/../lib/gcc/arm-none-eabi/5.4.1/../../../../arm-none-eabi/lib/armv7-m/crt0.o
 .bss           0x00000000        0x0 c:/program files (x86)/cypress/psoc creator/4.2/psoc creator/import/gnu/arm/5.4.1/bin/../lib/gcc/arm-none-eabi/5.4.1/../../../../arm-none-eabi/lib/armv7-m/crt0.o
 .ARM.extab     0x00000000        0x0 c:/program files (x86)/cypress/psoc creator/4.2/psoc creator/import/gnu/arm/5.4.1/bin/../lib/gcc/arm-none-eabi/5.4.1/../../../../arm-none-eabi/lib/armv7-m/crt0.o
 .ARM.exidx     0x00000000        0x8 c:/program files (x86)/cypress/psoc creator/4.2/psoc creator/import/gnu/arm/5.4.1/bin/../lib/gcc/arm-none-eabi/5.4.1/../../../../arm-none-eabi/lib/armv7-m/crt0.o
 .text          0x00000000        0x0 .\CortexM3\ARM_GCC_541\Debug\main.o
 .data          0x00000000        0x0 .\CortexM3\ARM_GCC_541\Debug\main.o
 .bss           0x00000000        0x0 .\CortexM3\ARM_GCC_541\Debug\main.o
 .text          0x00000000        0x0 .\CortexM3\ARM_GCC_541\Debug\ExtSRAM.o
 .data          0x00000000        0x0 .\CortexM3\ARM_GCC_541\Debug\ExtSRAM.o
 .bss           0x00000000        0x0 .\CortexM3\ARM_GCC_541\Debug\ExtSRAM.o
 .text          0x00000000        0x0 .\CortexM3\ARM_GCC_541\Debug\FrontPanel.o
 .data          0x00000000        0x0 .\CortexM3\ARM_GCC_541\Debug\FrontPanel.o
 .bss           0x00000000        0x0 .\CortexM3\ARM_GCC_541\Debug\FrontPanel.o
 .text.readFrontPanelSwitchesRegistered
                0x00000000       0x40 .\CortexM3\ARM_GCC_541\Debug\FrontPanel.o
 .text          0x00000000        0x0 .\CortexM3\ARM_GCC_541\Debug\cyfitter_cfg.o
 .data          0x00000000        0x0 .\CortexM3\ARM_GCC_541\Debug\cyfitter_cfg.o
 .bss           0x00000000        0x0 .\CortexM3\ARM_GCC_541\Debug\cyfitter_cfg.o
 .text.SetAnalogRoutingPumps
                0x00000000       0x1c .\CortexM3\ARM_GCC_541\Debug\cyfitter_cfg.o
 .text          0x00000000        0x0 .\CortexM3\ARM_GCC_541\Debug\cymetadata.o
 .data          0x00000000        0x0 .\CortexM3\ARM_GCC_541\Debug\cymetadata.o
 .bss           0x00000000        0x0 .\CortexM3\ARM_GCC_541\Debug\cymetadata.o
 .text          0x00000000        0x0 .\CortexM3\ARM_GCC_541\Debug\Cm3Start.o
 .data          0x00000000        0x4 .\CortexM3\ARM_GCC_541\Debug\Cm3Start.o
 .bss           0x00000000        0x0 .\CortexM3\ARM_GCC_541\Debug\Cm3Start.o
 .text._exit    0x00000000        0xc .\CortexM3\ARM_GCC_541\Debug\Cm3Start.o
 .text._sbrk    0x00000000       0x30 .\CortexM3\ARM_GCC_541\Debug\Cm3Start.o
 .text          0x00000000        0x0 .\CortexM3\ARM_GCC_541\Debug\Z80_3Pin.a(CyLib.o)
 .bss           0x00000000       0x1c .\CortexM3\ARM_GCC_541\Debug\Z80_3Pin.a(CyLib.o)
 .text.CyUSB_PowerOnCheck
                0x00000000       0x48 .\CortexM3\ARM_GCC_541\Debug\Z80_3Pin.a(CyLib.o)
 .text.CyBusClk_Internal_SetDivider
                0x00000000       0x48 .\CortexM3\ARM_GCC_541\Debug\Z80_3Pin.a(CyLib.o)
 .text.CyPLL_OUT_Stop
                0x00000000       0x10 .\CortexM3\ARM_GCC_541\Debug\Z80_3Pin.a(CyLib.o)
 .text.CyIMO_Stop
                0x00000000       0x1c .\CortexM3\ARM_GCC_541\Debug\Z80_3Pin.a(CyLib.o)
 .text.CyIMO_EnableDoubler
                0x00000000       0x10 .\CortexM3\ARM_GCC_541\Debug\Z80_3Pin.a(CyLib.o)
 .text.CyIMO_DisableDoubler
                0x00000000       0x10 .\CortexM3\ARM_GCC_541\Debug\Z80_3Pin.a(CyLib.o)
 .text.CyMasterClk_SetSource
                0x00000000       0x18 .\CortexM3\ARM_GCC_541\Debug\Z80_3Pin.a(CyLib.o)
 .text.CyMasterClk_SetDivider
                0x00000000        0xc .\CortexM3\ARM_GCC_541\Debug\Z80_3Pin.a(CyLib.o)
 .text.CyBusClk_SetDivider
                0x00000000       0x70 .\CortexM3\ARM_GCC_541\Debug\Z80_3Pin.a(CyLib.o)
 .text.CyUsbClk_SetSource
                0x00000000       0x18 .\CortexM3\ARM_GCC_541\Debug\Z80_3Pin.a(CyLib.o)
 .text.CyILO_Start1K
                0x00000000       0x10 .\CortexM3\ARM_GCC_541\Debug\Z80_3Pin.a(CyLib.o)
 .text.CyILO_Stop1K
                0x00000000       0x10 .\CortexM3\ARM_GCC_541\Debug\Z80_3Pin.a(CyLib.o)
 .text.CyILO_Start100K
                0x00000000       0x10 .\CortexM3\ARM_GCC_541\Debug\Z80_3Pin.a(CyLib.o)
 .text.CyILO_Stop100K
                0x00000000       0x10 .\CortexM3\ARM_GCC_541\Debug\Z80_3Pin.a(CyLib.o)
 .text.CyPLL_OUT_Start
                0x00000000       0x78 .\CortexM3\ARM_GCC_541\Debug\Z80_3Pin.a(CyLib.o)
 .text.CyIMO_Start
                0x00000000       0x60 .\CortexM3\ARM_GCC_541\Debug\Z80_3Pin.a(CyLib.o)
 .text.CyILO_Enable33K
                0x00000000       0x10 .\CortexM3\ARM_GCC_541\Debug\Z80_3Pin.a(CyLib.o)
 .text.CyILO_Disable33K
                0x00000000       0x10 .\CortexM3\ARM_GCC_541\Debug\Z80_3Pin.a(CyLib.o)
 .text.CyILO_SetSource
                0x00000000       0x18 .\CortexM3\ARM_GCC_541\Debug\Z80_3Pin.a(CyLib.o)
 .text.CyILO_SetPowerMode
                0x00000000       0x24 .\CortexM3\ARM_GCC_541\Debug\Z80_3Pin.a(CyLib.o)
 .text.CyXTAL_32KHZ_Stop
                0x00000000       0x30 .\CortexM3\ARM_GCC_541\Debug\Z80_3Pin.a(CyLib.o)
 .text.CyXTAL_32KHZ_ReadStatus
                0x00000000       0x10 .\CortexM3\ARM_GCC_541\Debug\Z80_3Pin.a(CyLib.o)
 .text.CyXTAL_Start
                0x00000000       0xac .\CortexM3\ARM_GCC_541\Debug\Z80_3Pin.a(CyLib.o)
 .text.CyXTAL_Stop
                0x00000000       0x10 .\CortexM3\ARM_GCC_541\Debug\Z80_3Pin.a(CyLib.o)
 .text.CyXTAL_EnableErrStatus
                0x00000000       0x10 .\CortexM3\ARM_GCC_541\Debug\Z80_3Pin.a(CyLib.o)
 .text.CyXTAL_DisableErrStatus
                0x00000000       0x10 .\CortexM3\ARM_GCC_541\Debug\Z80_3Pin.a(CyLib.o)
 .text.CyXTAL_ReadStatus
                0x00000000       0x18 .\CortexM3\ARM_GCC_541\Debug\Z80_3Pin.a(CyLib.o)
 .text.CyXTAL_EnableFaultRecovery
                0x00000000       0x10 .\CortexM3\ARM_GCC_541\Debug\Z80_3Pin.a(CyLib.o)
 .text.CyXTAL_DisableFaultRecovery
                0x00000000       0x10 .\CortexM3\ARM_GCC_541\Debug\Z80_3Pin.a(CyLib.o)
 .text.CyXTAL_SetStartup
                0x00000000       0x18 .\CortexM3\ARM_GCC_541\Debug\Z80_3Pin.a(CyLib.o)
 .text.CyXTAL_SetFbVoltage
                0x00000000       0x18 .\CortexM3\ARM_GCC_541\Debug\Z80_3Pin.a(CyLib.o)
 .text.CyXTAL_SetWdVoltage
                0x00000000       0x18 .\CortexM3\ARM_GCC_541\Debug\Z80_3Pin.a(CyLib.o)
 .text.CyHalt   0x00000000        0x4 .\CortexM3\ARM_GCC_541\Debug\Z80_3Pin.a(CyLib.o)
 .text.CyPLL_OUT_SetPQ
                0x00000000       0x60 .\CortexM3\ARM_GCC_541\Debug\Z80_3Pin.a(CyLib.o)
 .text.CyPLL_OUT_SetSource
                0x00000000       0x34 .\CortexM3\ARM_GCC_541\Debug\Z80_3Pin.a(CyLib.o)
 .text.CyIMO_SetTrimValue
                0x00000000       0xcc .\CortexM3\ARM_GCC_541\Debug\Z80_3Pin.a(CyLib.o)
 .text.CyIMO_SetFreq
                0x00000000       0xf4 .\CortexM3\ARM_GCC_541\Debug\Z80_3Pin.a(CyLib.o)
 .text.CyIMO_SetSource
                0x00000000       0x58 .\CortexM3\ARM_GCC_541\Debug\Z80_3Pin.a(CyLib.o)
 .text.CySoftwareReset
                0x00000000       0x10 .\CortexM3\ARM_GCC_541\Debug\Z80_3Pin.a(CyLib.o)
 .text.CyDelayUs
                0x00000000       0x14 .\CortexM3\ARM_GCC_541\Debug\Z80_3Pin.a(CyLib.o)
 .text.CyXTAL_32KHZ_SetPowerMode
                0x00000000       0x84 .\CortexM3\ARM_GCC_541\Debug\Z80_3Pin.a(CyLib.o)
 .text.CyXTAL_32KHZ_Start
                0x00000000       0x74 .\CortexM3\ARM_GCC_541\Debug\Z80_3Pin.a(CyLib.o)
 .text.CyDelayFreq
                0x00000000       0x4c .\CortexM3\ARM_GCC_541\Debug\Z80_3Pin.a(CyLib.o)
 .text.CyWdtStart
                0x00000000       0x40 .\CortexM3\ARM_GCC_541\Debug\Z80_3Pin.a(CyLib.o)
 .text.CyWdtClear
                0x00000000        0xc .\CortexM3\ARM_GCC_541\Debug\Z80_3Pin.a(CyLib.o)
 .text.CyVdStickyStatus
                0x00000000       0x2c .\CortexM3\ARM_GCC_541\Debug\Z80_3Pin.a(CyLib.o)
 .text.CyVdLvDigitEnable
                0x00000000       0x84 .\CortexM3\ARM_GCC_541\Debug\Z80_3Pin.a(CyLib.o)
 .text.CyVdLvAnalogEnable
                0x00000000       0x80 .\CortexM3\ARM_GCC_541\Debug\Z80_3Pin.a(CyLib.o)
 .text.CyVdLvDigitDisable
                0x00000000       0x30 .\CortexM3\ARM_GCC_541\Debug\Z80_3Pin.a(CyLib.o)
 .text.CyVdLvAnalogDisable
                0x00000000       0x28 .\CortexM3\ARM_GCC_541\Debug\Z80_3Pin.a(CyLib.o)
 .text.CyVdHvAnalogEnable
                0x00000000       0x54 .\CortexM3\ARM_GCC_541\Debug\Z80_3Pin.a(CyLib.o)
 .text.CyVdHvAnalogDisable
                0x00000000       0x20 .\CortexM3\ARM_GCC_541\Debug\Z80_3Pin.a(CyLib.o)
 .text.CyVdRealTimeStatus
                0x00000000       0x1c .\CortexM3\ARM_GCC_541\Debug\Z80_3Pin.a(CyLib.o)
 .text.CyDisableInts
                0x00000000       0x1c .\CortexM3\ARM_GCC_541\Debug\Z80_3Pin.a(CyLib.o)
 .text.CyEnableInts
                0x00000000       0x18 .\CortexM3\ARM_GCC_541\Debug\Z80_3Pin.a(CyLib.o)
 .text.CyFlushCache
                0x00000000       0x44 .\CortexM3\ARM_GCC_541\Debug\Z80_3Pin.a(CyLib.o)
 .text.CyIntSetSysVector
                0x00000000       0x28 .\CortexM3\ARM_GCC_541\Debug\Z80_3Pin.a(CyLib.o)
 .text.CyIntGetSysVector
                0x00000000       0x20 .\CortexM3\ARM_GCC_541\Debug\Z80_3Pin.a(CyLib.o)
 .text.CyIntSetVector
                0x00000000       0x28 .\CortexM3\ARM_GCC_541\Debug\Z80_3Pin.a(CyLib.o)
 .text.CyIntGetVector
                0x00000000       0x24 .\CortexM3\ARM_GCC_541\Debug\Z80_3Pin.a(CyLib.o)
 .text.CyIntSetPriority
                0x00000000       0x30 .\CortexM3\ARM_GCC_541\Debug\Z80_3Pin.a(CyLib.o)
 .text.CyIntGetPriority
                0x00000000       0x20 .\CortexM3\ARM_GCC_541\Debug\Z80_3Pin.a(CyLib.o)
 .text.CyIntGetState
                0x00000000       0x24 .\CortexM3\ARM_GCC_541\Debug\Z80_3Pin.a(CyLib.o)
 .text.CySysTickStop
                0x00000000       0x10 .\CortexM3\ARM_GCC_541\Debug\Z80_3Pin.a(CyLib.o)
 .text.CySysTickEnableInterrupt
                0x00000000       0x10 .\CortexM3\ARM_GCC_541\Debug\Z80_3Pin.a(CyLib.o)
 .text.CySysTickEnable
                0x00000000       0x18 .\CortexM3\ARM_GCC_541\Debug\Z80_3Pin.a(CyLib.o)
 .text.CySysTickDisableInterrupt
                0x00000000       0x10 .\CortexM3\ARM_GCC_541\Debug\Z80_3Pin.a(CyLib.o)
 .text.CySysTickSetReload
                0x00000000       0x10 .\CortexM3\ARM_GCC_541\Debug\Z80_3Pin.a(CyLib.o)
 .text.CySysTickGetReload
                0x00000000       0x10 .\CortexM3\ARM_GCC_541\Debug\Z80_3Pin.a(CyLib.o)
 .text.CySysTickGetValue
                0x00000000       0x10 .\CortexM3\ARM_GCC_541\Debug\Z80_3Pin.a(CyLib.o)
 .text.CySysTickSetClockSource
                0x00000000       0x20 .\CortexM3\ARM_GCC_541\Debug\Z80_3Pin.a(CyLib.o)
 .text.CySysTickGetClockSource
                0x00000000       0x10 .\CortexM3\ARM_GCC_541\Debug\Z80_3Pin.a(CyLib.o)
 .text.CySysTickGetCountFlag
                0x00000000       0x10 .\CortexM3\ARM_GCC_541\Debug\Z80_3Pin.a(CyLib.o)
 .text.CySysTickServiceCallbacks
                0x00000000       0x28 .\CortexM3\ARM_GCC_541\Debug\Z80_3Pin.a(CyLib.o)
 .text.CySysTickClear
                0x00000000        0xc .\CortexM3\ARM_GCC_541\Debug\Z80_3Pin.a(CyLib.o)
 .text.CySysTickInit
                0x00000000       0x58 .\CortexM3\ARM_GCC_541\Debug\Z80_3Pin.a(CyLib.o)
 .text.CySysTickStart
                0x00000000       0x1c .\CortexM3\ARM_GCC_541\Debug\Z80_3Pin.a(CyLib.o)
 .text.CySysTickSetCallback
                0x00000000       0x10 .\CortexM3\ARM_GCC_541\Debug\Z80_3Pin.a(CyLib.o)
 .text.CySysTickGetCallback
                0x00000000       0x10 .\CortexM3\ARM_GCC_541\Debug\Z80_3Pin.a(CyLib.o)
 .text.CyGetUniqueId
                0x00000000       0x70 .\CortexM3\ARM_GCC_541\Debug\Z80_3Pin.a(CyLib.o)
 .text          0x00000000        0x0 .\CortexM3\ARM_GCC_541\Debug\Z80_3Pin.a(cyPm.o)
 .data          0x00000000        0x0 .\CortexM3\ARM_GCC_541\Debug\Z80_3Pin.a(cyPm.o)
 .bss           0x00000000       0x43 .\CortexM3\ARM_GCC_541\Debug\Z80_3Pin.a(cyPm.o)
 .text.CyPmHibSlpSaveSet
                0x00000000      0x1dc .\CortexM3\ARM_GCC_541\Debug\Z80_3Pin.a(cyPm.o)
 .text.CyPmHibSlpRestore
                0x00000000       0xd8 .\CortexM3\ARM_GCC_541\Debug\Z80_3Pin.a(cyPm.o)
 .text.CyPmHviLviSaveDisable
                0x00000000       0xa0 .\CortexM3\ARM_GCC_541\Debug\Z80_3Pin.a(cyPm.o)
 .text.CyPmHibSaveSet
                0x00000000       0x98 .\CortexM3\ARM_GCC_541\Debug\Z80_3Pin.a(cyPm.o)
 .text.CyPmHviLviRestore
                0x00000000       0x48 .\CortexM3\ARM_GCC_541\Debug\Z80_3Pin.a(cyPm.o)
 .text.CyPmHibRestore
                0x00000000       0x60 .\CortexM3\ARM_GCC_541\Debug\Z80_3Pin.a(cyPm.o)
 .text.CyPmSaveClocks
                0x00000000      0x218 .\CortexM3\ARM_GCC_541\Debug\Z80_3Pin.a(cyPm.o)
 .text.CyPmRestoreClocks
                0x00000000      0x24c .\CortexM3\ARM_GCC_541\Debug\Z80_3Pin.a(cyPm.o)
 .text.CyPmAltAct
                0x00000000       0x6c .\CortexM3\ARM_GCC_541\Debug\Z80_3Pin.a(cyPm.o)
 .text.CyPmSleep
                0x00000000       0xf4 .\CortexM3\ARM_GCC_541\Debug\Z80_3Pin.a(cyPm.o)
 .text.CyPmHibernateEx
                0x00000000       0xf4 .\CortexM3\ARM_GCC_541\Debug\Z80_3Pin.a(cyPm.o)
 .text.CyPmHibernate
                0x00000000        0xc .\CortexM3\ARM_GCC_541\Debug\Z80_3Pin.a(cyPm.o)
 .text.CyPmReadStatus
                0x00000000       0x30 .\CortexM3\ARM_GCC_541\Debug\Z80_3Pin.a(cyPm.o)
 .text.CyPmCtwSetInterval
                0x00000000       0x5c .\CortexM3\ARM_GCC_541\Debug\Z80_3Pin.a(cyPm.o)
 .text.CyPmOppsSet
                0x00000000       0x2c .\CortexM3\ARM_GCC_541\Debug\Z80_3Pin.a(cyPm.o)
 .text.CyPmFtwSetInterval
                0x00000000       0x5c .\CortexM3\ARM_GCC_541\Debug\Z80_3Pin.a(cyPm.o)
 .rodata        0x00000000        0xf .\CortexM3\ARM_GCC_541\Debug\Z80_3Pin.a(cyPm.o)
 .text          0x00000000        0x0 .\CortexM3\ARM_GCC_541\Debug\Z80_3Pin.a(AdrLowOut.o)
 .data          0x00000000        0x0 .\CortexM3\ARM_GCC_541\Debug\Z80_3Pin.a(AdrLowOut.o)
 .bss           0x00000000        0x0 .\CortexM3\ARM_GCC_541\Debug\Z80_3Pin.a(AdrLowOut.o)
 .text.AdrLowOut_Read
                0x00000000        0xc .\CortexM3\ARM_GCC_541\Debug\Z80_3Pin.a(AdrLowOut.o)
 .text          0x00000000        0x0 .\CortexM3\ARM_GCC_541\Debug\Z80_3Pin.a(IO_Ctrl_Reg.o)
 .data          0x00000000        0x0 .\CortexM3\ARM_GCC_541\Debug\Z80_3Pin.a(IO_Ctrl_Reg.o)
 .bss           0x00000000        0x0 .\CortexM3\ARM_GCC_541\Debug\Z80_3Pin.a(IO_Ctrl_Reg.o)
 .text.IO_Ctrl_Reg_Read
                0x00000000        0xc .\CortexM3\ARM_GCC_541\Debug\Z80_3Pin.a(IO_Ctrl_Reg.o)
 .text          0x00000000        0x0 .\CortexM3\ARM_GCC_541\Debug\Z80_3Pin.a(Z80_Data_In.o)
 .data          0x00000000        0x0 .\CortexM3\ARM_GCC_541\Debug\Z80_3Pin.a(Z80_Data_In.o)
 .bss           0x00000000        0x0 .\CortexM3\ARM_GCC_541\Debug\Z80_3Pin.a(Z80_Data_In.o)
 .text.Z80_Data_In_Read
                0x00000000        0xc .\CortexM3\ARM_GCC_541\Debug\Z80_3Pin.a(Z80_Data_In.o)
 .text          0x00000000        0x0 .\CortexM3\ARM_GCC_541\Debug\Z80_3Pin.a(Z80_Data_Out.o)
 .data          0x00000000        0x0 .\CortexM3\ARM_GCC_541\Debug\Z80_3Pin.a(Z80_Data_Out.o)
 .bss           0x00000000        0x0 .\CortexM3\ARM_GCC_541\Debug\Z80_3Pin.a(Z80_Data_Out.o)
 .text.Z80_Data_Out_InterruptEnable
                0x00000000       0x1c .\CortexM3\ARM_GCC_541\Debug\Z80_3Pin.a(Z80_Data_Out.o)
 .text.Z80_Data_Out_InterruptDisable
                0x00000000       0x1c .\CortexM3\ARM_GCC_541\Debug\Z80_3Pin.a(Z80_Data_Out.o)
 .text.Z80_Data_Out_WriteMask
                0x00000000        0xc .\CortexM3\ARM_GCC_541\Debug\Z80_3Pin.a(Z80_Data_Out.o)
 .text.Z80_Data_Out_ReadMask
                0x00000000        0xc .\CortexM3\ARM_GCC_541\Debug\Z80_3Pin.a(Z80_Data_Out.o)
 .text          0x00000000        0x0 .\CortexM3\ARM_GCC_541\Debug\Z80_3Pin.a(AdrMidOut.o)
 .data          0x00000000        0x0 .\CortexM3\ARM_GCC_541\Debug\Z80_3Pin.a(AdrMidOut.o)
 .bss           0x00000000        0x0 .\CortexM3\ARM_GCC_541\Debug\Z80_3Pin.a(AdrMidOut.o)
 .text.AdrMidOut_Read
                0x00000000        0xc .\CortexM3\ARM_GCC_541\Debug\Z80_3Pin.a(AdrMidOut.o)
 .text          0x00000000        0x0 .\CortexM3\ARM_GCC_541\Debug\Z80_3Pin.a(AdrHighOut.o)
 .data          0x00000000        0x0 .\CortexM3\ARM_GCC_541\Debug\Z80_3Pin.a(AdrHighOut.o)
 .bss           0x00000000        0x0 .\CortexM3\ARM_GCC_541\Debug\Z80_3Pin.a(AdrHighOut.o)
 .text.AdrHighOut_Read
                0x00000000        0xc .\CortexM3\ARM_GCC_541\Debug\Z80_3Pin.a(AdrHighOut.o)
 .text          0x00000000        0x0 .\CortexM3\ARM_GCC_541\Debug\Z80_3Pin.a(ExtSRAMCtl.o)
 .data          0x00000000        0x0 .\CortexM3\ARM_GCC_541\Debug\Z80_3Pin.a(ExtSRAMCtl.o)
 .bss           0x00000000        0x0 .\CortexM3\ARM_GCC_541\Debug\Z80_3Pin.a(ExtSRAMCtl.o)
 .text.ExtSRAMCtl_Read
                0x00000000        0xc .\CortexM3\ARM_GCC_541\Debug\Z80_3Pin.a(ExtSRAMCtl.o)
 .text          0x00000000        0x0 .\CortexM3\ARM_GCC_541\Debug\Z80_3Pin.a(I2C_MASTER.o)
 .data          0x00000000        0x0 .\CortexM3\ARM_GCC_541\Debug\Z80_3Pin.a(I2C_MASTER.o)
 .bss           0x00000000        0x0 .\CortexM3\ARM_GCC_541\Debug\Z80_3Pin.a(I2C_MASTER.o)
 .text.I2C_MasterReadBuf
                0x00000000       0xe0 .\CortexM3\ARM_GCC_541\Debug\Z80_3Pin.a(I2C_MASTER.o)
 .text.I2C_MasterSendRestart
                0x00000000       0x7c .\CortexM3\ARM_GCC_541\Debug\Z80_3Pin.a(I2C_MASTER.o)
 .text.I2C_MasterGetReadBufSize
                0x00000000        0xc .\CortexM3\ARM_GCC_541\Debug\Z80_3Pin.a(I2C_MASTER.o)
 .text.I2C_MasterGetWriteBufSize
                0x00000000        0xc .\CortexM3\ARM_GCC_541\Debug\Z80_3Pin.a(I2C_MASTER.o)
 .text.I2C_MasterClearReadBuf
                0x00000000       0x2c .\CortexM3\ARM_GCC_541\Debug\Z80_3Pin.a(I2C_MASTER.o)
 .text.I2C_MasterClearWriteBuf
                0x00000000       0x2c .\CortexM3\ARM_GCC_541\Debug\Z80_3Pin.a(I2C_MASTER.o)
 .data          0x00000000        0x0 .\CortexM3\ARM_GCC_541\Debug\Z80_3Pin.a(CyBootAsmGnu.o)
 .bss           0x00000000        0x0 .\CortexM3\ARM_GCC_541\Debug\Z80_3Pin.a(CyBootAsmGnu.o)
 .text          0x00000000        0x0 .\CortexM3\ARM_GCC_541\Debug\Z80_3Pin.a(CyFlash.o)
 .data          0x00000000        0x0 .\CortexM3\ARM_GCC_541\Debug\Z80_3Pin.a(CyFlash.o)
 .bss           0x00000000        0x0 .\CortexM3\ARM_GCC_541\Debug\Z80_3Pin.a(CyFlash.o)
 .text.CySetTempInt
                0x00000000       0x60 .\CortexM3\ARM_GCC_541\Debug\Z80_3Pin.a(CyFlash.o)
 .text.CyFlash_Start
                0x00000000       0x54 .\CortexM3\ARM_GCC_541\Debug\Z80_3Pin.a(CyFlash.o)
 .text.CyFlash_Stop
                0x00000000       0x24 .\CortexM3\ARM_GCC_541\Debug\Z80_3Pin.a(CyFlash.o)
 .text.CyFlash_EraseRow
                0x00000000       0x78 .\CortexM3\ARM_GCC_541\Debug\Z80_3Pin.a(CyFlash.o)
 .text.CyFlashGetSpcAlgorithm
                0x00000000       0x4c .\CortexM3\ARM_GCC_541\Debug\Z80_3Pin.a(CyFlash.o)
 .text.CySetTemp
                0x00000000       0x14 .\CortexM3\ARM_GCC_541\Debug\Z80_3Pin.a(CyFlash.o)
 .text.CySetFlashEEBuffer
                0x00000000       0x20 .\CortexM3\ARM_GCC_541\Debug\Z80_3Pin.a(CyFlash.o)
 .text.CyWriteRowFull
                0x00000000       0xf8 .\CortexM3\ARM_GCC_541\Debug\Z80_3Pin.a(CyFlash.o)
 .text.CyWriteRowData
                0x00000000       0x14 .\CortexM3\ARM_GCC_541\Debug\Z80_3Pin.a(CyFlash.o)
 .text.CyFlash_SetWaitCycles
                0x00000000       0x7c .\CortexM3\ARM_GCC_541\Debug\Z80_3Pin.a(CyFlash.o)
 .text.CyEEPROM_Start
                0x00000000       0x54 .\CortexM3\ARM_GCC_541\Debug\Z80_3Pin.a(CyFlash.o)
 .text.CyEEPROM_Stop
                0x00000000       0x24 .\CortexM3\ARM_GCC_541\Debug\Z80_3Pin.a(CyFlash.o)
 .text.CyEEPROM_ReadReserve
                0x00000000       0x1c .\CortexM3\ARM_GCC_541\Debug\Z80_3Pin.a(CyFlash.o)
 .text.CyEEPROM_ReadRelease
                0x00000000       0x10 .\CortexM3\ARM_GCC_541\Debug\Z80_3Pin.a(CyFlash.o)
 COMMON         0x00000000        0x2 .\CortexM3\ARM_GCC_541\Debug\Z80_3Pin.a(CyFlash.o)
 .text          0x00000000        0x0 .\CortexM3\ARM_GCC_541\Debug\Z80_3Pin.a(CySpc.o)
 .data          0x00000000        0x0 .\CortexM3\ARM_GCC_541\Debug\Z80_3Pin.a(CySpc.o)
 .bss           0x00000000        0x8 .\CortexM3\ARM_GCC_541\Debug\Z80_3Pin.a(CySpc.o)
 .text.CySpcStart
                0x00000000       0x24 .\CortexM3\ARM_GCC_541\Debug\Z80_3Pin.a(CySpc.o)
 .text.CySpcStop
                0x00000000       0x24 .\CortexM3\ARM_GCC_541\Debug\Z80_3Pin.a(CySpc.o)
 .text.CySpcReadData
                0x00000000       0x34 .\CortexM3\ARM_GCC_541\Debug\Z80_3Pin.a(CySpc.o)
 .text.CySpcLoadMultiByte
                0x00000000       0x78 .\CortexM3\ARM_GCC_541\Debug\Z80_3Pin.a(CySpc.o)
 .text.CySpcLoadRow
                0x00000000       0x50 .\CortexM3\ARM_GCC_541\Debug\Z80_3Pin.a(CySpc.o)
 .text.CySpcLoadRowFull
                0x00000000       0x80 .\CortexM3\ARM_GCC_541\Debug\Z80_3Pin.a(CySpc.o)
 .text.CySpcWriteRow
                0x00000000       0x4c .\CortexM3\ARM_GCC_541\Debug\Z80_3Pin.a(CySpc.o)
 .text.CySpcEraseSector
                0x00000000       0x3c .\CortexM3\ARM_GCC_541\Debug\Z80_3Pin.a(CySpc.o)
 .text.CySpcEraseRow
                0x00000000       0x4c .\CortexM3\ARM_GCC_541\Debug\Z80_3Pin.a(CySpc.o)
 .text.CySpcGetTemp
                0x00000000       0x3c .\CortexM3\ARM_GCC_541\Debug\Z80_3Pin.a(CySpc.o)
 .text.CySpcLock
                0x00000000       0x4c .\CortexM3\ARM_GCC_541\Debug\Z80_3Pin.a(CySpc.o)
 .text.CySpcUnlock
                0x00000000       0x38 .\CortexM3\ARM_GCC_541\Debug\Z80_3Pin.a(CySpc.o)
 .text.CySpcGetAlgorithm
                0x00000000       0x28 .\CortexM3\ARM_GCC_541\Debug\Z80_3Pin.a(CySpc.o)
 .text          0x00000000        0x0 .\CortexM3\ARM_GCC_541\Debug\Z80_3Pin.a(I2C.o)
 .data          0x00000000        0x0 .\CortexM3\ARM_GCC_541\Debug\Z80_3Pin.a(I2C.o)
 .bss           0x00000000        0x1 .\CortexM3\ARM_GCC_541\Debug\Z80_3Pin.a(I2C.o)
 .text.I2C_Init
                0x00000000       0x7c .\CortexM3\ARM_GCC_541\Debug\Z80_3Pin.a(I2C.o)
 .text.I2C_Enable
                0x00000000       0x10 .\CortexM3\ARM_GCC_541\Debug\Z80_3Pin.a(I2C.o)
 .text.I2C_Start
                0x00000000       0x28 .\CortexM3\ARM_GCC_541\Debug\Z80_3Pin.a(I2C.o)
 .text.I2C_Stop
                0x00000000       0x40 .\CortexM3\ARM_GCC_541\Debug\Z80_3Pin.a(I2C.o)
 .text          0x00000000        0x0 .\CortexM3\ARM_GCC_541\Debug\Z80_3Pin.a(I2C_INT.o)
 .data          0x00000000        0x0 .\CortexM3\ARM_GCC_541\Debug\Z80_3Pin.a(I2C_INT.o)
 .bss           0x00000000        0x0 .\CortexM3\ARM_GCC_541\Debug\Z80_3Pin.a(I2C_INT.o)
 .text.I2C_ISR  0x00000000      0x328 .\CortexM3\ARM_GCC_541\Debug\Z80_3Pin.a(I2C_INT.o)
 .text          0x00000000        0x0 c:/program files (x86)/cypress/psoc creator/4.2/psoc creator/import/gnu/arm/5.4.1/bin/../lib/gcc/arm-none-eabi/5.4.1/../../../../arm-none-eabi/lib/armv7-m\libg_nano.a(lib_a-errno.o)
 .data          0x00000000        0x0 c:/program files (x86)/cypress/psoc creator/4.2/psoc creator/import/gnu/arm/5.4.1/bin/../lib/gcc/arm-none-eabi/5.4.1/../../../../arm-none-eabi/lib/armv7-m\libg_nano.a(lib_a-errno.o)
 .bss           0x00000000        0x0 c:/program files (x86)/cypress/psoc creator/4.2/psoc creator/import/gnu/arm/5.4.1/bin/../lib/gcc/arm-none-eabi/5.4.1/../../../../arm-none-eabi/lib/armv7-m\libg_nano.a(lib_a-errno.o)
 .text          0x00000000        0x0 c:/program files (x86)/cypress/psoc creator/4.2/psoc creator/import/gnu/arm/5.4.1/bin/../lib/gcc/arm-none-eabi/5.4.1/../../../../arm-none-eabi/lib/armv7-m\libg_nano.a(lib_a-exit.o)
 .data          0x00000000        0x0 c:/program files (x86)/cypress/psoc creator/4.2/psoc creator/import/gnu/arm/5.4.1/bin/../lib/gcc/arm-none-eabi/5.4.1/../../../../arm-none-eabi/lib/armv7-m\libg_nano.a(lib_a-exit.o)
 .bss           0x00000000        0x0 c:/program files (x86)/cypress/psoc creator/4.2/psoc creator/import/gnu/arm/5.4.1/bin/../lib/gcc/arm-none-eabi/5.4.1/../../../../arm-none-eabi/lib/armv7-m\libg_nano.a(lib_a-exit.o)
 .text.exit     0x00000000       0x28 c:/program files (x86)/cypress/psoc creator/4.2/psoc creator/import/gnu/arm/5.4.1/bin/../lib/gcc/arm-none-eabi/5.4.1/../../../../arm-none-eabi/lib/armv7-m\libg_nano.a(lib_a-exit.o)
 .text          0x00000000        0x0 c:/program files (x86)/cypress/psoc creator/4.2/psoc creator/import/gnu/arm/5.4.1/bin/../lib/gcc/arm-none-eabi/5.4.1/../../../../arm-none-eabi/lib/armv7-m\libg_nano.a(lib_a-impure.o)
 .data          0x00000000        0x0 c:/program files (x86)/cypress/psoc creator/4.2/psoc creator/import/gnu/arm/5.4.1/bin/../lib/gcc/arm-none-eabi/5.4.1/../../../../arm-none-eabi/lib/armv7-m\libg_nano.a(lib_a-impure.o)
 .bss           0x00000000        0x0 c:/program files (x86)/cypress/psoc creator/4.2/psoc creator/import/gnu/arm/5.4.1/bin/../lib/gcc/arm-none-eabi/5.4.1/../../../../arm-none-eabi/lib/armv7-m\libg_nano.a(lib_a-impure.o)
 .rodata._global_impure_ptr
                0x00000000        0x4 c:/program files (x86)/cypress/psoc creator/4.2/psoc creator/import/gnu/arm/5.4.1/bin/../lib/gcc/arm-none-eabi/5.4.1/../../../../arm-none-eabi/lib/armv7-m\libg_nano.a(lib_a-impure.o)
 .text          0x00000000        0x0 c:/program files (x86)/cypress/psoc creator/4.2/psoc creator/import/gnu/arm/5.4.1/bin/../lib/gcc/arm-none-eabi/5.4.1/../../../../arm-none-eabi/lib/armv7-m\libg_nano.a(lib_a-init.o)
 .data          0x00000000        0x0 c:/program files (x86)/cypress/psoc creator/4.2/psoc creator/import/gnu/arm/5.4.1/bin/../lib/gcc/arm-none-eabi/5.4.1/../../../../arm-none-eabi/lib/armv7-m\libg_nano.a(lib_a-init.o)
 .bss           0x00000000        0x0 c:/program files (x86)/cypress/psoc creator/4.2/psoc creator/import/gnu/arm/5.4.1/bin/../lib/gcc/arm-none-eabi/5.4.1/../../../../arm-none-eabi/lib/armv7-m\libg_nano.a(lib_a-init.o)
 .text          0x00000000        0x0 c:/program files (x86)/cypress/psoc creator/4.2/psoc creator/import/gnu/arm/5.4.1/bin/../lib/gcc/arm-none-eabi/5.4.1/../../../../arm-none-eabi/lib/armv7-m\libg_nano.a(lib_a-memcpy-stub.o)
 .data          0x00000000        0x0 c:/program files (x86)/cypress/psoc creator/4.2/psoc creator/import/gnu/arm/5.4.1/bin/../lib/gcc/arm-none-eabi/5.4.1/../../../../arm-none-eabi/lib/armv7-m\libg_nano.a(lib_a-memcpy-stub.o)
 .bss           0x00000000        0x0 c:/program files (x86)/cypress/psoc creator/4.2/psoc creator/import/gnu/arm/5.4.1/bin/../lib/gcc/arm-none-eabi/5.4.1/../../../../arm-none-eabi/lib/armv7-m\libg_nano.a(lib_a-memcpy-stub.o)
 .text          0x00000000        0x0 c:/program files (x86)/cypress/psoc creator/4.2/psoc creator/import/gnu/arm/5.4.1/bin/../lib/gcc/arm-none-eabi/5.4.1/../../../../arm-none-eabi/lib/armv7-m\libg_nano.a(lib_a-memset.o)
 .data          0x00000000        0x0 c:/program files (x86)/cypress/psoc creator/4.2/psoc creator/import/gnu/arm/5.4.1/bin/../lib/gcc/arm-none-eabi/5.4.1/../../../../arm-none-eabi/lib/armv7-m\libg_nano.a(lib_a-memset.o)
 .bss           0x00000000        0x0 c:/program files (x86)/cypress/psoc creator/4.2/psoc creator/import/gnu/arm/5.4.1/bin/../lib/gcc/arm-none-eabi/5.4.1/../../../../arm-none-eabi/lib/armv7-m\libg_nano.a(lib_a-memset.o)
 .text          0x00000000        0x0 c:/program files (x86)/cypress/psoc creator/4.2/psoc creator/import/gnu/arm/5.4.1/bin/../lib/gcc/arm-none-eabi/5.4.1/armv7-m/crtend.o
 .data          0x00000000        0x0 c:/program files (x86)/cypress/psoc creator/4.2/psoc creator/import/gnu/arm/5.4.1/bin/../lib/gcc/arm-none-eabi/5.4.1/armv7-m/crtend.o
 .bss           0x00000000        0x0 c:/program files (x86)/cypress/psoc creator/4.2/psoc creator/import/gnu/arm/5.4.1/bin/../lib/gcc/arm-none-eabi/5.4.1/armv7-m/crtend.o
 .text          0x00000000        0x0 c:/program files (x86)/cypress/psoc creator/4.2/psoc creator/import/gnu/arm/5.4.1/bin/../lib/gcc/arm-none-eabi/5.4.1/armv7-m/crtn.o
 .data          0x00000000        0x0 c:/program files (x86)/cypress/psoc creator/4.2/psoc creator/import/gnu/arm/5.4.1/bin/../lib/gcc/arm-none-eabi/5.4.1/armv7-m/crtn.o
 .bss           0x00000000        0x0 c:/program files (x86)/cypress/psoc creator/4.2/psoc creator/import/gnu/arm/5.4.1/bin/../lib/gcc/arm-none-eabi/5.4.1/armv7-m/crtn.o

Memory Configuration

Name             Origin             Length             Attributes
rom              0x00000000         0x00020000         xr
ram              0x1fffc000         0x00008000         xrw
*default*        0x00000000         0xffffffff

Linker script and memory map

LOAD c:/program files (x86)/cypress/psoc creator/4.2/psoc creator/import/gnu/arm/5.4.1/bin/../lib/gcc/arm-none-eabi/5.4.1/armv7-m/crti.o
LOAD c:/program files (x86)/cypress/psoc creator/4.2/psoc creator/import/gnu/arm/5.4.1/bin/../lib/gcc/arm-none-eabi/5.4.1/armv7-m/crtbegin.o
LOAD c:/program files (x86)/cypress/psoc creator/4.2/psoc creator/import/gnu/arm/5.4.1/bin/../lib/gcc/arm-none-eabi/5.4.1/../../../../arm-none-eabi/lib/armv7-m/crt0.o
START GROUP
LOAD .\CortexM3\ARM_GCC_541\Debug\main.o
LOAD .\CortexM3\ARM_GCC_541\Debug\ExtSRAM.o
LOAD .\CortexM3\ARM_GCC_541\Debug\FrontPanel.o
LOAD .\CortexM3\ARM_GCC_541\Debug\cyfitter_cfg.o
LOAD .\CortexM3\ARM_GCC_541\Debug\cymetadata.o
LOAD .\CortexM3\ARM_GCC_541\Debug\Cm3Start.o
LOAD .\CortexM3\ARM_GCC_541\Debug\Z80_3Pin.a
LOAD C:\Program Files (x86)\Cypress\PSoC Creator\4.2\PSoC Creator\psoc\content\cycomponentlibrary\CyComponentLibrary.cylib\CortexM3\ARM_GCC_541\Debug\CyComponentLibrary.a
END GROUP
START GROUP
LOAD c:/program files (x86)/cypress/psoc creator/4.2/psoc creator/import/gnu/arm/5.4.1/bin/../lib/gcc/arm-none-eabi/5.4.1/armv7-m\libgcc.a
LOAD c:/program files (x86)/cypress/psoc creator/4.2/psoc creator/import/gnu/arm/5.4.1/bin/../lib/gcc/arm-none-eabi/5.4.1/../../../../arm-none-eabi/lib/armv7-m\libg_nano.a
LOAD c:/program files (x86)/cypress/psoc creator/4.2/psoc creator/import/gnu/arm/5.4.1/bin/../lib/gcc/arm-none-eabi/5.4.1/../../../../arm-none-eabi/lib/armv7-m\libc_nano.a
END GROUP
START GROUP
LOAD c:/program files (x86)/cypress/psoc creator/4.2/psoc creator/import/gnu/arm/5.4.1/bin/../lib/gcc/arm-none-eabi/5.4.1/armv7-m\libgcc.a
LOAD c:/program files (x86)/cypress/psoc creator/4.2/psoc creator/import/gnu/arm/5.4.1/bin/../lib/gcc/arm-none-eabi/5.4.1/../../../../arm-none-eabi/lib/armv7-m\libc_nano.a
END GROUP
LOAD c:/program files (x86)/cypress/psoc creator/4.2/psoc creator/import/gnu/arm/5.4.1/bin/../lib/gcc/arm-none-eabi/5.4.1/armv7-m/crtend.o
LOAD c:/program files (x86)/cypress/psoc creator/4.2/psoc creator/import/gnu/arm/5.4.1/bin/../lib/gcc/arm-none-eabi/5.4.1/armv7-m/crtn.o
START GROUP
LOAD c:/program files (x86)/cypress/psoc creator/4.2/psoc creator/import/gnu/arm/5.4.1/bin/../lib/gcc/arm-none-eabi/5.4.1/armv7-m\libgcc.a
LOAD c:/program files (x86)/cypress/psoc creator/4.2/psoc creator/import/gnu/arm/5.4.1/bin/../lib/gcc/arm-none-eabi/5.4.1/../../../../arm-none-eabi/lib/armv7-m\libc.a
LOAD c:/program files (x86)/cypress/psoc creator/4.2/psoc creator/import/gnu/arm/5.4.1/bin/../lib/gcc/arm-none-eabi/5.4.1/../../../../arm-none-eabi/lib/armv7-m\libnosys.a
END GROUP
                0x00000000                CY_APPL_ORIGIN = 0x0
                0x00000100                CY_FLASH_ROW_SIZE = 0x100
                0x00000020                CY_ECC_ROW_SIZE = 0x20
                0x00000000                CY_EE_IN_BTLDR = 0x0
                0x00000000                CY_APPL_LOADABLE = 0x0
                0x00000800                CY_EE_SIZE = 0x800
                0x00000001                CY_APPL_NUM = 0x1
                0x00000001                CY_APPL_MAX = 0x1
                0x00000040                CY_METADATA_SIZE = 0x40
                0x00000000                CY_APPL_LOADABLE = 0x0
                0x00000000                CY_CHECKSUM_EXCLUDE_SIZE = ALIGN (0x0, CY_FLASH_ROW_SIZE)
                [!provide]                PROVIDE (__cy_heap_start, _end)
                0x00000001                PROVIDE (__cy_region_num, ((__cy_regions_end - __cy_regions) / 0x10))
                0x20004000                PROVIDE (__cy_stack, (ORIGIN (ram) + LENGTH (ram)))
                [!provide]                PROVIDE (__cy_heap_end, (__cy_stack - 0x800))

.cybootloader   0x00000000        0x0
 *(.cybootloader)
                0x00000000                appl1_start = CY_APPL_ORIGIN?CY_APPL_ORIGIN:ALIGN (CY_FLASH_ROW_SIZE)
                0x0000ff00                appl2_start = (appl1_start + ALIGN ((((LENGTH (rom) - appl1_start) - (0x2 * CY_FLASH_ROW_SIZE)) / 0x2), CY_FLASH_ROW_SIZE))
                0x00000000                appl_start = (CY_APPL_NUM == 0x1)?appl1_start:appl2_start
                0x00000000                ecc_offset = ((appl_start / CY_FLASH_ROW_SIZE) * CY_ECC_ROW_SIZE)
                0x00000000                ee_offset = (CY_APPL_LOADABLE && ! (CY_EE_IN_BTLDR))?((CY_EE_SIZE / CY_APPL_MAX) * (CY_APPL_NUM - 0x1)):0x0
                0x00000800                ee_size = (CY_APPL_LOADABLE && ! (CY_EE_IN_BTLDR))?(CY_EE_SIZE / CY_APPL_MAX):CY_EE_SIZE
                [!provide]                PROVIDE (CY_ECC_OFFSET, ecc_offset)

.text           0x00000000      0xb0e
 CREATE_OBJECT_SYMBOLS
                0x00000000                PROVIDE (__cy_interrupt_vector, RomVectors)
 *(.romvectors)
 .romvectors    0x00000000       0x10 .\CortexM3\ARM_GCC_541\Debug\Cm3Start.o
                0x00000000                RomVectors
                0x00000001                ASSERT ((. != __cy_interrupt_vector), No interrupt vector)
                0x00000001                ASSERT (CY_APPL_ORIGIN?(SIZEOF (.cybootloader) <= CY_APPL_ORIGIN):0x1, Wrong image location)
                0x00000010                PROVIDE (__cy_reset, Reset)
 *(.text.Reset)
 .text.Reset    0x00000010       0x18 .\CortexM3\ARM_GCC_541\Debug\Cm3Start.o
                0x00000010                Reset
                0x00000001                ASSERT ((. != __cy_reset), No reset code)
 *(.dma_init)
                0x00000001                ASSERT ((((appl_start + .) <= 0x10000) || 0x1), DMA Init must be within the first 64k of flash)
 *(.text .text.* .gnu.linkonce.t.*)
 .text          0x00000028       0x5c c:/program files (x86)/cypress/psoc creator/4.2/psoc creator/import/gnu/arm/5.4.1/bin/../lib/gcc/arm-none-eabi/5.4.1/armv7-m/crtbegin.o
 .text.PostLed  0x00000084       0x28 .\CortexM3\ARM_GCC_541\Debug\main.o
                0x00000084                PostLed
 .text.main     0x000000ac       0x24 .\CortexM3\ARM_GCC_541\Debug\main.o
                0x000000ac                main
 .text.SetExtSRAMAddr
                0x000000d0       0x1c .\CortexM3\ARM_GCC_541\Debug\ExtSRAM.o
                0x000000d0                SetExtSRAMAddr
 .text.ReadExtSRAM
                0x000000ec       0x24 .\CortexM3\ARM_GCC_541\Debug\ExtSRAM.o
                0x000000ec                ReadExtSRAM
 .text.WriteExtSRAM
                0x00000110       0x24 .\CortexM3\ARM_GCC_541\Debug\ExtSRAM.o
                0x00000110                WriteExtSRAM
 .text.TestSRAM
                0x00000134       0x94 .\CortexM3\ARM_GCC_541\Debug\ExtSRAM.o
                0x00000134                TestSRAM
 .text.readRegister_MCP23017
                0x000001c8       0x38 .\CortexM3\ARM_GCC_541\Debug\FrontPanel.o
                0x000001c8                readRegister_MCP23017
 .text.readFrontPanelSwitchesStatic
                0x00000200       0x30 .\CortexM3\ARM_GCC_541\Debug\FrontPanel.o
                0x00000200                readFrontPanelSwitchesStatic
 .text.waitFrontPanelSwitchesPressed
                0x00000230       0x18 .\CortexM3\ARM_GCC_541\Debug\FrontPanel.o
                0x00000230                waitFrontPanelSwitchesPressed
 .text.writeRegister_MCP23017
                0x00000248       0x34 .\CortexM3\ARM_GCC_541\Debug\FrontPanel.o
                0x00000248                writeRegister_MCP23017
 .text.init_FrontPanel
                0x0000027c       0xa0 .\CortexM3\ARM_GCC_541\Debug\FrontPanel.o
                0x0000027c                init_FrontPanel
 .text.writeFrontPanelLEDs
                0x0000031c       0x34 .\CortexM3\ARM_GCC_541\Debug\FrontPanel.o
                0x0000031c                writeFrontPanelLEDs
 .text.CyClockStartupError
                0x00000350        0x4 .\CortexM3\ARM_GCC_541\Debug\cyfitter_cfg.o
 .text.cfg_write_bytes32
                0x00000354       0x34 .\CortexM3\ARM_GCC_541\Debug\cyfitter_cfg.o
 .text.AnalogSetDefault
                0x00000388       0x38 .\CortexM3\ARM_GCC_541\Debug\cyfitter_cfg.o
 .text.ClockSetup
                0x000003c0       0xe0 .\CortexM3\ARM_GCC_541\Debug\cyfitter_cfg.o
 .text.CYMEMZERO
                0x000004a0        0xc .\CortexM3\ARM_GCC_541\Debug\cyfitter_cfg.o
 .text.CYCONFIGCPY
                0x000004ac        0x8 .\CortexM3\ARM_GCC_541\Debug\cyfitter_cfg.o
 .text.cyfitter_cfg
                0x000004b4      0x170 .\CortexM3\ARM_GCC_541\Debug\cyfitter_cfg.o
                0x000004b4                cyfitter_cfg
 .text.IntDefaultHandler
                0x00000624       0x10 .\CortexM3\ARM_GCC_541\Debug\Cm3Start.o
                0x00000624                IntDefaultHandler
 .text.Start_c  0x00000634       0x4c .\CortexM3\ARM_GCC_541\Debug\Cm3Start.o
                0x00000634                Start_c
 .text.initialize_psoc
                0x00000680       0x68 .\CortexM3\ARM_GCC_541\Debug\Cm3Start.o
                0x00000680                initialize_psoc
 .text.CyDelay  0x000006e8       0x2c .\CortexM3\ARM_GCC_541\Debug\Z80_3Pin.a(CyLib.o)
                0x000006e8                CyDelay
 .text.AdrLowOut_Write
                0x00000714        0xc .\CortexM3\ARM_GCC_541\Debug\Z80_3Pin.a(AdrLowOut.o)
                0x00000714                AdrLowOut_Write
 .text.IO_Ctrl_Reg_Write
                0x00000720        0xc .\CortexM3\ARM_GCC_541\Debug\Z80_3Pin.a(IO_Ctrl_Reg.o)
                0x00000720                IO_Ctrl_Reg_Write
 .text.Z80_Data_In_Write
                0x0000072c        0xc .\CortexM3\ARM_GCC_541\Debug\Z80_3Pin.a(Z80_Data_In.o)
                0x0000072c                Z80_Data_In_Write
 .text.Z80_Data_Out_Read
                0x00000738        0xc .\CortexM3\ARM_GCC_541\Debug\Z80_3Pin.a(Z80_Data_Out.o)
                0x00000738                Z80_Data_Out_Read
 .text.AdrMidOut_Write
                0x00000744        0xc .\CortexM3\ARM_GCC_541\Debug\Z80_3Pin.a(AdrMidOut.o)
                0x00000744                AdrMidOut_Write
 .text.AdrHighOut_Write
                0x00000750        0xc .\CortexM3\ARM_GCC_541\Debug\Z80_3Pin.a(AdrHighOut.o)
                0x00000750                AdrHighOut_Write
 .text.ExtSRAMCtl_Write
                0x0000075c        0xc .\CortexM3\ARM_GCC_541\Debug\Z80_3Pin.a(ExtSRAMCtl.o)
                0x0000075c                ExtSRAMCtl_Write
 .text.I2C_MasterWriteBuf
                0x00000768       0xdc .\CortexM3\ARM_GCC_541\Debug\Z80_3Pin.a(I2C_MASTER.o)
                0x00000768                I2C_MasterWriteBuf
 .text.I2C_MasterSendStart
                0x00000844       0x94 .\CortexM3\ARM_GCC_541\Debug\Z80_3Pin.a(I2C_MASTER.o)
                0x00000844                I2C_MasterSendStart
 .text.I2C_MasterSendStop
                0x000008d8       0x50 .\CortexM3\ARM_GCC_541\Debug\Z80_3Pin.a(I2C_MASTER.o)
                0x000008d8                I2C_MasterSendStop
 .text.I2C_MasterWriteByte
                0x00000928       0x6c .\CortexM3\ARM_GCC_541\Debug\Z80_3Pin.a(I2C_MASTER.o)
                0x00000928                I2C_MasterWriteByte
 .text.I2C_MasterReadByte
                0x00000994       0x88 .\CortexM3\ARM_GCC_541\Debug\Z80_3Pin.a(I2C_MASTER.o)
                0x00000994                I2C_MasterReadByte
 .text.I2C_MasterStatus
                0x00000a1c       0x34 .\CortexM3\ARM_GCC_541\Debug\Z80_3Pin.a(I2C_MASTER.o)
                0x00000a1c                I2C_MasterStatus
 .text.I2C_MasterClearStatus
                0x00000a50       0x20 .\CortexM3\ARM_GCC_541\Debug\Z80_3Pin.a(I2C_MASTER.o)
                0x00000a50                I2C_MasterClearStatus
 .text          0x00000a70       0x20 .\CortexM3\ARM_GCC_541\Debug\Z80_3Pin.a(CyBootAsmGnu.o)
                0x00000a70                CyDelayCycles
                0x00000a80                CyEnterCriticalSection
                0x00000a88                CyExitCriticalSection
 .text.__errno  0x00000a90        0xc c:/program files (x86)/cypress/psoc creator/4.2/psoc creator/import/gnu/arm/5.4.1/bin/../lib/gcc/arm-none-eabi/5.4.1/../../../../arm-none-eabi/lib/armv7-m\libg_nano.a(lib_a-errno.o)
                0x00000a90                __errno
 .text.__libc_init_array
                0x00000a9c       0x4c c:/program files (x86)/cypress/psoc creator/4.2/psoc creator/import/gnu/arm/5.4.1/bin/../lib/gcc/arm-none-eabi/5.4.1/../../../../arm-none-eabi/lib/armv7-m\libg_nano.a(lib_a-init.o)
                0x00000a9c                __libc_init_array
 .text.memcpy   0x00000ae8       0x16 c:/program files (x86)/cypress/psoc creator/4.2/psoc creator/import/gnu/arm/5.4.1/bin/../lib/gcc/arm-none-eabi/5.4.1/../../../../arm-none-eabi/lib/armv7-m\libg_nano.a(lib_a-memcpy-stub.o)
                0x00000ae8                memcpy
 .text.memset   0x00000afe       0x10 c:/program files (x86)/cypress/psoc creator/4.2/psoc creator/import/gnu/arm/5.4.1/bin/../lib/gcc/arm-none-eabi/5.4.1/../../../../arm-none-eabi/lib/armv7-m\libg_nano.a(lib_a-memset.o)
                0x00000afe                memset
 *(.plt)
 *(.gnu.warning)
 *(.glue_7t)
 .glue_7t       0x00000b0e        0x0 linker stubs
 *(.glue_7)
 .glue_7        0x00000b0e        0x0 linker stubs
 *(.vfp11_veneer)
 .vfp11_veneer  0x00000b0e        0x0 linker stubs
 *(.bootloader)
 *(.ARM.extab* .gnu.linkonce.armextab.*)
 *(.gcc_except_table)

.v4_bx          0x00000b10        0x0
 .v4_bx         0x00000b10        0x0 linker stubs

.iplt           0x00000b10        0x0
 .iplt          0x00000b10        0x0 c:/program files (x86)/cypress/psoc creator/4.2/psoc creator/import/gnu/arm/5.4.1/bin/../lib/gcc/arm-none-eabi/5.4.1/armv7-m/crtbegin.o

.eh_frame_hdr
 *(.eh_frame_hdr)

.eh_frame       0x00000b10        0x4
 *(.eh_frame)
 .eh_frame      0x00000b10        0x0 c:/program files (x86)/cypress/psoc creator/4.2/psoc creator/import/gnu/arm/5.4.1/bin/../lib/gcc/arm-none-eabi/5.4.1/armv7-m/crtbegin.o
 .eh_frame      0x00000b10        0x4 c:/program files (x86)/cypress/psoc creator/4.2/psoc creator/import/gnu/arm/5.4.1/bin/../lib/gcc/arm-none-eabi/5.4.1/armv7-m/crtend.o
                [!provide]                PROVIDE (__exidx_start, .)

.ARM.exidx
 *(.ARM.exidx* .gnu.linkonce.armexidx.*)
                0x00000b14                __exidx_end = .

.rodata         0x00000b14       0x84
 *(.rodata .rodata.* .gnu.linkonce.r.*)
 .rodata        0x00000b14       0x4a .\CortexM3\ARM_GCC_541\Debug\cyfitter_cfg.o
 .rodata.str1.1
                0x00000b5e        0x2 c:/program files (x86)/cypress/psoc creator/4.2/psoc creator/import/gnu/arm/5.4.1/bin/../lib/gcc/arm-none-eabi/5.4.1/../../../../arm-none-eabi/lib/armv7-m\libg_nano.a(lib_a-impure.o)
                0x00000b60                . = ALIGN (0x4)
 *(.init)
 .init          0x00000b60        0x4 c:/program files (x86)/cypress/psoc creator/4.2/psoc creator/import/gnu/arm/5.4.1/bin/../lib/gcc/arm-none-eabi/5.4.1/armv7-m/crti.o
                0x00000b60                _init
 .init          0x00000b64        0x8 c:/program files (x86)/cypress/psoc creator/4.2/psoc creator/import/gnu/arm/5.4.1/bin/../lib/gcc/arm-none-eabi/5.4.1/armv7-m/crtn.o
                0x00000b6c                . = ALIGN (0x4)
                0x00000b6c                __preinit_array_start = .
 *(.preinit_array)
                0x00000b6c                __preinit_array_end = .
                0x00000b6c                . = ALIGN (0x4)
                0x00000b6c                __init_array_start = .
 *(SORT(.init_array.*))
 *(.init_array)
 .init_array    0x00000b6c        0x4 c:/program files (x86)/cypress/psoc creator/4.2/psoc creator/import/gnu/arm/5.4.1/bin/../lib/gcc/arm-none-eabi/5.4.1/armv7-m/crtbegin.o
 .init_array    0x00000b70        0x4 .\CortexM3\ARM_GCC_541\Debug\Cm3Start.o
                0x00000b74                __init_array_end = .
                0x00000b74                . = ALIGN (0x4)
 *(.fini)
 .fini          0x00000b74        0x4 c:/program files (x86)/cypress/psoc creator/4.2/psoc creator/import/gnu/arm/5.4.1/bin/../lib/gcc/arm-none-eabi/5.4.1/armv7-m/crti.o
                0x00000b74                _fini
 .fini          0x00000b78        0x8 c:/program files (x86)/cypress/psoc creator/4.2/psoc creator/import/gnu/arm/5.4.1/bin/../lib/gcc/arm-none-eabi/5.4.1/armv7-m/crtn.o
                0x00000b80                . = ALIGN (0x4)
                0x00000b80                __fini_array_start = .
 *(.fini_array)
 .fini_array    0x00000b80        0x4 c:/program files (x86)/cypress/psoc creator/4.2/psoc creator/import/gnu/arm/5.4.1/bin/../lib/gcc/arm-none-eabi/5.4.1/armv7-m/crtbegin.o
 *(SORT(.fini_array.*))
                0x00000b84                __fini_array_end = .
                0x00000b84                . = ALIGN (0x4)
 *crtbegin.o(.ctors)
 *(EXCLUDE_FILE(*crtend.o) .ctors)
 *(SORT(.ctors.*))
 *crtend.o(.ctors)
                0x00000b84                . = ALIGN (0x4)
 *crtbegin.o(.dtors)
 *(EXCLUDE_FILE(*crtend.o) .dtors)
 *(SORT(.dtors.*))
 *crtend.o(.dtors)
                0x00000b84                . = ALIGN (0x4)
                0x00000b84                __cy_regions = .
                0x00000b84        0x4 LONG 0xb98 __cy_region_init_ram
                0x00000b88        0x4 LONG 0x1fffc0c8 __cy_region_start_data
                0x00000b8c        0x4 LONG 0x78 __cy_region_init_size_ram
                0x00000b90        0x4 LONG 0x38 __cy_region_zero_size_ram
                0x00000b94                __cy_regions_end = .
                0x00000b98                . = ALIGN (0x8)
 *fill*         0x00000b94        0x4 
                0x00000b98                _etext = .

.cy_checksum_exclude
                0x00000b98        0x0
 *(.cy_checksum_exclude)

.ramvectors     0x1fffc000       0xc0
                0x1fffc000                __cy_region_start_ram = .
 *(.ramvectors)
 .ramvectors    0x1fffc000       0xc0 .\CortexM3\ARM_GCC_541\Debug\Cm3Start.o
                0x1fffc000                CyRamVectors

.noinit         0x1fffc0c0        0x1
 *(.noinit)
 .noinit        0x1fffc0c0        0x1 .\CortexM3\ARM_GCC_541\Debug\Z80_3Pin.a(CyLib.o)
                0x1fffc0c0                CyResetStatus

.data           0x1fffc0c8       0x78 load address 0x00000b98
                0x1fffc0c8                __cy_region_start_data = .
 *(.jcr)
 .jcr           0x1fffc0c8        0x0 c:/program files (x86)/cypress/psoc creator/4.2/psoc creator/import/gnu/arm/5.4.1/bin/../lib/gcc/arm-none-eabi/5.4.1/armv7-m/crtbegin.o
 .jcr           0x1fffc0c8        0x4 c:/program files (x86)/cypress/psoc creator/4.2/psoc creator/import/gnu/arm/5.4.1/bin/../lib/gcc/arm-none-eabi/5.4.1/armv7-m/crtend.o
 *(.got.plt)
 *(.got)
 *(.shdata)
 *(.data .data.* .gnu.linkonce.d.*)
 .data          0x1fffc0cc       0x10 .\CortexM3\ARM_GCC_541\Debug\Z80_3Pin.a(CyLib.o)
                0x1fffc0cc                cydelay_32k_ms
                0x1fffc0d0                cydelay_freq_khz
                0x1fffc0d4                cydelay_freq_mhz
                0x1fffc0d8                cydelay_freq_hz
 .data.impure_data
                0x1fffc0dc       0x60 c:/program files (x86)/cypress/psoc creator/4.2/psoc creator/import/gnu/arm/5.4.1/bin/../lib/gcc/arm-none-eabi/5.4.1/../../../../arm-none-eabi/lib/armv7-m\libg_nano.a(lib_a-impure.o)
 .data._impure_ptr
                0x1fffc13c        0x4 c:/program files (x86)/cypress/psoc creator/4.2/psoc creator/import/gnu/arm/5.4.1/bin/../lib/gcc/arm-none-eabi/5.4.1/../../../../arm-none-eabi/lib/armv7-m\libg_nano.a(lib_a-impure.o)
                0x1fffc13c                _impure_ptr
                0x1fffc140                . = ALIGN (0x8)
 *(.ram)
                0x1fffc140                _edata = .

.igot.plt       0x1fffc140        0x0 load address 0x00000c10
 .igot.plt      0x1fffc140        0x0 c:/program files (x86)/cypress/psoc creator/4.2/psoc creator/import/gnu/arm/5.4.1/bin/../lib/gcc/arm-none-eabi/5.4.1/armv7-m/crtbegin.o

.bss            0x1fffc140       0x38 load address 0x00000c10
                0x1fffc140                PROVIDE (__bss_start__, .)
 *(.shbss)
 *(.bss .bss.* .gnu.linkonce.b.*)
 .bss           0x1fffc140       0x1c c:/program files (x86)/cypress/psoc creator/4.2/psoc creator/import/gnu/arm/5.4.1/bin/../lib/gcc/arm-none-eabi/5.4.1/armv7-m/crtbegin.o
 *(COMMON)
 COMMON         0x1fffc15c        0x8 .\CortexM3\ARM_GCC_541\Debug\FrontPanel.o
                0x1fffc15c                FPAddr
                0x1fffc15e                FPCtrl
                0x1fffc15f                FPData
                0x1fffc160                FPLong
 COMMON         0x1fffc164       0x10 .\CortexM3\ARM_GCC_541\Debug\Z80_3Pin.a(I2C_MASTER.o)
                0x1fffc164                I2C_mstrWrBufIndex
                0x1fffc165                I2C_mstrWrBufSize
                0x1fffc166                I2C_mstrStatus
                0x1fffc168                I2C_mstrRdBufPtr
                0x1fffc16c                I2C_mstrControl
                0x1fffc16d                I2C_mstrRdBufSize
                0x1fffc16e                I2C_mstrRdBufIndex
                0x1fffc170                I2C_mstrWrBufPtr
 COMMON         0x1fffc174        0x1 .\CortexM3\ARM_GCC_541\Debug\Z80_3Pin.a(I2C.o)
                0x1fffc174                I2C_state
                0x1fffc178                . = ALIGN (0x8)
 *fill*         0x1fffc175        0x3 
 *(.ram.b)
                0x1fffc178                _end = .
                0x1fffc178                __end = .
                0x1fffc178                PROVIDE (end, .)
                0x1fffc178                PROVIDE (__bss_end__, .)
                0x00000b98                __cy_region_init_ram = LOADADDR (.data)
                0x00000078                __cy_region_init_size_ram = (_edata - ADDR (.data))
                0x00000038                __cy_region_zero_size_ram = (_end - _edata)

.heap           0x1fffc178       0x80 load address 0x00000c10
                0x1fffc178                . = _end
                0x1fffc1f8                . = (. + 0x80)
 *fill*         0x1fffc178       0x80 
                0x1fffc1f8                __cy_heap_limit = .

.stack          0x20003800      0x800
                0x20003800                __cy_stack_limit = .
                0x20004000                . = (. + 0x800)
 *fill*         0x20003800      0x800 
                0x00000001                ASSERT ((__cy_stack_limit >= __cy_heap_limit), region RAM overflowed with stack)
                0x00000000                cy_checksum_exclude_size = (CY_APPL_LOADABLE == 0x1)?SIZEOF (.cy_checksum_exclude):0x0
                0x00000001                ASSERT ((cy_checksum_exclude_size <= CY_CHECKSUM_EXCLUDE_SIZE), CY_BOOT: Section .cy_checksum_exclude size exceedes specified limit.)

.cyloadermeta
 *(.cyloadermeta)

.cyloadablemeta
 *(.cyloadablemeta)

.cyconfigecc    0x80000000     0x1088
 *(.cyconfigecc)
 .cyconfigecc   0x80000000     0x1088 .\CortexM3\ARM_GCC_541\Debug\cymetadata.o
                0x80000000                cy_meta_configecc

.cycustnvl      0x90000000        0x4
 *(.cycustnvl)
 .cycustnvl     0x90000000        0x4 .\CortexM3\ARM_GCC_541\Debug\cymetadata.o
                0x90000000                cy_meta_custnvl

.cywolatch      0x90100000        0x4
 *(.cywolatch)
 .cywolatch     0x90100000        0x4 .\CortexM3\ARM_GCC_541\Debug\cymetadata.o
                0x90100000                cy_meta_wonvl

.cyeeprom       0x90200000        0x0
 *(.cyeeprom)
                0x00000001                ASSERT ((. <= ((0x90200000 + ee_offset) + ee_size)), .cyeeprom data will not fit in EEPROM)

.cyflashprotect
                0x90400000       0x80
 *(.cyflashprotect)
 .cyflashprotect
                0x90400000       0x80 .\CortexM3\ARM_GCC_541\Debug\cymetadata.o
                0x90400000                cy_meta_flashprotect

.cymeta         0x90500000        0xc
 *(.cymeta)
 .cymeta        0x90500000        0xc .\CortexM3\ARM_GCC_541\Debug\cymetadata.o
                0x90500000                cy_metadata

.rel.dyn        0x00000c10        0x0 load address 0x9050000c
 .rel.iplt      0x00000c10        0x0 c:/program files (x86)/cypress/psoc creator/4.2/psoc creator/import/gnu/arm/5.4.1/bin/../lib/gcc/arm-none-eabi/5.4.1/armv7-m/crtbegin.o

.stab
 *(.stab)

.stabstr
 *(.stabstr)

.debug
 *(.debug)

.line
 *(.line)

.debug_srcinfo
 *(.debug_srcinfo)

.debug_sfnames
 *(.debug_sfnames)

.debug_aranges  0x00000000      0x7d0
 *(.debug_aranges)
 .debug_aranges
                0x00000000       0x28 .\CortexM3\ARM_GCC_541\Debug\main.o
 .debug_aranges
                0x00000028       0x38 .\CortexM3\ARM_GCC_541\Debug\ExtSRAM.o
 .debug_aranges
                0x00000060       0x50 .\CortexM3\ARM_GCC_541\Debug\FrontPanel.o
 .debug_aranges
                0x000000b0       0x58 .\CortexM3\ARM_GCC_541\Debug\cyfitter_cfg.o
 .debug_aranges
                0x00000108       0x18 .\CortexM3\ARM_GCC_541\Debug\cymetadata.o
 .debug_aranges
                0x00000120       0x48 .\CortexM3\ARM_GCC_541\Debug\Cm3Start.o
 .debug_aranges
                0x00000168      0x2a0 .\CortexM3\ARM_GCC_541\Debug\Z80_3Pin.a(CyLib.o)
 .debug_aranges
                0x00000408       0x98 .\CortexM3\ARM_GCC_541\Debug\Z80_3Pin.a(cyPm.o)
 .debug_aranges
                0x000004a0       0x28 .\CortexM3\ARM_GCC_541\Debug\Z80_3Pin.a(AdrLowOut.o)
 .debug_aranges
                0x000004c8       0x28 .\CortexM3\ARM_GCC_541\Debug\Z80_3Pin.a(IO_Ctrl_Reg.o)
 .debug_aranges
                0x000004f0       0x28 .\CortexM3\ARM_GCC_541\Debug\Z80_3Pin.a(Z80_Data_In.o)
 .debug_aranges
                0x00000518       0x40 .\CortexM3\ARM_GCC_541\Debug\Z80_3Pin.a(Z80_Data_Out.o)
 .debug_aranges
                0x00000558       0x28 .\CortexM3\ARM_GCC_541\Debug\Z80_3Pin.a(AdrMidOut.o)
 .debug_aranges
                0x00000580       0x28 .\CortexM3\ARM_GCC_541\Debug\Z80_3Pin.a(AdrHighOut.o)
 .debug_aranges
                0x000005a8       0x28 .\CortexM3\ARM_GCC_541\Debug\Z80_3Pin.a(ExtSRAMCtl.o)
 .debug_aranges
                0x000005d0       0x80 .\CortexM3\ARM_GCC_541\Debug\Z80_3Pin.a(I2C_MASTER.o)
 .debug_aranges
                0x00000650       0x20 .\CortexM3\ARM_GCC_541\Debug\Z80_3Pin.a(CyBootAsmGnu.o)
 .debug_aranges
                0x00000670       0x88 .\CortexM3\ARM_GCC_541\Debug\Z80_3Pin.a(CyFlash.o)
 .debug_aranges
                0x000006f8       0x80 .\CortexM3\ARM_GCC_541\Debug\Z80_3Pin.a(CySpc.o)
 .debug_aranges
                0x00000778       0x38 .\CortexM3\ARM_GCC_541\Debug\Z80_3Pin.a(I2C.o)
 .debug_aranges
                0x000007b0       0x20 .\CortexM3\ARM_GCC_541\Debug\Z80_3Pin.a(I2C_INT.o)

.debug_pubnames
 *(.debug_pubnames)

.debug_info     0x00000000     0x4efe
 *(.debug_info .gnu.linkonce.wi.*)
 .debug_info    0x00000000      0x1e8 .\CortexM3\ARM_GCC_541\Debug\main.o
 .debug_info    0x000001e8      0x371 .\CortexM3\ARM_GCC_541\Debug\ExtSRAM.o
 .debug_info    0x00000559      0x648 .\CortexM3\ARM_GCC_541\Debug\FrontPanel.o
 .debug_info    0x00000ba1      0x686 .\CortexM3\ARM_GCC_541\Debug\cyfitter_cfg.o
 .debug_info    0x00001227      0x139 .\CortexM3\ARM_GCC_541\Debug\cymetadata.o
 .debug_info    0x00001360      0x3bb .\CortexM3\ARM_GCC_541\Debug\Cm3Start.o
 .debug_info    0x0000171b     0x1374 .\CortexM3\ARM_GCC_541\Debug\Z80_3Pin.a(CyLib.o)
 .debug_info    0x00002a8f      0xa2a .\CortexM3\ARM_GCC_541\Debug\Z80_3Pin.a(cyPm.o)
 .debug_info    0x000034b9       0xd6 .\CortexM3\ARM_GCC_541\Debug\Z80_3Pin.a(AdrLowOut.o)
 .debug_info    0x0000358f       0xd6 .\CortexM3\ARM_GCC_541\Debug\Z80_3Pin.a(IO_Ctrl_Reg.o)
 .debug_info    0x00003665       0xd6 .\CortexM3\ARM_GCC_541\Debug\Z80_3Pin.a(Z80_Data_In.o)
 .debug_info    0x0000373b      0x17d .\CortexM3\ARM_GCC_541\Debug\Z80_3Pin.a(Z80_Data_Out.o)
 .debug_info    0x000038b8       0xd6 .\CortexM3\ARM_GCC_541\Debug\Z80_3Pin.a(AdrMidOut.o)
 .debug_info    0x0000398e       0xd6 .\CortexM3\ARM_GCC_541\Debug\Z80_3Pin.a(AdrHighOut.o)
 .debug_info    0x00003a64       0xd6 .\CortexM3\ARM_GCC_541\Debug\Z80_3Pin.a(ExtSRAMCtl.o)
 .debug_info    0x00003b3a      0x407 .\CortexM3\ARM_GCC_541\Debug\Z80_3Pin.a(I2C_MASTER.o)
 .debug_info    0x00003f41       0xba .\CortexM3\ARM_GCC_541\Debug\Z80_3Pin.a(CyBootAsmGnu.o)
 .debug_info    0x00003ffb      0x64d .\CortexM3\ARM_GCC_541\Debug\Z80_3Pin.a(CyFlash.o)
 .debug_info    0x00004648      0x550 .\CortexM3\ARM_GCC_541\Debug\Z80_3Pin.a(CySpc.o)
 .debug_info    0x00004b98      0x1e2 .\CortexM3\ARM_GCC_541\Debug\Z80_3Pin.a(I2C.o)
 .debug_info    0x00004d7a      0x184 .\CortexM3\ARM_GCC_541\Debug\Z80_3Pin.a(I2C_INT.o)

.debug_abbrev   0x00000000     0x1562
 *(.debug_abbrev)
 .debug_abbrev  0x00000000       0xf3 .\CortexM3\ARM_GCC_541\Debug\main.o
 .debug_abbrev  0x000000f3       0xff .\CortexM3\ARM_GCC_541\Debug\ExtSRAM.o
 .debug_abbrev  0x000001f2      0x131 .\CortexM3\ARM_GCC_541\Debug\FrontPanel.o
 .debug_abbrev  0x00000323      0x20d .\CortexM3\ARM_GCC_541\Debug\cyfitter_cfg.o
 .debug_abbrev  0x00000530       0x77 .\CortexM3\ARM_GCC_541\Debug\cymetadata.o
 .debug_abbrev  0x000005a7      0x1e8 .\CortexM3\ARM_GCC_541\Debug\Cm3Start.o
 .debug_abbrev  0x0000078f      0x254 .\CortexM3\ARM_GCC_541\Debug\Z80_3Pin.a(CyLib.o)
 .debug_abbrev  0x000009e3      0x1ab .\CortexM3\ARM_GCC_541\Debug\Z80_3Pin.a(cyPm.o)
 .debug_abbrev  0x00000b8e       0x81 .\CortexM3\ARM_GCC_541\Debug\Z80_3Pin.a(AdrLowOut.o)
 .debug_abbrev  0x00000c0f       0x81 .\CortexM3\ARM_GCC_541\Debug\Z80_3Pin.a(IO_Ctrl_Reg.o)
 .debug_abbrev  0x00000c90       0x81 .\CortexM3\ARM_GCC_541\Debug\Z80_3Pin.a(Z80_Data_In.o)
 .debug_abbrev  0x00000d11       0xac .\CortexM3\ARM_GCC_541\Debug\Z80_3Pin.a(Z80_Data_Out.o)
 .debug_abbrev  0x00000dbd       0x81 .\CortexM3\ARM_GCC_541\Debug\Z80_3Pin.a(AdrMidOut.o)
 .debug_abbrev  0x00000e3e       0x81 .\CortexM3\ARM_GCC_541\Debug\Z80_3Pin.a(AdrHighOut.o)
 .debug_abbrev  0x00000ebf       0x81 .\CortexM3\ARM_GCC_541\Debug\Z80_3Pin.a(ExtSRAMCtl.o)
 .debug_abbrev  0x00000f40      0x13c .\CortexM3\ARM_GCC_541\Debug\Z80_3Pin.a(I2C_MASTER.o)
 .debug_abbrev  0x0000107c       0x14 .\CortexM3\ARM_GCC_541\Debug\Z80_3Pin.a(CyBootAsmGnu.o)
 .debug_abbrev  0x00001090      0x1a7 .\CortexM3\ARM_GCC_541\Debug\Z80_3Pin.a(CyFlash.o)
 .debug_abbrev  0x00001237      0x194 .\CortexM3\ARM_GCC_541\Debug\Z80_3Pin.a(CySpc.o)
 .debug_abbrev  0x000013cb       0xe1 .\CortexM3\ARM_GCC_541\Debug\Z80_3Pin.a(I2C.o)
 .debug_abbrev  0x000014ac       0xb6 .\CortexM3\ARM_GCC_541\Debug\Z80_3Pin.a(I2C_INT.o)

.debug_line     0x00000000     0x23d6
 *(.debug_line)
 .debug_line    0x00000000      0x1b9 .\CortexM3\ARM_GCC_541\Debug\main.o
 .debug_line    0x000001b9      0x26c .\CortexM3\ARM_GCC_541\Debug\ExtSRAM.o
 .debug_line    0x00000425      0x276 .\CortexM3\ARM_GCC_541\Debug\FrontPanel.o
 .debug_line    0x0000069b      0x200 .\CortexM3\ARM_GCC_541\Debug\cyfitter_cfg.o
 .debug_line    0x0000089b      0x141 .\CortexM3\ARM_GCC_541\Debug\cymetadata.o
 .debug_line    0x000009dc      0x234 .\CortexM3\ARM_GCC_541\Debug\Cm3Start.o
 .debug_line    0x00000c10      0x816 .\CortexM3\ARM_GCC_541\Debug\Z80_3Pin.a(CyLib.o)
 .debug_line    0x00001426      0x367 .\CortexM3\ARM_GCC_541\Debug\Z80_3Pin.a(cyPm.o)
 .debug_line    0x0000178d       0x71 .\CortexM3\ARM_GCC_541\Debug\Z80_3Pin.a(AdrLowOut.o)
 .debug_line    0x000017fe       0x73 .\CortexM3\ARM_GCC_541\Debug\Z80_3Pin.a(IO_Ctrl_Reg.o)
 .debug_line    0x00001871       0x73 .\CortexM3\ARM_GCC_541\Debug\Z80_3Pin.a(Z80_Data_In.o)
 .debug_line    0x000018e4       0xb7 .\CortexM3\ARM_GCC_541\Debug\Z80_3Pin.a(Z80_Data_Out.o)
 .debug_line    0x0000199b       0x71 .\CortexM3\ARM_GCC_541\Debug\Z80_3Pin.a(AdrMidOut.o)
 .debug_line    0x00001a0c       0x72 .\CortexM3\ARM_GCC_541\Debug\Z80_3Pin.a(AdrHighOut.o)
 .debug_line    0x00001a7e       0x72 .\CortexM3\ARM_GCC_541\Debug\Z80_3Pin.a(ExtSRAMCtl.o)
 .debug_line    0x00001af0      0x227 .\CortexM3\ARM_GCC_541\Debug\Z80_3Pin.a(I2C_MASTER.o)
 .debug_line    0x00001d17       0x66 .\CortexM3\ARM_GCC_541\Debug\Z80_3Pin.a(CyBootAsmGnu.o)
 .debug_line    0x00001d7d      0x21a .\CortexM3\ARM_GCC_541\Debug\Z80_3Pin.a(CyFlash.o)
 .debug_line    0x00001f97      0x260 .\CortexM3\ARM_GCC_541\Debug\Z80_3Pin.a(CySpc.o)
 .debug_line    0x000021f7       0xc9 .\CortexM3\ARM_GCC_541\Debug\Z80_3Pin.a(I2C.o)
 .debug_line    0x000022c0      0x116 .\CortexM3\ARM_GCC_541\Debug\Z80_3Pin.a(I2C_INT.o)

.debug_frame    0x00000000     0x13bc
 *(.debug_frame)
 .debug_frame   0x00000000       0x48 .\CortexM3\ARM_GCC_541\Debug\main.o
 .debug_frame   0x00000048       0x84 .\CortexM3\ARM_GCC_541\Debug\ExtSRAM.o
 .debug_frame   0x000000cc       0xe8 .\CortexM3\ARM_GCC_541\Debug\FrontPanel.o
 .debug_frame   0x000001b4       0xe4 .\CortexM3\ARM_GCC_541\Debug\cyfitter_cfg.o
 .debug_frame   0x00000298       0xb8 .\CortexM3\ARM_GCC_541\Debug\Cm3Start.o
 .debug_frame   0x00000350      0x738 .\CortexM3\ARM_GCC_541\Debug\Z80_3Pin.a(CyLib.o)
 .debug_frame   0x00000a88      0x1f8 .\CortexM3\ARM_GCC_541\Debug\Z80_3Pin.a(cyPm.o)
 .debug_frame   0x00000c80       0x30 .\CortexM3\ARM_GCC_541\Debug\Z80_3Pin.a(AdrLowOut.o)
 .debug_frame   0x00000cb0       0x30 .\CortexM3\ARM_GCC_541\Debug\Z80_3Pin.a(IO_Ctrl_Reg.o)
 .debug_frame   0x00000ce0       0x30 .\CortexM3\ARM_GCC_541\Debug\Z80_3Pin.a(Z80_Data_In.o)
 .debug_frame   0x00000d10       0x78 .\CortexM3\ARM_GCC_541\Debug\Z80_3Pin.a(Z80_Data_Out.o)
 .debug_frame   0x00000d88       0x30 .\CortexM3\ARM_GCC_541\Debug\Z80_3Pin.a(AdrMidOut.o)
 .debug_frame   0x00000db8       0x30 .\CortexM3\ARM_GCC_541\Debug\Z80_3Pin.a(AdrHighOut.o)
 .debug_frame   0x00000de8       0x30 .\CortexM3\ARM_GCC_541\Debug\Z80_3Pin.a(ExtSRAMCtl.o)
 .debug_frame   0x00000e18      0x138 .\CortexM3\ARM_GCC_541\Debug\Z80_3Pin.a(I2C_MASTER.o)
 .debug_frame   0x00000f50      0x194 .\CortexM3\ARM_GCC_541\Debug\Z80_3Pin.a(CyFlash.o)
 .debug_frame   0x000010e4      0x180 .\CortexM3\ARM_GCC_541\Debug\Z80_3Pin.a(CySpc.o)
 .debug_frame   0x00001264       0x6c .\CortexM3\ARM_GCC_541\Debug\Z80_3Pin.a(I2C.o)
 .debug_frame   0x000012d0       0x30 .\CortexM3\ARM_GCC_541\Debug\Z80_3Pin.a(I2C_INT.o)
 .debug_frame   0x00001300       0x20 c:/program files (x86)/cypress/psoc creator/4.2/psoc creator/import/gnu/arm/5.4.1/bin/../lib/gcc/arm-none-eabi/5.4.1/../../../../arm-none-eabi/lib/armv7-m\libg_nano.a(lib_a-errno.o)
 .debug_frame   0x00001320       0x28 c:/program files (x86)/cypress/psoc creator/4.2/psoc creator/import/gnu/arm/5.4.1/bin/../lib/gcc/arm-none-eabi/5.4.1/../../../../arm-none-eabi/lib/armv7-m\libg_nano.a(lib_a-exit.o)
 .debug_frame   0x00001348       0x2c c:/program files (x86)/cypress/psoc creator/4.2/psoc creator/import/gnu/arm/5.4.1/bin/../lib/gcc/arm-none-eabi/5.4.1/../../../../arm-none-eabi/lib/armv7-m\libg_nano.a(lib_a-init.o)
 .debug_frame   0x00001374       0x28 c:/program files (x86)/cypress/psoc creator/4.2/psoc creator/import/gnu/arm/5.4.1/bin/../lib/gcc/arm-none-eabi/5.4.1/../../../../arm-none-eabi/lib/armv7-m\libg_nano.a(lib_a-memcpy-stub.o)
 .debug_frame   0x0000139c       0x20 c:/program files (x86)/cypress/psoc creator/4.2/psoc creator/import/gnu/arm/5.4.1/bin/../lib/gcc/arm-none-eabi/5.4.1/../../../../arm-none-eabi/lib/armv7-m\libg_nano.a(lib_a-memset.o)

.debug_str      0x00000000     0x19b6
 *(.debug_str)
 .debug_str     0x00000000      0x21b .\CortexM3\ARM_GCC_541\Debug\main.o
                                0x263 (size before relaxing)
 .debug_str     0x0000021b       0xc8 .\CortexM3\ARM_GCC_541\Debug\ExtSRAM.o
                                0x2a1 (size before relaxing)
 .debug_str     0x000002e3      0x192 .\CortexM3\ARM_GCC_541\Debug\FrontPanel.o
                                0x3b3 (size before relaxing)
 .debug_str     0x00000475      0x1a8 .\CortexM3\ARM_GCC_541\Debug\cyfitter_cfg.o
                                0x36e (size before relaxing)
 .debug_str     0x0000061d       0x7f .\CortexM3\ARM_GCC_541\Debug\cymetadata.o
                                0x20e (size before relaxing)
 .debug_str     0x0000069c      0x144 .\CortexM3\ARM_GCC_541\Debug\Cm3Start.o
                                0x334 (size before relaxing)
 .debug_str     0x000007e0      0x83f .\CortexM3\ARM_GCC_541\Debug\Z80_3Pin.a(CyLib.o)
                                0xa71 (size before relaxing)
 .debug_str     0x0000101f      0x365 .\CortexM3\ARM_GCC_541\Debug\Z80_3Pin.a(cyPm.o)
                                0x75d (size before relaxing)
 .debug_str     0x00001384       0x3a .\CortexM3\ARM_GCC_541\Debug\Z80_3Pin.a(AdrLowOut.o)
                                0x1e5 (size before relaxing)
 .debug_str     0x000013be       0x36 .\CortexM3\ARM_GCC_541\Debug\Z80_3Pin.a(IO_Ctrl_Reg.o)
                                0x1eb (size before relaxing)
 .debug_str     0x000013f4       0x36 .\CortexM3\ARM_GCC_541\Debug\Z80_3Pin.a(Z80_Data_In.o)
                                0x1eb (size before relaxing)
 .debug_str     0x0000142a       0x8e .\CortexM3\ARM_GCC_541\Debug\Z80_3Pin.a(Z80_Data_Out.o)
                                0x291 (size before relaxing)
 .debug_str     0x000014b8       0x32 .\CortexM3\ARM_GCC_541\Debug\Z80_3Pin.a(AdrMidOut.o)
                                0x1e5 (size before relaxing)
 .debug_str     0x000014ea       0x34 .\CortexM3\ARM_GCC_541\Debug\Z80_3Pin.a(AdrHighOut.o)
                                0x1e8 (size before relaxing)
 .debug_str     0x0000151e       0x34 .\CortexM3\ARM_GCC_541\Debug\Z80_3Pin.a(ExtSRAMCtl.o)
                                0x1e8 (size before relaxing)
 .debug_str     0x00001552      0x17d .\CortexM3\ARM_GCC_541\Debug\Z80_3Pin.a(I2C_MASTER.o)
                                0x3ce (size before relaxing)
 .debug_str     0x000016cf      0x1bb .\CortexM3\ARM_GCC_541\Debug\Z80_3Pin.a(CyFlash.o)
                                0x3ea (size before relaxing)
 .debug_str     0x0000188a       0xac .\CortexM3\ARM_GCC_541\Debug\Z80_3Pin.a(CySpc.o)
                                0x362 (size before relaxing)
 .debug_str     0x00001936       0x50 .\CortexM3\ARM_GCC_541\Debug\Z80_3Pin.a(I2C.o)
                                0x2a2 (size before relaxing)
 .debug_str     0x00001986       0x30 .\CortexM3\ARM_GCC_541\Debug\Z80_3Pin.a(I2C_INT.o)
                                0x289 (size before relaxing)

.debug_loc      0x00000000     0x243f
 *(.debug_loc)
 .debug_loc     0x00000000       0x7d .\CortexM3\ARM_GCC_541\Debug\main.o
 .debug_loc     0x0000007d      0x15f .\CortexM3\ARM_GCC_541\Debug\ExtSRAM.o
 .debug_loc     0x000001dc      0x25a .\CortexM3\ARM_GCC_541\Debug\FrontPanel.o
 .debug_loc     0x00000436      0x288 .\CortexM3\ARM_GCC_541\Debug\cyfitter_cfg.o
 .debug_loc     0x000006be      0x144 .\CortexM3\ARM_GCC_541\Debug\Cm3Start.o
 .debug_loc     0x00000802      0xa11 .\CortexM3\ARM_GCC_541\Debug\Z80_3Pin.a(CyLib.o)
 .debug_loc     0x00001213      0x1e4 .\CortexM3\ARM_GCC_541\Debug\Z80_3Pin.a(cyPm.o)
 .debug_loc     0x000013f7       0x26 .\CortexM3\ARM_GCC_541\Debug\Z80_3Pin.a(Z80_Data_Out.o)
 .debug_loc     0x0000141d      0x52f .\CortexM3\ARM_GCC_541\Debug\Z80_3Pin.a(I2C_MASTER.o)
 .debug_loc     0x0000194c      0x3b2 .\CortexM3\ARM_GCC_541\Debug\Z80_3Pin.a(CyFlash.o)
 .debug_loc     0x00001cfe      0x705 .\CortexM3\ARM_GCC_541\Debug\Z80_3Pin.a(CySpc.o)
 .debug_loc     0x00002403       0x13 .\CortexM3\ARM_GCC_541\Debug\Z80_3Pin.a(I2C.o)
 .debug_loc     0x00002416       0x29 .\CortexM3\ARM_GCC_541\Debug\Z80_3Pin.a(I2C_INT.o)

.debug_macinfo
 *(.debug_macinfo)

.debug_ranges   0x00000000      0x668
 *(.debug_ranges)
 .debug_ranges  0x00000000       0x18 .\CortexM3\ARM_GCC_541\Debug\main.o
 .debug_ranges  0x00000018       0x28 .\CortexM3\ARM_GCC_541\Debug\ExtSRAM.o
 .debug_ranges  0x00000040       0x40 .\CortexM3\ARM_GCC_541\Debug\FrontPanel.o
 .debug_ranges  0x00000080       0x48 .\CortexM3\ARM_GCC_541\Debug\cyfitter_cfg.o
 .debug_ranges  0x000000c8       0x38 .\CortexM3\ARM_GCC_541\Debug\Cm3Start.o
 .debug_ranges  0x00000100      0x290 .\CortexM3\ARM_GCC_541\Debug\Z80_3Pin.a(CyLib.o)
 .debug_ranges  0x00000390       0x88 .\CortexM3\ARM_GCC_541\Debug\Z80_3Pin.a(cyPm.o)
 .debug_ranges  0x00000418       0x18 .\CortexM3\ARM_GCC_541\Debug\Z80_3Pin.a(AdrLowOut.o)
 .debug_ranges  0x00000430       0x18 .\CortexM3\ARM_GCC_541\Debug\Z80_3Pin.a(IO_Ctrl_Reg.o)
 .debug_ranges  0x00000448       0x18 .\CortexM3\ARM_GCC_541\Debug\Z80_3Pin.a(Z80_Data_In.o)
 .debug_ranges  0x00000460       0x30 .\CortexM3\ARM_GCC_541\Debug\Z80_3Pin.a(Z80_Data_Out.o)
 .debug_ranges  0x00000490       0x18 .\CortexM3\ARM_GCC_541\Debug\Z80_3Pin.a(AdrMidOut.o)
 .debug_ranges  0x000004a8       0x18 .\CortexM3\ARM_GCC_541\Debug\Z80_3Pin.a(AdrHighOut.o)
 .debug_ranges  0x000004c0       0x18 .\CortexM3\ARM_GCC_541\Debug\Z80_3Pin.a(ExtSRAMCtl.o)
 .debug_ranges  0x000004d8       0x70 .\CortexM3\ARM_GCC_541\Debug\Z80_3Pin.a(I2C_MASTER.o)
 .debug_ranges  0x00000548       0x78 .\CortexM3\ARM_GCC_541\Debug\Z80_3Pin.a(CyFlash.o)
 .debug_ranges  0x000005c0       0x70 .\CortexM3\ARM_GCC_541\Debug\Z80_3Pin.a(CySpc.o)
 .debug_ranges  0x00000630       0x28 .\CortexM3\ARM_GCC_541\Debug\Z80_3Pin.a(I2C.o)
 .debug_ranges  0x00000658       0x10 .\CortexM3\ARM_GCC_541\Debug\Z80_3Pin.a(I2C_INT.o)

.comment        0x00000000       0x6e
 .comment       0x00000000       0x6e .\CortexM3\ARM_GCC_541\Debug\main.o
                                 0x6f (size before relaxing)
 .comment       0x0000006e       0x6f .\CortexM3\ARM_GCC_541\Debug\ExtSRAM.o
 .comment       0x0000006e       0x6f .\CortexM3\ARM_GCC_541\Debug\FrontPanel.o
 .comment       0x0000006e       0x6f .\CortexM3\ARM_GCC_541\Debug\cyfitter_cfg.o
 .comment       0x0000006e       0x6f .\CortexM3\ARM_GCC_541\Debug\cymetadata.o
 .comment       0x0000006e       0x6f .\CortexM3\ARM_GCC_541\Debug\Cm3Start.o
 .comment       0x0000006e       0x6f .\CortexM3\ARM_GCC_541\Debug\Z80_3Pin.a(CyLib.o)
 .comment       0x0000006e       0x6f .\CortexM3\ARM_GCC_541\Debug\Z80_3Pin.a(cyPm.o)
 .comment       0x0000006e       0x6f .\CortexM3\ARM_GCC_541\Debug\Z80_3Pin.a(AdrLowOut.o)
 .comment       0x0000006e       0x6f .\CortexM3\ARM_GCC_541\Debug\Z80_3Pin.a(IO_Ctrl_Reg.o)
 .comment       0x0000006e       0x6f .\CortexM3\ARM_GCC_541\Debug\Z80_3Pin.a(Z80_Data_In.o)
 .comment       0x0000006e       0x6f .\CortexM3\ARM_GCC_541\Debug\Z80_3Pin.a(Z80_Data_Out.o)
 .comment       0x0000006e       0x6f .\CortexM3\ARM_GCC_541\Debug\Z80_3Pin.a(AdrMidOut.o)
 .comment       0x0000006e       0x6f .\CortexM3\ARM_GCC_541\Debug\Z80_3Pin.a(AdrHighOut.o)
 .comment       0x0000006e       0x6f .\CortexM3\ARM_GCC_541\Debug\Z80_3Pin.a(ExtSRAMCtl.o)
 .comment       0x0000006e       0x6f .\CortexM3\ARM_GCC_541\Debug\Z80_3Pin.a(I2C_MASTER.o)
 .comment       0x0000006e       0x6f .\CortexM3\ARM_GCC_541\Debug\Z80_3Pin.a(CyFlash.o)
 .comment       0x0000006e       0x6f .\CortexM3\ARM_GCC_541\Debug\Z80_3Pin.a(CySpc.o)
 .comment       0x0000006e       0x6f .\CortexM3\ARM_GCC_541\Debug\Z80_3Pin.a(I2C.o)
 .comment       0x0000006e       0x6f .\CortexM3\ARM_GCC_541\Debug\Z80_3Pin.a(I2C_INT.o)

.debug_weaknames
 *(.debug_weaknames)

.debug_funcnames
 *(.debug_funcnames)

.debug_typenames
 *(.debug_typenames)

.debug_varnames
 *(.debug_varnames)

.note.gnu.arm.ident
 *(.note.gnu.arm.ident)

.ARM.attributes
                0x00000000       0x29
 *(.ARM.attributes)
 .ARM.attributes
                0x00000000       0x1d c:/program files (x86)/cypress/psoc creator/4.2/psoc creator/import/gnu/arm/5.4.1/bin/../lib/gcc/arm-none-eabi/5.4.1/armv7-m/crti.o
 .ARM.attributes
                0x0000001d       0x2d c:/program files (x86)/cypress/psoc creator/4.2/psoc creator/import/gnu/arm/5.4.1/bin/../lib/gcc/arm-none-eabi/5.4.1/armv7-m/crtbegin.o
 .ARM.attributes
                0x0000004a       0x1b c:/program files (x86)/cypress/psoc creator/4.2/psoc creator/import/gnu/arm/5.4.1/bin/../lib/gcc/arm-none-eabi/5.4.1/../../../../arm-none-eabi/lib/armv7-m/crt0.o
 .ARM.attributes
                0x00000065       0x33 .\CortexM3\ARM_GCC_541\Debug\main.o
 .ARM.attributes
                0x00000098       0x33 .\CortexM3\ARM_GCC_541\Debug\ExtSRAM.o
 .ARM.attributes
                0x000000cb       0x33 .\CortexM3\ARM_GCC_541\Debug\FrontPanel.o
 .ARM.attributes
                0x000000fe       0x33 .\CortexM3\ARM_GCC_541\Debug\cyfitter_cfg.o
 .ARM.attributes
                0x00000131       0x33 .\CortexM3\ARM_GCC_541\Debug\cymetadata.o
 .ARM.attributes
                0x00000164       0x33 .\CortexM3\ARM_GCC_541\Debug\Cm3Start.o
 .ARM.attributes
                0x00000197       0x33 .\CortexM3\ARM_GCC_541\Debug\Z80_3Pin.a(CyLib.o)
 .ARM.attributes
                0x000001ca       0x33 .\CortexM3\ARM_GCC_541\Debug\Z80_3Pin.a(cyPm.o)
 .ARM.attributes
                0x000001fd       0x33 .\CortexM3\ARM_GCC_541\Debug\Z80_3Pin.a(AdrLowOut.o)
 .ARM.attributes
                0x00000230       0x33 .\CortexM3\ARM_GCC_541\Debug\Z80_3Pin.a(IO_Ctrl_Reg.o)
 .ARM.attributes
                0x00000263       0x33 .\CortexM3\ARM_GCC_541\Debug\Z80_3Pin.a(Z80_Data_In.o)
 .ARM.attributes
                0x00000296       0x33 .\CortexM3\ARM_GCC_541\Debug\Z80_3Pin.a(Z80_Data_Out.o)
 .ARM.attributes
                0x000002c9       0x33 .\CortexM3\ARM_GCC_541\Debug\Z80_3Pin.a(AdrMidOut.o)
 .ARM.attributes
                0x000002fc       0x33 .\CortexM3\ARM_GCC_541\Debug\Z80_3Pin.a(AdrHighOut.o)
 .ARM.attributes
                0x0000032f       0x33 .\CortexM3\ARM_GCC_541\Debug\Z80_3Pin.a(ExtSRAMCtl.o)
 .ARM.attributes
                0x00000362       0x33 .\CortexM3\ARM_GCC_541\Debug\Z80_3Pin.a(I2C_MASTER.o)
 .ARM.attributes
                0x00000395       0x21 .\CortexM3\ARM_GCC_541\Debug\Z80_3Pin.a(CyBootAsmGnu.o)
 .ARM.attributes
                0x000003b6       0x33 .\CortexM3\ARM_GCC_541\Debug\Z80_3Pin.a(CyFlash.o)
 .ARM.attributes
                0x000003e9       0x33 .\CortexM3\ARM_GCC_541\Debug\Z80_3Pin.a(CySpc.o)
 .ARM.attributes
                0x0000041c       0x33 .\CortexM3\ARM_GCC_541\Debug\Z80_3Pin.a(I2C.o)
 .ARM.attributes
                0x0000044f       0x33 .\CortexM3\ARM_GCC_541\Debug\Z80_3Pin.a(I2C_INT.o)
 .ARM.attributes
                0x00000482       0x2d c:/program files (x86)/cypress/psoc creator/4.2/psoc creator/import/gnu/arm/5.4.1/bin/../lib/gcc/arm-none-eabi/5.4.1/../../../../arm-none-eabi/lib/armv7-m\libg_nano.a(lib_a-errno.o)
 .ARM.attributes
                0x000004af       0x2d c:/program files (x86)/cypress/psoc creator/4.2/psoc creator/import/gnu/arm/5.4.1/bin/../lib/gcc/arm-none-eabi/5.4.1/../../../../arm-none-eabi/lib/armv7-m\libg_nano.a(lib_a-exit.o)
 .ARM.attributes
                0x000004dc       0x2d c:/program files (x86)/cypress/psoc creator/4.2/psoc creator/import/gnu/arm/5.4.1/bin/../lib/gcc/arm-none-eabi/5.4.1/../../../../arm-none-eabi/lib/armv7-m\libg_nano.a(lib_a-impure.o)
 .ARM.attributes
                0x00000509       0x2d c:/program files (x86)/cypress/psoc creator/4.2/psoc creator/import/gnu/arm/5.4.1/bin/../lib/gcc/arm-none-eabi/5.4.1/../../../../arm-none-eabi/lib/armv7-m\libg_nano.a(lib_a-init.o)
 .ARM.attributes
                0x00000536       0x2d c:/program files (x86)/cypress/psoc creator/4.2/psoc creator/import/gnu/arm/5.4.1/bin/../lib/gcc/arm-none-eabi/5.4.1/../../../../arm-none-eabi/lib/armv7-m\libg_nano.a(lib_a-memcpy-stub.o)
 .ARM.attributes
                0x00000563       0x2d c:/program files (x86)/cypress/psoc creator/4.2/psoc creator/import/gnu/arm/5.4.1/bin/../lib/gcc/arm-none-eabi/5.4.1/../../../../arm-none-eabi/lib/armv7-m\libg_nano.a(lib_a-memset.o)
 .ARM.attributes
                0x00000590       0x2d c:/program files (x86)/cypress/psoc creator/4.2/psoc creator/import/gnu/arm/5.4.1/bin/../lib/gcc/arm-none-eabi/5.4.1/armv7-m/crtend.o
 .ARM.attributes
                0x000005bd       0x1d c:/program files (x86)/cypress/psoc creator/4.2/psoc creator/import/gnu/arm/5.4.1/bin/../lib/gcc/arm-none-eabi/5.4.1/armv7-m/crtn.o

/DISCARD/
 *(.note.GNU-stack)
OUTPUT(C:\Users\HPz420\Documents\GitHub\Retro-Computers\Z80\PSOC\PSOC_Design_Files\Z80-PSoC-3-Chips\Z80_3Pin.cydsn\CortexM3\ARM_GCC_541\Debug\Z80_3Pin.elf elf32-littlearm)
