Archive member included to satisfy reference by file (symbol)

.\CortexM3\ARM_GCC_541\Debug\Z80_3Pin.a(CyLib.o)
                              .\CortexM3\ARM_GCC_541\Debug\Cm3Start.o (CyHalt)
.\CortexM3\ARM_GCC_541\Debug\Z80_3Pin.a(cyPm.o)
                              .\CortexM3\ARM_GCC_541\Debug\Z80_3Pin.a(CyLib.o) (CyPmReadStatus)
.\CortexM3\ARM_GCC_541\Debug\Z80_3Pin.a(AdrLowOut.o)
                              .\CortexM3\ARM_GCC_541\Debug\ExtSRAM.o (AdrLowOut_Write)
.\CortexM3\ARM_GCC_541\Debug\Z80_3Pin.a(LED.o)
                              .\CortexM3\ARM_GCC_541\Debug\main.o (LED_Write)
.\CortexM3\ARM_GCC_541\Debug\Z80_3Pin.a(Z80_Data_In.o)
                              .\CortexM3\ARM_GCC_541\Debug\ExtSRAM.o (Z80_Data_In_Write)
.\CortexM3\ARM_GCC_541\Debug\Z80_3Pin.a(Z80_Data_Out.o)
                              .\CortexM3\ARM_GCC_541\Debug\ExtSRAM.o (Z80_Data_Out_Read)
.\CortexM3\ARM_GCC_541\Debug\Z80_3Pin.a(AdrMidOut.o)
                              .\CortexM3\ARM_GCC_541\Debug\ExtSRAM.o (AdrMidOut_Write)
.\CortexM3\ARM_GCC_541\Debug\Z80_3Pin.a(AdrHighOut.o)
                              .\CortexM3\ARM_GCC_541\Debug\ExtSRAM.o (AdrHighOut_Write)
.\CortexM3\ARM_GCC_541\Debug\Z80_3Pin.a(ExtSRAMCtl.o)
                              .\CortexM3\ARM_GCC_541\Debug\ExtSRAM.o (ExtSRAMCtl_Write)
.\CortexM3\ARM_GCC_541\Debug\Z80_3Pin.a(CyBootAsmGnu.o)
                              .\CortexM3\ARM_GCC_541\Debug\cyfitter_cfg.o (CyDelayCycles)
.\CortexM3\ARM_GCC_541\Debug\Z80_3Pin.a(CyFlash.o)
                              .\CortexM3\ARM_GCC_541\Debug\Z80_3Pin.a(cyPm.o) (CyFlash_SetWaitCycles)
.\CortexM3\ARM_GCC_541\Debug\Z80_3Pin.a(CySpc.o)
                              .\CortexM3\ARM_GCC_541\Debug\Z80_3Pin.a(CyFlash.o) (CySpcStart)
c:/program files (x86)/cypress/psoc creator/4.2/psoc creator/import/gnu/arm/5.4.1/bin/../lib/gcc/arm-none-eabi/5.4.1/../../../../arm-none-eabi/lib/armv7-m\libg_nano.a(lib_a-errno.o)
                              .\CortexM3\ARM_GCC_541\Debug\Cm3Start.o (__errno)
c:/program files (x86)/cypress/psoc creator/4.2/psoc creator/import/gnu/arm/5.4.1/bin/../lib/gcc/arm-none-eabi/5.4.1/../../../../arm-none-eabi/lib/armv7-m\libg_nano.a(lib_a-exit.o)
                              c:/program files (x86)/cypress/psoc creator/4.2/psoc creator/import/gnu/arm/5.4.1/bin/../lib/gcc/arm-none-eabi/5.4.1/../../../../arm-none-eabi/lib/armv7-m/crt0.o (exit)
c:/program files (x86)/cypress/psoc creator/4.2/psoc creator/import/gnu/arm/5.4.1/bin/../lib/gcc/arm-none-eabi/5.4.1/../../../../arm-none-eabi/lib/armv7-m\libg_nano.a(lib_a-impure.o)
                              c:/program files (x86)/cypress/psoc creator/4.2/psoc creator/import/gnu/arm/5.4.1/bin/../lib/gcc/arm-none-eabi/5.4.1/../../../../arm-none-eabi/lib/armv7-m\libg_nano.a(lib_a-exit.o) (_global_impure_ptr)
c:/program files (x86)/cypress/psoc creator/4.2/psoc creator/import/gnu/arm/5.4.1/bin/../lib/gcc/arm-none-eabi/5.4.1/../../../../arm-none-eabi/lib/armv7-m\libg_nano.a(lib_a-init.o)
                              c:/program files (x86)/cypress/psoc creator/4.2/psoc creator/import/gnu/arm/5.4.1/bin/../lib/gcc/arm-none-eabi/5.4.1/../../../../arm-none-eabi/lib/armv7-m/crt0.o (__libc_init_array)
c:/program files (x86)/cypress/psoc creator/4.2/psoc creator/import/gnu/arm/5.4.1/bin/../lib/gcc/arm-none-eabi/5.4.1/../../../../arm-none-eabi/lib/armv7-m\libg_nano.a(lib_a-memcpy-stub.o)
                              .\CortexM3\ARM_GCC_541\Debug\cyfitter_cfg.o (memcpy)
c:/program files (x86)/cypress/psoc creator/4.2/psoc creator/import/gnu/arm/5.4.1/bin/../lib/gcc/arm-none-eabi/5.4.1/../../../../arm-none-eabi/lib/armv7-m\libg_nano.a(lib_a-memset.o)
                              c:/program files (x86)/cypress/psoc creator/4.2/psoc creator/import/gnu/arm/5.4.1/bin/../lib/gcc/arm-none-eabi/5.4.1/../../../../arm-none-eabi/lib/armv7-m/crt0.o (memset)

Allocating common symbols
Common symbol       size              file

dieTemperature      0x2               .\CortexM3\ARM_GCC_541\Debug\Z80_3Pin.a(CyFlash.o)

Discarded input sections

 .text          0x00000000        0x0 c:/program files (x86)/cypress/psoc creator/4.2/psoc creator/import/gnu/arm/5.4.1/bin/../lib/gcc/arm-none-eabi/5.4.1/armv7-m/crti.o
 .data          0x00000000        0x0 c:/program files (x86)/cypress/psoc creator/4.2/psoc creator/import/gnu/arm/5.4.1/bin/../lib/gcc/arm-none-eabi/5.4.1/armv7-m/crti.o
 .bss           0x00000000        0x0 c:/program files (x86)/cypress/psoc creator/4.2/psoc creator/import/gnu/arm/5.4.1/bin/../lib/gcc/arm-none-eabi/5.4.1/armv7-m/crti.o
 .data          0x00000000        0x4 c:/program files (x86)/cypress/psoc creator/4.2/psoc creator/import/gnu/arm/5.4.1/bin/../lib/gcc/arm-none-eabi/5.4.1/armv7-m/crtbegin.o
 .text          0x00000000       0x74 c:/program files (x86)/cypress/psoc creator/4.2/psoc creator/import/gnu/arm/5.4.1/bin/../lib/gcc/arm-none-eabi/5.4.1/../../../../arm-none-eabi/lib/armv7-m/crt0.o
 .data          0x00000000        0x0 c:/program files (x86)/cypress/psoc creator/4.2/psoc creator/import/gnu/arm/5.4.1/bin/../lib/gcc/arm-none-eabi/5.4.1/../../../../arm-none-eabi/lib/armv7-m/crt0.o
 .bss           0x00000000        0x0 c:/program files (x86)/cypress/psoc creator/4.2/psoc creator/import/gnu/arm/5.4.1/bin/../lib/gcc/arm-none-eabi/5.4.1/../../../../arm-none-eabi/lib/armv7-m/crt0.o
 .ARM.extab     0x00000000        0x0 c:/program files (x86)/cypress/psoc creator/4.2/psoc creator/import/gnu/arm/5.4.1/bin/../lib/gcc/arm-none-eabi/5.4.1/../../../../arm-none-eabi/lib/armv7-m/crt0.o
 .ARM.exidx     0x00000000        0x8 c:/program files (x86)/cypress/psoc creator/4.2/psoc creator/import/gnu/arm/5.4.1/bin/../lib/gcc/arm-none-eabi/5.4.1/../../../../arm-none-eabi/lib/armv7-m/crt0.o
 .text          0x00000000        0x0 .\CortexM3\ARM_GCC_541\Debug\main.o
 .data          0x00000000        0x0 .\CortexM3\ARM_GCC_541\Debug\main.o
 .bss           0x00000000        0x0 .\CortexM3\ARM_GCC_541\Debug\main.o
 .text          0x00000000        0x0 .\CortexM3\ARM_GCC_541\Debug\ExtSRAM.o
 .data          0x00000000        0x0 .\CortexM3\ARM_GCC_541\Debug\ExtSRAM.o
 .bss           0x00000000        0x0 .\CortexM3\ARM_GCC_541\Debug\ExtSRAM.o
 .text          0x00000000        0x0 .\CortexM3\ARM_GCC_541\Debug\cyfitter_cfg.o
 .data          0x00000000        0x0 .\CortexM3\ARM_GCC_541\Debug\cyfitter_cfg.o
 .bss           0x00000000        0x0 .\CortexM3\ARM_GCC_541\Debug\cyfitter_cfg.o
 .text.SetAnalogRoutingPumps
                0x00000000       0x1c .\CortexM3\ARM_GCC_541\Debug\cyfitter_cfg.o
 .text          0x00000000        0x0 .\CortexM3\ARM_GCC_541\Debug\cymetadata.o
 .data          0x00000000        0x0 .\CortexM3\ARM_GCC_541\Debug\cymetadata.o
 .bss           0x00000000        0x0 .\CortexM3\ARM_GCC_541\Debug\cymetadata.o
 .text          0x00000000        0x0 .\CortexM3\ARM_GCC_541\Debug\Cm3Start.o
 .data          0x00000000        0x4 .\CortexM3\ARM_GCC_541\Debug\Cm3Start.o
 .bss           0x00000000        0x0 .\CortexM3\ARM_GCC_541\Debug\Cm3Start.o
 .text._exit    0x00000000        0xc .\CortexM3\ARM_GCC_541\Debug\Cm3Start.o
 .text._sbrk    0x00000000       0x30 .\CortexM3\ARM_GCC_541\Debug\Cm3Start.o
 .text          0x00000000        0x0 .\CortexM3\ARM_GCC_541\Debug\Z80_3Pin.a(CyLib.o)
 .bss           0x00000000       0x1c .\CortexM3\ARM_GCC_541\Debug\Z80_3Pin.a(CyLib.o)
 .text.CyUSB_PowerOnCheck
                0x00000000       0x48 .\CortexM3\ARM_GCC_541\Debug\Z80_3Pin.a(CyLib.o)
 .text.CyBusClk_Internal_SetDivider
                0x00000000       0x48 .\CortexM3\ARM_GCC_541\Debug\Z80_3Pin.a(CyLib.o)
 .text.CyPLL_OUT_Stop
                0x00000000       0x10 .\CortexM3\ARM_GCC_541\Debug\Z80_3Pin.a(CyLib.o)
 .text.CyIMO_Stop
                0x00000000       0x1c .\CortexM3\ARM_GCC_541\Debug\Z80_3Pin.a(CyLib.o)
 .text.CyIMO_EnableDoubler
                0x00000000       0x10 .\CortexM3\ARM_GCC_541\Debug\Z80_3Pin.a(CyLib.o)
 .text.CyIMO_DisableDoubler
                0x00000000       0x10 .\CortexM3\ARM_GCC_541\Debug\Z80_3Pin.a(CyLib.o)
 .text.CyMasterClk_SetSource
                0x00000000       0x18 .\CortexM3\ARM_GCC_541\Debug\Z80_3Pin.a(CyLib.o)
 .text.CyMasterClk_SetDivider
                0x00000000        0xc .\CortexM3\ARM_GCC_541\Debug\Z80_3Pin.a(CyLib.o)
 .text.CyBusClk_SetDivider
                0x00000000       0x70 .\CortexM3\ARM_GCC_541\Debug\Z80_3Pin.a(CyLib.o)
 .text.CyUsbClk_SetSource
                0x00000000       0x18 .\CortexM3\ARM_GCC_541\Debug\Z80_3Pin.a(CyLib.o)
 .text.CyILO_Start1K
                0x00000000       0x10 .\CortexM3\ARM_GCC_541\Debug\Z80_3Pin.a(CyLib.o)
 .text.CyILO_Stop1K
                0x00000000       0x10 .\CortexM3\ARM_GCC_541\Debug\Z80_3Pin.a(CyLib.o)
 .text.CyILO_Start100K
                0x00000000       0x10 .\CortexM3\ARM_GCC_541\Debug\Z80_3Pin.a(CyLib.o)
 .text.CyILO_Stop100K
                0x00000000       0x10 .\CortexM3\ARM_GCC_541\Debug\Z80_3Pin.a(CyLib.o)
 .text.CyPLL_OUT_Start
                0x00000000       0x78 .\CortexM3\ARM_GCC_541\Debug\Z80_3Pin.a(CyLib.o)
 .text.CyIMO_Start
                0x00000000       0x60 .\CortexM3\ARM_GCC_541\Debug\Z80_3Pin.a(CyLib.o)
 .text.CyILO_Enable33K
                0x00000000       0x10 .\CortexM3\ARM_GCC_541\Debug\Z80_3Pin.a(CyLib.o)
 .text.CyILO_Disable33K
                0x00000000       0x10 .\CortexM3\ARM_GCC_541\Debug\Z80_3Pin.a(CyLib.o)
 .text.CyILO_SetSource
                0x00000000       0x18 .\CortexM3\ARM_GCC_541\Debug\Z80_3Pin.a(CyLib.o)
 .text.CyILO_SetPowerMode
                0x00000000       0x24 .\CortexM3\ARM_GCC_541\Debug\Z80_3Pin.a(CyLib.o)
 .text.CyXTAL_32KHZ_Stop
                0x00000000       0x30 .\CortexM3\ARM_GCC_541\Debug\Z80_3Pin.a(CyLib.o)
 .text.CyXTAL_32KHZ_ReadStatus
                0x00000000       0x10 .\CortexM3\ARM_GCC_541\Debug\Z80_3Pin.a(CyLib.o)
 .text.CyXTAL_Start
                0x00000000       0xac .\CortexM3\ARM_GCC_541\Debug\Z80_3Pin.a(CyLib.o)
 .text.CyXTAL_Stop
                0x00000000       0x10 .\CortexM3\ARM_GCC_541\Debug\Z80_3Pin.a(CyLib.o)
 .text.CyXTAL_EnableErrStatus
                0x00000000       0x10 .\CortexM3\ARM_GCC_541\Debug\Z80_3Pin.a(CyLib.o)
 .text.CyXTAL_DisableErrStatus
                0x00000000       0x10 .\CortexM3\ARM_GCC_541\Debug\Z80_3Pin.a(CyLib.o)
 .text.CyXTAL_ReadStatus
                0x00000000       0x18 .\CortexM3\ARM_GCC_541\Debug\Z80_3Pin.a(CyLib.o)
 .text.CyXTAL_EnableFaultRecovery
                0x00000000       0x10 .\CortexM3\ARM_GCC_541\Debug\Z80_3Pin.a(CyLib.o)
 .text.CyXTAL_DisableFaultRecovery
                0x00000000       0x10 .\CortexM3\ARM_GCC_541\Debug\Z80_3Pin.a(CyLib.o)
 .text.CyXTAL_SetStartup
                0x00000000       0x18 .\CortexM3\ARM_GCC_541\Debug\Z80_3Pin.a(CyLib.o)
 .text.CyXTAL_SetFbVoltage
                0x00000000       0x18 .\CortexM3\ARM_GCC_541\Debug\Z80_3Pin.a(CyLib.o)
 .text.CyXTAL_SetWdVoltage
                0x00000000       0x18 .\CortexM3\ARM_GCC_541\Debug\Z80_3Pin.a(CyLib.o)
 .text.CyHalt   0x00000000        0x4 .\CortexM3\ARM_GCC_541\Debug\Z80_3Pin.a(CyLib.o)
 .text.CyPLL_OUT_SetPQ
                0x00000000       0x60 .\CortexM3\ARM_GCC_541\Debug\Z80_3Pin.a(CyLib.o)
 .text.CyPLL_OUT_SetSource
                0x00000000       0x34 .\CortexM3\ARM_GCC_541\Debug\Z80_3Pin.a(CyLib.o)
 .text.CyIMO_SetTrimValue
                0x00000000       0xcc .\CortexM3\ARM_GCC_541\Debug\Z80_3Pin.a(CyLib.o)
 .text.CyIMO_SetFreq
                0x00000000       0xf4 .\CortexM3\ARM_GCC_541\Debug\Z80_3Pin.a(CyLib.o)
 .text.CyIMO_SetSource
                0x00000000       0x58 .\CortexM3\ARM_GCC_541\Debug\Z80_3Pin.a(CyLib.o)
 .text.CySoftwareReset
                0x00000000       0x10 .\CortexM3\ARM_GCC_541\Debug\Z80_3Pin.a(CyLib.o)
 .text.CyDelayUs
                0x00000000       0x14 .\CortexM3\ARM_GCC_541\Debug\Z80_3Pin.a(CyLib.o)
 .text.CyXTAL_32KHZ_SetPowerMode
                0x00000000       0x84 .\CortexM3\ARM_GCC_541\Debug\Z80_3Pin.a(CyLib.o)
 .text.CyXTAL_32KHZ_Start
                0x00000000       0x74 .\CortexM3\ARM_GCC_541\Debug\Z80_3Pin.a(CyLib.o)
 .text.CyDelayFreq
                0x00000000       0x4c .\CortexM3\ARM_GCC_541\Debug\Z80_3Pin.a(CyLib.o)
 .text.CyWdtStart
                0x00000000       0x40 .\CortexM3\ARM_GCC_541\Debug\Z80_3Pin.a(CyLib.o)
 .text.CyWdtClear
                0x00000000        0xc .\CortexM3\ARM_GCC_541\Debug\Z80_3Pin.a(CyLib.o)
 .text.CyVdStickyStatus
                0x00000000       0x2c .\CortexM3\ARM_GCC_541\Debug\Z80_3Pin.a(CyLib.o)
 .text.CyVdLvDigitEnable
                0x00000000       0x84 .\CortexM3\ARM_GCC_541\Debug\Z80_3Pin.a(CyLib.o)
 .text.CyVdLvAnalogEnable
                0x00000000       0x80 .\CortexM3\ARM_GCC_541\Debug\Z80_3Pin.a(CyLib.o)
 .text.CyVdLvDigitDisable
                0x00000000       0x30 .\CortexM3\ARM_GCC_541\Debug\Z80_3Pin.a(CyLib.o)
 .text.CyVdLvAnalogDisable
                0x00000000       0x28 .\CortexM3\ARM_GCC_541\Debug\Z80_3Pin.a(CyLib.o)
 .text.CyVdHvAnalogEnable
                0x00000000       0x54 .\CortexM3\ARM_GCC_541\Debug\Z80_3Pin.a(CyLib.o)
 .text.CyVdHvAnalogDisable
                0x00000000       0x20 .\CortexM3\ARM_GCC_541\Debug\Z80_3Pin.a(CyLib.o)
 .text.CyVdRealTimeStatus
                0x00000000       0x1c .\CortexM3\ARM_GCC_541\Debug\Z80_3Pin.a(CyLib.o)
 .text.CyDisableInts
                0x00000000       0x1c .\CortexM3\ARM_GCC_541\Debug\Z80_3Pin.a(CyLib.o)
 .text.CyEnableInts
                0x00000000       0x18 .\CortexM3\ARM_GCC_541\Debug\Z80_3Pin.a(CyLib.o)
 .text.CyFlushCache
                0x00000000       0x44 .\CortexM3\ARM_GCC_541\Debug\Z80_3Pin.a(CyLib.o)
 .text.CyIntSetSysVector
                0x00000000       0x28 .\CortexM3\ARM_GCC_541\Debug\Z80_3Pin.a(CyLib.o)
 .text.CyIntGetSysVector
                0x00000000       0x20 .\CortexM3\ARM_GCC_541\Debug\Z80_3Pin.a(CyLib.o)
 .text.CyIntSetVector
                0x00000000       0x28 .\CortexM3\ARM_GCC_541\Debug\Z80_3Pin.a(CyLib.o)
 .text.CyIntGetVector
                0x00000000       0x24 .\CortexM3\ARM_GCC_541\Debug\Z80_3Pin.a(CyLib.o)
 .text.CyIntSetPriority
                0x00000000       0x30 .\CortexM3\ARM_GCC_541\Debug\Z80_3Pin.a(CyLib.o)
 .text.CyIntGetPriority
                0x00000000       0x20 .\CortexM3\ARM_GCC_541\Debug\Z80_3Pin.a(CyLib.o)
 .text.CyIntGetState
                0x00000000       0x24 .\CortexM3\ARM_GCC_541\Debug\Z80_3Pin.a(CyLib.o)
 .text.CySysTickStop
                0x00000000       0x10 .\CortexM3\ARM_GCC_541\Debug\Z80_3Pin.a(CyLib.o)
 .text.CySysTickEnableInterrupt
                0x00000000       0x10 .\CortexM3\ARM_GCC_541\Debug\Z80_3Pin.a(CyLib.o)
 .text.CySysTickEnable
                0x00000000       0x18 .\CortexM3\ARM_GCC_541\Debug\Z80_3Pin.a(CyLib.o)
 .text.CySysTickDisableInterrupt
                0x00000000       0x10 .\CortexM3\ARM_GCC_541\Debug\Z80_3Pin.a(CyLib.o)
 .text.CySysTickSetReload
                0x00000000       0x10 .\CortexM3\ARM_GCC_541\Debug\Z80_3Pin.a(CyLib.o)
 .text.CySysTickGetReload
                0x00000000       0x10 .\CortexM3\ARM_GCC_541\Debug\Z80_3Pin.a(CyLib.o)
 .text.CySysTickGetValue
                0x00000000       0x10 .\CortexM3\ARM_GCC_541\Debug\Z80_3Pin.a(CyLib.o)
 .text.CySysTickSetClockSource
                0x00000000       0x20 .\CortexM3\ARM_GCC_541\Debug\Z80_3Pin.a(CyLib.o)
 .text.CySysTickGetClockSource
                0x00000000       0x10 .\CortexM3\ARM_GCC_541\Debug\Z80_3Pin.a(CyLib.o)
 .text.CySysTickGetCountFlag
                0x00000000       0x10 .\CortexM3\ARM_GCC_541\Debug\Z80_3Pin.a(CyLib.o)
 .text.CySysTickServiceCallbacks
                0x00000000       0x28 .\CortexM3\ARM_GCC_541\Debug\Z80_3Pin.a(CyLib.o)
 .text.CySysTickClear
                0x00000000        0xc .\CortexM3\ARM_GCC_541\Debug\Z80_3Pin.a(CyLib.o)
 .text.CySysTickInit
                0x00000000       0x58 .\CortexM3\ARM_GCC_541\Debug\Z80_3Pin.a(CyLib.o)
 .text.CySysTickStart
                0x00000000       0x1c .\CortexM3\ARM_GCC_541\Debug\Z80_3Pin.a(CyLib.o)
 .text.CySysTickSetCallback
                0x00000000       0x10 .\CortexM3\ARM_GCC_541\Debug\Z80_3Pin.a(CyLib.o)
 .text.CySysTickGetCallback
                0x00000000       0x10 .\CortexM3\ARM_GCC_541\Debug\Z80_3Pin.a(CyLib.o)
 .text.CyGetUniqueId
                0x00000000       0x70 .\CortexM3\ARM_GCC_541\Debug\Z80_3Pin.a(CyLib.o)
 .text          0x00000000        0x0 .\CortexM3\ARM_GCC_541\Debug\Z80_3Pin.a(cyPm.o)
 .data          0x00000000        0x0 .\CortexM3\ARM_GCC_541\Debug\Z80_3Pin.a(cyPm.o)
 .bss           0x00000000       0x43 .\CortexM3\ARM_GCC_541\Debug\Z80_3Pin.a(cyPm.o)
 .text.CyPmHibSlpSaveSet
                0x00000000      0x1dc .\CortexM3\ARM_GCC_541\Debug\Z80_3Pin.a(cyPm.o)
 .text.CyPmHibSlpRestore
                0x00000000       0xd8 .\CortexM3\ARM_GCC_541\Debug\Z80_3Pin.a(cyPm.o)
 .text.CyPmHviLviSaveDisable
                0x00000000       0xa0 .\CortexM3\ARM_GCC_541\Debug\Z80_3Pin.a(cyPm.o)
 .text.CyPmHibSaveSet
                0x00000000       0x98 .\CortexM3\ARM_GCC_541\Debug\Z80_3Pin.a(cyPm.o)
 .text.CyPmHviLviRestore
                0x00000000       0x48 .\CortexM3\ARM_GCC_541\Debug\Z80_3Pin.a(cyPm.o)
 .text.CyPmHibRestore
                0x00000000       0x60 .\CortexM3\ARM_GCC_541\Debug\Z80_3Pin.a(cyPm.o)
 .text.CyPmSaveClocks
                0x00000000      0x218 .\CortexM3\ARM_GCC_541\Debug\Z80_3Pin.a(cyPm.o)
 .text.CyPmRestoreClocks
                0x00000000      0x24c .\CortexM3\ARM_GCC_541\Debug\Z80_3Pin.a(cyPm.o)
 .text.CyPmAltAct
                0x00000000       0x6c .\CortexM3\ARM_GCC_541\Debug\Z80_3Pin.a(cyPm.o)
 .text.CyPmSleep
                0x00000000       0xf4 .\CortexM3\ARM_GCC_541\Debug\Z80_3Pin.a(cyPm.o)
 .text.CyPmHibernateEx
                0x00000000       0xf4 .\CortexM3\ARM_GCC_541\Debug\Z80_3Pin.a(cyPm.o)
 .text.CyPmHibernate
                0x00000000        0xc .\CortexM3\ARM_GCC_541\Debug\Z80_3Pin.a(cyPm.o)
 .text.CyPmReadStatus
                0x00000000       0x30 .\CortexM3\ARM_GCC_541\Debug\Z80_3Pin.a(cyPm.o)
 .text.CyPmCtwSetInterval
                0x00000000       0x5c .\CortexM3\ARM_GCC_541\Debug\Z80_3Pin.a(cyPm.o)
 .text.CyPmOppsSet
                0x00000000       0x2c .\CortexM3\ARM_GCC_541\Debug\Z80_3Pin.a(cyPm.o)
 .text.CyPmFtwSetInterval
                0x00000000       0x5c .\CortexM3\ARM_GCC_541\Debug\Z80_3Pin.a(cyPm.o)
 .rodata        0x00000000        0xf .\CortexM3\ARM_GCC_541\Debug\Z80_3Pin.a(cyPm.o)
 .text          0x00000000        0x0 .\CortexM3\ARM_GCC_541\Debug\Z80_3Pin.a(AdrLowOut.o)
 .data          0x00000000        0x0 .\CortexM3\ARM_GCC_541\Debug\Z80_3Pin.a(AdrLowOut.o)
 .bss           0x00000000        0x0 .\CortexM3\ARM_GCC_541\Debug\Z80_3Pin.a(AdrLowOut.o)
 .text.AdrLowOut_Read
                0x00000000        0xc .\CortexM3\ARM_GCC_541\Debug\Z80_3Pin.a(AdrLowOut.o)
 .text          0x00000000        0x0 .\CortexM3\ARM_GCC_541\Debug\Z80_3Pin.a(LED.o)
 .data          0x00000000        0x0 .\CortexM3\ARM_GCC_541\Debug\Z80_3Pin.a(LED.o)
 .bss           0x00000000        0x0 .\CortexM3\ARM_GCC_541\Debug\Z80_3Pin.a(LED.o)
 .text.LED_SetDriveMode
                0x00000000       0x18 .\CortexM3\ARM_GCC_541\Debug\Z80_3Pin.a(LED.o)
 .text.LED_Read
                0x00000000        0xc .\CortexM3\ARM_GCC_541\Debug\Z80_3Pin.a(LED.o)
 .text.LED_ReadDataReg
                0x00000000        0xc .\CortexM3\ARM_GCC_541\Debug\Z80_3Pin.a(LED.o)
 .text          0x00000000        0x0 .\CortexM3\ARM_GCC_541\Debug\Z80_3Pin.a(Z80_Data_In.o)
 .data          0x00000000        0x0 .\CortexM3\ARM_GCC_541\Debug\Z80_3Pin.a(Z80_Data_In.o)
 .bss           0x00000000        0x0 .\CortexM3\ARM_GCC_541\Debug\Z80_3Pin.a(Z80_Data_In.o)
 .text.Z80_Data_In_Read
                0x00000000        0xc .\CortexM3\ARM_GCC_541\Debug\Z80_3Pin.a(Z80_Data_In.o)
 .text          0x00000000        0x0 .\CortexM3\ARM_GCC_541\Debug\Z80_3Pin.a(Z80_Data_Out.o)
 .data          0x00000000        0x0 .\CortexM3\ARM_GCC_541\Debug\Z80_3Pin.a(Z80_Data_Out.o)
 .bss           0x00000000        0x0 .\CortexM3\ARM_GCC_541\Debug\Z80_3Pin.a(Z80_Data_Out.o)
 .text.Z80_Data_Out_InterruptEnable
                0x00000000       0x1c .\CortexM3\ARM_GCC_541\Debug\Z80_3Pin.a(Z80_Data_Out.o)
 .text.Z80_Data_Out_InterruptDisable
                0x00000000       0x1c .\CortexM3\ARM_GCC_541\Debug\Z80_3Pin.a(Z80_Data_Out.o)
 .text.Z80_Data_Out_WriteMask
                0x00000000        0xc .\CortexM3\ARM_GCC_541\Debug\Z80_3Pin.a(Z80_Data_Out.o)
 .text.Z80_Data_Out_ReadMask
                0x00000000        0xc .\CortexM3\ARM_GCC_541\Debug\Z80_3Pin.a(Z80_Data_Out.o)
 .text          0x00000000        0x0 .\CortexM3\ARM_GCC_541\Debug\Z80_3Pin.a(AdrMidOut.o)
 .data          0x00000000        0x0 .\CortexM3\ARM_GCC_541\Debug\Z80_3Pin.a(AdrMidOut.o)
 .bss           0x00000000        0x0 .\CortexM3\ARM_GCC_541\Debug\Z80_3Pin.a(AdrMidOut.o)
 .text.AdrMidOut_Read
                0x00000000        0xc .\CortexM3\ARM_GCC_541\Debug\Z80_3Pin.a(AdrMidOut.o)
 .text          0x00000000        0x0 .\CortexM3\ARM_GCC_541\Debug\Z80_3Pin.a(AdrHighOut.o)
 .data          0x00000000        0x0 .\CortexM3\ARM_GCC_541\Debug\Z80_3Pin.a(AdrHighOut.o)
 .bss           0x00000000        0x0 .\CortexM3\ARM_GCC_541\Debug\Z80_3Pin.a(AdrHighOut.o)
 .text.AdrHighOut_Read
                0x00000000        0xc .\CortexM3\ARM_GCC_541\Debug\Z80_3Pin.a(AdrHighOut.o)
 .text          0x00000000        0x0 .\CortexM3\ARM_GCC_541\Debug\Z80_3Pin.a(ExtSRAMCtl.o)
 .data          0x00000000        0x0 .\CortexM3\ARM_GCC_541\Debug\Z80_3Pin.a(ExtSRAMCtl.o)
 .bss           0x00000000        0x0 .\CortexM3\ARM_GCC_541\Debug\Z80_3Pin.a(ExtSRAMCtl.o)
 .text.ExtSRAMCtl_Read
                0x00000000        0xc .\CortexM3\ARM_GCC_541\Debug\Z80_3Pin.a(ExtSRAMCtl.o)
 .data          0x00000000        0x0 .\CortexM3\ARM_GCC_541\Debug\Z80_3Pin.a(CyBootAsmGnu.o)
 .bss           0x00000000        0x0 .\CortexM3\ARM_GCC_541\Debug\Z80_3Pin.a(CyBootAsmGnu.o)
 .text          0x00000000        0x0 .\CortexM3\ARM_GCC_541\Debug\Z80_3Pin.a(CyFlash.o)
 .data          0x00000000        0x0 .\CortexM3\ARM_GCC_541\Debug\Z80_3Pin.a(CyFlash.o)
 .bss           0x00000000        0x0 .\CortexM3\ARM_GCC_541\Debug\Z80_3Pin.a(CyFlash.o)
 .text.CySetTempInt
                0x00000000       0x60 .\CortexM3\ARM_GCC_541\Debug\Z80_3Pin.a(CyFlash.o)
 .text.CyFlash_Start
                0x00000000       0x54 .\CortexM3\ARM_GCC_541\Debug\Z80_3Pin.a(CyFlash.o)
 .text.CyFlash_Stop
                0x00000000       0x24 .\CortexM3\ARM_GCC_541\Debug\Z80_3Pin.a(CyFlash.o)
 .text.CyFlash_EraseRow
                0x00000000       0x78 .\CortexM3\ARM_GCC_541\Debug\Z80_3Pin.a(CyFlash.o)
 .text.CyFlashGetSpcAlgorithm
                0x00000000       0x4c .\CortexM3\ARM_GCC_541\Debug\Z80_3Pin.a(CyFlash.o)
 .text.CySetTemp
                0x00000000       0x14 .\CortexM3\ARM_GCC_541\Debug\Z80_3Pin.a(CyFlash.o)
 .text.CySetFlashEEBuffer
                0x00000000       0x20 .\CortexM3\ARM_GCC_541\Debug\Z80_3Pin.a(CyFlash.o)
 .text.CyWriteRowFull
                0x00000000       0xf8 .\CortexM3\ARM_GCC_541\Debug\Z80_3Pin.a(CyFlash.o)
 .text.CyWriteRowData
                0x00000000       0x14 .\CortexM3\ARM_GCC_541\Debug\Z80_3Pin.a(CyFlash.o)
 .text.CyFlash_SetWaitCycles
                0x00000000       0x7c .\CortexM3\ARM_GCC_541\Debug\Z80_3Pin.a(CyFlash.o)
 .text.CyEEPROM_Start
                0x00000000       0x54 .\CortexM3\ARM_GCC_541\Debug\Z80_3Pin.a(CyFlash.o)
 .text.CyEEPROM_Stop
                0x00000000       0x24 .\CortexM3\ARM_GCC_541\Debug\Z80_3Pin.a(CyFlash.o)
 .text.CyEEPROM_ReadReserve
                0x00000000       0x1c .\CortexM3\ARM_GCC_541\Debug\Z80_3Pin.a(CyFlash.o)
 .text.CyEEPROM_ReadRelease
                0x00000000       0x10 .\CortexM3\ARM_GCC_541\Debug\Z80_3Pin.a(CyFlash.o)
 COMMON         0x00000000        0x2 .\CortexM3\ARM_GCC_541\Debug\Z80_3Pin.a(CyFlash.o)
 .text          0x00000000        0x0 .\CortexM3\ARM_GCC_541\Debug\Z80_3Pin.a(CySpc.o)
 .data          0x00000000        0x0 .\CortexM3\ARM_GCC_541\Debug\Z80_3Pin.a(CySpc.o)
 .bss           0x00000000        0x8 .\CortexM3\ARM_GCC_541\Debug\Z80_3Pin.a(CySpc.o)
 .text.CySpcStart
                0x00000000       0x24 .\CortexM3\ARM_GCC_541\Debug\Z80_3Pin.a(CySpc.o)
 .text.CySpcStop
                0x00000000       0x24 .\CortexM3\ARM_GCC_541\Debug\Z80_3Pin.a(CySpc.o)
 .text.CySpcReadData
                0x00000000       0x34 .\CortexM3\ARM_GCC_541\Debug\Z80_3Pin.a(CySpc.o)
 .text.CySpcLoadMultiByte
                0x00000000       0x78 .\CortexM3\ARM_GCC_541\Debug\Z80_3Pin.a(CySpc.o)
 .text.CySpcLoadRow
                0x00000000       0x50 .\CortexM3\ARM_GCC_541\Debug\Z80_3Pin.a(CySpc.o)
 .text.CySpcLoadRowFull
                0x00000000       0x80 .\CortexM3\ARM_GCC_541\Debug\Z80_3Pin.a(CySpc.o)
 .text.CySpcWriteRow
                0x00000000       0x4c .\CortexM3\ARM_GCC_541\Debug\Z80_3Pin.a(CySpc.o)
 .text.CySpcEraseSector
                0x00000000       0x3c .\CortexM3\ARM_GCC_541\Debug\Z80_3Pin.a(CySpc.o)
 .text.CySpcEraseRow
                0x00000000       0x4c .\CortexM3\ARM_GCC_541\Debug\Z80_3Pin.a(CySpc.o)
 .text.CySpcGetTemp
                0x00000000       0x3c .\CortexM3\ARM_GCC_541\Debug\Z80_3Pin.a(CySpc.o)
 .text.CySpcLock
                0x00000000       0x4c .\CortexM3\ARM_GCC_541\Debug\Z80_3Pin.a(CySpc.o)
 .text.CySpcUnlock
                0x00000000       0x38 .\CortexM3\ARM_GCC_541\Debug\Z80_3Pin.a(CySpc.o)
 .text.CySpcGetAlgorithm
                0x00000000       0x28 .\CortexM3\ARM_GCC_541\Debug\Z80_3Pin.a(CySpc.o)
 .text          0x00000000        0x0 c:/program files (x86)/cypress/psoc creator/4.2/psoc creator/import/gnu/arm/5.4.1/bin/../lib/gcc/arm-none-eabi/5.4.1/../../../../arm-none-eabi/lib/armv7-m\libg_nano.a(lib_a-errno.o)
 .data          0x00000000        0x0 c:/program files (x86)/cypress/psoc creator/4.2/psoc creator/import/gnu/arm/5.4.1/bin/../lib/gcc/arm-none-eabi/5.4.1/../../../../arm-none-eabi/lib/armv7-m\libg_nano.a(lib_a-errno.o)
 .bss           0x00000000        0x0 c:/program files (x86)/cypress/psoc creator/4.2/psoc creator/import/gnu/arm/5.4.1/bin/../lib/gcc/arm-none-eabi/5.4.1/../../../../arm-none-eabi/lib/armv7-m\libg_nano.a(lib_a-errno.o)
 .text          0x00000000        0x0 c:/program files (x86)/cypress/psoc creator/4.2/psoc creator/import/gnu/arm/5.4.1/bin/../lib/gcc/arm-none-eabi/5.4.1/../../../../arm-none-eabi/lib/armv7-m\libg_nano.a(lib_a-exit.o)
 .data          0x00000000        0x0 c:/program files (x86)/cypress/psoc creator/4.2/psoc creator/import/gnu/arm/5.4.1/bin/../lib/gcc/arm-none-eabi/5.4.1/../../../../arm-none-eabi/lib/armv7-m\libg_nano.a(lib_a-exit.o)
 .bss           0x00000000        0x0 c:/program files (x86)/cypress/psoc creator/4.2/psoc creator/import/gnu/arm/5.4.1/bin/../lib/gcc/arm-none-eabi/5.4.1/../../../../arm-none-eabi/lib/armv7-m\libg_nano.a(lib_a-exit.o)
 .text.exit     0x00000000       0x28 c:/program files (x86)/cypress/psoc creator/4.2/psoc creator/import/gnu/arm/5.4.1/bin/../lib/gcc/arm-none-eabi/5.4.1/../../../../arm-none-eabi/lib/armv7-m\libg_nano.a(lib_a-exit.o)
 .text          0x00000000        0x0 c:/program files (x86)/cypress/psoc creator/4.2/psoc creator/import/gnu/arm/5.4.1/bin/../lib/gcc/arm-none-eabi/5.4.1/../../../../arm-none-eabi/lib/armv7-m\libg_nano.a(lib_a-impure.o)
 .data          0x00000000        0x0 c:/program files (x86)/cypress/psoc creator/4.2/psoc creator/import/gnu/arm/5.4.1/bin/../lib/gcc/arm-none-eabi/5.4.1/../../../../arm-none-eabi/lib/armv7-m\libg_nano.a(lib_a-impure.o)
 .bss           0x00000000        0x0 c:/program files (x86)/cypress/psoc creator/4.2/psoc creator/import/gnu/arm/5.4.1/bin/../lib/gcc/arm-none-eabi/5.4.1/../../../../arm-none-eabi/lib/armv7-m\libg_nano.a(lib_a-impure.o)
 .rodata._global_impure_ptr
                0x00000000        0x4 c:/program files (x86)/cypress/psoc creator/4.2/psoc creator/import/gnu/arm/5.4.1/bin/../lib/gcc/arm-none-eabi/5.4.1/../../../../arm-none-eabi/lib/armv7-m\libg_nano.a(lib_a-impure.o)
 .text          0x00000000        0x0 c:/program files (x86)/cypress/psoc creator/4.2/psoc creator/import/gnu/arm/5.4.1/bin/../lib/gcc/arm-none-eabi/5.4.1/../../../../arm-none-eabi/lib/armv7-m\libg_nano.a(lib_a-init.o)
 .data          0x00000000        0x0 c:/program files (x86)/cypress/psoc creator/4.2/psoc creator/import/gnu/arm/5.4.1/bin/../lib/gcc/arm-none-eabi/5.4.1/../../../../arm-none-eabi/lib/armv7-m\libg_nano.a(lib_a-init.o)
 .bss           0x00000000        0x0 c:/program files (x86)/cypress/psoc creator/4.2/psoc creator/import/gnu/arm/5.4.1/bin/../lib/gcc/arm-none-eabi/5.4.1/../../../../arm-none-eabi/lib/armv7-m\libg_nano.a(lib_a-init.o)
 .text          0x00000000        0x0 c:/program files (x86)/cypress/psoc creator/4.2/psoc creator/import/gnu/arm/5.4.1/bin/../lib/gcc/arm-none-eabi/5.4.1/../../../../arm-none-eabi/lib/armv7-m\libg_nano.a(lib_a-memcpy-stub.o)
 .data          0x00000000        0x0 c:/program files (x86)/cypress/psoc creator/4.2/psoc creator/import/gnu/arm/5.4.1/bin/../lib/gcc/arm-none-eabi/5.4.1/../../../../arm-none-eabi/lib/armv7-m\libg_nano.a(lib_a-memcpy-stub.o)
 .bss           0x00000000        0x0 c:/program files (x86)/cypress/psoc creator/4.2/psoc creator/import/gnu/arm/5.4.1/bin/../lib/gcc/arm-none-eabi/5.4.1/../../../../arm-none-eabi/lib/armv7-m\libg_nano.a(lib_a-memcpy-stub.o)
 .text          0x00000000        0x0 c:/program files (x86)/cypress/psoc creator/4.2/psoc creator/import/gnu/arm/5.4.1/bin/../lib/gcc/arm-none-eabi/5.4.1/../../../../arm-none-eabi/lib/armv7-m\libg_nano.a(lib_a-memset.o)
 .data          0x00000000        0x0 c:/program files (x86)/cypress/psoc creator/4.2/psoc creator/import/gnu/arm/5.4.1/bin/../lib/gcc/arm-none-eabi/5.4.1/../../../../arm-none-eabi/lib/armv7-m\libg_nano.a(lib_a-memset.o)
 .bss           0x00000000        0x0 c:/program files (x86)/cypress/psoc creator/4.2/psoc creator/import/gnu/arm/5.4.1/bin/../lib/gcc/arm-none-eabi/5.4.1/../../../../arm-none-eabi/lib/armv7-m\libg_nano.a(lib_a-memset.o)
 .text          0x00000000        0x0 c:/program files (x86)/cypress/psoc creator/4.2/psoc creator/import/gnu/arm/5.4.1/bin/../lib/gcc/arm-none-eabi/5.4.1/armv7-m/crtend.o
 .data          0x00000000        0x0 c:/program files (x86)/cypress/psoc creator/4.2/psoc creator/import/gnu/arm/5.4.1/bin/../lib/gcc/arm-none-eabi/5.4.1/armv7-m/crtend.o
 .bss           0x00000000        0x0 c:/program files (x86)/cypress/psoc creator/4.2/psoc creator/import/gnu/arm/5.4.1/bin/../lib/gcc/arm-none-eabi/5.4.1/armv7-m/crtend.o
 .text          0x00000000        0x0 c:/program files (x86)/cypress/psoc creator/4.2/psoc creator/import/gnu/arm/5.4.1/bin/../lib/gcc/arm-none-eabi/5.4.1/armv7-m/crtn.o
 .data          0x00000000        0x0 c:/program files (x86)/cypress/psoc creator/4.2/psoc creator/import/gnu/arm/5.4.1/bin/../lib/gcc/arm-none-eabi/5.4.1/armv7-m/crtn.o
 .bss           0x00000000        0x0 c:/program files (x86)/cypress/psoc creator/4.2/psoc creator/import/gnu/arm/5.4.1/bin/../lib/gcc/arm-none-eabi/5.4.1/armv7-m/crtn.o

Memory Configuration

Name             Origin             Length             Attributes
rom              0x00000000         0x00040000         xr
ram              0x1fff8000         0x00010000         xrw
*default*        0x00000000         0xffffffff

Linker script and memory map

LOAD c:/program files (x86)/cypress/psoc creator/4.2/psoc creator/import/gnu/arm/5.4.1/bin/../lib/gcc/arm-none-eabi/5.4.1/armv7-m/crti.o
LOAD c:/program files (x86)/cypress/psoc creator/4.2/psoc creator/import/gnu/arm/5.4.1/bin/../lib/gcc/arm-none-eabi/5.4.1/armv7-m/crtbegin.o
LOAD c:/program files (x86)/cypress/psoc creator/4.2/psoc creator/import/gnu/arm/5.4.1/bin/../lib/gcc/arm-none-eabi/5.4.1/../../../../arm-none-eabi/lib/armv7-m/crt0.o
START GROUP
LOAD .\CortexM3\ARM_GCC_541\Debug\main.o
LOAD .\CortexM3\ARM_GCC_541\Debug\ExtSRAM.o
LOAD .\CortexM3\ARM_GCC_541\Debug\cyfitter_cfg.o
LOAD .\CortexM3\ARM_GCC_541\Debug\cymetadata.o
LOAD .\CortexM3\ARM_GCC_541\Debug\Cm3Start.o
LOAD .\CortexM3\ARM_GCC_541\Debug\Z80_3Pin.a
LOAD C:\Program Files (x86)\Cypress\PSoC Creator\4.2\PSoC Creator\psoc\content\cycomponentlibrary\CyComponentLibrary.cylib\CortexM3\ARM_GCC_541\Debug\CyComponentLibrary.a
END GROUP
START GROUP
LOAD c:/program files (x86)/cypress/psoc creator/4.2/psoc creator/import/gnu/arm/5.4.1/bin/../lib/gcc/arm-none-eabi/5.4.1/armv7-m\libgcc.a
LOAD c:/program files (x86)/cypress/psoc creator/4.2/psoc creator/import/gnu/arm/5.4.1/bin/../lib/gcc/arm-none-eabi/5.4.1/../../../../arm-none-eabi/lib/armv7-m\libg_nano.a
LOAD c:/program files (x86)/cypress/psoc creator/4.2/psoc creator/import/gnu/arm/5.4.1/bin/../lib/gcc/arm-none-eabi/5.4.1/../../../../arm-none-eabi/lib/armv7-m\libc_nano.a
END GROUP
START GROUP
LOAD c:/program files (x86)/cypress/psoc creator/4.2/psoc creator/import/gnu/arm/5.4.1/bin/../lib/gcc/arm-none-eabi/5.4.1/armv7-m\libgcc.a
LOAD c:/program files (x86)/cypress/psoc creator/4.2/psoc creator/import/gnu/arm/5.4.1/bin/../lib/gcc/arm-none-eabi/5.4.1/../../../../arm-none-eabi/lib/armv7-m\libc_nano.a
END GROUP
LOAD c:/program files (x86)/cypress/psoc creator/4.2/psoc creator/import/gnu/arm/5.4.1/bin/../lib/gcc/arm-none-eabi/5.4.1/armv7-m/crtend.o
LOAD c:/program files (x86)/cypress/psoc creator/4.2/psoc creator/import/gnu/arm/5.4.1/bin/../lib/gcc/arm-none-eabi/5.4.1/armv7-m/crtn.o
START GROUP
LOAD c:/program files (x86)/cypress/psoc creator/4.2/psoc creator/import/gnu/arm/5.4.1/bin/../lib/gcc/arm-none-eabi/5.4.1/armv7-m\libgcc.a
LOAD c:/program files (x86)/cypress/psoc creator/4.2/psoc creator/import/gnu/arm/5.4.1/bin/../lib/gcc/arm-none-eabi/5.4.1/../../../../arm-none-eabi/lib/armv7-m\libc.a
LOAD c:/program files (x86)/cypress/psoc creator/4.2/psoc creator/import/gnu/arm/5.4.1/bin/../lib/gcc/arm-none-eabi/5.4.1/../../../../arm-none-eabi/lib/armv7-m\libnosys.a
END GROUP
                0x00000000                CY_APPL_ORIGIN = 0x0
                0x00000100                CY_FLASH_ROW_SIZE = 0x100
                0x00000020                CY_ECC_ROW_SIZE = 0x20
                0x00000000                CY_EE_IN_BTLDR = 0x0
                0x00000000                CY_APPL_LOADABLE = 0x0
                0x00000800                CY_EE_SIZE = 0x800
                0x00000001                CY_APPL_NUM = 0x1
                0x00000001                CY_APPL_MAX = 0x1
                0x00000040                CY_METADATA_SIZE = 0x40
                0x00000000                CY_APPL_LOADABLE = 0x0
                0x00000000                CY_CHECKSUM_EXCLUDE_SIZE = ALIGN (0x0, CY_FLASH_ROW_SIZE)
                [!provide]                PROVIDE (__cy_heap_start, _end)
                0x00000001                PROVIDE (__cy_region_num, ((__cy_regions_end - __cy_regions) / 0x10))
                0x20008000                PROVIDE (__cy_stack, (ORIGIN (ram) + LENGTH (ram)))
                [!provide]                PROVIDE (__cy_heap_end, (__cy_stack - 0x800))

.cybootloader   0x00000000        0x0
 *(.cybootloader)
                0x00000000                appl1_start = CY_APPL_ORIGIN?CY_APPL_ORIGIN:ALIGN (CY_FLASH_ROW_SIZE)
                0x0001ff00                appl2_start = (appl1_start + ALIGN ((((LENGTH (rom) - appl1_start) - (0x2 * CY_FLASH_ROW_SIZE)) / 0x2), CY_FLASH_ROW_SIZE))
                0x00000000                appl_start = (CY_APPL_NUM == 0x1)?appl1_start:appl2_start
                0x00000000                ecc_offset = ((appl_start / CY_FLASH_ROW_SIZE) * CY_ECC_ROW_SIZE)
                0x00000000                ee_offset = (CY_APPL_LOADABLE && ! (CY_EE_IN_BTLDR))?((CY_EE_SIZE / CY_APPL_MAX) * (CY_APPL_NUM - 0x1)):0x0
                0x00000800                ee_size = (CY_APPL_LOADABLE && ! (CY_EE_IN_BTLDR))?(CY_EE_SIZE / CY_APPL_MAX):CY_EE_SIZE
                [!provide]                PROVIDE (CY_ECC_OFFSET, ecc_offset)

.text           0x00000000      0x616
 CREATE_OBJECT_SYMBOLS
                0x00000000                PROVIDE (__cy_interrupt_vector, RomVectors)
 *(.romvectors)
 .romvectors    0x00000000       0x10 .\CortexM3\ARM_GCC_541\Debug\Cm3Start.o
                0x00000000                RomVectors
                0x00000001                ASSERT ((. != __cy_interrupt_vector), No interrupt vector)
                0x00000001                ASSERT (CY_APPL_ORIGIN?(SIZEOF (.cybootloader) <= CY_APPL_ORIGIN):0x1, Wrong image location)
                0x00000010                PROVIDE (__cy_reset, Reset)
 *(.text.Reset)
 .text.Reset    0x00000010       0x18 .\CortexM3\ARM_GCC_541\Debug\Cm3Start.o
                0x00000010                Reset
                0x00000001                ASSERT ((. != __cy_reset), No reset code)
 *(.dma_init)
                0x00000001                ASSERT ((((appl_start + .) <= 0x10000) || 0x1), DMA Init must be within the first 64k of flash)
 *(.text .text.* .gnu.linkonce.t.*)
 .text          0x00000028       0x5c c:/program files (x86)/cypress/psoc creator/4.2/psoc creator/import/gnu/arm/5.4.1/bin/../lib/gcc/arm-none-eabi/5.4.1/armv7-m/crtbegin.o
 .text.PostLed  0x00000084       0x28 .\CortexM3\ARM_GCC_541\Debug\main.o
                0x00000084                PostLed
 .text.main     0x000000ac       0x14 .\CortexM3\ARM_GCC_541\Debug\main.o
                0x000000ac                main
 .text.SetExtSRAMAddr
                0x000000c0       0x1c .\CortexM3\ARM_GCC_541\Debug\ExtSRAM.o
                0x000000c0                SetExtSRAMAddr
 .text.ReadExtSRAM
                0x000000dc       0x30 .\CortexM3\ARM_GCC_541\Debug\ExtSRAM.o
                0x000000dc                ReadExtSRAM
 .text.WriteExtSRAM
                0x0000010c       0x28 .\CortexM3\ARM_GCC_541\Debug\ExtSRAM.o
                0x0000010c                WriteExtSRAM
 .text.TestSRAM
                0x00000134       0x1c .\CortexM3\ARM_GCC_541\Debug\ExtSRAM.o
                0x00000134                TestSRAM
 .text.CyClockStartupError
                0x00000150        0x4 .\CortexM3\ARM_GCC_541\Debug\cyfitter_cfg.o
 .text.cfg_write_bytes32
                0x00000154       0x34 .\CortexM3\ARM_GCC_541\Debug\cyfitter_cfg.o
 .text.AnalogSetDefault
                0x00000188       0x38 .\CortexM3\ARM_GCC_541\Debug\cyfitter_cfg.o
 .text.ClockSetup
                0x000001c0       0xe0 .\CortexM3\ARM_GCC_541\Debug\cyfitter_cfg.o
 .text.CYMEMZERO
                0x000002a0        0xc .\CortexM3\ARM_GCC_541\Debug\cyfitter_cfg.o
 .text.CYCONFIGCPY
                0x000002ac        0x8 .\CortexM3\ARM_GCC_541\Debug\cyfitter_cfg.o
 .text.cyfitter_cfg
                0x000002b4      0x170 .\CortexM3\ARM_GCC_541\Debug\cyfitter_cfg.o
                0x000002b4                cyfitter_cfg
 .text.IntDefaultHandler
                0x00000424       0x10 .\CortexM3\ARM_GCC_541\Debug\Cm3Start.o
                0x00000424                IntDefaultHandler
 .text.Start_c  0x00000434       0x4c .\CortexM3\ARM_GCC_541\Debug\Cm3Start.o
                0x00000434                Start_c
 .text.initialize_psoc
                0x00000480       0x68 .\CortexM3\ARM_GCC_541\Debug\Cm3Start.o
                0x00000480                initialize_psoc
 .text.CyDelay  0x000004e8       0x2c .\CortexM3\ARM_GCC_541\Debug\Z80_3Pin.a(CyLib.o)
                0x000004e8                CyDelay
 .text.AdrLowOut_Write
                0x00000514        0xc .\CortexM3\ARM_GCC_541\Debug\Z80_3Pin.a(AdrLowOut.o)
                0x00000514                AdrLowOut_Write
 .text.LED_Write
                0x00000520       0x18 .\CortexM3\ARM_GCC_541\Debug\Z80_3Pin.a(LED.o)
                0x00000520                LED_Write
 .text.Z80_Data_In_Write
                0x00000538        0xc .\CortexM3\ARM_GCC_541\Debug\Z80_3Pin.a(Z80_Data_In.o)
                0x00000538                Z80_Data_In_Write
 .text.Z80_Data_Out_Read
                0x00000544        0xc .\CortexM3\ARM_GCC_541\Debug\Z80_3Pin.a(Z80_Data_Out.o)
                0x00000544                Z80_Data_Out_Read
 .text.AdrMidOut_Write
                0x00000550        0xc .\CortexM3\ARM_GCC_541\Debug\Z80_3Pin.a(AdrMidOut.o)
                0x00000550                AdrMidOut_Write
 .text.AdrHighOut_Write
                0x0000055c        0xc .\CortexM3\ARM_GCC_541\Debug\Z80_3Pin.a(AdrHighOut.o)
                0x0000055c                AdrHighOut_Write
 .text.ExtSRAMCtl_Write
                0x00000568        0xc .\CortexM3\ARM_GCC_541\Debug\Z80_3Pin.a(ExtSRAMCtl.o)
                0x00000568                ExtSRAMCtl_Write
 *fill*         0x00000574        0x4 
 .text          0x00000578       0x20 .\CortexM3\ARM_GCC_541\Debug\Z80_3Pin.a(CyBootAsmGnu.o)
                0x00000578                CyDelayCycles
                0x00000588                CyEnterCriticalSection
                0x00000590                CyExitCriticalSection
 .text.__errno  0x00000598        0xc c:/program files (x86)/cypress/psoc creator/4.2/psoc creator/import/gnu/arm/5.4.1/bin/../lib/gcc/arm-none-eabi/5.4.1/../../../../arm-none-eabi/lib/armv7-m\libg_nano.a(lib_a-errno.o)
                0x00000598                __errno
 .text.__libc_init_array
                0x000005a4       0x4c c:/program files (x86)/cypress/psoc creator/4.2/psoc creator/import/gnu/arm/5.4.1/bin/../lib/gcc/arm-none-eabi/5.4.1/../../../../arm-none-eabi/lib/armv7-m\libg_nano.a(lib_a-init.o)
                0x000005a4                __libc_init_array
 .text.memcpy   0x000005f0       0x16 c:/program files (x86)/cypress/psoc creator/4.2/psoc creator/import/gnu/arm/5.4.1/bin/../lib/gcc/arm-none-eabi/5.4.1/../../../../arm-none-eabi/lib/armv7-m\libg_nano.a(lib_a-memcpy-stub.o)
                0x000005f0                memcpy
 .text.memset   0x00000606       0x10 c:/program files (x86)/cypress/psoc creator/4.2/psoc creator/import/gnu/arm/5.4.1/bin/../lib/gcc/arm-none-eabi/5.4.1/../../../../arm-none-eabi/lib/armv7-m\libg_nano.a(lib_a-memset.o)
                0x00000606                memset
 *(.plt)
 *(.gnu.warning)
 *(.glue_7t)
 .glue_7t       0x00000616        0x0 linker stubs
 *(.glue_7)
 .glue_7        0x00000616        0x0 linker stubs
 *(.vfp11_veneer)
 .vfp11_veneer  0x00000616        0x0 linker stubs
 *(.bootloader)
 *(.ARM.extab* .gnu.linkonce.armextab.*)
 *(.gcc_except_table)

.v4_bx          0x00000618        0x0
 .v4_bx         0x00000618        0x0 linker stubs

.iplt           0x00000618        0x0
 .iplt          0x00000618        0x0 c:/program files (x86)/cypress/psoc creator/4.2/psoc creator/import/gnu/arm/5.4.1/bin/../lib/gcc/arm-none-eabi/5.4.1/armv7-m/crtbegin.o

.eh_frame_hdr
 *(.eh_frame_hdr)

.eh_frame       0x00000618        0x4
 *(.eh_frame)
 .eh_frame      0x00000618        0x0 c:/program files (x86)/cypress/psoc creator/4.2/psoc creator/import/gnu/arm/5.4.1/bin/../lib/gcc/arm-none-eabi/5.4.1/armv7-m/crtbegin.o
 .eh_frame      0x00000618        0x4 c:/program files (x86)/cypress/psoc creator/4.2/psoc creator/import/gnu/arm/5.4.1/bin/../lib/gcc/arm-none-eabi/5.4.1/armv7-m/crtend.o
                [!provide]                PROVIDE (__exidx_start, .)

.ARM.exidx
 *(.ARM.exidx* .gnu.linkonce.armexidx.*)
                0x0000061c                __exidx_end = .

.rodata         0x0000061c       0x8c
 *(.rodata .rodata.* .gnu.linkonce.r.*)
 .rodata        0x0000061c       0x54 .\CortexM3\ARM_GCC_541\Debug\cyfitter_cfg.o
 .rodata.str1.1
                0x00000670        0x2 c:/program files (x86)/cypress/psoc creator/4.2/psoc creator/import/gnu/arm/5.4.1/bin/../lib/gcc/arm-none-eabi/5.4.1/../../../../arm-none-eabi/lib/armv7-m\libg_nano.a(lib_a-impure.o)
                0x00000674                . = ALIGN (0x4)
 *fill*         0x00000672        0x2 
 *(.init)
 .init          0x00000674        0x4 c:/program files (x86)/cypress/psoc creator/4.2/psoc creator/import/gnu/arm/5.4.1/bin/../lib/gcc/arm-none-eabi/5.4.1/armv7-m/crti.o
                0x00000674                _init
 .init          0x00000678        0x8 c:/program files (x86)/cypress/psoc creator/4.2/psoc creator/import/gnu/arm/5.4.1/bin/../lib/gcc/arm-none-eabi/5.4.1/armv7-m/crtn.o
                0x00000680                . = ALIGN (0x4)
                0x00000680                __preinit_array_start = .
 *(.preinit_array)
                0x00000680                __preinit_array_end = .
                0x00000680                . = ALIGN (0x4)
                0x00000680                __init_array_start = .
 *(SORT(.init_array.*))
 *(.init_array)
 .init_array    0x00000680        0x4 c:/program files (x86)/cypress/psoc creator/4.2/psoc creator/import/gnu/arm/5.4.1/bin/../lib/gcc/arm-none-eabi/5.4.1/armv7-m/crtbegin.o
 .init_array    0x00000684        0x4 .\CortexM3\ARM_GCC_541\Debug\Cm3Start.o
                0x00000688                __init_array_end = .
                0x00000688                . = ALIGN (0x4)
 *(.fini)
 .fini          0x00000688        0x4 c:/program files (x86)/cypress/psoc creator/4.2/psoc creator/import/gnu/arm/5.4.1/bin/../lib/gcc/arm-none-eabi/5.4.1/armv7-m/crti.o
                0x00000688                _fini
 .fini          0x0000068c        0x8 c:/program files (x86)/cypress/psoc creator/4.2/psoc creator/import/gnu/arm/5.4.1/bin/../lib/gcc/arm-none-eabi/5.4.1/armv7-m/crtn.o
                0x00000694                . = ALIGN (0x4)
                0x00000694                __fini_array_start = .
 *(.fini_array)
 .fini_array    0x00000694        0x4 c:/program files (x86)/cypress/psoc creator/4.2/psoc creator/import/gnu/arm/5.4.1/bin/../lib/gcc/arm-none-eabi/5.4.1/armv7-m/crtbegin.o
 *(SORT(.fini_array.*))
                0x00000698                __fini_array_end = .
                0x00000698                . = ALIGN (0x4)
 *crtbegin.o(.ctors)
 *(EXCLUDE_FILE(*crtend.o) .ctors)
 *(SORT(.ctors.*))
 *crtend.o(.ctors)
                0x00000698                . = ALIGN (0x4)
 *crtbegin.o(.dtors)
 *(EXCLUDE_FILE(*crtend.o) .dtors)
 *(SORT(.dtors.*))
 *crtend.o(.dtors)
                0x00000698                . = ALIGN (0x4)
                0x00000698                __cy_regions = .
                0x00000698        0x4 LONG 0x6a8 __cy_region_init_ram
                0x0000069c        0x4 LONG 0x1fff80c8 __cy_region_start_data
                0x000006a0        0x4 LONG 0x78 __cy_region_init_size_ram
                0x000006a4        0x4 LONG 0x20 __cy_region_zero_size_ram
                0x000006a8                __cy_regions_end = .
                0x000006a8                . = ALIGN (0x8)
                0x000006a8                _etext = .

.cy_checksum_exclude
                0x000006a8        0x0
 *(.cy_checksum_exclude)

.ramvectors     0x1fff8000       0xc0
                0x1fff8000                __cy_region_start_ram = .
 *(.ramvectors)
 .ramvectors    0x1fff8000       0xc0 .\CortexM3\ARM_GCC_541\Debug\Cm3Start.o
                0x1fff8000                CyRamVectors

.noinit         0x1fff80c0        0x1
 *(.noinit)
 .noinit        0x1fff80c0        0x1 .\CortexM3\ARM_GCC_541\Debug\Z80_3Pin.a(CyLib.o)
                0x1fff80c0                CyResetStatus

.data           0x1fff80c8       0x78 load address 0x000006a8
                0x1fff80c8                __cy_region_start_data = .
 *(.jcr)
 .jcr           0x1fff80c8        0x0 c:/program files (x86)/cypress/psoc creator/4.2/psoc creator/import/gnu/arm/5.4.1/bin/../lib/gcc/arm-none-eabi/5.4.1/armv7-m/crtbegin.o
 .jcr           0x1fff80c8        0x4 c:/program files (x86)/cypress/psoc creator/4.2/psoc creator/import/gnu/arm/5.4.1/bin/../lib/gcc/arm-none-eabi/5.4.1/armv7-m/crtend.o
 *(.got.plt)
 *(.got)
 *(.shdata)
 *(.data .data.* .gnu.linkonce.d.*)
 .data          0x1fff80cc       0x10 .\CortexM3\ARM_GCC_541\Debug\Z80_3Pin.a(CyLib.o)
                0x1fff80cc                cydelay_32k_ms
                0x1fff80d0                cydelay_freq_khz
                0x1fff80d4                cydelay_freq_mhz
                0x1fff80d8                cydelay_freq_hz
 .data.impure_data
                0x1fff80dc       0x60 c:/program files (x86)/cypress/psoc creator/4.2/psoc creator/import/gnu/arm/5.4.1/bin/../lib/gcc/arm-none-eabi/5.4.1/../../../../arm-none-eabi/lib/armv7-m\libg_nano.a(lib_a-impure.o)
 .data._impure_ptr
                0x1fff813c        0x4 c:/program files (x86)/cypress/psoc creator/4.2/psoc creator/import/gnu/arm/5.4.1/bin/../lib/gcc/arm-none-eabi/5.4.1/../../../../arm-none-eabi/lib/armv7-m\libg_nano.a(lib_a-impure.o)
                0x1fff813c                _impure_ptr
                0x1fff8140                . = ALIGN (0x8)
 *(.ram)
                0x1fff8140                _edata = .

.igot.plt       0x1fff8140        0x0 load address 0x00000720
 .igot.plt      0x1fff8140        0x0 c:/program files (x86)/cypress/psoc creator/4.2/psoc creator/import/gnu/arm/5.4.1/bin/../lib/gcc/arm-none-eabi/5.4.1/armv7-m/crtbegin.o

.bss            0x1fff8140       0x20 load address 0x00000720
                0x1fff8140                PROVIDE (__bss_start__, .)
 *(.shbss)
 *(.bss .bss.* .gnu.linkonce.b.*)
 .bss           0x1fff8140       0x1c c:/program files (x86)/cypress/psoc creator/4.2/psoc creator/import/gnu/arm/5.4.1/bin/../lib/gcc/arm-none-eabi/5.4.1/armv7-m/crtbegin.o
 *(COMMON)
                0x1fff8160                . = ALIGN (0x8)
 *fill*         0x1fff815c        0x4 
 *(.ram.b)
                0x1fff8160                _end = .
                0x1fff8160                __end = .
                0x1fff8160                PROVIDE (end, .)
                0x1fff8160                PROVIDE (__bss_end__, .)
                0x000006a8                __cy_region_init_ram = LOADADDR (.data)
                0x00000078                __cy_region_init_size_ram = (_edata - ADDR (.data))
                0x00000020                __cy_region_zero_size_ram = (_end - _edata)

.heap           0x1fff8160       0x80 load address 0x00000720
                0x1fff8160                . = _end
                0x1fff81e0                . = (. + 0x80)
 *fill*         0x1fff8160       0x80 
                0x1fff81e0                __cy_heap_limit = .

.stack          0x20007800      0x800
                0x20007800                __cy_stack_limit = .
                0x20008000                . = (. + 0x800)
 *fill*         0x20007800      0x800 
                0x00000001                ASSERT ((__cy_stack_limit >= __cy_heap_limit), region RAM overflowed with stack)
                0x00000000                cy_checksum_exclude_size = (CY_APPL_LOADABLE == 0x1)?SIZEOF (.cy_checksum_exclude):0x0
                0x00000001                ASSERT ((cy_checksum_exclude_size <= CY_CHECKSUM_EXCLUDE_SIZE), CY_BOOT: Section .cy_checksum_exclude size exceedes specified limit.)

.cyloadermeta
 *(.cyloadermeta)

.cyloadablemeta
 *(.cyloadablemeta)

.cyconfigecc    0x80000000     0x1114
 *(.cyconfigecc)
 .cyconfigecc   0x80000000     0x1114 .\CortexM3\ARM_GCC_541\Debug\cymetadata.o
                0x80000000                cy_meta_configecc

.cycustnvl      0x90000000        0x4
 *(.cycustnvl)
 .cycustnvl     0x90000000        0x4 .\CortexM3\ARM_GCC_541\Debug\cymetadata.o
                0x90000000                cy_meta_custnvl

.cywolatch      0x90100000        0x4
 *(.cywolatch)
 .cywolatch     0x90100000        0x4 .\CortexM3\ARM_GCC_541\Debug\cymetadata.o
                0x90100000                cy_meta_wonvl

.cyeeprom       0x90200000        0x0
 *(.cyeeprom)
                0x00000001                ASSERT ((. <= ((0x90200000 + ee_offset) + ee_size)), .cyeeprom data will not fit in EEPROM)

.cyflashprotect
                0x90400000      0x100
 *(.cyflashprotect)
 .cyflashprotect
                0x90400000      0x100 .\CortexM3\ARM_GCC_541\Debug\cymetadata.o
                0x90400000                cy_meta_flashprotect

.cymeta         0x90500000        0xc
 *(.cymeta)
 .cymeta        0x90500000        0xc .\CortexM3\ARM_GCC_541\Debug\cymetadata.o
                0x90500000                cy_metadata

.rel.dyn        0x00000720        0x0 load address 0x9050000c
 .rel.iplt      0x00000720        0x0 c:/program files (x86)/cypress/psoc creator/4.2/psoc creator/import/gnu/arm/5.4.1/bin/../lib/gcc/arm-none-eabi/5.4.1/armv7-m/crtbegin.o

.stab
 *(.stab)

.stabstr
 *(.stabstr)

.debug
 *(.debug)

.line
 *(.line)

.debug_srcinfo
 *(.debug_srcinfo)

.debug_sfnames
 *(.debug_sfnames)

.debug_aranges  0x00000000      0x6b8
 *(.debug_aranges)
 .debug_aranges
                0x00000000       0x28 .\CortexM3\ARM_GCC_541\Debug\main.o
 .debug_aranges
                0x00000028       0x38 .\CortexM3\ARM_GCC_541\Debug\ExtSRAM.o
 .debug_aranges
                0x00000060       0x58 .\CortexM3\ARM_GCC_541\Debug\cyfitter_cfg.o
 .debug_aranges
                0x000000b8       0x18 .\CortexM3\ARM_GCC_541\Debug\cymetadata.o
 .debug_aranges
                0x000000d0       0x48 .\CortexM3\ARM_GCC_541\Debug\Cm3Start.o
 .debug_aranges
                0x00000118      0x2a0 .\CortexM3\ARM_GCC_541\Debug\Z80_3Pin.a(CyLib.o)
 .debug_aranges
                0x000003b8       0x98 .\CortexM3\ARM_GCC_541\Debug\Z80_3Pin.a(cyPm.o)
 .debug_aranges
                0x00000450       0x28 .\CortexM3\ARM_GCC_541\Debug\Z80_3Pin.a(AdrLowOut.o)
 .debug_aranges
                0x00000478       0x38 .\CortexM3\ARM_GCC_541\Debug\Z80_3Pin.a(LED.o)
 .debug_aranges
                0x000004b0       0x28 .\CortexM3\ARM_GCC_541\Debug\Z80_3Pin.a(Z80_Data_In.o)
 .debug_aranges
                0x000004d8       0x40 .\CortexM3\ARM_GCC_541\Debug\Z80_3Pin.a(Z80_Data_Out.o)
 .debug_aranges
                0x00000518       0x28 .\CortexM3\ARM_GCC_541\Debug\Z80_3Pin.a(AdrMidOut.o)
 .debug_aranges
                0x00000540       0x28 .\CortexM3\ARM_GCC_541\Debug\Z80_3Pin.a(AdrHighOut.o)
 .debug_aranges
                0x00000568       0x28 .\CortexM3\ARM_GCC_541\Debug\Z80_3Pin.a(ExtSRAMCtl.o)
 .debug_aranges
                0x00000590       0x20 .\CortexM3\ARM_GCC_541\Debug\Z80_3Pin.a(CyBootAsmGnu.o)
 .debug_aranges
                0x000005b0       0x88 .\CortexM3\ARM_GCC_541\Debug\Z80_3Pin.a(CyFlash.o)
 .debug_aranges
                0x00000638       0x80 .\CortexM3\ARM_GCC_541\Debug\Z80_3Pin.a(CySpc.o)

.debug_pubnames
 *(.debug_pubnames)

.debug_info     0x00000000     0x40f9
 *(.debug_info .gnu.linkonce.wi.*)
 .debug_info    0x00000000      0x1ae .\CortexM3\ARM_GCC_541\Debug\main.o
 .debug_info    0x000001ae      0x30e .\CortexM3\ARM_GCC_541\Debug\ExtSRAM.o
 .debug_info    0x000004bc      0x686 .\CortexM3\ARM_GCC_541\Debug\cyfitter_cfg.o
 .debug_info    0x00000b42      0x139 .\CortexM3\ARM_GCC_541\Debug\cymetadata.o
 .debug_info    0x00000c7b      0x3bb .\CortexM3\ARM_GCC_541\Debug\Cm3Start.o
 .debug_info    0x00001036     0x1374 .\CortexM3\ARM_GCC_541\Debug\Z80_3Pin.a(CyLib.o)
 .debug_info    0x000023aa      0xa2a .\CortexM3\ARM_GCC_541\Debug\Z80_3Pin.a(cyPm.o)
 .debug_info    0x00002dd4       0xd6 .\CortexM3\ARM_GCC_541\Debug\Z80_3Pin.a(AdrLowOut.o)
 .debug_info    0x00002eaa      0x11f .\CortexM3\ARM_GCC_541\Debug\Z80_3Pin.a(LED.o)
 .debug_info    0x00002fc9       0xd6 .\CortexM3\ARM_GCC_541\Debug\Z80_3Pin.a(Z80_Data_In.o)
 .debug_info    0x0000309f      0x17d .\CortexM3\ARM_GCC_541\Debug\Z80_3Pin.a(Z80_Data_Out.o)
 .debug_info    0x0000321c       0xd6 .\CortexM3\ARM_GCC_541\Debug\Z80_3Pin.a(AdrMidOut.o)
 .debug_info    0x000032f2       0xd6 .\CortexM3\ARM_GCC_541\Debug\Z80_3Pin.a(AdrHighOut.o)
 .debug_info    0x000033c8       0xd6 .\CortexM3\ARM_GCC_541\Debug\Z80_3Pin.a(ExtSRAMCtl.o)
 .debug_info    0x0000349e       0xbe .\CortexM3\ARM_GCC_541\Debug\Z80_3Pin.a(CyBootAsmGnu.o)
 .debug_info    0x0000355c      0x64d .\CortexM3\ARM_GCC_541\Debug\Z80_3Pin.a(CyFlash.o)
 .debug_info    0x00003ba9      0x550 .\CortexM3\ARM_GCC_541\Debug\Z80_3Pin.a(CySpc.o)

.debug_abbrev   0x00000000     0x117f
 *(.debug_abbrev)
 .debug_abbrev  0x00000000      0x114 .\CortexM3\ARM_GCC_541\Debug\main.o
 .debug_abbrev  0x00000114       0xf0 .\CortexM3\ARM_GCC_541\Debug\ExtSRAM.o
 .debug_abbrev  0x00000204      0x20d .\CortexM3\ARM_GCC_541\Debug\cyfitter_cfg.o
 .debug_abbrev  0x00000411       0x77 .\CortexM3\ARM_GCC_541\Debug\cymetadata.o
 .debug_abbrev  0x00000488      0x1e8 .\CortexM3\ARM_GCC_541\Debug\Cm3Start.o
 .debug_abbrev  0x00000670      0x254 .\CortexM3\ARM_GCC_541\Debug\Z80_3Pin.a(CyLib.o)
 .debug_abbrev  0x000008c4      0x1ab .\CortexM3\ARM_GCC_541\Debug\Z80_3Pin.a(cyPm.o)
 .debug_abbrev  0x00000a6f       0x81 .\CortexM3\ARM_GCC_541\Debug\Z80_3Pin.a(AdrLowOut.o)
 .debug_abbrev  0x00000af0       0x90 .\CortexM3\ARM_GCC_541\Debug\Z80_3Pin.a(LED.o)
 .debug_abbrev  0x00000b80       0x81 .\CortexM3\ARM_GCC_541\Debug\Z80_3Pin.a(Z80_Data_In.o)
 .debug_abbrev  0x00000c01       0xac .\CortexM3\ARM_GCC_541\Debug\Z80_3Pin.a(Z80_Data_Out.o)
 .debug_abbrev  0x00000cad       0x81 .\CortexM3\ARM_GCC_541\Debug\Z80_3Pin.a(AdrMidOut.o)
 .debug_abbrev  0x00000d2e       0x81 .\CortexM3\ARM_GCC_541\Debug\Z80_3Pin.a(AdrHighOut.o)
 .debug_abbrev  0x00000daf       0x81 .\CortexM3\ARM_GCC_541\Debug\Z80_3Pin.a(ExtSRAMCtl.o)
 .debug_abbrev  0x00000e30       0x14 .\CortexM3\ARM_GCC_541\Debug\Z80_3Pin.a(CyBootAsmGnu.o)
 .debug_abbrev  0x00000e44      0x1a7 .\CortexM3\ARM_GCC_541\Debug\Z80_3Pin.a(CyFlash.o)
 .debug_abbrev  0x00000feb      0x194 .\CortexM3\ARM_GCC_541\Debug\Z80_3Pin.a(CySpc.o)

.debug_line     0x00000000     0x1cf4
 *(.debug_line)
 .debug_line    0x00000000      0x195 .\CortexM3\ARM_GCC_541\Debug\main.o
 .debug_line    0x00000195      0x20d .\CortexM3\ARM_GCC_541\Debug\ExtSRAM.o
 .debug_line    0x000003a2      0x200 .\CortexM3\ARM_GCC_541\Debug\cyfitter_cfg.o
 .debug_line    0x000005a2      0x141 .\CortexM3\ARM_GCC_541\Debug\cymetadata.o
 .debug_line    0x000006e3      0x234 .\CortexM3\ARM_GCC_541\Debug\Cm3Start.o
 .debug_line    0x00000917      0x816 .\CortexM3\ARM_GCC_541\Debug\Z80_3Pin.a(CyLib.o)
 .debug_line    0x0000112d      0x367 .\CortexM3\ARM_GCC_541\Debug\Z80_3Pin.a(cyPm.o)
 .debug_line    0x00001494       0x71 .\CortexM3\ARM_GCC_541\Debug\Z80_3Pin.a(AdrLowOut.o)
 .debug_line    0x00001505       0x90 .\CortexM3\ARM_GCC_541\Debug\Z80_3Pin.a(LED.o)
 .debug_line    0x00001595       0x73 .\CortexM3\ARM_GCC_541\Debug\Z80_3Pin.a(Z80_Data_In.o)
 .debug_line    0x00001608       0xb7 .\CortexM3\ARM_GCC_541\Debug\Z80_3Pin.a(Z80_Data_Out.o)
 .debug_line    0x000016bf       0x71 .\CortexM3\ARM_GCC_541\Debug\Z80_3Pin.a(AdrMidOut.o)
 .debug_line    0x00001730       0x72 .\CortexM3\ARM_GCC_541\Debug\Z80_3Pin.a(AdrHighOut.o)
 .debug_line    0x000017a2       0x72 .\CortexM3\ARM_GCC_541\Debug\Z80_3Pin.a(ExtSRAMCtl.o)
 .debug_line    0x00001814       0x66 .\CortexM3\ARM_GCC_541\Debug\Z80_3Pin.a(CyBootAsmGnu.o)
 .debug_line    0x0000187a      0x21a .\CortexM3\ARM_GCC_541\Debug\Z80_3Pin.a(CyFlash.o)
 .debug_line    0x00001a94      0x260 .\CortexM3\ARM_GCC_541\Debug\Z80_3Pin.a(CySpc.o)

.debug_frame    0x00000000     0x111c
 *(.debug_frame)
 .debug_frame   0x00000000       0x48 .\CortexM3\ARM_GCC_541\Debug\main.o
 .debug_frame   0x00000048       0x80 .\CortexM3\ARM_GCC_541\Debug\ExtSRAM.o
 .debug_frame   0x000000c8       0xe4 .\CortexM3\ARM_GCC_541\Debug\cyfitter_cfg.o
 .debug_frame   0x000001ac       0xb8 .\CortexM3\ARM_GCC_541\Debug\Cm3Start.o
 .debug_frame   0x00000264      0x738 .\CortexM3\ARM_GCC_541\Debug\Z80_3Pin.a(CyLib.o)
 .debug_frame   0x0000099c      0x1f8 .\CortexM3\ARM_GCC_541\Debug\Z80_3Pin.a(cyPm.o)
 .debug_frame   0x00000b94       0x30 .\CortexM3\ARM_GCC_541\Debug\Z80_3Pin.a(AdrLowOut.o)
 .debug_frame   0x00000bc4       0x50 .\CortexM3\ARM_GCC_541\Debug\Z80_3Pin.a(LED.o)
 .debug_frame   0x00000c14       0x30 .\CortexM3\ARM_GCC_541\Debug\Z80_3Pin.a(Z80_Data_In.o)
 .debug_frame   0x00000c44       0x78 .\CortexM3\ARM_GCC_541\Debug\Z80_3Pin.a(Z80_Data_Out.o)
 .debug_frame   0x00000cbc       0x30 .\CortexM3\ARM_GCC_541\Debug\Z80_3Pin.a(AdrMidOut.o)
 .debug_frame   0x00000cec       0x30 .\CortexM3\ARM_GCC_541\Debug\Z80_3Pin.a(AdrHighOut.o)
 .debug_frame   0x00000d1c       0x30 .\CortexM3\ARM_GCC_541\Debug\Z80_3Pin.a(ExtSRAMCtl.o)
 .debug_frame   0x00000d4c      0x194 .\CortexM3\ARM_GCC_541\Debug\Z80_3Pin.a(CyFlash.o)
 .debug_frame   0x00000ee0      0x180 .\CortexM3\ARM_GCC_541\Debug\Z80_3Pin.a(CySpc.o)
 .debug_frame   0x00001060       0x20 c:/program files (x86)/cypress/psoc creator/4.2/psoc creator/import/gnu/arm/5.4.1/bin/../lib/gcc/arm-none-eabi/5.4.1/../../../../arm-none-eabi/lib/armv7-m\libg_nano.a(lib_a-errno.o)
 .debug_frame   0x00001080       0x28 c:/program files (x86)/cypress/psoc creator/4.2/psoc creator/import/gnu/arm/5.4.1/bin/../lib/gcc/arm-none-eabi/5.4.1/../../../../arm-none-eabi/lib/armv7-m\libg_nano.a(lib_a-exit.o)
 .debug_frame   0x000010a8       0x2c c:/program files (x86)/cypress/psoc creator/4.2/psoc creator/import/gnu/arm/5.4.1/bin/../lib/gcc/arm-none-eabi/5.4.1/../../../../arm-none-eabi/lib/armv7-m\libg_nano.a(lib_a-init.o)
 .debug_frame   0x000010d4       0x28 c:/program files (x86)/cypress/psoc creator/4.2/psoc creator/import/gnu/arm/5.4.1/bin/../lib/gcc/arm-none-eabi/5.4.1/../../../../arm-none-eabi/lib/armv7-m\libg_nano.a(lib_a-memcpy-stub.o)
 .debug_frame   0x000010fc       0x20 c:/program files (x86)/cypress/psoc creator/4.2/psoc creator/import/gnu/arm/5.4.1/bin/../lib/gcc/arm-none-eabi/5.4.1/../../../../arm-none-eabi/lib/armv7-m\libg_nano.a(lib_a-memset.o)

.debug_str      0x00000000     0x15e6
 *(.debug_str)
 .debug_str     0x00000000      0x1c9 .\CortexM3\ARM_GCC_541\Debug\main.o
                                0x211 (size before relaxing)
 .debug_str     0x000001c9       0xa9 .\CortexM3\ARM_GCC_541\Debug\ExtSRAM.o
                                0x286 (size before relaxing)
 .debug_str     0x00000272      0x1af .\CortexM3\ARM_GCC_541\Debug\cyfitter_cfg.o
                                0x372 (size before relaxing)
 .debug_str     0x00000421       0x7f .\CortexM3\ARM_GCC_541\Debug\cymetadata.o
                                0x212 (size before relaxing)
 .debug_str     0x000004a0      0x144 .\CortexM3\ARM_GCC_541\Debug\Cm3Start.o
                                0x338 (size before relaxing)
 .debug_str     0x000005e4      0x84c .\CortexM3\ARM_GCC_541\Debug\Z80_3Pin.a(CyLib.o)
                                0xa75 (size before relaxing)
 .debug_str     0x00000e30      0x365 .\CortexM3\ARM_GCC_541\Debug\Z80_3Pin.a(cyPm.o)
                                0x761 (size before relaxing)
 .debug_str     0x00001195       0x3a .\CortexM3\ARM_GCC_541\Debug\Z80_3Pin.a(AdrLowOut.o)
                                0x1e9 (size before relaxing)
 .debug_str     0x000011cf       0x52 .\CortexM3\ARM_GCC_541\Debug\Z80_3Pin.a(LED.o)
                                0x206 (size before relaxing)
 .debug_str     0x00001221       0x36 .\CortexM3\ARM_GCC_541\Debug\Z80_3Pin.a(Z80_Data_In.o)
                                0x1ef (size before relaxing)
 .debug_str     0x00001257       0x8e .\CortexM3\ARM_GCC_541\Debug\Z80_3Pin.a(Z80_Data_Out.o)
                                0x295 (size before relaxing)
 .debug_str     0x000012e5       0x32 .\CortexM3\ARM_GCC_541\Debug\Z80_3Pin.a(AdrMidOut.o)
                                0x1e9 (size before relaxing)
 .debug_str     0x00001317       0x34 .\CortexM3\ARM_GCC_541\Debug\Z80_3Pin.a(AdrHighOut.o)
                                0x1ec (size before relaxing)
 .debug_str     0x0000134b       0x34 .\CortexM3\ARM_GCC_541\Debug\Z80_3Pin.a(ExtSRAMCtl.o)
                                0x1ec (size before relaxing)
 .debug_str     0x0000137f      0x1bb .\CortexM3\ARM_GCC_541\Debug\Z80_3Pin.a(CyFlash.o)
                                0x3ee (size before relaxing)
 .debug_str     0x0000153a       0xac .\CortexM3\ARM_GCC_541\Debug\Z80_3Pin.a(CySpc.o)
                                0x366 (size before relaxing)

.debug_loc      0x00000000     0x1ba0
 *(.debug_loc)
 .debug_loc     0x00000000       0x3f .\CortexM3\ARM_GCC_541\Debug\main.o
 .debug_loc     0x0000003f       0x81 .\CortexM3\ARM_GCC_541\Debug\ExtSRAM.o
 .debug_loc     0x000000c0      0x288 .\CortexM3\ARM_GCC_541\Debug\cyfitter_cfg.o
 .debug_loc     0x00000348      0x144 .\CortexM3\ARM_GCC_541\Debug\Cm3Start.o
 .debug_loc     0x0000048c      0xa11 .\CortexM3\ARM_GCC_541\Debug\Z80_3Pin.a(CyLib.o)
 .debug_loc     0x00000e9d      0x1e4 .\CortexM3\ARM_GCC_541\Debug\Z80_3Pin.a(cyPm.o)
 .debug_loc     0x00001081       0x42 .\CortexM3\ARM_GCC_541\Debug\Z80_3Pin.a(LED.o)
 .debug_loc     0x000010c3       0x26 .\CortexM3\ARM_GCC_541\Debug\Z80_3Pin.a(Z80_Data_Out.o)
 .debug_loc     0x000010e9      0x3b2 .\CortexM3\ARM_GCC_541\Debug\Z80_3Pin.a(CyFlash.o)
 .debug_loc     0x0000149b      0x705 .\CortexM3\ARM_GCC_541\Debug\Z80_3Pin.a(CySpc.o)

.debug_macinfo
 *(.debug_macinfo)

.debug_ranges   0x00000000      0x590
 *(.debug_ranges)
 .debug_ranges  0x00000000       0x18 .\CortexM3\ARM_GCC_541\Debug\main.o
 .debug_ranges  0x00000018       0x28 .\CortexM3\ARM_GCC_541\Debug\ExtSRAM.o
 .debug_ranges  0x00000040       0x48 .\CortexM3\ARM_GCC_541\Debug\cyfitter_cfg.o
 .debug_ranges  0x00000088       0x38 .\CortexM3\ARM_GCC_541\Debug\Cm3Start.o
 .debug_ranges  0x000000c0      0x290 .\CortexM3\ARM_GCC_541\Debug\Z80_3Pin.a(CyLib.o)
 .debug_ranges  0x00000350       0x88 .\CortexM3\ARM_GCC_541\Debug\Z80_3Pin.a(cyPm.o)
 .debug_ranges  0x000003d8       0x18 .\CortexM3\ARM_GCC_541\Debug\Z80_3Pin.a(AdrLowOut.o)
 .debug_ranges  0x000003f0       0x28 .\CortexM3\ARM_GCC_541\Debug\Z80_3Pin.a(LED.o)
 .debug_ranges  0x00000418       0x18 .\CortexM3\ARM_GCC_541\Debug\Z80_3Pin.a(Z80_Data_In.o)
 .debug_ranges  0x00000430       0x30 .\CortexM3\ARM_GCC_541\Debug\Z80_3Pin.a(Z80_Data_Out.o)
 .debug_ranges  0x00000460       0x18 .\CortexM3\ARM_GCC_541\Debug\Z80_3Pin.a(AdrMidOut.o)
 .debug_ranges  0x00000478       0x18 .\CortexM3\ARM_GCC_541\Debug\Z80_3Pin.a(AdrHighOut.o)
 .debug_ranges  0x00000490       0x18 .\CortexM3\ARM_GCC_541\Debug\Z80_3Pin.a(ExtSRAMCtl.o)
 .debug_ranges  0x000004a8       0x78 .\CortexM3\ARM_GCC_541\Debug\Z80_3Pin.a(CyFlash.o)
 .debug_ranges  0x00000520       0x70 .\CortexM3\ARM_GCC_541\Debug\Z80_3Pin.a(CySpc.o)

.comment        0x00000000       0x6e
 .comment       0x00000000       0x6e .\CortexM3\ARM_GCC_541\Debug\main.o
                                 0x6f (size before relaxing)
 .comment       0x0000006e       0x6f .\CortexM3\ARM_GCC_541\Debug\ExtSRAM.o
 .comment       0x0000006e       0x6f .\CortexM3\ARM_GCC_541\Debug\cyfitter_cfg.o
 .comment       0x0000006e       0x6f .\CortexM3\ARM_GCC_541\Debug\cymetadata.o
 .comment       0x0000006e       0x6f .\CortexM3\ARM_GCC_541\Debug\Cm3Start.o
 .comment       0x0000006e       0x6f .\CortexM3\ARM_GCC_541\Debug\Z80_3Pin.a(CyLib.o)
 .comment       0x0000006e       0x6f .\CortexM3\ARM_GCC_541\Debug\Z80_3Pin.a(cyPm.o)
 .comment       0x0000006e       0x6f .\CortexM3\ARM_GCC_541\Debug\Z80_3Pin.a(AdrLowOut.o)
 .comment       0x0000006e       0x6f .\CortexM3\ARM_GCC_541\Debug\Z80_3Pin.a(LED.o)
 .comment       0x0000006e       0x6f .\CortexM3\ARM_GCC_541\Debug\Z80_3Pin.a(Z80_Data_In.o)
 .comment       0x0000006e       0x6f .\CortexM3\ARM_GCC_541\Debug\Z80_3Pin.a(Z80_Data_Out.o)
 .comment       0x0000006e       0x6f .\CortexM3\ARM_GCC_541\Debug\Z80_3Pin.a(AdrMidOut.o)
 .comment       0x0000006e       0x6f .\CortexM3\ARM_GCC_541\Debug\Z80_3Pin.a(AdrHighOut.o)
 .comment       0x0000006e       0x6f .\CortexM3\ARM_GCC_541\Debug\Z80_3Pin.a(ExtSRAMCtl.o)
 .comment       0x0000006e       0x6f .\CortexM3\ARM_GCC_541\Debug\Z80_3Pin.a(CyFlash.o)
 .comment       0x0000006e       0x6f .\CortexM3\ARM_GCC_541\Debug\Z80_3Pin.a(CySpc.o)

.debug_weaknames
 *(.debug_weaknames)

.debug_funcnames
 *(.debug_funcnames)

.debug_typenames
 *(.debug_typenames)

.debug_varnames
 *(.debug_varnames)

.note.gnu.arm.ident
 *(.note.gnu.arm.ident)

.ARM.attributes
                0x00000000       0x29
 *(.ARM.attributes)
 .ARM.attributes
                0x00000000       0x1d c:/program files (x86)/cypress/psoc creator/4.2/psoc creator/import/gnu/arm/5.4.1/bin/../lib/gcc/arm-none-eabi/5.4.1/armv7-m/crti.o
 .ARM.attributes
                0x0000001d       0x2d c:/program files (x86)/cypress/psoc creator/4.2/psoc creator/import/gnu/arm/5.4.1/bin/../lib/gcc/arm-none-eabi/5.4.1/armv7-m/crtbegin.o
 .ARM.attributes
                0x0000004a       0x1b c:/program files (x86)/cypress/psoc creator/4.2/psoc creator/import/gnu/arm/5.4.1/bin/../lib/gcc/arm-none-eabi/5.4.1/../../../../arm-none-eabi/lib/armv7-m/crt0.o
 .ARM.attributes
                0x00000065       0x33 .\CortexM3\ARM_GCC_541\Debug\main.o
 .ARM.attributes
                0x00000098       0x33 .\CortexM3\ARM_GCC_541\Debug\ExtSRAM.o
 .ARM.attributes
                0x000000cb       0x33 .\CortexM3\ARM_GCC_541\Debug\cyfitter_cfg.o
 .ARM.attributes
                0x000000fe       0x33 .\CortexM3\ARM_GCC_541\Debug\cymetadata.o
 .ARM.attributes
                0x00000131       0x33 .\CortexM3\ARM_GCC_541\Debug\Cm3Start.o
 .ARM.attributes
                0x00000164       0x33 .\CortexM3\ARM_GCC_541\Debug\Z80_3Pin.a(CyLib.o)
 .ARM.attributes
                0x00000197       0x33 .\CortexM3\ARM_GCC_541\Debug\Z80_3Pin.a(cyPm.o)
 .ARM.attributes
                0x000001ca       0x33 .\CortexM3\ARM_GCC_541\Debug\Z80_3Pin.a(AdrLowOut.o)
 .ARM.attributes
                0x000001fd       0x33 .\CortexM3\ARM_GCC_541\Debug\Z80_3Pin.a(LED.o)
 .ARM.attributes
                0x00000230       0x33 .\CortexM3\ARM_GCC_541\Debug\Z80_3Pin.a(Z80_Data_In.o)
 .ARM.attributes
                0x00000263       0x33 .\CortexM3\ARM_GCC_541\Debug\Z80_3Pin.a(Z80_Data_Out.o)
 .ARM.attributes
                0x00000296       0x33 .\CortexM3\ARM_GCC_541\Debug\Z80_3Pin.a(AdrMidOut.o)
 .ARM.attributes
                0x000002c9       0x33 .\CortexM3\ARM_GCC_541\Debug\Z80_3Pin.a(AdrHighOut.o)
 .ARM.attributes
                0x000002fc       0x33 .\CortexM3\ARM_GCC_541\Debug\Z80_3Pin.a(ExtSRAMCtl.o)
 .ARM.attributes
                0x0000032f       0x21 .\CortexM3\ARM_GCC_541\Debug\Z80_3Pin.a(CyBootAsmGnu.o)
 .ARM.attributes
                0x00000350       0x33 .\CortexM3\ARM_GCC_541\Debug\Z80_3Pin.a(CyFlash.o)
 .ARM.attributes
                0x00000383       0x33 .\CortexM3\ARM_GCC_541\Debug\Z80_3Pin.a(CySpc.o)
 .ARM.attributes
                0x000003b6       0x2d c:/program files (x86)/cypress/psoc creator/4.2/psoc creator/import/gnu/arm/5.4.1/bin/../lib/gcc/arm-none-eabi/5.4.1/../../../../arm-none-eabi/lib/armv7-m\libg_nano.a(lib_a-errno.o)
 .ARM.attributes
                0x000003e3       0x2d c:/program files (x86)/cypress/psoc creator/4.2/psoc creator/import/gnu/arm/5.4.1/bin/../lib/gcc/arm-none-eabi/5.4.1/../../../../arm-none-eabi/lib/armv7-m\libg_nano.a(lib_a-exit.o)
 .ARM.attributes
                0x00000410       0x2d c:/program files (x86)/cypress/psoc creator/4.2/psoc creator/import/gnu/arm/5.4.1/bin/../lib/gcc/arm-none-eabi/5.4.1/../../../../arm-none-eabi/lib/armv7-m\libg_nano.a(lib_a-impure.o)
 .ARM.attributes
                0x0000043d       0x2d c:/program files (x86)/cypress/psoc creator/4.2/psoc creator/import/gnu/arm/5.4.1/bin/../lib/gcc/arm-none-eabi/5.4.1/../../../../arm-none-eabi/lib/armv7-m\libg_nano.a(lib_a-init.o)
 .ARM.attributes
                0x0000046a       0x2d c:/program files (x86)/cypress/psoc creator/4.2/psoc creator/import/gnu/arm/5.4.1/bin/../lib/gcc/arm-none-eabi/5.4.1/../../../../arm-none-eabi/lib/armv7-m\libg_nano.a(lib_a-memcpy-stub.o)
 .ARM.attributes
                0x00000497       0x2d c:/program files (x86)/cypress/psoc creator/4.2/psoc creator/import/gnu/arm/5.4.1/bin/../lib/gcc/arm-none-eabi/5.4.1/../../../../arm-none-eabi/lib/armv7-m\libg_nano.a(lib_a-memset.o)
 .ARM.attributes
                0x000004c4       0x2d c:/program files (x86)/cypress/psoc creator/4.2/psoc creator/import/gnu/arm/5.4.1/bin/../lib/gcc/arm-none-eabi/5.4.1/armv7-m/crtend.o
 .ARM.attributes
                0x000004f1       0x1d c:/program files (x86)/cypress/psoc creator/4.2/psoc creator/import/gnu/arm/5.4.1/bin/../lib/gcc/arm-none-eabi/5.4.1/armv7-m/crtn.o

/DISCARD/
 *(.note.GNU-stack)
OUTPUT(C:\Users\dgilliland\Documents\GitHub\Retro-Computers\Z80\PSOC\PSOC_Design_Files\Z80-PSoC-3-Chips\Z80_3Pin.cydsn\CortexM3\ARM_GCC_541\Debug\Z80_3Pin.elf elf32-littlearm)
