Archive member included to satisfy reference by file (symbol)

.\CortexM3\ARM_GCC_541\Debug\ODAS-PSOC5-USB_Serial-01.a(CyLib.o)
                              .\CortexM3\ARM_GCC_541\Debug\Cm3Start.o (CyHalt)
.\CortexM3\ARM_GCC_541\Debug\ODAS-PSOC5-USB_Serial-01.a(cyPm.o)
                              .\CortexM3\ARM_GCC_541\Debug\ODAS-PSOC5-USB_Serial-01.a(CyLib.o) (CyPmReadStatus)
.\CortexM3\ARM_GCC_541\Debug\ODAS-PSOC5-USB_Serial-01.a(USBUART_1.o)
                              .\CortexM3\ARM_GCC_541\Debug\main.o (USBUART_1_Start)
.\CortexM3\ARM_GCC_541\Debug\ODAS-PSOC5-USB_Serial-01.a(USBUART_1_cdc.o)
                              .\CortexM3\ARM_GCC_541\Debug\main.o (USBUART_1_CDC_Init)
.\CortexM3\ARM_GCC_541\Debug\ODAS-PSOC5-USB_Serial-01.a(USBUART_1_drv.o)
                              .\CortexM3\ARM_GCC_541\Debug\ODAS-PSOC5-USB_Serial-01.a(USBUART_1.o) (USBUART_1_lastPacketSize)
.\CortexM3\ARM_GCC_541\Debug\ODAS-PSOC5-USB_Serial-01.a(USBUART_1_episr.o)
                              .\CortexM3\ARM_GCC_541\Debug\ODAS-PSOC5-USB_Serial-01.a(USBUART_1.o) (USBUART_1_EP_1_ISR)
.\CortexM3\ARM_GCC_541\Debug\ODAS-PSOC5-USB_Serial-01.a(USBUART_1_pm.o)
                              .\CortexM3\ARM_GCC_541\Debug\ODAS-PSOC5-USB_Serial-01.a(USBUART_1.o) (USBUART_1_DP_ISR)
.\CortexM3\ARM_GCC_541\Debug\ODAS-PSOC5-USB_Serial-01.a(USBUART_1_std.o)
                              .\CortexM3\ARM_GCC_541\Debug\ODAS-PSOC5-USB_Serial-01.a(USBUART_1_pm.o) (USBUART_1_ConfigReg)
.\CortexM3\ARM_GCC_541\Debug\ODAS-PSOC5-USB_Serial-01.a(USBUART_1_vnd.o)
                              .\CortexM3\ARM_GCC_541\Debug\ODAS-PSOC5-USB_Serial-01.a(USBUART_1_drv.o) (USBUART_1_HandleVendorRqst)
.\CortexM3\ARM_GCC_541\Debug\ODAS-PSOC5-USB_Serial-01.a(USBUART_1_Dp.o)
                              .\CortexM3\ARM_GCC_541\Debug\ODAS-PSOC5-USB_Serial-01.a(USBUART_1.o) (USBUART_1_Dp_ClearInterrupt)
.\CortexM3\ARM_GCC_541\Debug\ODAS-PSOC5-USB_Serial-01.a(CyBootAsmGnu.o)
                              .\CortexM3\ARM_GCC_541\Debug\cyfitter_cfg.o (CyDelayCycles)
.\CortexM3\ARM_GCC_541\Debug\ODAS-PSOC5-USB_Serial-01.a(CyFlash.o)
                              .\CortexM3\ARM_GCC_541\Debug\ODAS-PSOC5-USB_Serial-01.a(cyPm.o) (CyFlash_SetWaitCycles)
.\CortexM3\ARM_GCC_541\Debug\ODAS-PSOC5-USB_Serial-01.a(CySpc.o)
                              .\CortexM3\ARM_GCC_541\Debug\ODAS-PSOC5-USB_Serial-01.a(CyFlash.o) (CySpcStart)
.\CortexM3\ARM_GCC_541\Debug\ODAS-PSOC5-USB_Serial-01.a(USBUART_1_cls.o)
                              .\CortexM3\ARM_GCC_541\Debug\ODAS-PSOC5-USB_Serial-01.a(USBUART_1_drv.o) (USBUART_1_DispatchClassRqst)
.\CortexM3\ARM_GCC_541\Debug\ODAS-PSOC5-USB_Serial-01.a(USBUART_1_descr.o)
                              .\CortexM3\ARM_GCC_541\Debug\ODAS-PSOC5-USB_Serial-01.a(USBUART_1_std.o) (USBUART_1_idSerialNumberStringDescriptor)
c:/program files (x86)/cypress/psoc creator/4.2/psoc creator/import/gnu/arm/5.4.1/bin/../lib/gcc/arm-none-eabi/5.4.1/../../../../arm-none-eabi/lib/armv7-m\libg_nano.a(lib_a-errno.o)
                              .\CortexM3\ARM_GCC_541\Debug\Cm3Start.o (__errno)
c:/program files (x86)/cypress/psoc creator/4.2/psoc creator/import/gnu/arm/5.4.1/bin/../lib/gcc/arm-none-eabi/5.4.1/../../../../arm-none-eabi/lib/armv7-m\libg_nano.a(lib_a-exit.o)
                              c:/program files (x86)/cypress/psoc creator/4.2/psoc creator/import/gnu/arm/5.4.1/bin/../lib/gcc/arm-none-eabi/5.4.1/../../../../arm-none-eabi/lib/armv7-m/crt0.o (exit)
c:/program files (x86)/cypress/psoc creator/4.2/psoc creator/import/gnu/arm/5.4.1/bin/../lib/gcc/arm-none-eabi/5.4.1/../../../../arm-none-eabi/lib/armv7-m\libg_nano.a(lib_a-impure.o)
                              c:/program files (x86)/cypress/psoc creator/4.2/psoc creator/import/gnu/arm/5.4.1/bin/../lib/gcc/arm-none-eabi/5.4.1/../../../../arm-none-eabi/lib/armv7-m\libg_nano.a(lib_a-exit.o) (_global_impure_ptr)
c:/program files (x86)/cypress/psoc creator/4.2/psoc creator/import/gnu/arm/5.4.1/bin/../lib/gcc/arm-none-eabi/5.4.1/../../../../arm-none-eabi/lib/armv7-m\libg_nano.a(lib_a-init.o)
                              c:/program files (x86)/cypress/psoc creator/4.2/psoc creator/import/gnu/arm/5.4.1/bin/../lib/gcc/arm-none-eabi/5.4.1/../../../../arm-none-eabi/lib/armv7-m/crt0.o (__libc_init_array)
c:/program files (x86)/cypress/psoc creator/4.2/psoc creator/import/gnu/arm/5.4.1/bin/../lib/gcc/arm-none-eabi/5.4.1/../../../../arm-none-eabi/lib/armv7-m\libg_nano.a(lib_a-memcpy-stub.o)
                              .\CortexM3\ARM_GCC_541\Debug\cyfitter_cfg.o (memcpy)
c:/program files (x86)/cypress/psoc creator/4.2/psoc creator/import/gnu/arm/5.4.1/bin/../lib/gcc/arm-none-eabi/5.4.1/../../../../arm-none-eabi/lib/armv7-m\libg_nano.a(lib_a-memset.o)
                              c:/program files (x86)/cypress/psoc creator/4.2/psoc creator/import/gnu/arm/5.4.1/bin/../lib/gcc/arm-none-eabi/5.4.1/../../../../arm-none-eabi/lib/armv7-m/crt0.o (memset)

Allocating common symbols
[...]
Memory Configuration

Name             Origin             Length             Attributes
rom              0x00000000         0x00020000         xr
ram              0x1fffc000         0x00008000         xrw
*default*        0x00000000         0xffffffff

Linker script and memory map

LOAD c:/program files (x86)/cypress/psoc creator/4.2/psoc creator/import/gnu/arm/5.4.1/bin/../lib/gcc/arm-none-eabi/5.4.1/armv7-m/crti.o
LOAD c:/program files (x86)/cypress/psoc creator/4.2/psoc creator/import/gnu/arm/5.4.1/bin/../lib/gcc/arm-none-eabi/5.4.1/armv7-m/crtbegin.o
LOAD c:/program files (x86)/cypress/psoc creator/4.2/psoc creator/import/gnu/arm/5.4.1/bin/../lib/gcc/arm-none-eabi/5.4.1/../../../../arm-none-eabi/lib/armv7-m/crt0.o
START GROUP
LOAD .\CortexM3\ARM_GCC_541\Debug\main.o
LOAD .\CortexM3\ARM_GCC_541\Debug\cyfitter_cfg.o
LOAD .\CortexM3\ARM_GCC_541\Debug\cymetadata.o
LOAD .\CortexM3\ARM_GCC_541\Debug\Cm3Start.o
LOAD .\CortexM3\ARM_GCC_541\Debug\ODAS-PSOC5-USB_Serial-01.a
LOAD C:\Program Files (x86)\Cypress\PSoC Creator\4.2\PSoC Creator\psoc\content\cycomponentlibrary\CyComponentLibrary.cylib\CortexM3\ARM_GCC_541\Debug\CyComponentLibrary.a
END GROUP
START GROUP
LOAD c:/program files (x86)/cypress/psoc creator/4.2/psoc creator/import/gnu/arm/5.4.1/bin/../lib/gcc/arm-none-eabi/5.4.1/armv7-m\libgcc.a
LOAD c:/program files (x86)/cypress/psoc creator/4.2/psoc creator/import/gnu/arm/5.4.1/bin/../lib/gcc/arm-none-eabi/5.4.1/../../../../arm-none-eabi/lib/armv7-m\libg_nano.a
LOAD c:/program files (x86)/cypress/psoc creator/4.2/psoc creator/import/gnu/arm/5.4.1/bin/../lib/gcc/arm-none-eabi/5.4.1/../../../../arm-none-eabi/lib/armv7-m\libc_nano.a
END GROUP
START GROUP
LOAD c:/program files (x86)/cypress/psoc creator/4.2/psoc creator/import/gnu/arm/5.4.1/bin/../lib/gcc/arm-none-eabi/5.4.1/armv7-m\libgcc.a
LOAD c:/program files (x86)/cypress/psoc creator/4.2/psoc creator/import/gnu/arm/5.4.1/bin/../lib/gcc/arm-none-eabi/5.4.1/../../../../arm-none-eabi/lib/armv7-m\libc_nano.a
END GROUP
LOAD c:/program files (x86)/cypress/psoc creator/4.2/psoc creator/import/gnu/arm/5.4.1/bin/../lib/gcc/arm-none-eabi/5.4.1/armv7-m/crtend.o
LOAD c:/program files (x86)/cypress/psoc creator/4.2/psoc creator/import/gnu/arm/5.4.1/bin/../lib/gcc/arm-none-eabi/5.4.1/armv7-m/crtn.o
START GROUP
LOAD c:/program files (x86)/cypress/psoc creator/4.2/psoc creator/import/gnu/arm/5.4.1/bin/../lib/gcc/arm-none-eabi/5.4.1/armv7-m\libgcc.a
LOAD c:/program files (x86)/cypress/psoc creator/4.2/psoc creator/import/gnu/arm/5.4.1/bin/../lib/gcc/arm-none-eabi/5.4.1/../../../../arm-none-eabi/lib/armv7-m\libc.a
LOAD c:/program files (x86)/cypress/psoc creator/4.2/psoc creator/import/gnu/arm/5.4.1/bin/../lib/gcc/arm-none-eabi/5.4.1/../../../../arm-none-eabi/lib/armv7-m\libnosys.a
END GROUP
                0x00000000                CY_APPL_ORIGIN = 0x0
                0x00000100                CY_FLASH_ROW_SIZE = 0x100
                0x00000020                CY_ECC_ROW_SIZE = 0x20
                0x00000000                CY_EE_IN_BTLDR = 0x0
                0x00000000                CY_APPL_LOADABLE = 0x0
                0x00000800                CY_EE_SIZE = 0x800
                0x00000001                CY_APPL_NUM = 0x1
                0x00000001                CY_APPL_MAX = 0x1
                0x00000040                CY_METADATA_SIZE = 0x40
                0x00000000                CY_APPL_LOADABLE = 0x0
                0x00000000                CY_CHECKSUM_EXCLUDE_SIZE = ALIGN (0x0, CY_FLASH_ROW_SIZE)
                [!provide]                PROVIDE (__cy_heap_start, _end)
                0x00000001                PROVIDE (__cy_region_num, ((__cy_regions_end - __cy_regions) / 0x10))
                0x20004000                PROVIDE (__cy_stack, (ORIGIN (ram) + LENGTH (ram)))
                [!provide]                PROVIDE (__cy_heap_end, (__cy_stack - 0x800))

.cybootloader   0x00000000        0x0
 *(.cybootloader)
                0x00000000                appl1_start = CY_APPL_ORIGIN?CY_APPL_ORIGIN:ALIGN (CY_FLASH_ROW_SIZE)
                0x0000ff00                appl2_start = (appl1_start + ALIGN ((((LENGTH (rom) - appl1_start) - (0x2 * CY_FLASH_ROW_SIZE)) / 0x2), CY_FLASH_ROW_SIZE))
                0x00000000                appl_start = (CY_APPL_NUM == 0x1)?appl1_start:appl2_start
                0x00000000                ecc_offset = ((appl_start / CY_FLASH_ROW_SIZE) * CY_ECC_ROW_SIZE)
                0x00000000                ee_offset = (CY_APPL_LOADABLE && ! (CY_EE_IN_BTLDR))?((CY_EE_SIZE / CY_APPL_MAX) * (CY_APPL_NUM - 0x1)):0x0
                0x00000800                ee_size = (CY_APPL_LOADABLE && ! (CY_EE_IN_BTLDR))?(CY_EE_SIZE / CY_APPL_MAX):CY_EE_SIZE
                [!provide]                PROVIDE (CY_ECC_OFFSET, ecc_offset)

.text           0x00000000     0x1ab6
 CREATE_OBJECT_SYMBOLS
                0x00000000                PROVIDE (__cy_interrupt_vector, RomVectors)
 *(.romvectors)
 .romvectors    0x00000000       0x10 .\CortexM3\ARM_GCC_541\Debug\Cm3Start.o
                0x00000000                RomVectors
                0x00000001                ASSERT ((. != __cy_interrupt_vector), No interrupt vector)
                0x00000001                ASSERT (CY_APPL_ORIGIN?(SIZEOF (.cybootloader) <= CY_APPL_ORIGIN):0x1, Wrong image location)
                0x00000010                PROVIDE (__cy_reset, Reset)
 *(.text.Reset)
 .text.Reset    0x00000010       0x18 .\CortexM3\ARM_GCC_541\Debug\Cm3Start.o
                0x00000010                Reset
                0x00000001                ASSERT ((. != __cy_reset), No reset code)
 *(.dma_init)
                0x00000001                ASSERT ((((appl_start + .) <= 0x10000) || 0x1), DMA Init must be within the first 64k of flash)
 *(.text .text.* .gnu.linkonce.t.*)
 .text          0x00000028       0x5c c:/program files (x86)/cypress/psoc creator/4.2/psoc creator/import/gnu/arm/5.4.1/bin/../lib/gcc/arm-none-eabi/5.4.1/armv7-m/crtbegin.o
 .text.main     0x00000084       0x4c .\CortexM3\ARM_GCC_541\Debug\main.o
                0x00000084                main
 .text.CyClockStartupError
                0x000000d0        0x4 .\CortexM3\ARM_GCC_541\Debug\cyfitter_cfg.o
 .text.cfg_write_bytes32
                0x000000d4       0x34 .\CortexM3\ARM_GCC_541\Debug\cyfitter_cfg.o
 .text.AnalogSetDefault
                0x00000108       0x28 .\CortexM3\ARM_GCC_541\Debug\cyfitter_cfg.o
 .text.CYMEMZERO
                0x00000130        0xc .\CortexM3\ARM_GCC_541\Debug\cyfitter_cfg.o
 .text.ClockSetup
                0x0000013c       0xec .\CortexM3\ARM_GCC_541\Debug\cyfitter_cfg.o
 .text.CYCONFIGCPY
                0x00000228        0x8 .\CortexM3\ARM_GCC_541\Debug\cyfitter_cfg.o
 .text.cyfitter_cfg
                0x00000230      0x12c .\CortexM3\ARM_GCC_541\Debug\cyfitter_cfg.o
                0x00000230                cyfitter_cfg
 .text.IntDefaultHandler
                0x0000035c       0x10 .\CortexM3\ARM_GCC_541\Debug\Cm3Start.o
                0x0000035c                IntDefaultHandler
 .text.Start_c  0x0000036c       0x4c .\CortexM3\ARM_GCC_541\Debug\Cm3Start.o
                0x0000036c                Start_c
 .text.initialize_psoc
                0x000003b8       0x68 .\CortexM3\ARM_GCC_541\Debug\Cm3Start.o
                0x000003b8                initialize_psoc
 .text.CyHalt   0x00000420        0x4 .\CortexM3\ARM_GCC_541\Debug\ODAS-PSOC5-USB_Serial-01.a(CyLib.o)
                0x00000420                CyHalt
 .text.CyDelayUs
                0x00000424       0x14 .\CortexM3\ARM_GCC_541\Debug\ODAS-PSOC5-USB_Serial-01.a(CyLib.o)
                0x00000424                CyDelayUs
 .text.CyIntSetVector
                0x00000438       0x28 .\CortexM3\ARM_GCC_541\Debug\ODAS-PSOC5-USB_Serial-01.a(CyLib.o)
                0x00000438                CyIntSetVector
 .text.CyIntSetPriority
                0x00000460       0x30 .\CortexM3\ARM_GCC_541\Debug\ODAS-PSOC5-USB_Serial-01.a(CyLib.o)
                0x00000460                CyIntSetPriority
 .text.CyGetUniqueId
                0x00000490       0x70 .\CortexM3\ARM_GCC_541\Debug\ODAS-PSOC5-USB_Serial-01.a(CyLib.o)
                0x00000490                CyGetUniqueId
 .text.USBUART_1_Init
                0x00000500      0x140 .\CortexM3\ARM_GCC_541\Debug\ODAS-PSOC5-USB_Serial-01.a(USBUART_1.o)
                0x00000500                USBUART_1_Init
 .text.USBUART_1_InitComponent
                0x00000640       0xb8 .\CortexM3\ARM_GCC_541\Debug\ODAS-PSOC5-USB_Serial-01.a(USBUART_1.o)
                0x00000640                USBUART_1_InitComponent
 .text.USBUART_1_Start
                0x000006f8       0x24 .\CortexM3\ARM_GCC_541\Debug\ODAS-PSOC5-USB_Serial-01.a(USBUART_1.o)
                0x000006f8                USBUART_1_Start
 .text.USBUART_1_ReInitComponent
                0x0000071c       0x4c .\CortexM3\ARM_GCC_541\Debug\ODAS-PSOC5-USB_Serial-01.a(USBUART_1.o)
                0x0000071c                USBUART_1_ReInitComponent
 .text.USBUART_1_GetConfiguration
                0x00000768        0xc .\CortexM3\ARM_GCC_541\Debug\ODAS-PSOC5-USB_Serial-01.a(USBUART_1.o)
                0x00000768                USBUART_1_GetConfiguration
 .text.USBUART_1_GetEPState
                0x00000774       0x14 .\CortexM3\ARM_GCC_541\Debug\ODAS-PSOC5-USB_Serial-01.a(USBUART_1.o)
                0x00000774                USBUART_1_GetEPState
 .text.USBUART_1_GetEPCount
                0x00000788       0x28 .\CortexM3\ARM_GCC_541\Debug\ODAS-PSOC5-USB_Serial-01.a(USBUART_1.o)
                0x00000788                USBUART_1_GetEPCount
 .text.USBUART_1_LoadInEP
                0x000007b0       0x94 .\CortexM3\ARM_GCC_541\Debug\ODAS-PSOC5-USB_Serial-01.a(USBUART_1.o)
                0x000007b0                USBUART_1_LoadInEP
 .text.USBUART_1_EnableOutEP
                0x00000844       0x2c .\CortexM3\ARM_GCC_541\Debug\ODAS-PSOC5-USB_Serial-01.a(USBUART_1.o)
                0x00000844                USBUART_1_EnableOutEP
 .text.USBUART_1_ReadOutEP
                0x00000870       0x50 .\CortexM3\ARM_GCC_541\Debug\ODAS-PSOC5-USB_Serial-01.a(USBUART_1.o)
                0x00000870                USBUART_1_ReadOutEP
 .text.USBUART_1_GetInterfaceComPort
                0x000008c0       0x38 .\CortexM3\ARM_GCC_541\Debug\ODAS-PSOC5-USB_Serial-01.a(USBUART_1_cdc.o)
                0x000008c0                USBUART_1_GetInterfaceComPort
 .text.USBUART_1_DispatchCDCClassRqst
                0x000008f8       0x98 .\CortexM3\ARM_GCC_541\Debug\ODAS-PSOC5-USB_Serial-01.a(USBUART_1_cdc.o)
                0x000008f8                USBUART_1_DispatchCDCClassRqst
 .text.USBUART_1_CDC_Init
                0x00000990       0x98 .\CortexM3\ARM_GCC_541\Debug\ODAS-PSOC5-USB_Serial-01.a(USBUART_1_cdc.o)
                0x00000990                USBUART_1_CDC_Init
 .text.USBUART_1_PutData
                0x00000a28       0x50 .\CortexM3\ARM_GCC_541\Debug\ODAS-PSOC5-USB_Serial-01.a(USBUART_1_cdc.o)
                0x00000a28                USBUART_1_PutData
 .text.USBUART_1_GetCount
                0x00000a78       0x34 .\CortexM3\ARM_GCC_541\Debug\ODAS-PSOC5-USB_Serial-01.a(USBUART_1_cdc.o)
                0x00000a78                USBUART_1_GetCount
 .text.USBUART_1_CDCIsReady
                0x00000aac       0x18 .\CortexM3\ARM_GCC_541\Debug\ODAS-PSOC5-USB_Serial-01.a(USBUART_1_cdc.o)
                0x00000aac                USBUART_1_CDCIsReady
 .text.USBUART_1_GetAll
                0x00000ac4       0x30 .\CortexM3\ARM_GCC_541\Debug\ODAS-PSOC5-USB_Serial-01.a(USBUART_1_cdc.o)
                0x00000ac4                USBUART_1_GetAll
 .text.USBUART_1_Cdc_EpInit
                0x00000af4       0x50 .\CortexM3\ARM_GCC_541\Debug\ODAS-PSOC5-USB_Serial-01.a(USBUART_1_cdc.o)
                0x00000af4                USBUART_1_Cdc_EpInit
 .text.USBUART_1_LoadEP0
                0x00000b44       0x98 .\CortexM3\ARM_GCC_541\Debug\ODAS-PSOC5-USB_Serial-01.a(USBUART_1_drv.o)
                0x00000b44                USBUART_1_LoadEP0
 .text.USBUART_1_InitZeroLengthControlTransfer
                0x00000bdc       0x34 .\CortexM3\ARM_GCC_541\Debug\ODAS-PSOC5-USB_Serial-01.a(USBUART_1_drv.o)
                0x00000bdc                USBUART_1_InitZeroLengthControlTransfer
 .text.USBUART_1_ControlReadDataStage
                0x00000c10        0x8 .\CortexM3\ARM_GCC_541\Debug\ODAS-PSOC5-USB_Serial-01.a(USBUART_1_drv.o)
                0x00000c10                USBUART_1_ControlReadDataStage
 .text.USBUART_1_ControlWriteDataStage
                0x00000c18       0x84 .\CortexM3\ARM_GCC_541\Debug\ODAS-PSOC5-USB_Serial-01.a(USBUART_1_drv.o)
                0x00000c18                USBUART_1_ControlWriteDataStage
 .text.USBUART_1_InitNoDataControlTransfer
                0x00000c9c       0x2c .\CortexM3\ARM_GCC_541\Debug\ODAS-PSOC5-USB_Serial-01.a(USBUART_1_drv.o)
                0x00000c9c                USBUART_1_InitNoDataControlTransfer
 .text.USBUART_1_UpdateStatusBlock
                0x00000cc8       0x24 .\CortexM3\ARM_GCC_541\Debug\ODAS-PSOC5-USB_Serial-01.a(USBUART_1_drv.o)
                0x00000cc8                USBUART_1_UpdateStatusBlock
 .text.USBUART_1_HandleSetup
                0x00000cec       0x5c .\CortexM3\ARM_GCC_541\Debug\ODAS-PSOC5-USB_Serial-01.a(USBUART_1_drv.o)
                0x00000cec                USBUART_1_HandleSetup
 .text.USBUART_1_ControlReadStatusStage
                0x00000d48       0x38 .\CortexM3\ARM_GCC_541\Debug\ODAS-PSOC5-USB_Serial-01.a(USBUART_1_drv.o)
                0x00000d48                USBUART_1_ControlReadStatusStage
 .text.USBUART_1_HandleOUT
                0x00000d80       0x38 .\CortexM3\ARM_GCC_541\Debug\ODAS-PSOC5-USB_Serial-01.a(USBUART_1_drv.o)
                0x00000d80                USBUART_1_HandleOUT
 .text.USBUART_1_ControlWriteStatusStage
                0x00000db8       0x20 .\CortexM3\ARM_GCC_541\Debug\ODAS-PSOC5-USB_Serial-01.a(USBUART_1_drv.o)
                0x00000db8                USBUART_1_ControlWriteStatusStage
 .text.USBUART_1_NoDataControlStatusStage
                0x00000dd8       0x40 .\CortexM3\ARM_GCC_541\Debug\ODAS-PSOC5-USB_Serial-01.a(USBUART_1_drv.o)
                0x00000dd8                USBUART_1_NoDataControlStatusStage
 .text.USBUART_1_HandleIN
                0x00000e18       0x2c .\CortexM3\ARM_GCC_541\Debug\ODAS-PSOC5-USB_Serial-01.a(USBUART_1_drv.o)
                0x00000e18                USBUART_1_HandleIN
 .text.USBUART_1_EP_0_ISR
                0x00000e44       0xb8 .\CortexM3\ARM_GCC_541\Debug\ODAS-PSOC5-USB_Serial-01.a(USBUART_1_drv.o)
                0x00000e44                USBUART_1_EP_0_ISR
 .text.USBUART_1_InitializeStatusBlock
                0x00000efc       0x24 .\CortexM3\ARM_GCC_541\Debug\ODAS-PSOC5-USB_Serial-01.a(USBUART_1_drv.o)
                0x00000efc                USBUART_1_InitializeStatusBlock
 .text.USBUART_1_InitControlRead
                0x00000f20       0x50 .\CortexM3\ARM_GCC_541\Debug\ODAS-PSOC5-USB_Serial-01.a(USBUART_1_drv.o)
                0x00000f20                USBUART_1_InitControlRead
 .text.USBUART_1_InitControlWrite
                0x00000f70       0x48 .\CortexM3\ARM_GCC_541\Debug\ODAS-PSOC5-USB_Serial-01.a(USBUART_1_drv.o)
                0x00000f70                USBUART_1_InitControlWrite
 .text.USBUART_1_EP_1_ISR
                0x00000fb8       0x30 .\CortexM3\ARM_GCC_541\Debug\ODAS-PSOC5-USB_Serial-01.a(USBUART_1_episr.o)
                0x00000fb8                USBUART_1_EP_1_ISR
 .text.USBUART_1_EP_2_ISR
                0x00000fe8       0x34 .\CortexM3\ARM_GCC_541\Debug\ODAS-PSOC5-USB_Serial-01.a(USBUART_1_episr.o)
                0x00000fe8                USBUART_1_EP_2_ISR
 .text.USBUART_1_EP_3_ISR
                0x0000101c       0x3c .\CortexM3\ARM_GCC_541\Debug\ODAS-PSOC5-USB_Serial-01.a(USBUART_1_episr.o)
                0x0000101c                USBUART_1_EP_3_ISR
 .text.USBUART_1_SOF_ISR
                0x00001058        0x4 .\CortexM3\ARM_GCC_541\Debug\ODAS-PSOC5-USB_Serial-01.a(USBUART_1_episr.o)
                0x00001058                USBUART_1_SOF_ISR
 .text.USBUART_1_BUS_RESET_ISR
                0x0000105c        0x8 .\CortexM3\ARM_GCC_541\Debug\ODAS-PSOC5-USB_Serial-01.a(USBUART_1_episr.o)
                0x0000105c                USBUART_1_BUS_RESET_ISR
 .text.USBUART_1_DP_ISR
                0x00001064        0x8 .\CortexM3\ARM_GCC_541\Debug\ODAS-PSOC5-USB_Serial-01.a(USBUART_1_pm.o)
                0x00001064                USBUART_1_DP_ISR
 .text.USBUART_1_ReadDieID
                0x0000106c       0x6c .\CortexM3\ARM_GCC_541\Debug\ODAS-PSOC5-USB_Serial-01.a(USBUART_1_std.o)
                0x0000106c                USBUART_1_ReadDieID
 .text.USBUART_1_ConfigReg
                0x000010d8       0xa4 .\CortexM3\ARM_GCC_541\Debug\ODAS-PSOC5-USB_Serial-01.a(USBUART_1_std.o)
                0x000010d8                USBUART_1_ConfigReg
 .text.USBUART_1_GetConfigTablePtr
                0x0000117c       0x28 .\CortexM3\ARM_GCC_541\Debug\ODAS-PSOC5-USB_Serial-01.a(USBUART_1_std.o)
                0x0000117c                USBUART_1_GetConfigTablePtr
 .text.USBUART_1_ConfigAltChanged
                0x000011a4      0x11c .\CortexM3\ARM_GCC_541\Debug\ODAS-PSOC5-USB_Serial-01.a(USBUART_1_std.o)
                0x000011a4                USBUART_1_ConfigAltChanged
 .text.USBUART_1_GetDeviceTablePtr
                0x000012c0       0x18 .\CortexM3\ARM_GCC_541\Debug\ODAS-PSOC5-USB_Serial-01.a(USBUART_1_std.o)
                0x000012c0                USBUART_1_GetDeviceTablePtr
 .text.USBUART_1_GetInterfaceClassTablePtr
                0x000012d8       0x28 .\CortexM3\ARM_GCC_541\Debug\ODAS-PSOC5-USB_Serial-01.a(USBUART_1_std.o)
                0x000012d8                USBUART_1_GetInterfaceClassTablePtr
 .text.USBUART_1_Config
                0x00001300      0x1ec .\CortexM3\ARM_GCC_541\Debug\ODAS-PSOC5-USB_Serial-01.a(USBUART_1_std.o)
                0x00001300                USBUART_1_Config
 .text.USBUART_1_SetEndpointHalt
                0x000014ec       0x64 .\CortexM3\ARM_GCC_541\Debug\ODAS-PSOC5-USB_Serial-01.a(USBUART_1_std.o)
                0x000014ec                USBUART_1_SetEndpointHalt
 .text.USBUART_1_ClearEndpointHalt
                0x00001550       0xa8 .\CortexM3\ARM_GCC_541\Debug\ODAS-PSOC5-USB_Serial-01.a(USBUART_1_std.o)
                0x00001550                USBUART_1_ClearEndpointHalt
 .text.USBUART_1_ValidateAlternateSetting
                0x000015f8       0x4c .\CortexM3\ARM_GCC_541\Debug\ODAS-PSOC5-USB_Serial-01.a(USBUART_1_std.o)
                0x000015f8                USBUART_1_ValidateAlternateSetting
 .text.USBUART_1_HandleStandardRqst
                0x00001644      0x354 .\CortexM3\ARM_GCC_541\Debug\ODAS-PSOC5-USB_Serial-01.a(USBUART_1_std.o)
                0x00001644                USBUART_1_HandleStandardRqst
 .text.USBUART_1_HandleVendorRqst
                0x00001998       0x18 .\CortexM3\ARM_GCC_541\Debug\ODAS-PSOC5-USB_Serial-01.a(USBUART_1_vnd.o)
                0x00001998                USBUART_1_HandleVendorRqst
 .text.USBUART_1_Dp_ClearInterrupt
                0x000019b0       0x10 .\CortexM3\ARM_GCC_541\Debug\ODAS-PSOC5-USB_Serial-01.a(USBUART_1_Dp.o)
                0x000019b0                USBUART_1_Dp_ClearInterrupt
 .text          0x000019c0       0x20 .\CortexM3\ARM_GCC_541\Debug\ODAS-PSOC5-USB_Serial-01.a(CyBootAsmGnu.o)
                0x000019c0                CyDelayCycles
                0x000019d0                CyEnterCriticalSection
                0x000019d8                CyExitCriticalSection
 .text.USBUART_1_DispatchClassRqst
                0x000019e0       0x58 .\CortexM3\ARM_GCC_541\Debug\ODAS-PSOC5-USB_Serial-01.a(USBUART_1_cls.o)
                0x000019e0                USBUART_1_DispatchClassRqst
 .text.__errno  0x00001a38        0xc c:/program files (x86)/cypress/psoc creator/4.2/psoc creator/import/gnu/arm/5.4.1/bin/../lib/gcc/arm-none-eabi/5.4.1/../../../../arm-none-eabi/lib/armv7-m\libg_nano.a(lib_a-errno.o)
                0x00001a38                __errno
 .text.__libc_init_array
                0x00001a44       0x4c c:/program files (x86)/cypress/psoc creator/4.2/psoc creator/import/gnu/arm/5.4.1/bin/../lib/gcc/arm-none-eabi/5.4.1/../../../../arm-none-eabi/lib/armv7-m\libg_nano.a(lib_a-init.o)
                0x00001a44                __libc_init_array
 .text.memcpy   0x00001a90       0x16 c:/program files (x86)/cypress/psoc creator/4.2/psoc creator/import/gnu/arm/5.4.1/bin/../lib/gcc/arm-none-eabi/5.4.1/../../../../arm-none-eabi/lib/armv7-m\libg_nano.a(lib_a-memcpy-stub.o)
                0x00001a90                memcpy
 .text.memset   0x00001aa6       0x10 c:/program files (x86)/cypress/psoc creator/4.2/psoc creator/import/gnu/arm/5.4.1/bin/../lib/gcc/arm-none-eabi/5.4.1/../../../../arm-none-eabi/lib/armv7-m\libg_nano.a(lib_a-memset.o)
                0x00001aa6                memset
 *(.plt)
 *(.gnu.warning)
 *(.glue_7t)
 .glue_7t       0x00001ab6        0x0 linker stubs
 *(.glue_7)
 .glue_7        0x00001ab6        0x0 linker stubs
 *(.vfp11_veneer)
 .vfp11_veneer  0x00001ab6        0x0 linker stubs
 *(.bootloader)
 *(.ARM.extab* .gnu.linkonce.armextab.*)
 *(.gcc_except_table)

.v4_bx          0x00001ab8        0x0
 .v4_bx         0x00001ab8        0x0 linker stubs

.iplt           0x00001ab8        0x0
 .iplt          0x00001ab8        0x0 c:/program files (x86)/cypress/psoc creator/4.2/psoc creator/import/gnu/arm/5.4.1/bin/../lib/gcc/arm-none-eabi/5.4.1/armv7-m/crtbegin.o

.eh_frame_hdr
 *(.eh_frame_hdr)

.eh_frame       0x00001ab8        0x4
 *(.eh_frame)
 .eh_frame      0x00001ab8        0x0 c:/program files (x86)/cypress/psoc creator/4.2/psoc creator/import/gnu/arm/5.4.1/bin/../lib/gcc/arm-none-eabi/5.4.1/armv7-m/crtbegin.o
 .eh_frame      0x00001ab8        0x4 c:/program files (x86)/cypress/psoc creator/4.2/psoc creator/import/gnu/arm/5.4.1/bin/../lib/gcc/arm-none-eabi/5.4.1/armv7-m/crtend.o
                [!provide]                PROVIDE (__exidx_start, .)

.ARM.exidx
 *(.ARM.exidx* .gnu.linkonce.armexidx.*)
                0x00001abc                __exidx_end = .

.rodata         0x00001abc      0x1d4
 *(.rodata .rodata.* .gnu.linkonce.r.*)
 .rodata        0x00001abc       0x2a .\CortexM3\ARM_GCC_541\Debug\cyfitter_cfg.o
 *fill*         0x00001ae6        0x2 
 .rodata.str1.4
                0x00001ae8       0x14 .\CortexM3\ARM_GCC_541\Debug\ODAS-PSOC5-USB_Serial-01.a(USBUART_1_std.o)
                                 0x11 (size before relaxing)
 .rodata        0x00001afc      0x15e .\CortexM3\ARM_GCC_541\Debug\ODAS-PSOC5-USB_Serial-01.a(USBUART_1_descr.o)
                0x00001afc                USBUART_1_TABLE
                0x00001b04                USBUART_1_DEVICE0_TABLE
                0x00001b1c                USBUART_1_DEVICE0_CONFIGURATION0_TABLE
                0x00001b44                USBUART_1_DEVICE0_CONFIGURATION0_INTERFACE_CLASS
                0x00001b48                USBUART_1_DEVICE0_CONFIGURATION0_EP_SETTINGS_TABLE
                0x00001b60                USBUART_1_SN_STRING_DESCRIPTOR
                0x00001b64                USBUART_1_STRING_DESCRIPTORS
                0x00001c04                USBUART_1_DEVICE0_CONFIGURATION0_DESCR
                0x00001c48                USBUART_1_DEVICE0_DESCR
 .rodata.str1.1
                0x00001c5a        0x2 c:/program files (x86)/cypress/psoc creator/4.2/psoc creator/import/gnu/arm/5.4.1/bin/../lib/gcc/arm-none-eabi/5.4.1/../../../../arm-none-eabi/lib/armv7-m\libg_nano.a(lib_a-impure.o)
                0x00001c5c                . = ALIGN (0x4)
 *(.init)
 .init          0x00001c5c        0x4 c:/program files (x86)/cypress/psoc creator/4.2/psoc creator/import/gnu/arm/5.4.1/bin/../lib/gcc/arm-none-eabi/5.4.1/armv7-m/crti.o
                0x00001c5c                _init
 .init          0x00001c60        0x8 c:/program files (x86)/cypress/psoc creator/4.2/psoc creator/import/gnu/arm/5.4.1/bin/../lib/gcc/arm-none-eabi/5.4.1/armv7-m/crtn.o
                0x00001c68                . = ALIGN (0x4)
                0x00001c68                __preinit_array_start = .
 *(.preinit_array)
                0x00001c68                __preinit_array_end = .
                0x00001c68                . = ALIGN (0x4)
                0x00001c68                __init_array_start = .
 *(SORT(.init_array.*))
 *(.init_array)
 .init_array    0x00001c68        0x4 c:/program files (x86)/cypress/psoc creator/4.2/psoc creator/import/gnu/arm/5.4.1/bin/../lib/gcc/arm-none-eabi/5.4.1/armv7-m/crtbegin.o
 .init_array    0x00001c6c        0x4 .\CortexM3\ARM_GCC_541\Debug\Cm3Start.o
                0x00001c70                __init_array_end = .
                0x00001c70                . = ALIGN (0x4)
 *(.fini)
 .fini          0x00001c70        0x4 c:/program files (x86)/cypress/psoc creator/4.2/psoc creator/import/gnu/arm/5.4.1/bin/../lib/gcc/arm-none-eabi/5.4.1/armv7-m/crti.o
                0x00001c70                _fini
 .fini          0x00001c74        0x8 c:/program files (x86)/cypress/psoc creator/4.2/psoc creator/import/gnu/arm/5.4.1/bin/../lib/gcc/arm-none-eabi/5.4.1/armv7-m/crtn.o
                0x00001c7c                . = ALIGN (0x4)
                0x00001c7c                __fini_array_start = .
 *(.fini_array)
 .fini_array    0x00001c7c        0x4 c:/program files (x86)/cypress/psoc creator/4.2/psoc creator/import/gnu/arm/5.4.1/bin/../lib/gcc/arm-none-eabi/5.4.1/armv7-m/crtbegin.o
 *(SORT(.fini_array.*))
                0x00001c80                __fini_array_end = .
                0x00001c80                . = ALIGN (0x4)
 *crtbegin.o(.ctors)
 *(EXCLUDE_FILE(*crtend.o) .ctors)
 *(SORT(.ctors.*))
 *crtend.o(.ctors)
                0x00001c80                . = ALIGN (0x4)
 *crtbegin.o(.dtors)
 *(EXCLUDE_FILE(*crtend.o) .dtors)
 *(SORT(.dtors.*))
 *crtend.o(.dtors)
                0x00001c80                . = ALIGN (0x4)
                0x00001c80                __cy_regions = .
                0x00001c80        0x4 LONG 0x1c90 __cy_region_init_ram
                0x00001c84        0x4 LONG 0x1fffc0c8 __cy_region_start_data
                0x00001c88        0x4 LONG 0x98 __cy_region_init_size_ram
                0x00001c8c        0x4 LONG 0x180 __cy_region_zero_size_ram
                0x00001c90                __cy_regions_end = .
                0x00001c90                . = ALIGN (0x8)
                0x00001c90                _etext = .

.cy_checksum_exclude
                0x00001c90        0x0
 *(.cy_checksum_exclude)

.ramvectors     0x1fffc000       0xc0
                0x1fffc000                __cy_region_start_ram = .
 *(.ramvectors)
 .ramvectors    0x1fffc000       0xc0 .\CortexM3\ARM_GCC_541\Debug\Cm3Start.o
                0x1fffc000                CyRamVectors

.noinit         0x1fffc0c0        0x1
 *(.noinit)
 .noinit        0x1fffc0c0        0x1 .\CortexM3\ARM_GCC_541\Debug\ODAS-PSOC5-USB_Serial-01.a(CyLib.o)
                0x1fffc0c0                CyResetStatus

.data           0x1fffc0c8       0x98 load address 0x00001c90
                0x1fffc0c8                __cy_region_start_data = .
 *(.jcr)
 .jcr           0x1fffc0c8        0x0 c:/program files (x86)/cypress/psoc creator/4.2/psoc creator/import/gnu/arm/5.4.1/bin/../lib/gcc/arm-none-eabi/5.4.1/armv7-m/crtbegin.o
 .jcr           0x1fffc0c8        0x4 c:/program files (x86)/cypress/psoc creator/4.2/psoc creator/import/gnu/arm/5.4.1/bin/../lib/gcc/arm-none-eabi/5.4.1/armv7-m/crtend.o
 *(.got.plt)
 *(.got)
 *(.shdata)
 *(.data .data.* .gnu.linkonce.d.*)
 .data          0x1fffc0cc       0x10 .\CortexM3\ARM_GCC_541\Debug\ODAS-PSOC5-USB_Serial-01.a(CyLib.o)
                0x1fffc0cc                cydelay_32k_ms
                0x1fffc0d0                cydelay_freq_khz
                0x1fffc0d4                cydelay_freq_mhz
                0x1fffc0d8                cydelay_freq_hz
 .data          0x1fffc0dc       0x1a .\CortexM3\ARM_GCC_541\Debug\ODAS-PSOC5-USB_Serial-01.a(USBUART_1_cdc.o)
                0x1fffc0dc                USBUART_1_linesCoding
 *fill*         0x1fffc0f6        0x2 
 .data.impure_data
                0x1fffc0f8       0x60 c:/program files (x86)/cypress/psoc creator/4.2/psoc creator/import/gnu/arm/5.4.1/bin/../lib/gcc/arm-none-eabi/5.4.1/../../../../arm-none-eabi/lib/armv7-m\libg_nano.a(lib_a-impure.o)
 .data._impure_ptr
                0x1fffc158        0x4 c:/program files (x86)/cypress/psoc creator/4.2/psoc creator/import/gnu/arm/5.4.1/bin/../lib/gcc/arm-none-eabi/5.4.1/../../../../arm-none-eabi/lib/armv7-m\libg_nano.a(lib_a-impure.o)
                0x1fffc158                _impure_ptr
                0x1fffc160                . = ALIGN (0x8)
 *fill*         0x1fffc15c        0x4 
 *(.ram)
                0x1fffc160                _edata = .

.igot.plt       0x1fffc160        0x0 load address 0x00001d28
 .igot.plt      0x1fffc160        0x0 c:/program files (x86)/cypress/psoc creator/4.2/psoc creator/import/gnu/arm/5.4.1/bin/../lib/gcc/arm-none-eabi/5.4.1/armv7-m/crtbegin.o

.bss            0x1fffc160      0x180 load address 0x00001d28
                0x1fffc160                PROVIDE (__bss_start__, .)
 *(.shbss)
 *(.bss .bss.* .gnu.linkonce.b.*)
 .bss           0x1fffc160       0x1c c:/program files (x86)/cypress/psoc creator/4.2/psoc creator/import/gnu/arm/5.4.1/bin/../lib/gcc/arm-none-eabi/5.4.1/armv7-m/crtbegin.o
 .bss           0x1fffc17c        0x1 .\CortexM3\ARM_GCC_541\Debug\ODAS-PSOC5-USB_Serial-01.a(USBUART_1.o)
                0x1fffc17c                USBUART_1_initVar
 .bss           0x1fffc17d        0x1 .\CortexM3\ARM_GCC_541\Debug\ODAS-PSOC5-USB_Serial-01.a(USBUART_1_cdc.o)
 *fill*         0x1fffc17e        0x2 
 .bss           0x1fffc180        0x2 .\CortexM3\ARM_GCC_541\Debug\ODAS-PSOC5-USB_Serial-01.a(USBUART_1_std.o)
 *(COMMON)
 *fill*         0x1fffc182        0x2 
 COMMON         0x1fffc184       0x84 .\CortexM3\ARM_GCC_541\Debug\main.o
                0x1fffc184                Count
                0x1fffc188                Buffer
 COMMON         0x1fffc208       0x18 .\CortexM3\ARM_GCC_541\Debug\ODAS-PSOC5-USB_Serial-01.a(USBUART_1_cdc.o)
                0x1fffc208                USBUART_1_cdcDataInEp
                0x1fffc20c                USBUART_1_cdcDataOutEp
                0x1fffc210                USBUART_1_cdcCommInInterruptEp
                0x1fffc214                USBUART_1_serialStateBitmap
                0x1fffc218                USBUART_1_linesChanged
                0x1fffc21c                USBUART_1_linesControlBitmap
 COMMON         0x1fffc220       0x97 .\CortexM3\ARM_GCC_541\Debug\ODAS-PSOC5-USB_Serial-01.a(USBUART_1_drv.o)
                0x1fffc220                USBUART_1_interfaceSettingLast
                0x1fffc222                USBUART_1_ep0Mode
                0x1fffc223                USBUART_1_lastPacketSize
                0x1fffc224                USBUART_1_configurationChanged
                0x1fffc225                USBUART_1_configuration
                0x1fffc226                USBUART_1_interfaceNumber
                0x1fffc227                USBUART_1_deviceStatus
                0x1fffc228                USBUART_1_ep0Toggle
                0x1fffc22c                USBUART_1_interfaceClass
                0x1fffc230                USBUART_1_interfaceSetting
                0x1fffc234                USBUART_1_currentTD
                0x1fffc240                USBUART_1_ep0Count
                0x1fffc244                USBUART_1_EP
                0x1fffc2b0                USBUART_1_transferByteCount
                0x1fffc2b2                USBUART_1_transferState
                0x1fffc2b3                USBUART_1_device
                0x1fffc2b4                USBUART_1_interfaceStatus
                0x1fffc2b6                USBUART_1_deviceAddress
 *fill*         0x1fffc2b7        0x1 
 COMMON         0x1fffc2b8       0x22 .\CortexM3\ARM_GCC_541\Debug\ODAS-PSOC5-USB_Serial-01.a(USBUART_1_descr.o)
                0x1fffc2b8                USBUART_1_idSerialNumberStringDescriptor
                0x1fffc2e0                . = ALIGN (0x8)
 *fill*         0x1fffc2da        0x6 
 *(.ram.b)
                0x1fffc2e0                _end = .
                0x1fffc2e0                __end = .
                0x1fffc2e0                PROVIDE (end, .)
                0x1fffc2e0                PROVIDE (__bss_end__, .)
                0x00001c90                __cy_region_init_ram = LOADADDR (.data)
                0x00000098                __cy_region_init_size_ram = (_edata - ADDR (.data))
                0x00000180                __cy_region_zero_size_ram = (_end - _edata)

.heap           0x1fffc2e0       0x80 load address 0x00001d28
                0x1fffc2e0                . = _end
                0x1fffc360                . = (. + 0x80)
 *fill*         0x1fffc2e0       0x80 
                0x1fffc360                __cy_heap_limit = .

.stack          0x20003800      0x800
                0x20003800                __cy_stack_limit = .
                0x20004000                . = (. + 0x800)
 *fill*         0x20003800      0x800 
                0x00000001                ASSERT ((__cy_stack_limit >= __cy_heap_limit), region RAM overflowed with stack)
                0x00000000                cy_checksum_exclude_size = (CY_APPL_LOADABLE == 0x1)?SIZEOF (.cy_checksum_exclude):0x0
                0x00000001                ASSERT ((cy_checksum_exclude_size <= CY_CHECKSUM_EXCLUDE_SIZE), CY_BOOT: Section .cy_checksum_exclude size exceedes specified limit.)

.cyloadermeta
 *(.cyloadermeta)

.cyloadablemeta
 *(.cyloadablemeta)

.cyconfigecc    0x80000000      0x2c0
 *(.cyconfigecc)
 .cyconfigecc   0x80000000      0x2c0 .\CortexM3\ARM_GCC_541\Debug\cymetadata.o
                0x80000000                cy_meta_configecc

.cycustnvl      0x90000000        0x4
 *(.cycustnvl)
 .cycustnvl     0x90000000        0x4 .\CortexM3\ARM_GCC_541\Debug\cymetadata.o
                0x90000000                cy_meta_custnvl

.cywolatch      0x90100000        0x4
 *(.cywolatch)
 .cywolatch     0x90100000        0x4 .\CortexM3\ARM_GCC_541\Debug\cymetadata.o
                0x90100000                cy_meta_wonvl

.cyeeprom       0x90200000        0x0
 *(.cyeeprom)
                0x00000001                ASSERT ((. <= ((0x90200000 + ee_offset) + ee_size)), .cyeeprom data will not fit in EEPROM)

.cyflashprotect
                0x90400000       0x80
 *(.cyflashprotect)
 .cyflashprotect
                0x90400000       0x80 .\CortexM3\ARM_GCC_541\Debug\cymetadata.o
                0x90400000                cy_meta_flashprotect

.cymeta         0x90500000        0xc
 *(.cymeta)
 .cymeta        0x90500000        0xc .\CortexM3\ARM_GCC_541\Debug\cymetadata.o
                0x90500000                cy_metadata

.rel.dyn        0x00001d28        0x0 load address 0x9050000c
 .rel.iplt      0x00001d28        0x0 c:/program files (x86)/cypress/psoc creator/4.2/psoc creator/import/gnu/arm/5.4.1/bin/../lib/gcc/arm-none-eabi/5.4.1/armv7-m/crtbegin.o

.stab
 *(.stab)

.stabstr
 *(.stabstr)

.debug
 *(.debug)

.line
 *(.line)

.debug_srcinfo
 *(.debug_srcinfo)

.debug_sfnames
 *(.debug_sfnames)

.debug_aranges  0x00000000      0x910
 *(.debug_aranges)
 .debug_aranges
                0x00000000       0x20 .\CortexM3\ARM_GCC_541\Debug\main.o
 .debug_aranges
                0x00000020       0x58 .\CortexM3\ARM_GCC_541\Debug\cyfitter_cfg.o
 .debug_aranges
                0x00000078       0x18 .\CortexM3\ARM_GCC_541\Debug\cymetadata.o
 .debug_aranges
                0x00000090       0x48 .\CortexM3\ARM_GCC_541\Debug\Cm3Start.o
 .debug_aranges
                0x000000d8      0x2a0 .\CortexM3\ARM_GCC_541\Debug\ODAS-PSOC5-USB_Serial-01.a(CyLib.o)
 .debug_aranges
                0x00000378       0x98 .\CortexM3\ARM_GCC_541\Debug\ODAS-PSOC5-USB_Serial-01.a(cyPm.o)
 .debug_aranges
                0x00000410       0xc8 .\CortexM3\ARM_GCC_541\Debug\ODAS-PSOC5-USB_Serial-01.a(USBUART_1.o)
 .debug_aranges
                0x000004d8       0xe8 .\CortexM3\ARM_GCC_541\Debug\ODAS-PSOC5-USB_Serial-01.a(USBUART_1_cdc.o)
 .debug_aranges
                0x000005c0       0x98 .\CortexM3\ARM_GCC_541\Debug\ODAS-PSOC5-USB_Serial-01.a(USBUART_1_drv.o)
 .debug_aranges
                0x00000658       0x40 .\CortexM3\ARM_GCC_541\Debug\ODAS-PSOC5-USB_Serial-01.a(USBUART_1_episr.o)
 .debug_aranges
                0x00000698       0x40 .\CortexM3\ARM_GCC_541\Debug\ODAS-PSOC5-USB_Serial-01.a(USBUART_1_pm.o)
 .debug_aranges
                0x000006d8       0x80 .\CortexM3\ARM_GCC_541\Debug\ODAS-PSOC5-USB_Serial-01.a(USBUART_1_std.o)
 .debug_aranges
                0x00000758       0x20 .\CortexM3\ARM_GCC_541\Debug\ODAS-PSOC5-USB_Serial-01.a(USBUART_1_vnd.o)
 .debug_aranges
                0x00000778       0x48 .\CortexM3\ARM_GCC_541\Debug\ODAS-PSOC5-USB_Serial-01.a(USBUART_1_Dp.o)
 .debug_aranges
                0x000007c0       0x20 .\CortexM3\ARM_GCC_541\Debug\ODAS-PSOC5-USB_Serial-01.a(CyBootAsmGnu.o)
 .debug_aranges
                0x000007e0       0x80 .\CortexM3\ARM_GCC_541\Debug\ODAS-PSOC5-USB_Serial-01.a(CyFlash.o)
 .debug_aranges
                0x00000860       0x78 .\CortexM3\ARM_GCC_541\Debug\ODAS-PSOC5-USB_Serial-01.a(CySpc.o)
 .debug_aranges
                0x000008d8       0x20 .\CortexM3\ARM_GCC_541\Debug\ODAS-PSOC5-USB_Serial-01.a(USBUART_1_cls.o)
 .debug_aranges
                0x000008f8       0x18 .\CortexM3\ARM_GCC_541\Debug\ODAS-PSOC5-USB_Serial-01.a(USBUART_1_descr.o)

.debug_pubnames
 *(.debug_pubnames)

.debug_info     0x00000000     0x673c
 *(.debug_info .gnu.linkonce.wi.*)
 .debug_info    0x00000000      0x1c1 .\CortexM3\ARM_GCC_541\Debug\main.o
 .debug_info    0x000001c1      0x572 .\CortexM3\ARM_GCC_541\Debug\cyfitter_cfg.o
 .debug_info    0x00000733      0x135 .\CortexM3\ARM_GCC_541\Debug\cymetadata.o
 .debug_info    0x00000868      0x3b5 .\CortexM3\ARM_GCC_541\Debug\Cm3Start.o
 .debug_info    0x00000c1d     0x1374 .\CortexM3\ARM_GCC_541\Debug\ODAS-PSOC5-USB_Serial-01.a(CyLib.o)
 .debug_info    0x00001f91      0xa1d .\CortexM3\ARM_GCC_541\Debug\ODAS-PSOC5-USB_Serial-01.a(cyPm.o)
 .debug_info    0x000029ae      0x995 .\CortexM3\ARM_GCC_541\Debug\ODAS-PSOC5-USB_Serial-01.a(USBUART_1.o)
 .debug_info    0x00003343      0xaf7 .\CortexM3\ARM_GCC_541\Debug\ODAS-PSOC5-USB_Serial-01.a(USBUART_1_cdc.o)
 .debug_info    0x00003e3a      0x655 .\CortexM3\ARM_GCC_541\Debug\ODAS-PSOC5-USB_Serial-01.a(USBUART_1_drv.o)
 .debug_info    0x0000448f      0x254 .\CortexM3\ARM_GCC_541\Debug\ODAS-PSOC5-USB_Serial-01.a(USBUART_1_episr.o)
 .debug_info    0x000046e3      0x2e4 .\CortexM3\ARM_GCC_541\Debug\ODAS-PSOC5-USB_Serial-01.a(USBUART_1_pm.o)
 .debug_info    0x000049c7      0xb26 .\CortexM3\ARM_GCC_541\Debug\ODAS-PSOC5-USB_Serial-01.a(USBUART_1_std.o)
 .debug_info    0x000054ed       0xed .\CortexM3\ARM_GCC_541\Debug\ODAS-PSOC5-USB_Serial-01.a(USBUART_1_vnd.o)
 .debug_info    0x000055da      0x174 .\CortexM3\ARM_GCC_541\Debug\ODAS-PSOC5-USB_Serial-01.a(USBUART_1_Dp.o)
 .debug_info    0x0000574e       0xcc .\CortexM3\ARM_GCC_541\Debug\ODAS-PSOC5-USB_Serial-01.a(CyBootAsmGnu.o)
 .debug_info    0x0000581a      0x5b8 .\CortexM3\ARM_GCC_541\Debug\ODAS-PSOC5-USB_Serial-01.a(CyFlash.o)
 .debug_info    0x00005dd2      0x4e9 .\CortexM3\ARM_GCC_541\Debug\ODAS-PSOC5-USB_Serial-01.a(CySpc.o)
 .debug_info    0x000062bb      0x1de .\CortexM3\ARM_GCC_541\Debug\ODAS-PSOC5-USB_Serial-01.a(USBUART_1_cls.o)
 .debug_info    0x00006499      0x2a3 .\CortexM3\ARM_GCC_541\Debug\ODAS-PSOC5-USB_Serial-01.a(USBUART_1_descr.o)

.debug_abbrev   0x00000000     0x193d
 *(.debug_abbrev)
 .debug_abbrev  0x00000000       0xe2 .\CortexM3\ARM_GCC_541\Debug\main.o
 .debug_abbrev  0x000000e2      0x1fe .\CortexM3\ARM_GCC_541\Debug\cyfitter_cfg.o
 .debug_abbrev  0x000002e0       0x66 .\CortexM3\ARM_GCC_541\Debug\cymetadata.o
 .debug_abbrev  0x00000346      0x1e8 .\CortexM3\ARM_GCC_541\Debug\Cm3Start.o
 .debug_abbrev  0x0000052e      0x254 .\CortexM3\ARM_GCC_541\Debug\ODAS-PSOC5-USB_Serial-01.a(CyLib.o)
 .debug_abbrev  0x00000782      0x1ab .\CortexM3\ARM_GCC_541\Debug\ODAS-PSOC5-USB_Serial-01.a(cyPm.o)
 .debug_abbrev  0x0000092d      0x215 .\CortexM3\ARM_GCC_541\Debug\ODAS-PSOC5-USB_Serial-01.a(USBUART_1.o)
 .debug_abbrev  0x00000b42      0x245 .\CortexM3\ARM_GCC_541\Debug\ODAS-PSOC5-USB_Serial-01.a(USBUART_1_cdc.o)
 .debug_abbrev  0x00000d87      0x189 .\CortexM3\ARM_GCC_541\Debug\ODAS-PSOC5-USB_Serial-01.a(USBUART_1_drv.o)
 .debug_abbrev  0x00000f10      0x11b .\CortexM3\ARM_GCC_541\Debug\ODAS-PSOC5-USB_Serial-01.a(USBUART_1_episr.o)
 .debug_abbrev  0x0000102b      0x108 .\CortexM3\ARM_GCC_541\Debug\ODAS-PSOC5-USB_Serial-01.a(USBUART_1_pm.o)
 .debug_abbrev  0x00001133      0x20a .\CortexM3\ARM_GCC_541\Debug\ODAS-PSOC5-USB_Serial-01.a(USBUART_1_std.o)
 .debug_abbrev  0x0000133d       0x9b .\CortexM3\ARM_GCC_541\Debug\ODAS-PSOC5-USB_Serial-01.a(USBUART_1_vnd.o)
 .debug_abbrev  0x000013d8       0x90 .\CortexM3\ARM_GCC_541\Debug\ODAS-PSOC5-USB_Serial-01.a(USBUART_1_Dp.o)
 .debug_abbrev  0x00001468       0x14 .\CortexM3\ARM_GCC_541\Debug\ODAS-PSOC5-USB_Serial-01.a(CyBootAsmGnu.o)
 .debug_abbrev  0x0000147c      0x198 .\CortexM3\ARM_GCC_541\Debug\ODAS-PSOC5-USB_Serial-01.a(CyFlash.o)
 .debug_abbrev  0x00001614      0x194 .\CortexM3\ARM_GCC_541\Debug\ODAS-PSOC5-USB_Serial-01.a(CySpc.o)
 .debug_abbrev  0x000017a8       0xe1 .\CortexM3\ARM_GCC_541\Debug\ODAS-PSOC5-USB_Serial-01.a(USBUART_1_cls.o)
 .debug_abbrev  0x00001889       0xb4 .\CortexM3\ARM_GCC_541\Debug\ODAS-PSOC5-USB_Serial-01.a(USBUART_1_descr.o)

.debug_line     0x00000000     0x2724
 *(.debug_line)
 .debug_line    0x00000000      0x198 .\CortexM3\ARM_GCC_541\Debug\main.o
 .debug_line    0x00000198      0x1f4 .\CortexM3\ARM_GCC_541\Debug\cyfitter_cfg.o
 .debug_line    0x0000038c      0x141 .\CortexM3\ARM_GCC_541\Debug\cymetadata.o
 .debug_line    0x000004cd      0x234 .\CortexM3\ARM_GCC_541\Debug\Cm3Start.o
 .debug_line    0x00000701      0x816 .\CortexM3\ARM_GCC_541\Debug\ODAS-PSOC5-USB_Serial-01.a(CyLib.o)
 .debug_line    0x00000f17      0x364 .\CortexM3\ARM_GCC_541\Debug\ODAS-PSOC5-USB_Serial-01.a(cyPm.o)
 .debug_line    0x0000127b      0x2e4 .\CortexM3\ARM_GCC_541\Debug\ODAS-PSOC5-USB_Serial-01.a(USBUART_1.o)
 .debug_line    0x0000155f      0x2f8 .\CortexM3\ARM_GCC_541\Debug\ODAS-PSOC5-USB_Serial-01.a(USBUART_1_cdc.o)
 .debug_line    0x00001857      0x227 .\CortexM3\ARM_GCC_541\Debug\ODAS-PSOC5-USB_Serial-01.a(USBUART_1_drv.o)
 .debug_line    0x00001a7e       0xec .\CortexM3\ARM_GCC_541\Debug\ODAS-PSOC5-USB_Serial-01.a(USBUART_1_episr.o)
 .debug_line    0x00001b6a      0x116 .\CortexM3\ARM_GCC_541\Debug\ODAS-PSOC5-USB_Serial-01.a(USBUART_1_pm.o)
 .debug_line    0x00001c80      0x3e8 .\CortexM3\ARM_GCC_541\Debug\ODAS-PSOC5-USB_Serial-01.a(USBUART_1_std.o)
 .debug_line    0x00002068       0x77 .\CortexM3\ARM_GCC_541\Debug\ODAS-PSOC5-USB_Serial-01.a(USBUART_1_vnd.o)
 .debug_line    0x000020df       0xbd .\CortexM3\ARM_GCC_541\Debug\ODAS-PSOC5-USB_Serial-01.a(USBUART_1_Dp.o)
 .debug_line    0x0000219c       0x66 .\CortexM3\ARM_GCC_541\Debug\ODAS-PSOC5-USB_Serial-01.a(CyBootAsmGnu.o)
 .debug_line    0x00002202      0x1e9 .\CortexM3\ARM_GCC_541\Debug\ODAS-PSOC5-USB_Serial-01.a(CyFlash.o)
 .debug_line    0x000023eb      0x23c .\CortexM3\ARM_GCC_541\Debug\ODAS-PSOC5-USB_Serial-01.a(CySpc.o)
 .debug_line    0x00002627       0x98 .\CortexM3\ARM_GCC_541\Debug\ODAS-PSOC5-USB_Serial-01.a(USBUART_1_cls.o)
 .debug_line    0x000026bf       0x65 .\CortexM3\ARM_GCC_541\Debug\ODAS-PSOC5-USB_Serial-01.a(USBUART_1_descr.o)

.debug_frame    0x00000000     0x17b8
 *(.debug_frame)
 .debug_frame   0x00000000       0x2c .\CortexM3\ARM_GCC_541\Debug\main.o
 .debug_frame   0x0000002c       0xe4 .\CortexM3\ARM_GCC_541\Debug\cyfitter_cfg.o
 .debug_frame   0x00000110       0xb8 .\CortexM3\ARM_GCC_541\Debug\Cm3Start.o
 .debug_frame   0x000001c8      0x738 .\CortexM3\ARM_GCC_541\Debug\ODAS-PSOC5-USB_Serial-01.a(CyLib.o)
 .debug_frame   0x00000900      0x1f8 .\CortexM3\ARM_GCC_541\Debug\ODAS-PSOC5-USB_Serial-01.a(cyPm.o)
 .debug_frame   0x00000af8      0x1dc .\CortexM3\ARM_GCC_541\Debug\ODAS-PSOC5-USB_Serial-01.a(USBUART_1.o)
 .debug_frame   0x00000cd4      0x27c .\CortexM3\ARM_GCC_541\Debug\ODAS-PSOC5-USB_Serial-01.a(USBUART_1_cdc.o)
 .debug_frame   0x00000f50      0x194 .\CortexM3\ARM_GCC_541\Debug\ODAS-PSOC5-USB_Serial-01.a(USBUART_1_drv.o)
 .debug_frame   0x000010e4       0x6c .\CortexM3\ARM_GCC_541\Debug\ODAS-PSOC5-USB_Serial-01.a(USBUART_1_episr.o)
 .debug_frame   0x00001150       0xa0 .\CortexM3\ARM_GCC_541\Debug\ODAS-PSOC5-USB_Serial-01.a(USBUART_1_pm.o)
 .debug_frame   0x000011f0      0x17c .\CortexM3\ARM_GCC_541\Debug\ODAS-PSOC5-USB_Serial-01.a(USBUART_1_std.o)
 .debug_frame   0x0000136c       0x20 .\CortexM3\ARM_GCC_541\Debug\ODAS-PSOC5-USB_Serial-01.a(USBUART_1_vnd.o)
 .debug_frame   0x0000138c       0x70 .\CortexM3\ARM_GCC_541\Debug\ODAS-PSOC5-USB_Serial-01.a(USBUART_1_Dp.o)
 .debug_frame   0x000013fc      0x174 .\CortexM3\ARM_GCC_541\Debug\ODAS-PSOC5-USB_Serial-01.a(CyFlash.o)
 .debug_frame   0x00001570      0x160 .\CortexM3\ARM_GCC_541\Debug\ODAS-PSOC5-USB_Serial-01.a(CySpc.o)
 .debug_frame   0x000016d0       0x2c .\CortexM3\ARM_GCC_541\Debug\ODAS-PSOC5-USB_Serial-01.a(USBUART_1_cls.o)
 .debug_frame   0x000016fc       0x20 c:/program files (x86)/cypress/psoc creator/4.2/psoc creator/import/gnu/arm/5.4.1/bin/../lib/gcc/arm-none-eabi/5.4.1/../../../../arm-none-eabi/lib/armv7-m\libg_nano.a(lib_a-errno.o)
 .debug_frame   0x0000171c       0x28 c:/program files (x86)/cypress/psoc creator/4.2/psoc creator/import/gnu/arm/5.4.1/bin/../lib/gcc/arm-none-eabi/5.4.1/../../../../arm-none-eabi/lib/armv7-m\libg_nano.a(lib_a-exit.o)
 .debug_frame   0x00001744       0x2c c:/program files (x86)/cypress/psoc creator/4.2/psoc creator/import/gnu/arm/5.4.1/bin/../lib/gcc/arm-none-eabi/5.4.1/../../../../arm-none-eabi/lib/armv7-m\libg_nano.a(lib_a-init.o)
 .debug_frame   0x00001770       0x28 c:/program files (x86)/cypress/psoc creator/4.2/psoc creator/import/gnu/arm/5.4.1/bin/../lib/gcc/arm-none-eabi/5.4.1/../../../../arm-none-eabi/lib/armv7-m\libg_nano.a(lib_a-memcpy-stub.o)
 .debug_frame   0x00001798       0x20 c:/program files (x86)/cypress/psoc creator/4.2/psoc creator/import/gnu/arm/5.4.1/bin/../lib/gcc/arm-none-eabi/5.4.1/../../../../arm-none-eabi/lib/armv7-m\libg_nano.a(lib_a-memset.o)

.debug_str      0x00000000     0x25b6
 *(.debug_str)
 .debug_str     0x00000000      0x229 .\CortexM3\ARM_GCC_541\Debug\main.o
                                0x27e (size before relaxing)
 .debug_str     0x00000229      0x181 .\CortexM3\ARM_GCC_541\Debug\cyfitter_cfg.o
                                0x34b (size before relaxing)
 .debug_str     0x000003aa       0x7f .\CortexM3\ARM_GCC_541\Debug\cymetadata.o
                                0x220 (size before relaxing)
 .debug_str     0x00000429      0x144 .\CortexM3\ARM_GCC_541\Debug\Cm3Start.o
                                0x346 (size before relaxing)
 .debug_str     0x0000056d      0x854 .\CortexM3\ARM_GCC_541\Debug\ODAS-PSOC5-USB_Serial-01.a(CyLib.o)
                                0xa83 (size before relaxing)
 .debug_str     0x00000dc1      0x359 .\CortexM3\ARM_GCC_541\Debug\ODAS-PSOC5-USB_Serial-01.a(cyPm.o)
                                0x763 (size before relaxing)
 .debug_str     0x0000111a      0x46e .\CortexM3\ARM_GCC_541\Debug\ODAS-PSOC5-USB_Serial-01.a(USBUART_1.o)
                                0x6f6 (size before relaxing)
 .debug_str     0x00001588      0x528 .\CortexM3\ARM_GCC_541\Debug\ODAS-PSOC5-USB_Serial-01.a(USBUART_1_cdc.o)
                                0x877 (size before relaxing)
 .debug_str     0x00001ab0      0x2c1 .\CortexM3\ARM_GCC_541\Debug\ODAS-PSOC5-USB_Serial-01.a(USBUART_1_drv.o)
                                0x6d8 (size before relaxing)
 .debug_str     0x00001d71       0x8c .\CortexM3\ARM_GCC_541\Debug\ODAS-PSOC5-USB_Serial-01.a(USBUART_1_episr.o)
                                0x331 (size before relaxing)
 .debug_str     0x00001dfd       0xe6 .\CortexM3\ARM_GCC_541\Debug\ODAS-PSOC5-USB_Serial-01.a(USBUART_1_pm.o)
                                0x344 (size before relaxing)
 .debug_str     0x00001ee3      0x27b .\CortexM3\ARM_GCC_541\Debug\ODAS-PSOC5-USB_Serial-01.a(USBUART_1_std.o)
                                0x84d (size before relaxing)
 .debug_str     0x0000215e       0x27 .\CortexM3\ARM_GCC_541\Debug\ODAS-PSOC5-USB_Serial-01.a(USBUART_1_vnd.o)
                                0x22f (size before relaxing)
 .debug_str     0x00002185       0xb0 .\CortexM3\ARM_GCC_541\Debug\ODAS-PSOC5-USB_Serial-01.a(USBUART_1_Dp.o)
                                0x28b (size before relaxing)
 .debug_str     0x00002235      0x19c .\CortexM3\ARM_GCC_541\Debug\ODAS-PSOC5-USB_Serial-01.a(CyFlash.o)
                                0x3dd (size before relaxing)
 .debug_str     0x000023d1       0xac .\CortexM3\ARM_GCC_541\Debug\ODAS-PSOC5-USB_Serial-01.a(CySpc.o)
                                0x366 (size before relaxing)
 .debug_str     0x0000247d       0x27 .\CortexM3\ARM_GCC_541\Debug\ODAS-PSOC5-USB_Serial-01.a(USBUART_1_cls.o)
                                0x2f6 (size before relaxing)
 .debug_str     0x000024a4      0x112 .\CortexM3\ARM_GCC_541\Debug\ODAS-PSOC5-USB_Serial-01.a(USBUART_1_descr.o)
                                0x3af (size before relaxing)

.debug_loc      0x00000000     0x2d47
 *(.debug_loc)
 .debug_loc     0x00000000      0x1f0 .\CortexM3\ARM_GCC_541\Debug\cyfitter_cfg.o
 .debug_loc     0x000001f0      0x144 .\CortexM3\ARM_GCC_541\Debug\Cm3Start.o
 .debug_loc     0x00000334      0xa11 .\CortexM3\ARM_GCC_541\Debug\ODAS-PSOC5-USB_Serial-01.a(CyLib.o)
 .debug_loc     0x00000d45      0x1e4 .\CortexM3\ARM_GCC_541\Debug\ODAS-PSOC5-USB_Serial-01.a(cyPm.o)
 .debug_loc     0x00000f29      0x3e1 .\CortexM3\ARM_GCC_541\Debug\ODAS-PSOC5-USB_Serial-01.a(USBUART_1.o)
 .debug_loc     0x0000130a      0x557 .\CortexM3\ARM_GCC_541\Debug\ODAS-PSOC5-USB_Serial-01.a(USBUART_1_cdc.o)
 .debug_loc     0x00001861      0x171 .\CortexM3\ARM_GCC_541\Debug\ODAS-PSOC5-USB_Serial-01.a(USBUART_1_drv.o)
 .debug_loc     0x000019d2       0x26 .\CortexM3\ARM_GCC_541\Debug\ODAS-PSOC5-USB_Serial-01.a(USBUART_1_pm.o)
 .debug_loc     0x000019f8      0x945 .\CortexM3\ARM_GCC_541\Debug\ODAS-PSOC5-USB_Serial-01.a(USBUART_1_std.o)
 .debug_loc     0x0000233d       0x84 .\CortexM3\ARM_GCC_541\Debug\ODAS-PSOC5-USB_Serial-01.a(USBUART_1_Dp.o)
 .debug_loc     0x000023c1      0x2f2 .\CortexM3\ARM_GCC_541\Debug\ODAS-PSOC5-USB_Serial-01.a(CyFlash.o)
 .debug_loc     0x000026b3      0x64d .\CortexM3\ARM_GCC_541\Debug\ODAS-PSOC5-USB_Serial-01.a(CySpc.o)
 .debug_loc     0x00002d00       0x47 .\CortexM3\ARM_GCC_541\Debug\ODAS-PSOC5-USB_Serial-01.a(USBUART_1_cls.o)

.debug_macinfo
 *(.debug_macinfo)

.debug_ranges   0x00000000      0x7d8
 *(.debug_ranges)
 .debug_ranges  0x00000000       0x10 .\CortexM3\ARM_GCC_541\Debug\main.o
 .debug_ranges  0x00000010       0x48 .\CortexM3\ARM_GCC_541\Debug\cyfitter_cfg.o
 .debug_ranges  0x00000058       0x38 .\CortexM3\ARM_GCC_541\Debug\Cm3Start.o
 .debug_ranges  0x00000090      0x290 .\CortexM3\ARM_GCC_541\Debug\ODAS-PSOC5-USB_Serial-01.a(CyLib.o)
 .debug_ranges  0x00000320       0x88 .\CortexM3\ARM_GCC_541\Debug\ODAS-PSOC5-USB_Serial-01.a(cyPm.o)
 .debug_ranges  0x000003a8       0xd0 .\CortexM3\ARM_GCC_541\Debug\ODAS-PSOC5-USB_Serial-01.a(USBUART_1.o)
 .debug_ranges  0x00000478       0xd8 .\CortexM3\ARM_GCC_541\Debug\ODAS-PSOC5-USB_Serial-01.a(USBUART_1_cdc.o)
 .debug_ranges  0x00000550       0x88 .\CortexM3\ARM_GCC_541\Debug\ODAS-PSOC5-USB_Serial-01.a(USBUART_1_drv.o)
 .debug_ranges  0x000005d8       0x30 .\CortexM3\ARM_GCC_541\Debug\ODAS-PSOC5-USB_Serial-01.a(USBUART_1_episr.o)
 .debug_ranges  0x00000608       0x30 .\CortexM3\ARM_GCC_541\Debug\ODAS-PSOC5-USB_Serial-01.a(USBUART_1_pm.o)
 .debug_ranges  0x00000638       0x70 .\CortexM3\ARM_GCC_541\Debug\ODAS-PSOC5-USB_Serial-01.a(USBUART_1_std.o)
 .debug_ranges  0x000006a8       0x10 .\CortexM3\ARM_GCC_541\Debug\ODAS-PSOC5-USB_Serial-01.a(USBUART_1_vnd.o)
 .debug_ranges  0x000006b8       0x38 .\CortexM3\ARM_GCC_541\Debug\ODAS-PSOC5-USB_Serial-01.a(USBUART_1_Dp.o)
 .debug_ranges  0x000006f0       0x70 .\CortexM3\ARM_GCC_541\Debug\ODAS-PSOC5-USB_Serial-01.a(CyFlash.o)
 .debug_ranges  0x00000760       0x68 .\CortexM3\ARM_GCC_541\Debug\ODAS-PSOC5-USB_Serial-01.a(CySpc.o)
 .debug_ranges  0x000007c8       0x10 .\CortexM3\ARM_GCC_541\Debug\ODAS-PSOC5-USB_Serial-01.a(USBUART_1_cls.o)

.comment        0x00000000       0x6e
 .comment       0x00000000       0x6e .\CortexM3\ARM_GCC_541\Debug\main.o
                                 0x6f (size before relaxing)
 .comment       0x0000006e       0x6f .\CortexM3\ARM_GCC_541\Debug\cyfitter_cfg.o
 .comment       0x0000006e       0x6f .\CortexM3\ARM_GCC_541\Debug\cymetadata.o
 .comment       0x0000006e       0x6f .\CortexM3\ARM_GCC_541\Debug\Cm3Start.o
 .comment       0x0000006e       0x6f .\CortexM3\ARM_GCC_541\Debug\ODAS-PSOC5-USB_Serial-01.a(CyLib.o)
 .comment       0x0000006e       0x6f .\CortexM3\ARM_GCC_541\Debug\ODAS-PSOC5-USB_Serial-01.a(cyPm.o)
 .comment       0x0000006e       0x6f .\CortexM3\ARM_GCC_541\Debug\ODAS-PSOC5-USB_Serial-01.a(USBUART_1.o)
 .comment       0x0000006e       0x6f .\CortexM3\ARM_GCC_541\Debug\ODAS-PSOC5-USB_Serial-01.a(USBUART_1_cdc.o)
 .comment       0x0000006e       0x6f .\CortexM3\ARM_GCC_541\Debug\ODAS-PSOC5-USB_Serial-01.a(USBUART_1_drv.o)
 .comment       0x0000006e       0x6f .\CortexM3\ARM_GCC_541\Debug\ODAS-PSOC5-USB_Serial-01.a(USBUART_1_episr.o)
 .comment       0x0000006e       0x6f .\CortexM3\ARM_GCC_541\Debug\ODAS-PSOC5-USB_Serial-01.a(USBUART_1_pm.o)
 .comment       0x0000006e       0x6f .\CortexM3\ARM_GCC_541\Debug\ODAS-PSOC5-USB_Serial-01.a(USBUART_1_std.o)
 .comment       0x0000006e       0x6f .\CortexM3\ARM_GCC_541\Debug\ODAS-PSOC5-USB_Serial-01.a(USBUART_1_vnd.o)
 .comment       0x0000006e       0x6f .\CortexM3\ARM_GCC_541\Debug\ODAS-PSOC5-USB_Serial-01.a(USBUART_1_Dp.o)
 .comment       0x0000006e       0x6f .\CortexM3\ARM_GCC_541\Debug\ODAS-PSOC5-USB_Serial-01.a(CyFlash.o)
 .comment       0x0000006e       0x6f .\CortexM3\ARM_GCC_541\Debug\ODAS-PSOC5-USB_Serial-01.a(CySpc.o)
 .comment       0x0000006e       0x6f .\CortexM3\ARM_GCC_541\Debug\ODAS-PSOC5-USB_Serial-01.a(USBUART_1_cls.o)
 .comment       0x0000006e       0x6f .\CortexM3\ARM_GCC_541\Debug\ODAS-PSOC5-USB_Serial-01.a(USBUART_1_descr.o)

.debug_weaknames
 *(.debug_weaknames)

.debug_funcnames
 *(.debug_funcnames)

.debug_typenames
 *(.debug_typenames)

.debug_varnames
 *(.debug_varnames)

.note.gnu.arm.ident
 *(.note.gnu.arm.ident)

.ARM.attributes
                0x00000000       0x29
 *(.ARM.attributes)
 .ARM.attributes
                0x00000000       0x1d c:/program files (x86)/cypress/psoc creator/4.2/psoc creator/import/gnu/arm/5.4.1/bin/../lib/gcc/arm-none-eabi/5.4.1/armv7-m/crti.o
 .ARM.attributes
                0x0000001d       0x2d c:/program files (x86)/cypress/psoc creator/4.2/psoc creator/import/gnu/arm/5.4.1/bin/../lib/gcc/arm-none-eabi/5.4.1/armv7-m/crtbegin.o
 .ARM.attributes
                0x0000004a       0x1b c:/program files (x86)/cypress/psoc creator/4.2/psoc creator/import/gnu/arm/5.4.1/bin/../lib/gcc/arm-none-eabi/5.4.1/../../../../arm-none-eabi/lib/armv7-m/crt0.o
 .ARM.attributes
                0x00000065       0x33 .\CortexM3\ARM_GCC_541\Debug\main.o
 .ARM.attributes
                0x00000098       0x33 .\CortexM3\ARM_GCC_541\Debug\cyfitter_cfg.o
 .ARM.attributes
                0x000000cb       0x33 .\CortexM3\ARM_GCC_541\Debug\cymetadata.o
 .ARM.attributes
                0x000000fe       0x33 .\CortexM3\ARM_GCC_541\Debug\Cm3Start.o
 .ARM.attributes
                0x00000131       0x33 .\CortexM3\ARM_GCC_541\Debug\ODAS-PSOC5-USB_Serial-01.a(CyLib.o)
 .ARM.attributes
                0x00000164       0x33 .\CortexM3\ARM_GCC_541\Debug\ODAS-PSOC5-USB_Serial-01.a(cyPm.o)
 .ARM.attributes
                0x00000197       0x33 .\CortexM3\ARM_GCC_541\Debug\ODAS-PSOC5-USB_Serial-01.a(USBUART_1.o)
 .ARM.attributes
                0x000001ca       0x33 .\CortexM3\ARM_GCC_541\Debug\ODAS-PSOC5-USB_Serial-01.a(USBUART_1_cdc.o)
 .ARM.attributes
                0x000001fd       0x33 .\CortexM3\ARM_GCC_541\Debug\ODAS-PSOC5-USB_Serial-01.a(USBUART_1_drv.o)
 .ARM.attributes
                0x00000230       0x33 .\CortexM3\ARM_GCC_541\Debug\ODAS-PSOC5-USB_Serial-01.a(USBUART_1_episr.o)
 .ARM.attributes
                0x00000263       0x33 .\CortexM3\ARM_GCC_541\Debug\ODAS-PSOC5-USB_Serial-01.a(USBUART_1_pm.o)
 .ARM.attributes
                0x00000296       0x33 .\CortexM3\ARM_GCC_541\Debug\ODAS-PSOC5-USB_Serial-01.a(USBUART_1_std.o)
 .ARM.attributes
                0x000002c9       0x33 .\CortexM3\ARM_GCC_541\Debug\ODAS-PSOC5-USB_Serial-01.a(USBUART_1_vnd.o)
 .ARM.attributes
                0x000002fc       0x33 .\CortexM3\ARM_GCC_541\Debug\ODAS-PSOC5-USB_Serial-01.a(USBUART_1_Dp.o)
 .ARM.attributes
                0x0000032f       0x21 .\CortexM3\ARM_GCC_541\Debug\ODAS-PSOC5-USB_Serial-01.a(CyBootAsmGnu.o)
 .ARM.attributes
                0x00000350       0x33 .\CortexM3\ARM_GCC_541\Debug\ODAS-PSOC5-USB_Serial-01.a(CyFlash.o)
 .ARM.attributes
                0x00000383       0x33 .\CortexM3\ARM_GCC_541\Debug\ODAS-PSOC5-USB_Serial-01.a(CySpc.o)
 .ARM.attributes
                0x000003b6       0x33 .\CortexM3\ARM_GCC_541\Debug\ODAS-PSOC5-USB_Serial-01.a(USBUART_1_cls.o)
 .ARM.attributes
                0x000003e9       0x33 .\CortexM3\ARM_GCC_541\Debug\ODAS-PSOC5-USB_Serial-01.a(USBUART_1_descr.o)
 .ARM.attributes
                0x0000041c       0x2d c:/program files (x86)/cypress/psoc creator/4.2/psoc creator/import/gnu/arm/5.4.1/bin/../lib/gcc/arm-none-eabi/5.4.1/../../../../arm-none-eabi/lib/armv7-m\libg_nano.a(lib_a-errno.o)
 .ARM.attributes
                0x00000449       0x2d c:/program files (x86)/cypress/psoc creator/4.2/psoc creator/import/gnu/arm/5.4.1/bin/../lib/gcc/arm-none-eabi/5.4.1/../../../../arm-none-eabi/lib/armv7-m\libg_nano.a(lib_a-exit.o)
 .ARM.attributes
                0x00000476       0x2d c:/program files (x86)/cypress/psoc creator/4.2/psoc creator/import/gnu/arm/5.4.1/bin/../lib/gcc/arm-none-eabi/5.4.1/../../../../arm-none-eabi/lib/armv7-m\libg_nano.a(lib_a-impure.o)
 .ARM.attributes
                0x000004a3       0x2d c:/program files (x86)/cypress/psoc creator/4.2/psoc creator/import/gnu/arm/5.4.1/bin/../lib/gcc/arm-none-eabi/5.4.1/../../../../arm-none-eabi/lib/armv7-m\libg_nano.a(lib_a-init.o)
 .ARM.attributes
                0x000004d0       0x2d c:/program files (x86)/cypress/psoc creator/4.2/psoc creator/import/gnu/arm/5.4.1/bin/../lib/gcc/arm-none-eabi/5.4.1/../../../../arm-none-eabi/lib/armv7-m\libg_nano.a(lib_a-memcpy-stub.o)
 .ARM.attributes
                0x000004fd       0x2d c:/program files (x86)/cypress/psoc creator/4.2/psoc creator/import/gnu/arm/5.4.1/bin/../lib/gcc/arm-none-eabi/5.4.1/../../../../arm-none-eabi/lib/armv7-m\libg_nano.a(lib_a-memset.o)
 .ARM.attributes
                0x0000052a       0x2d c:/program files (x86)/cypress/psoc creator/4.2/psoc creator/import/gnu/arm/5.4.1/bin/../lib/gcc/arm-none-eabi/5.4.1/armv7-m/crtend.o
 .ARM.attributes
                0x00000557       0x1d c:/program files (x86)/cypress/psoc creator/4.2/psoc creator/import/gnu/arm/5.4.1/bin/../lib/gcc/arm-none-eabi/5.4.1/armv7-m/crtn.o

/DISCARD/
 *(.note.GNU-stack)
OUTPUT(C:\Users\dgilliland\Documents\GitHub\Retro-Computers\Z80\PSOC\PSOC_Design_Files\GS_9_Chip_PSoC\ODAS-PSOC5-USB_Serial-01.cydsn\CortexM3\ARM_GCC_541\Debug\ODAS-PSOC5-USB_Serial-01.elf elf32-littlearm)
