ARM GAS  C:\Users\HPz420\AppData\Local\Temp\ccJh6ZcJ.s 			page 1


   1              		.syntax unified
   2              		.cpu cortex-m3
   3              		.fpu softvfp
   4              		.eabi_attribute 20, 1
   5              		.eabi_attribute 21, 1
   6              		.eabi_attribute 23, 3
   7              		.eabi_attribute 24, 1
   8              		.eabi_attribute 25, 1
   9              		.eabi_attribute 26, 1
  10              		.eabi_attribute 30, 6
  11              		.eabi_attribute 34, 1
  12              		.eabi_attribute 18, 4
  13              		.thumb
  14              		.syntax unified
  15              		.file	"NSDSPI_UDB_BIT_COUNTER.c"
  16              		.text
  17              	.Ltext0:
  18              		.cfi_sections	.debug_frame
  19              		.global	NSDSPI_UDB_BIT_COUNTER_initVar
  20              		.bss
  21              		.type	NSDSPI_UDB_BIT_COUNTER_initVar, %object
  22              		.size	NSDSPI_UDB_BIT_COUNTER_initVar, 1
  23              	NSDSPI_UDB_BIT_COUNTER_initVar:
  24 0000 00       		.space	1
  25              		.section	.text.NSDSPI_UDB_BIT_COUNTER_Init,"ax",%progbits
  26              		.align	2
  27              		.global	NSDSPI_UDB_BIT_COUNTER_Init
  28              		.thumb
  29              		.thumb_func
  30              		.type	NSDSPI_UDB_BIT_COUNTER_Init, %function
  31              	NSDSPI_UDB_BIT_COUNTER_Init:
  32              	.LFB0:
  33              		.file 1 "Generated_Source\\PSoC5\\NSDSPI_UDB_BIT_COUNTER.c"
   1:Generated_Source\PSoC5/NSDSPI_UDB_BIT_COUNTER.c **** /*******************************************************************************
   2:Generated_Source\PSoC5/NSDSPI_UDB_BIT_COUNTER.c **** * File Name: NSDSPI_UDB_BIT_COUNTER.c
   3:Generated_Source\PSoC5/NSDSPI_UDB_BIT_COUNTER.c **** * Version 1.0
   4:Generated_Source\PSoC5/NSDSPI_UDB_BIT_COUNTER.c **** *
   5:Generated_Source\PSoC5/NSDSPI_UDB_BIT_COUNTER.c **** * Description:
   6:Generated_Source\PSoC5/NSDSPI_UDB_BIT_COUNTER.c **** *  This file provides source code for the Count7 component's API.
   7:Generated_Source\PSoC5/NSDSPI_UDB_BIT_COUNTER.c **** *
   8:Generated_Source\PSoC5/NSDSPI_UDB_BIT_COUNTER.c **** * Note:
   9:Generated_Source\PSoC5/NSDSPI_UDB_BIT_COUNTER.c **** *
  10:Generated_Source\PSoC5/NSDSPI_UDB_BIT_COUNTER.c **** ********************************************************************************
  11:Generated_Source\PSoC5/NSDSPI_UDB_BIT_COUNTER.c **** * Copyright 2013, Cypress Semiconductor Corporation.  All rights reserved.
  12:Generated_Source\PSoC5/NSDSPI_UDB_BIT_COUNTER.c **** * You may use this file only in accordance with the license, terms, conditions,
  13:Generated_Source\PSoC5/NSDSPI_UDB_BIT_COUNTER.c **** * disclaimers, and limitations in the end user license agreement accompanying
  14:Generated_Source\PSoC5/NSDSPI_UDB_BIT_COUNTER.c **** * the software package with which this file was provided.
  15:Generated_Source\PSoC5/NSDSPI_UDB_BIT_COUNTER.c **** *******************************************************************************/
  16:Generated_Source\PSoC5/NSDSPI_UDB_BIT_COUNTER.c **** 
  17:Generated_Source\PSoC5/NSDSPI_UDB_BIT_COUNTER.c **** #include "NSDSPI_UDB_BIT_COUNTER.h"
  18:Generated_Source\PSoC5/NSDSPI_UDB_BIT_COUNTER.c **** 
  19:Generated_Source\PSoC5/NSDSPI_UDB_BIT_COUNTER.c **** uint8 NSDSPI_UDB_BIT_COUNTER_initVar = 0u;
  20:Generated_Source\PSoC5/NSDSPI_UDB_BIT_COUNTER.c **** 
  21:Generated_Source\PSoC5/NSDSPI_UDB_BIT_COUNTER.c **** 
  22:Generated_Source\PSoC5/NSDSPI_UDB_BIT_COUNTER.c **** /*******************************************************************************
  23:Generated_Source\PSoC5/NSDSPI_UDB_BIT_COUNTER.c **** * Function Name: NSDSPI_UDB_BIT_COUNTER_Init
  24:Generated_Source\PSoC5/NSDSPI_UDB_BIT_COUNTER.c **** ********************************************************************************
ARM GAS  C:\Users\HPz420\AppData\Local\Temp\ccJh6ZcJ.s 			page 2


  25:Generated_Source\PSoC5/NSDSPI_UDB_BIT_COUNTER.c **** *
  26:Generated_Source\PSoC5/NSDSPI_UDB_BIT_COUNTER.c **** * Summary:
  27:Generated_Source\PSoC5/NSDSPI_UDB_BIT_COUNTER.c **** *  Initializes or restores the component according to the parameter editor
  28:Generated_Source\PSoC5/NSDSPI_UDB_BIT_COUNTER.c **** *  settings.
  29:Generated_Source\PSoC5/NSDSPI_UDB_BIT_COUNTER.c **** *
  30:Generated_Source\PSoC5/NSDSPI_UDB_BIT_COUNTER.c **** * Parameters:
  31:Generated_Source\PSoC5/NSDSPI_UDB_BIT_COUNTER.c **** *  None
  32:Generated_Source\PSoC5/NSDSPI_UDB_BIT_COUNTER.c **** *
  33:Generated_Source\PSoC5/NSDSPI_UDB_BIT_COUNTER.c **** * Return:
  34:Generated_Source\PSoC5/NSDSPI_UDB_BIT_COUNTER.c **** *  None
  35:Generated_Source\PSoC5/NSDSPI_UDB_BIT_COUNTER.c **** *
  36:Generated_Source\PSoC5/NSDSPI_UDB_BIT_COUNTER.c **** * Theory:
  37:Generated_Source\PSoC5/NSDSPI_UDB_BIT_COUNTER.c **** *  It is not necessary to call Count7_Init() because the Count7_Start() API
  38:Generated_Source\PSoC5/NSDSPI_UDB_BIT_COUNTER.c **** *  calls this function and is the preferred method to begin component
  39:Generated_Source\PSoC5/NSDSPI_UDB_BIT_COUNTER.c **** *  operation.
  40:Generated_Source\PSoC5/NSDSPI_UDB_BIT_COUNTER.c **** *
  41:Generated_Source\PSoC5/NSDSPI_UDB_BIT_COUNTER.c **** *******************************************************************************/
  42:Generated_Source\PSoC5/NSDSPI_UDB_BIT_COUNTER.c **** void NSDSPI_UDB_BIT_COUNTER_Init(void) 
  43:Generated_Source\PSoC5/NSDSPI_UDB_BIT_COUNTER.c **** {
  34              		.loc 1 43 0
  35              		.cfi_startproc
  36              		@ args = 0, pretend = 0, frame = 0
  37              		@ frame_needed = 1, uses_anonymous_args = 0
  38              		@ link register save eliminated.
  39 0000 80B4     		push	{r7}
  40              		.cfi_def_cfa_offset 4
  41              		.cfi_offset 7, -4
  42 0002 00AF     		add	r7, sp, #0
  43              		.cfi_def_cfa_register 7
  44:Generated_Source\PSoC5/NSDSPI_UDB_BIT_COUNTER.c ****     /* Set the initial period value from parameter editor */
  45:Generated_Source\PSoC5/NSDSPI_UDB_BIT_COUNTER.c ****     NSDSPI_UDB_BIT_COUNTER_PERIOD_REG = NSDSPI_UDB_BIT_COUNTER_INITIAL_PERIOD;
  44              		.loc 1 45 0
  45 0004 034B     		ldr	r3, .L2
  46 0006 0622     		movs	r2, #6
  47 0008 1A70     		strb	r2, [r3]
  46:Generated_Source\PSoC5/NSDSPI_UDB_BIT_COUNTER.c **** }
  48              		.loc 1 46 0
  49 000a 00BF     		nop
  50 000c BD46     		mov	sp, r7
  51              		.cfi_def_cfa_register 13
  52              		@ sp needed
  53 000e 80BC     		pop	{r7}
  54              		.cfi_restore 7
  55              		.cfi_def_cfa_offset 0
  56 0010 7047     		bx	lr
  57              	.L3:
  58 0012 00BF     		.align	2
  59              	.L2:
  60 0014 8C640040 		.word	1073767564
  61              		.cfi_endproc
  62              	.LFE0:
  63              		.size	NSDSPI_UDB_BIT_COUNTER_Init, .-NSDSPI_UDB_BIT_COUNTER_Init
  64              		.section	.text.NSDSPI_UDB_BIT_COUNTER_Enable,"ax",%progbits
  65              		.align	2
  66              		.global	NSDSPI_UDB_BIT_COUNTER_Enable
  67              		.thumb
  68              		.thumb_func
ARM GAS  C:\Users\HPz420\AppData\Local\Temp\ccJh6ZcJ.s 			page 3


  69              		.type	NSDSPI_UDB_BIT_COUNTER_Enable, %function
  70              	NSDSPI_UDB_BIT_COUNTER_Enable:
  71              	.LFB1:
  47:Generated_Source\PSoC5/NSDSPI_UDB_BIT_COUNTER.c **** 
  48:Generated_Source\PSoC5/NSDSPI_UDB_BIT_COUNTER.c **** 
  49:Generated_Source\PSoC5/NSDSPI_UDB_BIT_COUNTER.c **** /*******************************************************************************
  50:Generated_Source\PSoC5/NSDSPI_UDB_BIT_COUNTER.c **** * Function Name: NSDSPI_UDB_BIT_COUNTER_Enable
  51:Generated_Source\PSoC5/NSDSPI_UDB_BIT_COUNTER.c **** ********************************************************************************
  52:Generated_Source\PSoC5/NSDSPI_UDB_BIT_COUNTER.c **** *
  53:Generated_Source\PSoC5/NSDSPI_UDB_BIT_COUNTER.c **** * Summary:
  54:Generated_Source\PSoC5/NSDSPI_UDB_BIT_COUNTER.c **** *  Enables the software enable of the counter.
  55:Generated_Source\PSoC5/NSDSPI_UDB_BIT_COUNTER.c **** *
  56:Generated_Source\PSoC5/NSDSPI_UDB_BIT_COUNTER.c **** * Parameters:
  57:Generated_Source\PSoC5/NSDSPI_UDB_BIT_COUNTER.c **** *  None
  58:Generated_Source\PSoC5/NSDSPI_UDB_BIT_COUNTER.c **** *
  59:Generated_Source\PSoC5/NSDSPI_UDB_BIT_COUNTER.c **** * Return:
  60:Generated_Source\PSoC5/NSDSPI_UDB_BIT_COUNTER.c **** *  None
  61:Generated_Source\PSoC5/NSDSPI_UDB_BIT_COUNTER.c **** *
  62:Generated_Source\PSoC5/NSDSPI_UDB_BIT_COUNTER.c **** * Theory:
  63:Generated_Source\PSoC5/NSDSPI_UDB_BIT_COUNTER.c **** *  It is not necessary to call Count7_Enable() because the Count7_Start() API
  64:Generated_Source\PSoC5/NSDSPI_UDB_BIT_COUNTER.c **** *  calls this function, which is the preferred method to begin component
  65:Generated_Source\PSoC5/NSDSPI_UDB_BIT_COUNTER.c **** *  operation.
  66:Generated_Source\PSoC5/NSDSPI_UDB_BIT_COUNTER.c **** *  This API performs modification of auxiliary control register which is a
  67:Generated_Source\PSoC5/NSDSPI_UDB_BIT_COUNTER.c **** *  shared resource so it is required to disable interrupts until the
  68:Generated_Source\PSoC5/NSDSPI_UDB_BIT_COUNTER.c **** *  modification will complete.
  69:Generated_Source\PSoC5/NSDSPI_UDB_BIT_COUNTER.c **** *
  70:Generated_Source\PSoC5/NSDSPI_UDB_BIT_COUNTER.c **** *******************************************************************************/
  71:Generated_Source\PSoC5/NSDSPI_UDB_BIT_COUNTER.c **** void NSDSPI_UDB_BIT_COUNTER_Enable(void) 
  72:Generated_Source\PSoC5/NSDSPI_UDB_BIT_COUNTER.c **** {
  72              		.loc 1 72 0
  73              		.cfi_startproc
  74              		@ args = 0, pretend = 0, frame = 8
  75              		@ frame_needed = 1, uses_anonymous_args = 0
  76 0000 80B5     		push	{r7, lr}
  77              		.cfi_def_cfa_offset 8
  78              		.cfi_offset 7, -8
  79              		.cfi_offset 14, -4
  80 0002 82B0     		sub	sp, sp, #8
  81              		.cfi_def_cfa_offset 16
  82 0004 00AF     		add	r7, sp, #0
  83              		.cfi_def_cfa_register 7
  73:Generated_Source\PSoC5/NSDSPI_UDB_BIT_COUNTER.c ****     uint8 interruptState;
  74:Generated_Source\PSoC5/NSDSPI_UDB_BIT_COUNTER.c **** 
  75:Generated_Source\PSoC5/NSDSPI_UDB_BIT_COUNTER.c ****     interruptState = CyEnterCriticalSection();
  84              		.loc 1 75 0
  85 0006 FFF7FEFF 		bl	CyEnterCriticalSection
  86 000a 0346     		mov	r3, r0
  87 000c FB71     		strb	r3, [r7, #7]
  76:Generated_Source\PSoC5/NSDSPI_UDB_BIT_COUNTER.c ****     /* Set the counter start bit in auxiliary control. If routed enable
  77:Generated_Source\PSoC5/NSDSPI_UDB_BIT_COUNTER.c ****     * isn't used then this will immediately star the Count7 operation.
  78:Generated_Source\PSoC5/NSDSPI_UDB_BIT_COUNTER.c ****     */
  79:Generated_Source\PSoC5/NSDSPI_UDB_BIT_COUNTER.c ****     NSDSPI_UDB_BIT_COUNTER_AUX_CONTROL_REG |= NSDSPI_UDB_BIT_COUNTER_COUNTER_START;
  88              		.loc 1 79 0
  89 000e 084A     		ldr	r2, .L5
  90 0010 074B     		ldr	r3, .L5
  91 0012 1B78     		ldrb	r3, [r3]
  92 0014 DBB2     		uxtb	r3, r3
ARM GAS  C:\Users\HPz420\AppData\Local\Temp\ccJh6ZcJ.s 			page 4


  93 0016 43F02003 		orr	r3, r3, #32
  94 001a DBB2     		uxtb	r3, r3
  95 001c 1370     		strb	r3, [r2]
  80:Generated_Source\PSoC5/NSDSPI_UDB_BIT_COUNTER.c **** 
  81:Generated_Source\PSoC5/NSDSPI_UDB_BIT_COUNTER.c ****     CyExitCriticalSection(interruptState);
  96              		.loc 1 81 0
  97 001e FB79     		ldrb	r3, [r7, #7]	@ zero_extendqisi2
  98 0020 1846     		mov	r0, r3
  99 0022 FFF7FEFF 		bl	CyExitCriticalSection
  82:Generated_Source\PSoC5/NSDSPI_UDB_BIT_COUNTER.c **** }
 100              		.loc 1 82 0
 101 0026 00BF     		nop
 102 0028 0837     		adds	r7, r7, #8
 103              		.cfi_def_cfa_offset 8
 104 002a BD46     		mov	sp, r7
 105              		.cfi_def_cfa_register 13
 106              		@ sp needed
 107 002c 80BD     		pop	{r7, pc}
 108              	.L6:
 109 002e 00BF     		.align	2
 110              	.L5:
 111 0030 9C640040 		.word	1073767580
 112              		.cfi_endproc
 113              	.LFE1:
 114              		.size	NSDSPI_UDB_BIT_COUNTER_Enable, .-NSDSPI_UDB_BIT_COUNTER_Enable
 115              		.section	.text.NSDSPI_UDB_BIT_COUNTER_Start,"ax",%progbits
 116              		.align	2
 117              		.global	NSDSPI_UDB_BIT_COUNTER_Start
 118              		.thumb
 119              		.thumb_func
 120              		.type	NSDSPI_UDB_BIT_COUNTER_Start, %function
 121              	NSDSPI_UDB_BIT_COUNTER_Start:
 122              	.LFB2:
  83:Generated_Source\PSoC5/NSDSPI_UDB_BIT_COUNTER.c **** 
  84:Generated_Source\PSoC5/NSDSPI_UDB_BIT_COUNTER.c **** 
  85:Generated_Source\PSoC5/NSDSPI_UDB_BIT_COUNTER.c **** /*******************************************************************************
  86:Generated_Source\PSoC5/NSDSPI_UDB_BIT_COUNTER.c **** * Function Name: NSDSPI_UDB_BIT_COUNTER_Start
  87:Generated_Source\PSoC5/NSDSPI_UDB_BIT_COUNTER.c **** ********************************************************************************
  88:Generated_Source\PSoC5/NSDSPI_UDB_BIT_COUNTER.c **** *
  89:Generated_Source\PSoC5/NSDSPI_UDB_BIT_COUNTER.c **** * Summary:
  90:Generated_Source\PSoC5/NSDSPI_UDB_BIT_COUNTER.c **** *  Performs all of the required initialization for the component and enables
  91:Generated_Source\PSoC5/NSDSPI_UDB_BIT_COUNTER.c **** *  the counter. The first time the routine is executed, the period is set as
  92:Generated_Source\PSoC5/NSDSPI_UDB_BIT_COUNTER.c **** *  configured in the customizer. When called to restart the counter following a
  93:Generated_Source\PSoC5/NSDSPI_UDB_BIT_COUNTER.c **** *  Count7_Stop() call, the current period value is retained.
  94:Generated_Source\PSoC5/NSDSPI_UDB_BIT_COUNTER.c **** *
  95:Generated_Source\PSoC5/NSDSPI_UDB_BIT_COUNTER.c **** * Parameters:
  96:Generated_Source\PSoC5/NSDSPI_UDB_BIT_COUNTER.c **** *  None.
  97:Generated_Source\PSoC5/NSDSPI_UDB_BIT_COUNTER.c **** *
  98:Generated_Source\PSoC5/NSDSPI_UDB_BIT_COUNTER.c **** * Global Variables:
  99:Generated_Source\PSoC5/NSDSPI_UDB_BIT_COUNTER.c **** *  NSDSPI_UDB_BIT_COUNTER_initVar - global variable.
 100:Generated_Source\PSoC5/NSDSPI_UDB_BIT_COUNTER.c **** *
 101:Generated_Source\PSoC5/NSDSPI_UDB_BIT_COUNTER.c **** * Return:
 102:Generated_Source\PSoC5/NSDSPI_UDB_BIT_COUNTER.c **** *  None.
 103:Generated_Source\PSoC5/NSDSPI_UDB_BIT_COUNTER.c **** *
 104:Generated_Source\PSoC5/NSDSPI_UDB_BIT_COUNTER.c **** *******************************************************************************/
 105:Generated_Source\PSoC5/NSDSPI_UDB_BIT_COUNTER.c **** void NSDSPI_UDB_BIT_COUNTER_Start(void) 
 106:Generated_Source\PSoC5/NSDSPI_UDB_BIT_COUNTER.c **** {
ARM GAS  C:\Users\HPz420\AppData\Local\Temp\ccJh6ZcJ.s 			page 5


 123              		.loc 1 106 0
 124              		.cfi_startproc
 125              		@ args = 0, pretend = 0, frame = 0
 126              		@ frame_needed = 1, uses_anonymous_args = 0
 127 0000 80B5     		push	{r7, lr}
 128              		.cfi_def_cfa_offset 8
 129              		.cfi_offset 7, -8
 130              		.cfi_offset 14, -4
 131 0002 00AF     		add	r7, sp, #0
 132              		.cfi_def_cfa_register 7
 107:Generated_Source\PSoC5/NSDSPI_UDB_BIT_COUNTER.c ****     /* If not initialized then perform initialization */
 108:Generated_Source\PSoC5/NSDSPI_UDB_BIT_COUNTER.c ****     if(NSDSPI_UDB_BIT_COUNTER_initVar == 0u)
 133              		.loc 1 108 0
 134 0004 064B     		ldr	r3, .L9
 135 0006 1B78     		ldrb	r3, [r3]	@ zero_extendqisi2
 136 0008 002B     		cmp	r3, #0
 137 000a 04D1     		bne	.L8
 109:Generated_Source\PSoC5/NSDSPI_UDB_BIT_COUNTER.c ****     {
 110:Generated_Source\PSoC5/NSDSPI_UDB_BIT_COUNTER.c ****         NSDSPI_UDB_BIT_COUNTER_Init();
 138              		.loc 1 110 0
 139 000c FFF7FEFF 		bl	NSDSPI_UDB_BIT_COUNTER_Init
 111:Generated_Source\PSoC5/NSDSPI_UDB_BIT_COUNTER.c ****         NSDSPI_UDB_BIT_COUNTER_initVar = 1u;
 140              		.loc 1 111 0
 141 0010 034B     		ldr	r3, .L9
 142 0012 0122     		movs	r2, #1
 143 0014 1A70     		strb	r2, [r3]
 144              	.L8:
 112:Generated_Source\PSoC5/NSDSPI_UDB_BIT_COUNTER.c ****     }
 113:Generated_Source\PSoC5/NSDSPI_UDB_BIT_COUNTER.c **** 
 114:Generated_Source\PSoC5/NSDSPI_UDB_BIT_COUNTER.c ****     /* Enable Count7 */
 115:Generated_Source\PSoC5/NSDSPI_UDB_BIT_COUNTER.c ****     NSDSPI_UDB_BIT_COUNTER_Enable();
 145              		.loc 1 115 0
 146 0016 FFF7FEFF 		bl	NSDSPI_UDB_BIT_COUNTER_Enable
 116:Generated_Source\PSoC5/NSDSPI_UDB_BIT_COUNTER.c **** }
 147              		.loc 1 116 0
 148 001a 00BF     		nop
 149 001c 80BD     		pop	{r7, pc}
 150              	.L10:
 151 001e 00BF     		.align	2
 152              	.L9:
 153 0020 00000000 		.word	NSDSPI_UDB_BIT_COUNTER_initVar
 154              		.cfi_endproc
 155              	.LFE2:
 156              		.size	NSDSPI_UDB_BIT_COUNTER_Start, .-NSDSPI_UDB_BIT_COUNTER_Start
 157              		.section	.text.NSDSPI_UDB_BIT_COUNTER_Stop,"ax",%progbits
 158              		.align	2
 159              		.global	NSDSPI_UDB_BIT_COUNTER_Stop
 160              		.thumb
 161              		.thumb_func
 162              		.type	NSDSPI_UDB_BIT_COUNTER_Stop, %function
 163              	NSDSPI_UDB_BIT_COUNTER_Stop:
 164              	.LFB3:
 117:Generated_Source\PSoC5/NSDSPI_UDB_BIT_COUNTER.c **** 
 118:Generated_Source\PSoC5/NSDSPI_UDB_BIT_COUNTER.c **** 
 119:Generated_Source\PSoC5/NSDSPI_UDB_BIT_COUNTER.c **** /*******************************************************************************
 120:Generated_Source\PSoC5/NSDSPI_UDB_BIT_COUNTER.c **** * Function Name: NSDSPI_UDB_BIT_COUNTER_Stop
 121:Generated_Source\PSoC5/NSDSPI_UDB_BIT_COUNTER.c **** ********************************************************************************
ARM GAS  C:\Users\HPz420\AppData\Local\Temp\ccJh6ZcJ.s 			page 6


 122:Generated_Source\PSoC5/NSDSPI_UDB_BIT_COUNTER.c **** *
 123:Generated_Source\PSoC5/NSDSPI_UDB_BIT_COUNTER.c **** * Summary:
 124:Generated_Source\PSoC5/NSDSPI_UDB_BIT_COUNTER.c **** *  Disables the software enable of the counter.
 125:Generated_Source\PSoC5/NSDSPI_UDB_BIT_COUNTER.c **** *
 126:Generated_Source\PSoC5/NSDSPI_UDB_BIT_COUNTER.c **** * Parameters:
 127:Generated_Source\PSoC5/NSDSPI_UDB_BIT_COUNTER.c **** *  None
 128:Generated_Source\PSoC5/NSDSPI_UDB_BIT_COUNTER.c **** *
 129:Generated_Source\PSoC5/NSDSPI_UDB_BIT_COUNTER.c **** * Return:
 130:Generated_Source\PSoC5/NSDSPI_UDB_BIT_COUNTER.c **** *  None
 131:Generated_Source\PSoC5/NSDSPI_UDB_BIT_COUNTER.c **** *
 132:Generated_Source\PSoC5/NSDSPI_UDB_BIT_COUNTER.c **** *******************************************************************************/
 133:Generated_Source\PSoC5/NSDSPI_UDB_BIT_COUNTER.c **** void NSDSPI_UDB_BIT_COUNTER_Stop(void) 
 134:Generated_Source\PSoC5/NSDSPI_UDB_BIT_COUNTER.c **** {
 165              		.loc 1 134 0
 166              		.cfi_startproc
 167              		@ args = 0, pretend = 0, frame = 8
 168              		@ frame_needed = 1, uses_anonymous_args = 0
 169 0000 80B5     		push	{r7, lr}
 170              		.cfi_def_cfa_offset 8
 171              		.cfi_offset 7, -8
 172              		.cfi_offset 14, -4
 173 0002 82B0     		sub	sp, sp, #8
 174              		.cfi_def_cfa_offset 16
 175 0004 00AF     		add	r7, sp, #0
 176              		.cfi_def_cfa_register 7
 135:Generated_Source\PSoC5/NSDSPI_UDB_BIT_COUNTER.c ****     uint8 interruptState;
 136:Generated_Source\PSoC5/NSDSPI_UDB_BIT_COUNTER.c **** 
 137:Generated_Source\PSoC5/NSDSPI_UDB_BIT_COUNTER.c ****     interruptState = CyEnterCriticalSection();
 177              		.loc 1 137 0
 178 0006 FFF7FEFF 		bl	CyEnterCriticalSection
 179 000a 0346     		mov	r3, r0
 180 000c FB71     		strb	r3, [r7, #7]
 138:Generated_Source\PSoC5/NSDSPI_UDB_BIT_COUNTER.c ****     /* Clear the counter start bit in auxiliary control. */
 139:Generated_Source\PSoC5/NSDSPI_UDB_BIT_COUNTER.c ****     NSDSPI_UDB_BIT_COUNTER_AUX_CONTROL_REG &= (uint8) ~((uint8) NSDSPI_UDB_BIT_COUNTER_COUNTER_STAR
 181              		.loc 1 139 0
 182 000e 084A     		ldr	r2, .L12
 183 0010 074B     		ldr	r3, .L12
 184 0012 1B78     		ldrb	r3, [r3]
 185 0014 DBB2     		uxtb	r3, r3
 186 0016 23F02003 		bic	r3, r3, #32
 187 001a DBB2     		uxtb	r3, r3
 188 001c 1370     		strb	r3, [r2]
 140:Generated_Source\PSoC5/NSDSPI_UDB_BIT_COUNTER.c **** 
 141:Generated_Source\PSoC5/NSDSPI_UDB_BIT_COUNTER.c ****     CyExitCriticalSection(interruptState);
 189              		.loc 1 141 0
 190 001e FB79     		ldrb	r3, [r7, #7]	@ zero_extendqisi2
 191 0020 1846     		mov	r0, r3
 192 0022 FFF7FEFF 		bl	CyExitCriticalSection
 142:Generated_Source\PSoC5/NSDSPI_UDB_BIT_COUNTER.c **** }
 193              		.loc 1 142 0
 194 0026 00BF     		nop
 195 0028 0837     		adds	r7, r7, #8
 196              		.cfi_def_cfa_offset 8
 197 002a BD46     		mov	sp, r7
 198              		.cfi_def_cfa_register 13
 199              		@ sp needed
 200 002c 80BD     		pop	{r7, pc}
ARM GAS  C:\Users\HPz420\AppData\Local\Temp\ccJh6ZcJ.s 			page 7


 201              	.L13:
 202 002e 00BF     		.align	2
 203              	.L12:
 204 0030 9C640040 		.word	1073767580
 205              		.cfi_endproc
 206              	.LFE3:
 207              		.size	NSDSPI_UDB_BIT_COUNTER_Stop, .-NSDSPI_UDB_BIT_COUNTER_Stop
 208              		.section	.text.NSDSPI_UDB_BIT_COUNTER_WriteCounter,"ax",%progbits
 209              		.align	2
 210              		.global	NSDSPI_UDB_BIT_COUNTER_WriteCounter
 211              		.thumb
 212              		.thumb_func
 213              		.type	NSDSPI_UDB_BIT_COUNTER_WriteCounter, %function
 214              	NSDSPI_UDB_BIT_COUNTER_WriteCounter:
 215              	.LFB4:
 143:Generated_Source\PSoC5/NSDSPI_UDB_BIT_COUNTER.c **** 
 144:Generated_Source\PSoC5/NSDSPI_UDB_BIT_COUNTER.c **** 
 145:Generated_Source\PSoC5/NSDSPI_UDB_BIT_COUNTER.c **** /*******************************************************************************
 146:Generated_Source\PSoC5/NSDSPI_UDB_BIT_COUNTER.c **** * Function Name: NSDSPI_UDB_BIT_COUNTER_WriteCounter
 147:Generated_Source\PSoC5/NSDSPI_UDB_BIT_COUNTER.c **** ********************************************************************************
 148:Generated_Source\PSoC5/NSDSPI_UDB_BIT_COUNTER.c **** *
 149:Generated_Source\PSoC5/NSDSPI_UDB_BIT_COUNTER.c **** * Summary:
 150:Generated_Source\PSoC5/NSDSPI_UDB_BIT_COUNTER.c **** *  This function writes the counter directly. The counter should be disabled
 151:Generated_Source\PSoC5/NSDSPI_UDB_BIT_COUNTER.c **** *  before calling this function.
 152:Generated_Source\PSoC5/NSDSPI_UDB_BIT_COUNTER.c **** *
 153:Generated_Source\PSoC5/NSDSPI_UDB_BIT_COUNTER.c **** * Parameters:
 154:Generated_Source\PSoC5/NSDSPI_UDB_BIT_COUNTER.c **** *  count - Value to be written to counter.
 155:Generated_Source\PSoC5/NSDSPI_UDB_BIT_COUNTER.c **** *
 156:Generated_Source\PSoC5/NSDSPI_UDB_BIT_COUNTER.c **** * Return:
 157:Generated_Source\PSoC5/NSDSPI_UDB_BIT_COUNTER.c **** *  None
 158:Generated_Source\PSoC5/NSDSPI_UDB_BIT_COUNTER.c **** *
 159:Generated_Source\PSoC5/NSDSPI_UDB_BIT_COUNTER.c **** *******************************************************************************/
 160:Generated_Source\PSoC5/NSDSPI_UDB_BIT_COUNTER.c **** void NSDSPI_UDB_BIT_COUNTER_WriteCounter(uint8 count) 
 161:Generated_Source\PSoC5/NSDSPI_UDB_BIT_COUNTER.c **** {
 216              		.loc 1 161 0
 217              		.cfi_startproc
 218              		@ args = 0, pretend = 0, frame = 8
 219              		@ frame_needed = 1, uses_anonymous_args = 0
 220              		@ link register save eliminated.
 221 0000 80B4     		push	{r7}
 222              		.cfi_def_cfa_offset 4
 223              		.cfi_offset 7, -4
 224 0002 83B0     		sub	sp, sp, #12
 225              		.cfi_def_cfa_offset 16
 226 0004 00AF     		add	r7, sp, #0
 227              		.cfi_def_cfa_register 7
 228 0006 0346     		mov	r3, r0
 229 0008 FB71     		strb	r3, [r7, #7]
 162:Generated_Source\PSoC5/NSDSPI_UDB_BIT_COUNTER.c ****     NSDSPI_UDB_BIT_COUNTER_COUNT_REG = (count & NSDSPI_UDB_BIT_COUNTER_COUNT_7BIT_MASK);
 230              		.loc 1 162 0
 231 000a 054A     		ldr	r2, .L15
 232 000c FB79     		ldrb	r3, [r7, #7]
 233 000e 03F07F03 		and	r3, r3, #127
 234 0012 DBB2     		uxtb	r3, r3
 235 0014 1370     		strb	r3, [r2]
 163:Generated_Source\PSoC5/NSDSPI_UDB_BIT_COUNTER.c **** }
 236              		.loc 1 163 0
ARM GAS  C:\Users\HPz420\AppData\Local\Temp\ccJh6ZcJ.s 			page 8


 237 0016 00BF     		nop
 238 0018 0C37     		adds	r7, r7, #12
 239              		.cfi_def_cfa_offset 4
 240 001a BD46     		mov	sp, r7
 241              		.cfi_def_cfa_register 13
 242              		@ sp needed
 243 001c 80BC     		pop	{r7}
 244              		.cfi_restore 7
 245              		.cfi_def_cfa_offset 0
 246 001e 7047     		bx	lr
 247              	.L16:
 248              		.align	2
 249              	.L15:
 250 0020 7C640040 		.word	1073767548
 251              		.cfi_endproc
 252              	.LFE4:
 253              		.size	NSDSPI_UDB_BIT_COUNTER_WriteCounter, .-NSDSPI_UDB_BIT_COUNTER_WriteCounter
 254              		.section	.text.NSDSPI_UDB_BIT_COUNTER_ReadCounter,"ax",%progbits
 255              		.align	2
 256              		.global	NSDSPI_UDB_BIT_COUNTER_ReadCounter
 257              		.thumb
 258              		.thumb_func
 259              		.type	NSDSPI_UDB_BIT_COUNTER_ReadCounter, %function
 260              	NSDSPI_UDB_BIT_COUNTER_ReadCounter:
 261              	.LFB5:
 164:Generated_Source\PSoC5/NSDSPI_UDB_BIT_COUNTER.c **** 
 165:Generated_Source\PSoC5/NSDSPI_UDB_BIT_COUNTER.c **** 
 166:Generated_Source\PSoC5/NSDSPI_UDB_BIT_COUNTER.c **** /*******************************************************************************
 167:Generated_Source\PSoC5/NSDSPI_UDB_BIT_COUNTER.c **** * Function Name: NSDSPI_UDB_BIT_COUNTER_ReadCounter
 168:Generated_Source\PSoC5/NSDSPI_UDB_BIT_COUNTER.c **** ********************************************************************************
 169:Generated_Source\PSoC5/NSDSPI_UDB_BIT_COUNTER.c **** *
 170:Generated_Source\PSoC5/NSDSPI_UDB_BIT_COUNTER.c **** * Summary:
 171:Generated_Source\PSoC5/NSDSPI_UDB_BIT_COUNTER.c **** *  This function reads the counter value.
 172:Generated_Source\PSoC5/NSDSPI_UDB_BIT_COUNTER.c **** *
 173:Generated_Source\PSoC5/NSDSPI_UDB_BIT_COUNTER.c **** * Parameters:
 174:Generated_Source\PSoC5/NSDSPI_UDB_BIT_COUNTER.c **** *  None
 175:Generated_Source\PSoC5/NSDSPI_UDB_BIT_COUNTER.c **** *
 176:Generated_Source\PSoC5/NSDSPI_UDB_BIT_COUNTER.c **** * Return:
 177:Generated_Source\PSoC5/NSDSPI_UDB_BIT_COUNTER.c **** *  None
 178:Generated_Source\PSoC5/NSDSPI_UDB_BIT_COUNTER.c **** *
 179:Generated_Source\PSoC5/NSDSPI_UDB_BIT_COUNTER.c **** *******************************************************************************/
 180:Generated_Source\PSoC5/NSDSPI_UDB_BIT_COUNTER.c **** uint8 NSDSPI_UDB_BIT_COUNTER_ReadCounter(void) 
 181:Generated_Source\PSoC5/NSDSPI_UDB_BIT_COUNTER.c **** {
 262              		.loc 1 181 0
 263              		.cfi_startproc
 264              		@ args = 0, pretend = 0, frame = 0
 265              		@ frame_needed = 1, uses_anonymous_args = 0
 266              		@ link register save eliminated.
 267 0000 80B4     		push	{r7}
 268              		.cfi_def_cfa_offset 4
 269              		.cfi_offset 7, -4
 270 0002 00AF     		add	r7, sp, #0
 271              		.cfi_def_cfa_register 7
 182:Generated_Source\PSoC5/NSDSPI_UDB_BIT_COUNTER.c ****     return(NSDSPI_UDB_BIT_COUNTER_COUNT_REG & NSDSPI_UDB_BIT_COUNTER_COUNT_7BIT_MASK);
 272              		.loc 1 182 0
 273 0004 044B     		ldr	r3, .L19
 274 0006 1B78     		ldrb	r3, [r3]
ARM GAS  C:\Users\HPz420\AppData\Local\Temp\ccJh6ZcJ.s 			page 9


 275 0008 DBB2     		uxtb	r3, r3
 276 000a 03F07F03 		and	r3, r3, #127
 277 000e DBB2     		uxtb	r3, r3
 183:Generated_Source\PSoC5/NSDSPI_UDB_BIT_COUNTER.c **** }
 278              		.loc 1 183 0
 279 0010 1846     		mov	r0, r3
 280 0012 BD46     		mov	sp, r7
 281              		.cfi_def_cfa_register 13
 282              		@ sp needed
 283 0014 80BC     		pop	{r7}
 284              		.cfi_restore 7
 285              		.cfi_def_cfa_offset 0
 286 0016 7047     		bx	lr
 287              	.L20:
 288              		.align	2
 289              	.L19:
 290 0018 7C640040 		.word	1073767548
 291              		.cfi_endproc
 292              	.LFE5:
 293              		.size	NSDSPI_UDB_BIT_COUNTER_ReadCounter, .-NSDSPI_UDB_BIT_COUNTER_ReadCounter
 294              		.section	.text.NSDSPI_UDB_BIT_COUNTER_WritePeriod,"ax",%progbits
 295              		.align	2
 296              		.global	NSDSPI_UDB_BIT_COUNTER_WritePeriod
 297              		.thumb
 298              		.thumb_func
 299              		.type	NSDSPI_UDB_BIT_COUNTER_WritePeriod, %function
 300              	NSDSPI_UDB_BIT_COUNTER_WritePeriod:
 301              	.LFB6:
 184:Generated_Source\PSoC5/NSDSPI_UDB_BIT_COUNTER.c **** 
 185:Generated_Source\PSoC5/NSDSPI_UDB_BIT_COUNTER.c **** 
 186:Generated_Source\PSoC5/NSDSPI_UDB_BIT_COUNTER.c **** /*******************************************************************************
 187:Generated_Source\PSoC5/NSDSPI_UDB_BIT_COUNTER.c **** * Function Name: NSDSPI_UDB_BIT_COUNTER_WritePeriod
 188:Generated_Source\PSoC5/NSDSPI_UDB_BIT_COUNTER.c **** ********************************************************************************
 189:Generated_Source\PSoC5/NSDSPI_UDB_BIT_COUNTER.c **** *
 190:Generated_Source\PSoC5/NSDSPI_UDB_BIT_COUNTER.c **** * Summary:
 191:Generated_Source\PSoC5/NSDSPI_UDB_BIT_COUNTER.c **** *  This function writes the period register. The actual period is one greater
 192:Generated_Source\PSoC5/NSDSPI_UDB_BIT_COUNTER.c **** *  than the value in the period register since the counting sequence starts
 193:Generated_Source\PSoC5/NSDSPI_UDB_BIT_COUNTER.c **** *  with the period register and counts down to 0 inclusive. The period of the
 194:Generated_Source\PSoC5/NSDSPI_UDB_BIT_COUNTER.c **** *  counter output does not change until the counter is reloaded following the
 195:Generated_Source\PSoC5/NSDSPI_UDB_BIT_COUNTER.c **** *  terminal count value of 0 or due to a hardware load signal.
 196:Generated_Source\PSoC5/NSDSPI_UDB_BIT_COUNTER.c **** *
 197:Generated_Source\PSoC5/NSDSPI_UDB_BIT_COUNTER.c **** * Parameters:
 198:Generated_Source\PSoC5/NSDSPI_UDB_BIT_COUNTER.c **** *  period - Period value to be written.
 199:Generated_Source\PSoC5/NSDSPI_UDB_BIT_COUNTER.c **** *
 200:Generated_Source\PSoC5/NSDSPI_UDB_BIT_COUNTER.c **** * Return:
 201:Generated_Source\PSoC5/NSDSPI_UDB_BIT_COUNTER.c **** *  None
 202:Generated_Source\PSoC5/NSDSPI_UDB_BIT_COUNTER.c **** *
 203:Generated_Source\PSoC5/NSDSPI_UDB_BIT_COUNTER.c **** *******************************************************************************/
 204:Generated_Source\PSoC5/NSDSPI_UDB_BIT_COUNTER.c **** void NSDSPI_UDB_BIT_COUNTER_WritePeriod(uint8 period) 
 205:Generated_Source\PSoC5/NSDSPI_UDB_BIT_COUNTER.c **** {
 302              		.loc 1 205 0
 303              		.cfi_startproc
 304              		@ args = 0, pretend = 0, frame = 8
 305              		@ frame_needed = 1, uses_anonymous_args = 0
 306              		@ link register save eliminated.
 307 0000 80B4     		push	{r7}
 308              		.cfi_def_cfa_offset 4
ARM GAS  C:\Users\HPz420\AppData\Local\Temp\ccJh6ZcJ.s 			page 10


 309              		.cfi_offset 7, -4
 310 0002 83B0     		sub	sp, sp, #12
 311              		.cfi_def_cfa_offset 16
 312 0004 00AF     		add	r7, sp, #0
 313              		.cfi_def_cfa_register 7
 314 0006 0346     		mov	r3, r0
 315 0008 FB71     		strb	r3, [r7, #7]
 206:Generated_Source\PSoC5/NSDSPI_UDB_BIT_COUNTER.c ****     NSDSPI_UDB_BIT_COUNTER_PERIOD_REG = period;
 316              		.loc 1 206 0
 317 000a 044A     		ldr	r2, .L22
 318 000c FB79     		ldrb	r3, [r7, #7]
 319 000e 1370     		strb	r3, [r2]
 207:Generated_Source\PSoC5/NSDSPI_UDB_BIT_COUNTER.c **** }
 320              		.loc 1 207 0
 321 0010 00BF     		nop
 322 0012 0C37     		adds	r7, r7, #12
 323              		.cfi_def_cfa_offset 4
 324 0014 BD46     		mov	sp, r7
 325              		.cfi_def_cfa_register 13
 326              		@ sp needed
 327 0016 80BC     		pop	{r7}
 328              		.cfi_restore 7
 329              		.cfi_def_cfa_offset 0
 330 0018 7047     		bx	lr
 331              	.L23:
 332 001a 00BF     		.align	2
 333              	.L22:
 334 001c 8C640040 		.word	1073767564
 335              		.cfi_endproc
 336              	.LFE6:
 337              		.size	NSDSPI_UDB_BIT_COUNTER_WritePeriod, .-NSDSPI_UDB_BIT_COUNTER_WritePeriod
 338              		.section	.text.NSDSPI_UDB_BIT_COUNTER_ReadPeriod,"ax",%progbits
 339              		.align	2
 340              		.global	NSDSPI_UDB_BIT_COUNTER_ReadPeriod
 341              		.thumb
 342              		.thumb_func
 343              		.type	NSDSPI_UDB_BIT_COUNTER_ReadPeriod, %function
 344              	NSDSPI_UDB_BIT_COUNTER_ReadPeriod:
 345              	.LFB7:
 208:Generated_Source\PSoC5/NSDSPI_UDB_BIT_COUNTER.c **** 
 209:Generated_Source\PSoC5/NSDSPI_UDB_BIT_COUNTER.c **** 
 210:Generated_Source\PSoC5/NSDSPI_UDB_BIT_COUNTER.c **** /*******************************************************************************
 211:Generated_Source\PSoC5/NSDSPI_UDB_BIT_COUNTER.c **** * Function Name: NSDSPI_UDB_BIT_COUNTER_ReadPeriod
 212:Generated_Source\PSoC5/NSDSPI_UDB_BIT_COUNTER.c **** ********************************************************************************
 213:Generated_Source\PSoC5/NSDSPI_UDB_BIT_COUNTER.c **** *
 214:Generated_Source\PSoC5/NSDSPI_UDB_BIT_COUNTER.c **** * Summary:
 215:Generated_Source\PSoC5/NSDSPI_UDB_BIT_COUNTER.c **** *  This function reads the period register.
 216:Generated_Source\PSoC5/NSDSPI_UDB_BIT_COUNTER.c **** *
 217:Generated_Source\PSoC5/NSDSPI_UDB_BIT_COUNTER.c **** * Parameters:
 218:Generated_Source\PSoC5/NSDSPI_UDB_BIT_COUNTER.c **** *  None
 219:Generated_Source\PSoC5/NSDSPI_UDB_BIT_COUNTER.c **** *
 220:Generated_Source\PSoC5/NSDSPI_UDB_BIT_COUNTER.c **** * Return:
 221:Generated_Source\PSoC5/NSDSPI_UDB_BIT_COUNTER.c **** *  uint8 - Current period value.
 222:Generated_Source\PSoC5/NSDSPI_UDB_BIT_COUNTER.c **** *
 223:Generated_Source\PSoC5/NSDSPI_UDB_BIT_COUNTER.c **** *******************************************************************************/
 224:Generated_Source\PSoC5/NSDSPI_UDB_BIT_COUNTER.c **** uint8 NSDSPI_UDB_BIT_COUNTER_ReadPeriod(void) 
 225:Generated_Source\PSoC5/NSDSPI_UDB_BIT_COUNTER.c **** {
ARM GAS  C:\Users\HPz420\AppData\Local\Temp\ccJh6ZcJ.s 			page 11


 346              		.loc 1 225 0
 347              		.cfi_startproc
 348              		@ args = 0, pretend = 0, frame = 0
 349              		@ frame_needed = 1, uses_anonymous_args = 0
 350              		@ link register save eliminated.
 351 0000 80B4     		push	{r7}
 352              		.cfi_def_cfa_offset 4
 353              		.cfi_offset 7, -4
 354 0002 00AF     		add	r7, sp, #0
 355              		.cfi_def_cfa_register 7
 226:Generated_Source\PSoC5/NSDSPI_UDB_BIT_COUNTER.c ****     return(NSDSPI_UDB_BIT_COUNTER_PERIOD_REG);
 356              		.loc 1 226 0
 357 0004 034B     		ldr	r3, .L26
 358 0006 1B78     		ldrb	r3, [r3]
 359 0008 DBB2     		uxtb	r3, r3
 227:Generated_Source\PSoC5/NSDSPI_UDB_BIT_COUNTER.c **** }
 360              		.loc 1 227 0
 361 000a 1846     		mov	r0, r3
 362 000c BD46     		mov	sp, r7
 363              		.cfi_def_cfa_register 13
 364              		@ sp needed
 365 000e 80BC     		pop	{r7}
 366              		.cfi_restore 7
 367              		.cfi_def_cfa_offset 0
 368 0010 7047     		bx	lr
 369              	.L27:
 370 0012 00BF     		.align	2
 371              	.L26:
 372 0014 8C640040 		.word	1073767564
 373              		.cfi_endproc
 374              	.LFE7:
 375              		.size	NSDSPI_UDB_BIT_COUNTER_ReadPeriod, .-NSDSPI_UDB_BIT_COUNTER_ReadPeriod
 376              		.text
 377              	.Letext0:
 378              		.file 2 "Generated_Source\\PSoC5\\cytypes.h"
 379              		.section	.debug_info,"",%progbits
 380              	.Ldebug_info0:
 381 0000 94010000 		.4byte	0x194
 382 0004 0400     		.2byte	0x4
 383 0006 00000000 		.4byte	.Ldebug_abbrev0
 384 000a 04       		.byte	0x4
 385 000b 01       		.uleb128 0x1
 386 000c 24000000 		.4byte	.LASF27
 387 0010 0C       		.byte	0xc
 388 0011 00020000 		.4byte	.LASF28
 389 0015 62020000 		.4byte	.LASF29
 390 0019 00000000 		.4byte	.Ldebug_ranges0+0
 391 001d 00000000 		.4byte	0
 392 0021 00000000 		.4byte	.Ldebug_line0
 393 0025 02       		.uleb128 0x2
 394 0026 01       		.byte	0x1
 395 0027 06       		.byte	0x6
 396 0028 ED020000 		.4byte	.LASF0
 397 002c 02       		.uleb128 0x2
 398 002d 01       		.byte	0x1
 399 002e 08       		.byte	0x8
 400 002f F4000000 		.4byte	.LASF1
ARM GAS  C:\Users\HPz420\AppData\Local\Temp\ccJh6ZcJ.s 			page 12


 401 0033 02       		.uleb128 0x2
 402 0034 02       		.byte	0x2
 403 0035 05       		.byte	0x5
 404 0036 30020000 		.4byte	.LASF2
 405 003a 02       		.uleb128 0x2
 406 003b 02       		.byte	0x2
 407 003c 07       		.byte	0x7
 408 003d DB000000 		.4byte	.LASF3
 409 0041 02       		.uleb128 0x2
 410 0042 04       		.byte	0x4
 411 0043 05       		.byte	0x5
 412 0044 59020000 		.4byte	.LASF4
 413 0048 02       		.uleb128 0x2
 414 0049 04       		.byte	0x4
 415 004a 07       		.byte	0x7
 416 004b 16010000 		.4byte	.LASF5
 417 004f 02       		.uleb128 0x2
 418 0050 08       		.byte	0x8
 419 0051 05       		.byte	0x5
 420 0052 D0010000 		.4byte	.LASF6
 421 0056 02       		.uleb128 0x2
 422 0057 08       		.byte	0x8
 423 0058 07       		.byte	0x7
 424 0059 81010000 		.4byte	.LASF7
 425 005d 03       		.uleb128 0x3
 426 005e 04       		.byte	0x4
 427 005f 05       		.byte	0x5
 428 0060 696E7400 		.ascii	"int\000"
 429 0064 02       		.uleb128 0x2
 430 0065 04       		.byte	0x4
 431 0066 07       		.byte	0x7
 432 0067 74010000 		.4byte	.LASF8
 433 006b 04       		.uleb128 0x4
 434 006c 28010000 		.4byte	.LASF12
 435 0070 02       		.byte	0x2
 436 0071 A1       		.byte	0xa1
 437 0072 2C000000 		.4byte	0x2c
 438 0076 02       		.uleb128 0x2
 439 0077 04       		.byte	0x4
 440 0078 04       		.byte	0x4
 441 0079 EE000000 		.4byte	.LASF9
 442 007d 02       		.uleb128 0x2
 443 007e 08       		.byte	0x8
 444 007f 04       		.byte	0x4
 445 0080 6D010000 		.4byte	.LASF10
 446 0084 02       		.uleb128 0x2
 447 0085 01       		.byte	0x1
 448 0086 08       		.byte	0x8
 449 0087 DE010000 		.4byte	.LASF11
 450 008b 05       		.uleb128 0x5
 451 008c 02010000 		.4byte	.LASF13
 452 0090 02       		.byte	0x2
 453 0091 4B01     		.2byte	0x14b
 454 0093 97000000 		.4byte	0x97
 455 0097 06       		.uleb128 0x6
 456 0098 6B000000 		.4byte	0x6b
 457 009c 02       		.uleb128 0x2
ARM GAS  C:\Users\HPz420\AppData\Local\Temp\ccJh6ZcJ.s 			page 13


 458 009d 08       		.byte	0x8
 459 009e 04       		.byte	0x4
 460 009f BB010000 		.4byte	.LASF14
 461 00a3 02       		.uleb128 0x2
 462 00a4 04       		.byte	0x4
 463 00a5 07       		.byte	0x7
 464 00a6 C7010000 		.4byte	.LASF15
 465 00aa 07       		.uleb128 0x7
 466 00ab B2000000 		.4byte	.LASF16
 467 00af 01       		.byte	0x1
 468 00b0 2A       		.byte	0x2a
 469 00b1 00000000 		.4byte	.LFB0
 470 00b5 18000000 		.4byte	.LFE0-.LFB0
 471 00b9 01       		.uleb128 0x1
 472 00ba 9C       		.byte	0x9c
 473 00bb 08       		.uleb128 0x8
 474 00bc F9020000 		.4byte	.LASF18
 475 00c0 01       		.byte	0x1
 476 00c1 47       		.byte	0x47
 477 00c2 00000000 		.4byte	.LFB1
 478 00c6 34000000 		.4byte	.LFE1-.LFB1
 479 00ca 01       		.uleb128 0x1
 480 00cb 9C       		.byte	0x9c
 481 00cc DF000000 		.4byte	0xdf
 482 00d0 09       		.uleb128 0x9
 483 00d1 07010000 		.4byte	.LASF20
 484 00d5 01       		.byte	0x1
 485 00d6 49       		.byte	0x49
 486 00d7 6B000000 		.4byte	0x6b
 487 00db 02       		.uleb128 0x2
 488 00dc 91       		.byte	0x91
 489 00dd 77       		.sleb128 -9
 490 00de 00       		.byte	0
 491 00df 0A       		.uleb128 0xa
 492 00e0 E3010000 		.4byte	.LASF17
 493 00e4 01       		.byte	0x1
 494 00e5 69       		.byte	0x69
 495 00e6 00000000 		.4byte	.LFB2
 496 00ea 24000000 		.4byte	.LFE2-.LFB2
 497 00ee 01       		.uleb128 0x1
 498 00ef 9C       		.byte	0x9c
 499 00f0 08       		.uleb128 0x8
 500 00f1 2E010000 		.4byte	.LASF19
 501 00f5 01       		.byte	0x1
 502 00f6 85       		.byte	0x85
 503 00f7 00000000 		.4byte	.LFB3
 504 00fb 34000000 		.4byte	.LFE3-.LFB3
 505 00ff 01       		.uleb128 0x1
 506 0100 9C       		.byte	0x9c
 507 0101 14010000 		.4byte	0x114
 508 0105 09       		.uleb128 0x9
 509 0106 07010000 		.4byte	.LASF20
 510 010a 01       		.byte	0x1
 511 010b 87       		.byte	0x87
 512 010c 6B000000 		.4byte	0x6b
 513 0110 02       		.uleb128 0x2
 514 0111 91       		.byte	0x91
ARM GAS  C:\Users\HPz420\AppData\Local\Temp\ccJh6ZcJ.s 			page 14


 515 0112 77       		.sleb128 -9
 516 0113 00       		.byte	0
 517 0114 0B       		.uleb128 0xb
 518 0115 00000000 		.4byte	.LASF21
 519 0119 01       		.byte	0x1
 520 011a A0       		.byte	0xa0
 521 011b 00000000 		.4byte	.LFB4
 522 011f 24000000 		.4byte	.LFE4-.LFB4
 523 0123 01       		.uleb128 0x1
 524 0124 9C       		.byte	0x9c
 525 0125 38010000 		.4byte	0x138
 526 0129 0C       		.uleb128 0xc
 527 012a CE000000 		.4byte	.LASF23
 528 012e 01       		.byte	0x1
 529 012f A0       		.byte	0xa0
 530 0130 6B000000 		.4byte	0x6b
 531 0134 02       		.uleb128 0x2
 532 0135 91       		.byte	0x91
 533 0136 77       		.sleb128 -9
 534 0137 00       		.byte	0
 535 0138 0D       		.uleb128 0xd
 536 0139 98010000 		.4byte	.LASF25
 537 013d 01       		.byte	0x1
 538 013e B4       		.byte	0xb4
 539 013f 6B000000 		.4byte	0x6b
 540 0143 00000000 		.4byte	.LFB5
 541 0147 1C000000 		.4byte	.LFE5-.LFB5
 542 014b 01       		.uleb128 0x1
 543 014c 9C       		.byte	0x9c
 544 014d 0B       		.uleb128 0xb
 545 014e 4A010000 		.4byte	.LASF22
 546 0152 01       		.byte	0x1
 547 0153 CC       		.byte	0xcc
 548 0154 00000000 		.4byte	.LFB6
 549 0158 20000000 		.4byte	.LFE6-.LFB6
 550 015c 01       		.uleb128 0x1
 551 015d 9C       		.byte	0x9c
 552 015e 71010000 		.4byte	0x171
 553 0162 0C       		.uleb128 0xc
 554 0163 D4000000 		.4byte	.LASF24
 555 0167 01       		.byte	0x1
 556 0168 CC       		.byte	0xcc
 557 0169 6B000000 		.4byte	0x6b
 558 016d 02       		.uleb128 0x2
 559 016e 91       		.byte	0x91
 560 016f 77       		.sleb128 -9
 561 0170 00       		.byte	0
 562 0171 0D       		.uleb128 0xd
 563 0172 17030000 		.4byte	.LASF26
 564 0176 01       		.byte	0x1
 565 0177 E0       		.byte	0xe0
 566 0178 6B000000 		.4byte	0x6b
 567 017c 00000000 		.4byte	.LFB7
 568 0180 18000000 		.4byte	.LFE7-.LFB7
 569 0184 01       		.uleb128 0x1
 570 0185 9C       		.byte	0x9c
 571 0186 0E       		.uleb128 0xe
ARM GAS  C:\Users\HPz420\AppData\Local\Temp\ccJh6ZcJ.s 			page 15


 572 0187 3A020000 		.4byte	.LASF30
 573 018b 01       		.byte	0x1
 574 018c 13       		.byte	0x13
 575 018d 6B000000 		.4byte	0x6b
 576 0191 05       		.uleb128 0x5
 577 0192 03       		.byte	0x3
 578 0193 00000000 		.4byte	NSDSPI_UDB_BIT_COUNTER_initVar
 579 0197 00       		.byte	0
 580              		.section	.debug_abbrev,"",%progbits
 581              	.Ldebug_abbrev0:
 582 0000 01       		.uleb128 0x1
 583 0001 11       		.uleb128 0x11
 584 0002 01       		.byte	0x1
 585 0003 25       		.uleb128 0x25
 586 0004 0E       		.uleb128 0xe
 587 0005 13       		.uleb128 0x13
 588 0006 0B       		.uleb128 0xb
 589 0007 03       		.uleb128 0x3
 590 0008 0E       		.uleb128 0xe
 591 0009 1B       		.uleb128 0x1b
 592 000a 0E       		.uleb128 0xe
 593 000b 55       		.uleb128 0x55
 594 000c 17       		.uleb128 0x17
 595 000d 11       		.uleb128 0x11
 596 000e 01       		.uleb128 0x1
 597 000f 10       		.uleb128 0x10
 598 0010 17       		.uleb128 0x17
 599 0011 00       		.byte	0
 600 0012 00       		.byte	0
 601 0013 02       		.uleb128 0x2
 602 0014 24       		.uleb128 0x24
 603 0015 00       		.byte	0
 604 0016 0B       		.uleb128 0xb
 605 0017 0B       		.uleb128 0xb
 606 0018 3E       		.uleb128 0x3e
 607 0019 0B       		.uleb128 0xb
 608 001a 03       		.uleb128 0x3
 609 001b 0E       		.uleb128 0xe
 610 001c 00       		.byte	0
 611 001d 00       		.byte	0
 612 001e 03       		.uleb128 0x3
 613 001f 24       		.uleb128 0x24
 614 0020 00       		.byte	0
 615 0021 0B       		.uleb128 0xb
 616 0022 0B       		.uleb128 0xb
 617 0023 3E       		.uleb128 0x3e
 618 0024 0B       		.uleb128 0xb
 619 0025 03       		.uleb128 0x3
 620 0026 08       		.uleb128 0x8
 621 0027 00       		.byte	0
 622 0028 00       		.byte	0
 623 0029 04       		.uleb128 0x4
 624 002a 16       		.uleb128 0x16
 625 002b 00       		.byte	0
 626 002c 03       		.uleb128 0x3
 627 002d 0E       		.uleb128 0xe
 628 002e 3A       		.uleb128 0x3a
ARM GAS  C:\Users\HPz420\AppData\Local\Temp\ccJh6ZcJ.s 			page 16


 629 002f 0B       		.uleb128 0xb
 630 0030 3B       		.uleb128 0x3b
 631 0031 0B       		.uleb128 0xb
 632 0032 49       		.uleb128 0x49
 633 0033 13       		.uleb128 0x13
 634 0034 00       		.byte	0
 635 0035 00       		.byte	0
 636 0036 05       		.uleb128 0x5
 637 0037 16       		.uleb128 0x16
 638 0038 00       		.byte	0
 639 0039 03       		.uleb128 0x3
 640 003a 0E       		.uleb128 0xe
 641 003b 3A       		.uleb128 0x3a
 642 003c 0B       		.uleb128 0xb
 643 003d 3B       		.uleb128 0x3b
 644 003e 05       		.uleb128 0x5
 645 003f 49       		.uleb128 0x49
 646 0040 13       		.uleb128 0x13
 647 0041 00       		.byte	0
 648 0042 00       		.byte	0
 649 0043 06       		.uleb128 0x6
 650 0044 35       		.uleb128 0x35
 651 0045 00       		.byte	0
 652 0046 49       		.uleb128 0x49
 653 0047 13       		.uleb128 0x13
 654 0048 00       		.byte	0
 655 0049 00       		.byte	0
 656 004a 07       		.uleb128 0x7
 657 004b 2E       		.uleb128 0x2e
 658 004c 00       		.byte	0
 659 004d 3F       		.uleb128 0x3f
 660 004e 19       		.uleb128 0x19
 661 004f 03       		.uleb128 0x3
 662 0050 0E       		.uleb128 0xe
 663 0051 3A       		.uleb128 0x3a
 664 0052 0B       		.uleb128 0xb
 665 0053 3B       		.uleb128 0x3b
 666 0054 0B       		.uleb128 0xb
 667 0055 27       		.uleb128 0x27
 668 0056 19       		.uleb128 0x19
 669 0057 11       		.uleb128 0x11
 670 0058 01       		.uleb128 0x1
 671 0059 12       		.uleb128 0x12
 672 005a 06       		.uleb128 0x6
 673 005b 40       		.uleb128 0x40
 674 005c 18       		.uleb128 0x18
 675 005d 9742     		.uleb128 0x2117
 676 005f 19       		.uleb128 0x19
 677 0060 00       		.byte	0
 678 0061 00       		.byte	0
 679 0062 08       		.uleb128 0x8
 680 0063 2E       		.uleb128 0x2e
 681 0064 01       		.byte	0x1
 682 0065 3F       		.uleb128 0x3f
 683 0066 19       		.uleb128 0x19
 684 0067 03       		.uleb128 0x3
 685 0068 0E       		.uleb128 0xe
ARM GAS  C:\Users\HPz420\AppData\Local\Temp\ccJh6ZcJ.s 			page 17


 686 0069 3A       		.uleb128 0x3a
 687 006a 0B       		.uleb128 0xb
 688 006b 3B       		.uleb128 0x3b
 689 006c 0B       		.uleb128 0xb
 690 006d 27       		.uleb128 0x27
 691 006e 19       		.uleb128 0x19
 692 006f 11       		.uleb128 0x11
 693 0070 01       		.uleb128 0x1
 694 0071 12       		.uleb128 0x12
 695 0072 06       		.uleb128 0x6
 696 0073 40       		.uleb128 0x40
 697 0074 18       		.uleb128 0x18
 698 0075 9642     		.uleb128 0x2116
 699 0077 19       		.uleb128 0x19
 700 0078 01       		.uleb128 0x1
 701 0079 13       		.uleb128 0x13
 702 007a 00       		.byte	0
 703 007b 00       		.byte	0
 704 007c 09       		.uleb128 0x9
 705 007d 34       		.uleb128 0x34
 706 007e 00       		.byte	0
 707 007f 03       		.uleb128 0x3
 708 0080 0E       		.uleb128 0xe
 709 0081 3A       		.uleb128 0x3a
 710 0082 0B       		.uleb128 0xb
 711 0083 3B       		.uleb128 0x3b
 712 0084 0B       		.uleb128 0xb
 713 0085 49       		.uleb128 0x49
 714 0086 13       		.uleb128 0x13
 715 0087 02       		.uleb128 0x2
 716 0088 18       		.uleb128 0x18
 717 0089 00       		.byte	0
 718 008a 00       		.byte	0
 719 008b 0A       		.uleb128 0xa
 720 008c 2E       		.uleb128 0x2e
 721 008d 00       		.byte	0
 722 008e 3F       		.uleb128 0x3f
 723 008f 19       		.uleb128 0x19
 724 0090 03       		.uleb128 0x3
 725 0091 0E       		.uleb128 0xe
 726 0092 3A       		.uleb128 0x3a
 727 0093 0B       		.uleb128 0xb
 728 0094 3B       		.uleb128 0x3b
 729 0095 0B       		.uleb128 0xb
 730 0096 27       		.uleb128 0x27
 731 0097 19       		.uleb128 0x19
 732 0098 11       		.uleb128 0x11
 733 0099 01       		.uleb128 0x1
 734 009a 12       		.uleb128 0x12
 735 009b 06       		.uleb128 0x6
 736 009c 40       		.uleb128 0x40
 737 009d 18       		.uleb128 0x18
 738 009e 9642     		.uleb128 0x2116
 739 00a0 19       		.uleb128 0x19
 740 00a1 00       		.byte	0
 741 00a2 00       		.byte	0
 742 00a3 0B       		.uleb128 0xb
ARM GAS  C:\Users\HPz420\AppData\Local\Temp\ccJh6ZcJ.s 			page 18


 743 00a4 2E       		.uleb128 0x2e
 744 00a5 01       		.byte	0x1
 745 00a6 3F       		.uleb128 0x3f
 746 00a7 19       		.uleb128 0x19
 747 00a8 03       		.uleb128 0x3
 748 00a9 0E       		.uleb128 0xe
 749 00aa 3A       		.uleb128 0x3a
 750 00ab 0B       		.uleb128 0xb
 751 00ac 3B       		.uleb128 0x3b
 752 00ad 0B       		.uleb128 0xb
 753 00ae 27       		.uleb128 0x27
 754 00af 19       		.uleb128 0x19
 755 00b0 11       		.uleb128 0x11
 756 00b1 01       		.uleb128 0x1
 757 00b2 12       		.uleb128 0x12
 758 00b3 06       		.uleb128 0x6
 759 00b4 40       		.uleb128 0x40
 760 00b5 18       		.uleb128 0x18
 761 00b6 9742     		.uleb128 0x2117
 762 00b8 19       		.uleb128 0x19
 763 00b9 01       		.uleb128 0x1
 764 00ba 13       		.uleb128 0x13
 765 00bb 00       		.byte	0
 766 00bc 00       		.byte	0
 767 00bd 0C       		.uleb128 0xc
 768 00be 05       		.uleb128 0x5
 769 00bf 00       		.byte	0
 770 00c0 03       		.uleb128 0x3
 771 00c1 0E       		.uleb128 0xe
 772 00c2 3A       		.uleb128 0x3a
 773 00c3 0B       		.uleb128 0xb
 774 00c4 3B       		.uleb128 0x3b
 775 00c5 0B       		.uleb128 0xb
 776 00c6 49       		.uleb128 0x49
 777 00c7 13       		.uleb128 0x13
 778 00c8 02       		.uleb128 0x2
 779 00c9 18       		.uleb128 0x18
 780 00ca 00       		.byte	0
 781 00cb 00       		.byte	0
 782 00cc 0D       		.uleb128 0xd
 783 00cd 2E       		.uleb128 0x2e
 784 00ce 00       		.byte	0
 785 00cf 3F       		.uleb128 0x3f
 786 00d0 19       		.uleb128 0x19
 787 00d1 03       		.uleb128 0x3
 788 00d2 0E       		.uleb128 0xe
 789 00d3 3A       		.uleb128 0x3a
 790 00d4 0B       		.uleb128 0xb
 791 00d5 3B       		.uleb128 0x3b
 792 00d6 0B       		.uleb128 0xb
 793 00d7 27       		.uleb128 0x27
 794 00d8 19       		.uleb128 0x19
 795 00d9 49       		.uleb128 0x49
 796 00da 13       		.uleb128 0x13
 797 00db 11       		.uleb128 0x11
 798 00dc 01       		.uleb128 0x1
 799 00dd 12       		.uleb128 0x12
ARM GAS  C:\Users\HPz420\AppData\Local\Temp\ccJh6ZcJ.s 			page 19


 800 00de 06       		.uleb128 0x6
 801 00df 40       		.uleb128 0x40
 802 00e0 18       		.uleb128 0x18
 803 00e1 9742     		.uleb128 0x2117
 804 00e3 19       		.uleb128 0x19
 805 00e4 00       		.byte	0
 806 00e5 00       		.byte	0
 807 00e6 0E       		.uleb128 0xe
 808 00e7 34       		.uleb128 0x34
 809 00e8 00       		.byte	0
 810 00e9 03       		.uleb128 0x3
 811 00ea 0E       		.uleb128 0xe
 812 00eb 3A       		.uleb128 0x3a
 813 00ec 0B       		.uleb128 0xb
 814 00ed 3B       		.uleb128 0x3b
 815 00ee 0B       		.uleb128 0xb
 816 00ef 49       		.uleb128 0x49
 817 00f0 13       		.uleb128 0x13
 818 00f1 3F       		.uleb128 0x3f
 819 00f2 19       		.uleb128 0x19
 820 00f3 02       		.uleb128 0x2
 821 00f4 18       		.uleb128 0x18
 822 00f5 00       		.byte	0
 823 00f6 00       		.byte	0
 824 00f7 00       		.byte	0
 825              		.section	.debug_aranges,"",%progbits
 826 0000 54000000 		.4byte	0x54
 827 0004 0200     		.2byte	0x2
 828 0006 00000000 		.4byte	.Ldebug_info0
 829 000a 04       		.byte	0x4
 830 000b 00       		.byte	0
 831 000c 0000     		.2byte	0
 832 000e 0000     		.2byte	0
 833 0010 00000000 		.4byte	.LFB0
 834 0014 18000000 		.4byte	.LFE0-.LFB0
 835 0018 00000000 		.4byte	.LFB1
 836 001c 34000000 		.4byte	.LFE1-.LFB1
 837 0020 00000000 		.4byte	.LFB2
 838 0024 24000000 		.4byte	.LFE2-.LFB2
 839 0028 00000000 		.4byte	.LFB3
 840 002c 34000000 		.4byte	.LFE3-.LFB3
 841 0030 00000000 		.4byte	.LFB4
 842 0034 24000000 		.4byte	.LFE4-.LFB4
 843 0038 00000000 		.4byte	.LFB5
 844 003c 1C000000 		.4byte	.LFE5-.LFB5
 845 0040 00000000 		.4byte	.LFB6
 846 0044 20000000 		.4byte	.LFE6-.LFB6
 847 0048 00000000 		.4byte	.LFB7
 848 004c 18000000 		.4byte	.LFE7-.LFB7
 849 0050 00000000 		.4byte	0
 850 0054 00000000 		.4byte	0
 851              		.section	.debug_ranges,"",%progbits
 852              	.Ldebug_ranges0:
 853 0000 00000000 		.4byte	.LFB0
 854 0004 18000000 		.4byte	.LFE0
 855 0008 00000000 		.4byte	.LFB1
 856 000c 34000000 		.4byte	.LFE1
ARM GAS  C:\Users\HPz420\AppData\Local\Temp\ccJh6ZcJ.s 			page 20


 857 0010 00000000 		.4byte	.LFB2
 858 0014 24000000 		.4byte	.LFE2
 859 0018 00000000 		.4byte	.LFB3
 860 001c 34000000 		.4byte	.LFE3
 861 0020 00000000 		.4byte	.LFB4
 862 0024 24000000 		.4byte	.LFE4
 863 0028 00000000 		.4byte	.LFB5
 864 002c 1C000000 		.4byte	.LFE5
 865 0030 00000000 		.4byte	.LFB6
 866 0034 20000000 		.4byte	.LFE6
 867 0038 00000000 		.4byte	.LFB7
 868 003c 18000000 		.4byte	.LFE7
 869 0040 00000000 		.4byte	0
 870 0044 00000000 		.4byte	0
 871              		.section	.debug_line,"",%progbits
 872              	.Ldebug_line0:
 873 0000 EF000000 		.section	.debug_str,"MS",%progbits,1
 873      02005300 
 873      00000201 
 873      FB0E0D00 
 873      01010101 
 874              	.LASF21:
 875 0000 4E534453 		.ascii	"NSDSPI_UDB_BIT_COUNTER_WriteCounter\000"
 875      50495F55 
 875      44425F42 
 875      49545F43 
 875      4F554E54 
 876              	.LASF27:
 877 0024 474E5520 		.ascii	"GNU C11 5.4.1 20160609 (release) [ARM/embedded-5-br"
 877      43313120 
 877      352E342E 
 877      31203230 
 877      31363036 
 878 0057 616E6368 		.ascii	"anch revision 237715] -mcpu=cortex-m3 -mthumb -g -O"
 878      20726576 
 878      6973696F 
 878      6E203233 
 878      37373135 
 879 008a 30202D66 		.ascii	"0 -ffunction-sections -ffat-lto-objects\000"
 879      66756E63 
 879      74696F6E 
 879      2D736563 
 879      74696F6E 
 880              	.LASF16:
 881 00b2 4E534453 		.ascii	"NSDSPI_UDB_BIT_COUNTER_Init\000"
 881      50495F55 
 881      44425F42 
 881      49545F43 
 881      4F554E54 
 882              	.LASF23:
 883 00ce 636F756E 		.ascii	"count\000"
 883      7400
 884              	.LASF24:
 885 00d4 70657269 		.ascii	"period\000"
 885      6F6400
 886              	.LASF3:
 887 00db 73686F72 		.ascii	"short unsigned int\000"
ARM GAS  C:\Users\HPz420\AppData\Local\Temp\ccJh6ZcJ.s 			page 21


 887      7420756E 
 887      7369676E 
 887      65642069 
 887      6E7400
 888              	.LASF9:
 889 00ee 666C6F61 		.ascii	"float\000"
 889      7400
 890              	.LASF1:
 891 00f4 756E7369 		.ascii	"unsigned char\000"
 891      676E6564 
 891      20636861 
 891      7200
 892              	.LASF13:
 893 0102 72656738 		.ascii	"reg8\000"
 893      00
 894              	.LASF20:
 895 0107 696E7465 		.ascii	"interruptState\000"
 895      72727570 
 895      74537461 
 895      746500
 896              	.LASF5:
 897 0116 6C6F6E67 		.ascii	"long unsigned int\000"
 897      20756E73 
 897      69676E65 
 897      6420696E 
 897      7400
 898              	.LASF12:
 899 0128 75696E74 		.ascii	"uint8\000"
 899      3800
 900              	.LASF19:
 901 012e 4E534453 		.ascii	"NSDSPI_UDB_BIT_COUNTER_Stop\000"
 901      50495F55 
 901      44425F42 
 901      49545F43 
 901      4F554E54 
 902              	.LASF22:
 903 014a 4E534453 		.ascii	"NSDSPI_UDB_BIT_COUNTER_WritePeriod\000"
 903      50495F55 
 903      44425F42 
 903      49545F43 
 903      4F554E54 
 904              	.LASF10:
 905 016d 646F7562 		.ascii	"double\000"
 905      6C6500
 906              	.LASF8:
 907 0174 756E7369 		.ascii	"unsigned int\000"
 907      676E6564 
 907      20696E74 
 907      00
 908              	.LASF7:
 909 0181 6C6F6E67 		.ascii	"long long unsigned int\000"
 909      206C6F6E 
 909      6720756E 
 909      7369676E 
 909      65642069 
 910              	.LASF25:
 911 0198 4E534453 		.ascii	"NSDSPI_UDB_BIT_COUNTER_ReadCounter\000"
ARM GAS  C:\Users\HPz420\AppData\Local\Temp\ccJh6ZcJ.s 			page 22


 911      50495F55 
 911      44425F42 
 911      49545F43 
 911      4F554E54 
 912              	.LASF14:
 913 01bb 6C6F6E67 		.ascii	"long double\000"
 913      20646F75 
 913      626C6500 
 914              	.LASF15:
 915 01c7 73697A65 		.ascii	"sizetype\000"
 915      74797065 
 915      00
 916              	.LASF6:
 917 01d0 6C6F6E67 		.ascii	"long long int\000"
 917      206C6F6E 
 917      6720696E 
 917      7400
 918              	.LASF11:
 919 01de 63686172 		.ascii	"char\000"
 919      00
 920              	.LASF17:
 921 01e3 4E534453 		.ascii	"NSDSPI_UDB_BIT_COUNTER_Start\000"
 921      50495F55 
 921      44425F42 
 921      49545F43 
 921      4F554E54 
 922              	.LASF28:
 923 0200 47656E65 		.ascii	"Generated_Source\\PSoC5\\NSDSPI_UDB_BIT_COUNTER.c\000"
 923      72617465 
 923      645F536F 
 923      75726365 
 923      5C50536F 
 924              	.LASF2:
 925 0230 73686F72 		.ascii	"short int\000"
 925      7420696E 
 925      7400
 926              	.LASF30:
 927 023a 4E534453 		.ascii	"NSDSPI_UDB_BIT_COUNTER_initVar\000"
 927      50495F55 
 927      44425F42 
 927      49545F43 
 927      4F554E54 
 928              	.LASF4:
 929 0259 6C6F6E67 		.ascii	"long int\000"
 929      20696E74 
 929      00
 930              	.LASF29:
 931 0262 433A5C55 		.ascii	"C:\\Users\\HPz420\\Documents\\GitHub\\Doug Gillilan"
 931      73657273 
 931      5C48507A 
 931      3432305C 
 931      446F6375 
 932 0290 645C5265 		.ascii	"d\\Retro-Computers\\Z80\\PSOC\\PSOC_Design_Files\\N"
 932      74726F2D 
 932      436F6D70 
 932      75746572 
 932      735C5A38 
ARM GAS  C:\Users\HPz420\AppData\Local\Temp\ccJh6ZcJ.s 			page 23


 933 02be 53445350 		.ascii	"SDSPI-master\\ComponentTest\\ComponentTest.cydsn\000"
 933      492D6D61 
 933      73746572 
 933      5C436F6D 
 933      706F6E65 
 934              	.LASF0:
 935 02ed 7369676E 		.ascii	"signed char\000"
 935      65642063 
 935      68617200 
 936              	.LASF18:
 937 02f9 4E534453 		.ascii	"NSDSPI_UDB_BIT_COUNTER_Enable\000"
 937      50495F55 
 937      44425F42 
 937      49545F43 
 937      4F554E54 
 938              	.LASF26:
 939 0317 4E534453 		.ascii	"NSDSPI_UDB_BIT_COUNTER_ReadPeriod\000"
 939      50495F55 
 939      44425F42 
 939      49545F43 
 939      4F554E54 
 940              		.ident	"GCC: (GNU Tools for ARM Embedded Processors) 5.4.1 20160609 (release) [ARM/embedded-5-bran
