Archive member included because of file (symbol)

.\CortexM3\ARM_GCC_493\Debug\ODAS-PSOC5-03.a(cyfitter_cfg.o)
                              .\CortexM3\ARM_GCC_493\Debug\Cm3Start.o (cyfitter_cfg)
.\CortexM3\ARM_GCC_493\Debug\ODAS-PSOC5-03.a(CyLib.o)
                              .\CortexM3\ARM_GCC_493\Debug\Cm3Start.o (CyHalt)
.\CortexM3\ARM_GCC_493\Debug\ODAS-PSOC5-03.a(cyPm.o)
                              .\CortexM3\ARM_GCC_493\Debug\ODAS-PSOC5-03.a(CyLib.o) (CyPmReadStatus)
.\CortexM3\ARM_GCC_493\Debug\ODAS-PSOC5-03.a(StartPWMA.o)
                              .\CortexM3\ARM_GCC_493\Debug\main.o (StartPWMA_Write)
.\CortexM3\ARM_GCC_493\Debug\ODAS-PSOC5-03.a(EndPWMA.o)
                              .\CortexM3\ARM_GCC_493\Debug\main.o (EndPWMA_Write)
.\CortexM3\ARM_GCC_493\Debug\ODAS-PSOC5-03.a(StartPWMB.o)
                              .\CortexM3\ARM_GCC_493\Debug\main.o (StartPWMB_Write)
.\CortexM3\ARM_GCC_493\Debug\ODAS-PSOC5-03.a(Freq.o)
                              .\CortexM3\ARM_GCC_493\Debug\main.o (Freq_Write)
.\CortexM3\ARM_GCC_493\Debug\ODAS-PSOC5-03.a(EndPWMB.o)
                              .\CortexM3\ARM_GCC_493\Debug\main.o (EndPWMB_Write)
.\CortexM3\ARM_GCC_493\Debug\ODAS-PSOC5-03.a(Status_Reg_1.o)
                              .\CortexM3\ARM_GCC_493\Debug\main.o (Status_Reg_1_Read)
.\CortexM3\ARM_GCC_493\Debug\ODAS-PSOC5-03.a(Control_Reg_1.o)
                              .\CortexM3\ARM_GCC_493\Debug\main.o (Control_Reg_1_Write)
.\CortexM3\ARM_GCC_493\Debug\ODAS-PSOC5-03.a(Control_Reg_2.o)
                              .\CortexM3\ARM_GCC_493\Debug\main.o (Control_Reg_2_Write)
.\CortexM3\ARM_GCC_493\Debug\ODAS-PSOC5-03.a(CyBootAsmGnu.o)
                              .\CortexM3\ARM_GCC_493\Debug\ODAS-PSOC5-03.a(cyfitter_cfg.o) (CyDelayCycles)
.\CortexM3\ARM_GCC_493\Debug\ODAS-PSOC5-03.a(CyFlash.o)
                              .\CortexM3\ARM_GCC_493\Debug\ODAS-PSOC5-03.a(cyPm.o) (CyFlash_SetWaitCycles)
.\CortexM3\ARM_GCC_493\Debug\ODAS-PSOC5-03.a(CySpc.o)
                              .\CortexM3\ARM_GCC_493\Debug\ODAS-PSOC5-03.a(CyFlash.o) (CySpcStart)
c:/program files (x86)/cypress/psoc creator/4.0/psoc creator/import/gnu/arm/4.9.3/bin/../lib/gcc/arm-none-eabi/4.9.3/../../../../arm-none-eabi/lib/armv7-m\libg_nano.a(lib_a-errno.o)
                              .\CortexM3\ARM_GCC_493\Debug\Cm3Start.o (__errno)
c:/program files (x86)/cypress/psoc creator/4.0/psoc creator/import/gnu/arm/4.9.3/bin/../lib/gcc/arm-none-eabi/4.9.3/../../../../arm-none-eabi/lib/armv7-m\libg_nano.a(lib_a-exit.o)
                              c:/program files (x86)/cypress/psoc creator/4.0/psoc creator/import/gnu/arm/4.9.3/bin/../lib/gcc/arm-none-eabi/4.9.3/../../../../arm-none-eabi/lib/armv7-m/crt0.o (exit)
c:/program files (x86)/cypress/psoc creator/4.0/psoc creator/import/gnu/arm/4.9.3/bin/../lib/gcc/arm-none-eabi/4.9.3/../../../../arm-none-eabi/lib/armv7-m\libg_nano.a(lib_a-impure.o)
                              c:/program files (x86)/cypress/psoc creator/4.0/psoc creator/import/gnu/arm/4.9.3/bin/../lib/gcc/arm-none-eabi/4.9.3/../../../../arm-none-eabi/lib/armv7-m\libg_nano.a(lib_a-exit.o) (_global_impure_ptr)
c:/program files (x86)/cypress/psoc creator/4.0/psoc creator/import/gnu/arm/4.9.3/bin/../lib/gcc/arm-none-eabi/4.9.3/../../../../arm-none-eabi/lib/armv7-m\libg_nano.a(lib_a-init.o)
                              c:/program files (x86)/cypress/psoc creator/4.0/psoc creator/import/gnu/arm/4.9.3/bin/../lib/gcc/arm-none-eabi/4.9.3/../../../../arm-none-eabi/lib/armv7-m/crt0.o (__libc_init_array)
c:/program files (x86)/cypress/psoc creator/4.0/psoc creator/import/gnu/arm/4.9.3/bin/../lib/gcc/arm-none-eabi/4.9.3/../../../../arm-none-eabi/lib/armv7-m\libg_nano.a(lib_a-memcpy.o)
                              .\CortexM3\ARM_GCC_493\Debug\ODAS-PSOC5-03.a(cyfitter_cfg.o) (memcpy)
c:/program files (x86)/cypress/psoc creator/4.0/psoc creator/import/gnu/arm/4.9.3/bin/../lib/gcc/arm-none-eabi/4.9.3/../../../../arm-none-eabi/lib/armv7-m\libg_nano.a(lib_a-memset.o)
                              c:/program files (x86)/cypress/psoc creator/4.0/psoc creator/import/gnu/arm/4.9.3/bin/../lib/gcc/arm-none-eabi/4.9.3/../../../../arm-none-eabi/lib/armv7-m/crt0.o (memset)

Allocating common symbols
Common symbol       size              file

myState             0x1               .\CortexM3\ARM_GCC_493\Debug\main.o
dieTemperature      0x2               .\CortexM3\ARM_GCC_493\Debug\ODAS-PSOC5-03.a(CyFlash.o)

Discarded input sections

 .text          0x00000000        0x0 c:/program files (x86)/cypress/psoc creator/4.0/psoc creator/import/gnu/arm/4.9.3/bin/../lib/gcc/arm-none-eabi/4.9.3/armv7-m/crti.o
 .data          0x00000000        0x0 c:/program files (x86)/cypress/psoc creator/4.0/psoc creator/import/gnu/arm/4.9.3/bin/../lib/gcc/arm-none-eabi/4.9.3/armv7-m/crti.o
 .bss           0x00000000        0x0 c:/program files (x86)/cypress/psoc creator/4.0/psoc creator/import/gnu/arm/4.9.3/bin/../lib/gcc/arm-none-eabi/4.9.3/armv7-m/crti.o
 .data          0x00000000        0x4 c:/program files (x86)/cypress/psoc creator/4.0/psoc creator/import/gnu/arm/4.9.3/bin/../lib/gcc/arm-none-eabi/4.9.3/armv7-m/crtbegin.o
 .text          0x00000000       0x74 c:/program files (x86)/cypress/psoc creator/4.0/psoc creator/import/gnu/arm/4.9.3/bin/../lib/gcc/arm-none-eabi/4.9.3/../../../../arm-none-eabi/lib/armv7-m/crt0.o
 .data          0x00000000        0x0 c:/program files (x86)/cypress/psoc creator/4.0/psoc creator/import/gnu/arm/4.9.3/bin/../lib/gcc/arm-none-eabi/4.9.3/../../../../arm-none-eabi/lib/armv7-m/crt0.o
 .bss           0x00000000        0x0 c:/program files (x86)/cypress/psoc creator/4.0/psoc creator/import/gnu/arm/4.9.3/bin/../lib/gcc/arm-none-eabi/4.9.3/../../../../arm-none-eabi/lib/armv7-m/crt0.o
 .ARM.extab     0x00000000        0x0 c:/program files (x86)/cypress/psoc creator/4.0/psoc creator/import/gnu/arm/4.9.3/bin/../lib/gcc/arm-none-eabi/4.9.3/../../../../arm-none-eabi/lib/armv7-m/crt0.o
 .ARM.exidx     0x00000000        0x8 c:/program files (x86)/cypress/psoc creator/4.0/psoc creator/import/gnu/arm/4.9.3/bin/../lib/gcc/arm-none-eabi/4.9.3/../../../../arm-none-eabi/lib/armv7-m/crt0.o
 .text          0x00000000        0x0 .\CortexM3\ARM_GCC_493\Debug\main.o
 .bss           0x00000000        0x0 .\CortexM3\ARM_GCC_493\Debug\main.o
 .text          0x00000000        0x0 .\CortexM3\ARM_GCC_493\Debug\cymetadata.o
 .data          0x00000000        0x0 .\CortexM3\ARM_GCC_493\Debug\cymetadata.o
 .bss           0x00000000        0x0 .\CortexM3\ARM_GCC_493\Debug\cymetadata.o
 .text          0x00000000        0x0 .\CortexM3\ARM_GCC_493\Debug\Cm3Start.o
 .data          0x00000000        0x4 .\CortexM3\ARM_GCC_493\Debug\Cm3Start.o
 .bss           0x00000000        0x0 .\CortexM3\ARM_GCC_493\Debug\Cm3Start.o
 .text._exit    0x00000000        0xc .\CortexM3\ARM_GCC_493\Debug\Cm3Start.o
 .text._sbrk    0x00000000       0x30 .\CortexM3\ARM_GCC_493\Debug\Cm3Start.o
 .text          0x00000000        0x0 .\CortexM3\ARM_GCC_493\Debug\ODAS-PSOC5-03.a(cyfitter_cfg.o)
 .data          0x00000000        0x0 .\CortexM3\ARM_GCC_493\Debug\ODAS-PSOC5-03.a(cyfitter_cfg.o)
 .bss           0x00000000        0x0 .\CortexM3\ARM_GCC_493\Debug\ODAS-PSOC5-03.a(cyfitter_cfg.o)
 .text.SetAnalogRoutingPumps
                0x00000000       0x10 .\CortexM3\ARM_GCC_493\Debug\ODAS-PSOC5-03.a(cyfitter_cfg.o)
 .text          0x00000000        0x0 .\CortexM3\ARM_GCC_493\Debug\ODAS-PSOC5-03.a(CyLib.o)
 .bss           0x00000000       0x1c .\CortexM3\ARM_GCC_493\Debug\ODAS-PSOC5-03.a(CyLib.o)
 .text.CyUSB_PowerOnCheck
                0x00000000       0x48 .\CortexM3\ARM_GCC_493\Debug\ODAS-PSOC5-03.a(CyLib.o)
 .text.CyBusClk_Internal_SetDivider
                0x00000000       0x48 .\CortexM3\ARM_GCC_493\Debug\ODAS-PSOC5-03.a(CyLib.o)
 .text.CyPLL_OUT_Stop
                0x00000000       0x10 .\CortexM3\ARM_GCC_493\Debug\ODAS-PSOC5-03.a(CyLib.o)
 .text.CyIMO_Stop
                0x00000000       0x1c .\CortexM3\ARM_GCC_493\Debug\ODAS-PSOC5-03.a(CyLib.o)
 .text.CyIMO_EnableDoubler
                0x00000000       0x10 .\CortexM3\ARM_GCC_493\Debug\ODAS-PSOC5-03.a(CyLib.o)
 .text.CyIMO_DisableDoubler
                0x00000000       0x10 .\CortexM3\ARM_GCC_493\Debug\ODAS-PSOC5-03.a(CyLib.o)
 .text.CyMasterClk_SetSource
                0x00000000       0x18 .\CortexM3\ARM_GCC_493\Debug\ODAS-PSOC5-03.a(CyLib.o)
 .text.CyMasterClk_SetDivider
                0x00000000        0xc .\CortexM3\ARM_GCC_493\Debug\ODAS-PSOC5-03.a(CyLib.o)
 .text.CyBusClk_SetDivider
                0x00000000       0x70 .\CortexM3\ARM_GCC_493\Debug\ODAS-PSOC5-03.a(CyLib.o)
 .text.CyUsbClk_SetSource
                0x00000000       0x18 .\CortexM3\ARM_GCC_493\Debug\ODAS-PSOC5-03.a(CyLib.o)
 .text.CyILO_Start1K
                0x00000000       0x10 .\CortexM3\ARM_GCC_493\Debug\ODAS-PSOC5-03.a(CyLib.o)
 .text.CyILO_Stop1K
                0x00000000       0x10 .\CortexM3\ARM_GCC_493\Debug\ODAS-PSOC5-03.a(CyLib.o)
 .text.CyILO_Start100K
                0x00000000       0x10 .\CortexM3\ARM_GCC_493\Debug\ODAS-PSOC5-03.a(CyLib.o)
 .text.CyILO_Stop100K
                0x00000000       0x10 .\CortexM3\ARM_GCC_493\Debug\ODAS-PSOC5-03.a(CyLib.o)
 .text.CyPLL_OUT_Start
                0x00000000       0x78 .\CortexM3\ARM_GCC_493\Debug\ODAS-PSOC5-03.a(CyLib.o)
 .text.CyIMO_Start
                0x00000000       0x60 .\CortexM3\ARM_GCC_493\Debug\ODAS-PSOC5-03.a(CyLib.o)
 .text.CyILO_Enable33K
                0x00000000       0x10 .\CortexM3\ARM_GCC_493\Debug\ODAS-PSOC5-03.a(CyLib.o)
 .text.CyILO_Disable33K
                0x00000000       0x10 .\CortexM3\ARM_GCC_493\Debug\ODAS-PSOC5-03.a(CyLib.o)
 .text.CyILO_SetSource
                0x00000000       0x18 .\CortexM3\ARM_GCC_493\Debug\ODAS-PSOC5-03.a(CyLib.o)
 .text.CyILO_SetPowerMode
                0x00000000       0x24 .\CortexM3\ARM_GCC_493\Debug\ODAS-PSOC5-03.a(CyLib.o)
 .text.CyXTAL_32KHZ_Stop
                0x00000000       0x30 .\CortexM3\ARM_GCC_493\Debug\ODAS-PSOC5-03.a(CyLib.o)
 .text.CyXTAL_32KHZ_ReadStatus
                0x00000000       0x10 .\CortexM3\ARM_GCC_493\Debug\ODAS-PSOC5-03.a(CyLib.o)
 .text.CyXTAL_Start
                0x00000000       0xac .\CortexM3\ARM_GCC_493\Debug\ODAS-PSOC5-03.a(CyLib.o)
 .text.CyXTAL_Stop
                0x00000000       0x10 .\CortexM3\ARM_GCC_493\Debug\ODAS-PSOC5-03.a(CyLib.o)
 .text.CyXTAL_EnableErrStatus
                0x00000000       0x10 .\CortexM3\ARM_GCC_493\Debug\ODAS-PSOC5-03.a(CyLib.o)
 .text.CyXTAL_DisableErrStatus
                0x00000000       0x10 .\CortexM3\ARM_GCC_493\Debug\ODAS-PSOC5-03.a(CyLib.o)
 .text.CyXTAL_ReadStatus
                0x00000000       0x18 .\CortexM3\ARM_GCC_493\Debug\ODAS-PSOC5-03.a(CyLib.o)
 .text.CyXTAL_EnableFaultRecovery
                0x00000000       0x10 .\CortexM3\ARM_GCC_493\Debug\ODAS-PSOC5-03.a(CyLib.o)
 .text.CyXTAL_DisableFaultRecovery
                0x00000000       0x10 .\CortexM3\ARM_GCC_493\Debug\ODAS-PSOC5-03.a(CyLib.o)
 .text.CyXTAL_SetStartup
                0x00000000       0x18 .\CortexM3\ARM_GCC_493\Debug\ODAS-PSOC5-03.a(CyLib.o)
 .text.CyXTAL_SetFbVoltage
                0x00000000       0x18 .\CortexM3\ARM_GCC_493\Debug\ODAS-PSOC5-03.a(CyLib.o)
 .text.CyXTAL_SetWdVoltage
                0x00000000       0x18 .\CortexM3\ARM_GCC_493\Debug\ODAS-PSOC5-03.a(CyLib.o)
 .text.CyHalt   0x00000000        0x4 .\CortexM3\ARM_GCC_493\Debug\ODAS-PSOC5-03.a(CyLib.o)
 .text.CyPLL_OUT_SetPQ
                0x00000000       0x60 .\CortexM3\ARM_GCC_493\Debug\ODAS-PSOC5-03.a(CyLib.o)
 .text.CyPLL_OUT_SetSource
                0x00000000       0x34 .\CortexM3\ARM_GCC_493\Debug\ODAS-PSOC5-03.a(CyLib.o)
 .text.CyIMO_SetTrimValue
                0x00000000       0xcc .\CortexM3\ARM_GCC_493\Debug\ODAS-PSOC5-03.a(CyLib.o)
 .text.CyIMO_SetFreq
                0x00000000       0xf4 .\CortexM3\ARM_GCC_493\Debug\ODAS-PSOC5-03.a(CyLib.o)
 .text.CyIMO_SetSource
                0x00000000       0x58 .\CortexM3\ARM_GCC_493\Debug\ODAS-PSOC5-03.a(CyLib.o)
 .text.CySoftwareReset
                0x00000000       0x10 .\CortexM3\ARM_GCC_493\Debug\ODAS-PSOC5-03.a(CyLib.o)
 .text.CyDelayUs
                0x00000000       0x14 .\CortexM3\ARM_GCC_493\Debug\ODAS-PSOC5-03.a(CyLib.o)
 .text.CyXTAL_32KHZ_SetPowerMode
                0x00000000       0x84 .\CortexM3\ARM_GCC_493\Debug\ODAS-PSOC5-03.a(CyLib.o)
 .text.CyXTAL_32KHZ_Start
                0x00000000       0x70 .\CortexM3\ARM_GCC_493\Debug\ODAS-PSOC5-03.a(CyLib.o)
 .text.CyDelayFreq
                0x00000000       0x4c .\CortexM3\ARM_GCC_493\Debug\ODAS-PSOC5-03.a(CyLib.o)
 .text.CyWdtStart
                0x00000000       0x40 .\CortexM3\ARM_GCC_493\Debug\ODAS-PSOC5-03.a(CyLib.o)
 .text.CyWdtClear
                0x00000000        0xc .\CortexM3\ARM_GCC_493\Debug\ODAS-PSOC5-03.a(CyLib.o)
 .text.CyVdStickyStatus
                0x00000000       0x2c .\CortexM3\ARM_GCC_493\Debug\ODAS-PSOC5-03.a(CyLib.o)
 .text.CyVdLvDigitEnable
                0x00000000       0x84 .\CortexM3\ARM_GCC_493\Debug\ODAS-PSOC5-03.a(CyLib.o)
 .text.CyVdLvAnalogEnable
                0x00000000       0x80 .\CortexM3\ARM_GCC_493\Debug\ODAS-PSOC5-03.a(CyLib.o)
 .text.CyVdLvDigitDisable
                0x00000000       0x30 .\CortexM3\ARM_GCC_493\Debug\ODAS-PSOC5-03.a(CyLib.o)
 .text.CyVdLvAnalogDisable
                0x00000000       0x28 .\CortexM3\ARM_GCC_493\Debug\ODAS-PSOC5-03.a(CyLib.o)
 .text.CyVdHvAnalogEnable
                0x00000000       0x54 .\CortexM3\ARM_GCC_493\Debug\ODAS-PSOC5-03.a(CyLib.o)
 .text.CyVdHvAnalogDisable
                0x00000000       0x20 .\CortexM3\ARM_GCC_493\Debug\ODAS-PSOC5-03.a(CyLib.o)
 .text.CyVdRealTimeStatus
                0x00000000       0x1c .\CortexM3\ARM_GCC_493\Debug\ODAS-PSOC5-03.a(CyLib.o)
 .text.CyDisableInts
                0x00000000       0x1c .\CortexM3\ARM_GCC_493\Debug\ODAS-PSOC5-03.a(CyLib.o)
 .text.CyEnableInts
                0x00000000       0x18 .\CortexM3\ARM_GCC_493\Debug\ODAS-PSOC5-03.a(CyLib.o)
 .text.CyFlushCache
                0x00000000       0x44 .\CortexM3\ARM_GCC_493\Debug\ODAS-PSOC5-03.a(CyLib.o)
 .text.CyIntSetSysVector
                0x00000000       0x28 .\CortexM3\ARM_GCC_493\Debug\ODAS-PSOC5-03.a(CyLib.o)
 .text.CyIntGetSysVector
                0x00000000       0x20 .\CortexM3\ARM_GCC_493\Debug\ODAS-PSOC5-03.a(CyLib.o)
 .text.CyIntSetVector
                0x00000000       0x28 .\CortexM3\ARM_GCC_493\Debug\ODAS-PSOC5-03.a(CyLib.o)
 .text.CyIntGetVector
                0x00000000       0x24 .\CortexM3\ARM_GCC_493\Debug\ODAS-PSOC5-03.a(CyLib.o)
 .text.CyIntSetPriority
                0x00000000       0x30 .\CortexM3\ARM_GCC_493\Debug\ODAS-PSOC5-03.a(CyLib.o)
 .text.CyIntGetPriority
                0x00000000       0x20 .\CortexM3\ARM_GCC_493\Debug\ODAS-PSOC5-03.a(CyLib.o)
 .text.CyIntGetState
                0x00000000       0x24 .\CortexM3\ARM_GCC_493\Debug\ODAS-PSOC5-03.a(CyLib.o)
 .text.CySysTickStop
                0x00000000       0x10 .\CortexM3\ARM_GCC_493\Debug\ODAS-PSOC5-03.a(CyLib.o)
 .text.CySysTickEnableInterrupt
                0x00000000       0x10 .\CortexM3\ARM_GCC_493\Debug\ODAS-PSOC5-03.a(CyLib.o)
 .text.CySysTickEnable
                0x00000000       0x18 .\CortexM3\ARM_GCC_493\Debug\ODAS-PSOC5-03.a(CyLib.o)
 .text.CySysTickDisableInterrupt
                0x00000000       0x10 .\CortexM3\ARM_GCC_493\Debug\ODAS-PSOC5-03.a(CyLib.o)
 .text.CySysTickSetReload
                0x00000000       0x10 .\CortexM3\ARM_GCC_493\Debug\ODAS-PSOC5-03.a(CyLib.o)
 .text.CySysTickGetReload
                0x00000000       0x10 .\CortexM3\ARM_GCC_493\Debug\ODAS-PSOC5-03.a(CyLib.o)
 .text.CySysTickGetValue
                0x00000000       0x10 .\CortexM3\ARM_GCC_493\Debug\ODAS-PSOC5-03.a(CyLib.o)
 .text.CySysTickSetClockSource
                0x00000000       0x20 .\CortexM3\ARM_GCC_493\Debug\ODAS-PSOC5-03.a(CyLib.o)
 .text.CySysTickGetClockSource
                0x00000000       0x10 .\CortexM3\ARM_GCC_493\Debug\ODAS-PSOC5-03.a(CyLib.o)
 .text.CySysTickGetCountFlag
                0x00000000       0x10 .\CortexM3\ARM_GCC_493\Debug\ODAS-PSOC5-03.a(CyLib.o)
 .text.CySysTickServiceCallbacks
                0x00000000       0x28 .\CortexM3\ARM_GCC_493\Debug\ODAS-PSOC5-03.a(CyLib.o)
 .text.CySysTickClear
                0x00000000        0xc .\CortexM3\ARM_GCC_493\Debug\ODAS-PSOC5-03.a(CyLib.o)
 .text.CySysTickInit
                0x00000000       0x58 .\CortexM3\ARM_GCC_493\Debug\ODAS-PSOC5-03.a(CyLib.o)
 .text.CySysTickStart
                0x00000000       0x1c .\CortexM3\ARM_GCC_493\Debug\ODAS-PSOC5-03.a(CyLib.o)
 .text.CySysTickSetCallback
                0x00000000       0x10 .\CortexM3\ARM_GCC_493\Debug\ODAS-PSOC5-03.a(CyLib.o)
 .text.CySysTickGetCallback
                0x00000000       0x10 .\CortexM3\ARM_GCC_493\Debug\ODAS-PSOC5-03.a(CyLib.o)
 .text.CyGetUniqueId
                0x00000000       0x70 .\CortexM3\ARM_GCC_493\Debug\ODAS-PSOC5-03.a(CyLib.o)
 .text          0x00000000        0x0 .\CortexM3\ARM_GCC_493\Debug\ODAS-PSOC5-03.a(cyPm.o)
 .data          0x00000000        0x0 .\CortexM3\ARM_GCC_493\Debug\ODAS-PSOC5-03.a(cyPm.o)
 .bss           0x00000000       0x44 .\CortexM3\ARM_GCC_493\Debug\ODAS-PSOC5-03.a(cyPm.o)
 .text.CyPmHibSlpSaveSet
                0x00000000      0x1dc .\CortexM3\ARM_GCC_493\Debug\ODAS-PSOC5-03.a(cyPm.o)
 .text.CyPmHibSlpRestore
                0x00000000       0xd4 .\CortexM3\ARM_GCC_493\Debug\ODAS-PSOC5-03.a(cyPm.o)
 .text.CyPmHviLviSaveDisable
                0x00000000       0xa0 .\CortexM3\ARM_GCC_493\Debug\ODAS-PSOC5-03.a(cyPm.o)
 .text.CyPmHibSaveSet
                0x00000000       0x8c .\CortexM3\ARM_GCC_493\Debug\ODAS-PSOC5-03.a(cyPm.o)
 .text.CyPmHviLviRestore
                0x00000000       0x48 .\CortexM3\ARM_GCC_493\Debug\ODAS-PSOC5-03.a(cyPm.o)
 .text.CyPmHibRestore
                0x00000000       0x58 .\CortexM3\ARM_GCC_493\Debug\ODAS-PSOC5-03.a(cyPm.o)
 .text.CyPmSaveClocks
                0x00000000      0x218 .\CortexM3\ARM_GCC_493\Debug\ODAS-PSOC5-03.a(cyPm.o)
 .text.CyPmRestoreClocks
                0x00000000      0x24c .\CortexM3\ARM_GCC_493\Debug\ODAS-PSOC5-03.a(cyPm.o)
 .text.CyPmAltAct
                0x00000000       0x6c .\CortexM3\ARM_GCC_493\Debug\ODAS-PSOC5-03.a(cyPm.o)
 .text.CyPmSleep
                0x00000000       0xf4 .\CortexM3\ARM_GCC_493\Debug\ODAS-PSOC5-03.a(cyPm.o)
 .text.CyPmHibernateEx
                0x00000000       0xf4 .\CortexM3\ARM_GCC_493\Debug\ODAS-PSOC5-03.a(cyPm.o)
 .text.CyPmHibernate
                0x00000000        0xc .\CortexM3\ARM_GCC_493\Debug\ODAS-PSOC5-03.a(cyPm.o)
 .text.CyPmReadStatus
                0x00000000       0x30 .\CortexM3\ARM_GCC_493\Debug\ODAS-PSOC5-03.a(cyPm.o)
 .text.CyPmCtwSetInterval
                0x00000000       0x5c .\CortexM3\ARM_GCC_493\Debug\ODAS-PSOC5-03.a(cyPm.o)
 .text.CyPmOppsSet
                0x00000000       0x2c .\CortexM3\ARM_GCC_493\Debug\ODAS-PSOC5-03.a(cyPm.o)
 .text.CyPmFtwSetInterval
                0x00000000       0x5c .\CortexM3\ARM_GCC_493\Debug\ODAS-PSOC5-03.a(cyPm.o)
 .rodata        0x00000000       0x10 .\CortexM3\ARM_GCC_493\Debug\ODAS-PSOC5-03.a(cyPm.o)
 .text          0x00000000        0x0 .\CortexM3\ARM_GCC_493\Debug\ODAS-PSOC5-03.a(StartPWMA.o)
 .data          0x00000000        0x0 .\CortexM3\ARM_GCC_493\Debug\ODAS-PSOC5-03.a(StartPWMA.o)
 .bss           0x00000000        0x0 .\CortexM3\ARM_GCC_493\Debug\ODAS-PSOC5-03.a(StartPWMA.o)
 .text.StartPWMA_Read
                0x00000000        0xc .\CortexM3\ARM_GCC_493\Debug\ODAS-PSOC5-03.a(StartPWMA.o)
 .text          0x00000000        0x0 .\CortexM3\ARM_GCC_493\Debug\ODAS-PSOC5-03.a(EndPWMA.o)
 .data          0x00000000        0x0 .\CortexM3\ARM_GCC_493\Debug\ODAS-PSOC5-03.a(EndPWMA.o)
 .bss           0x00000000        0x0 .\CortexM3\ARM_GCC_493\Debug\ODAS-PSOC5-03.a(EndPWMA.o)
 .text.EndPWMA_Read
                0x00000000        0xc .\CortexM3\ARM_GCC_493\Debug\ODAS-PSOC5-03.a(EndPWMA.o)
 .text          0x00000000        0x0 .\CortexM3\ARM_GCC_493\Debug\ODAS-PSOC5-03.a(StartPWMB.o)
 .data          0x00000000        0x0 .\CortexM3\ARM_GCC_493\Debug\ODAS-PSOC5-03.a(StartPWMB.o)
 .bss           0x00000000        0x0 .\CortexM3\ARM_GCC_493\Debug\ODAS-PSOC5-03.a(StartPWMB.o)
 .text.StartPWMB_Read
                0x00000000        0xc .\CortexM3\ARM_GCC_493\Debug\ODAS-PSOC5-03.a(StartPWMB.o)
 .text          0x00000000        0x0 .\CortexM3\ARM_GCC_493\Debug\ODAS-PSOC5-03.a(Freq.o)
 .data          0x00000000        0x0 .\CortexM3\ARM_GCC_493\Debug\ODAS-PSOC5-03.a(Freq.o)
 .bss           0x00000000        0x0 .\CortexM3\ARM_GCC_493\Debug\ODAS-PSOC5-03.a(Freq.o)
 .text.Freq_Read
                0x00000000        0xc .\CortexM3\ARM_GCC_493\Debug\ODAS-PSOC5-03.a(Freq.o)
 .text          0x00000000        0x0 .\CortexM3\ARM_GCC_493\Debug\ODAS-PSOC5-03.a(EndPWMB.o)
 .data          0x00000000        0x0 .\CortexM3\ARM_GCC_493\Debug\ODAS-PSOC5-03.a(EndPWMB.o)
 .bss           0x00000000        0x0 .\CortexM3\ARM_GCC_493\Debug\ODAS-PSOC5-03.a(EndPWMB.o)
 .text.EndPWMB_Read
                0x00000000        0xc .\CortexM3\ARM_GCC_493\Debug\ODAS-PSOC5-03.a(EndPWMB.o)
 .text          0x00000000        0x0 .\CortexM3\ARM_GCC_493\Debug\ODAS-PSOC5-03.a(Status_Reg_1.o)
 .data          0x00000000        0x0 .\CortexM3\ARM_GCC_493\Debug\ODAS-PSOC5-03.a(Status_Reg_1.o)
 .bss           0x00000000        0x0 .\CortexM3\ARM_GCC_493\Debug\ODAS-PSOC5-03.a(Status_Reg_1.o)
 .text.Status_Reg_1_InterruptEnable
                0x00000000       0x1c .\CortexM3\ARM_GCC_493\Debug\ODAS-PSOC5-03.a(Status_Reg_1.o)
 .text.Status_Reg_1_InterruptDisable
                0x00000000       0x1c .\CortexM3\ARM_GCC_493\Debug\ODAS-PSOC5-03.a(Status_Reg_1.o)
 .text.Status_Reg_1_WriteMask
                0x00000000       0x10 .\CortexM3\ARM_GCC_493\Debug\ODAS-PSOC5-03.a(Status_Reg_1.o)
 .text.Status_Reg_1_ReadMask
                0x00000000        0xc .\CortexM3\ARM_GCC_493\Debug\ODAS-PSOC5-03.a(Status_Reg_1.o)
 .text          0x00000000        0x0 .\CortexM3\ARM_GCC_493\Debug\ODAS-PSOC5-03.a(Control_Reg_1.o)
 .data          0x00000000        0x0 .\CortexM3\ARM_GCC_493\Debug\ODAS-PSOC5-03.a(Control_Reg_1.o)
 .bss           0x00000000        0x0 .\CortexM3\ARM_GCC_493\Debug\ODAS-PSOC5-03.a(Control_Reg_1.o)
 .text          0x00000000        0x0 .\CortexM3\ARM_GCC_493\Debug\ODAS-PSOC5-03.a(Control_Reg_2.o)
 .data          0x00000000        0x0 .\CortexM3\ARM_GCC_493\Debug\ODAS-PSOC5-03.a(Control_Reg_2.o)
 .bss           0x00000000        0x0 .\CortexM3\ARM_GCC_493\Debug\ODAS-PSOC5-03.a(Control_Reg_2.o)
 .text.Control_Reg_2_Read
                0x00000000        0xc .\CortexM3\ARM_GCC_493\Debug\ODAS-PSOC5-03.a(Control_Reg_2.o)
 .data          0x00000000        0x0 .\CortexM3\ARM_GCC_493\Debug\ODAS-PSOC5-03.a(CyBootAsmGnu.o)
 .bss           0x00000000        0x0 .\CortexM3\ARM_GCC_493\Debug\ODAS-PSOC5-03.a(CyBootAsmGnu.o)
 .text          0x00000000        0x0 .\CortexM3\ARM_GCC_493\Debug\ODAS-PSOC5-03.a(CyFlash.o)
 .data          0x00000000        0x0 .\CortexM3\ARM_GCC_493\Debug\ODAS-PSOC5-03.a(CyFlash.o)
 .bss           0x00000000        0x4 .\CortexM3\ARM_GCC_493\Debug\ODAS-PSOC5-03.a(CyFlash.o)
 .text.CyFlashGetSpcAlgorithm
                0x00000000       0x4c .\CortexM3\ARM_GCC_493\Debug\ODAS-PSOC5-03.a(CyFlash.o)
 .text.CySetTempInt
                0x00000000       0x60 .\CortexM3\ARM_GCC_493\Debug\ODAS-PSOC5-03.a(CyFlash.o)
 .text.CyFlash_Start
                0x00000000       0x54 .\CortexM3\ARM_GCC_493\Debug\ODAS-PSOC5-03.a(CyFlash.o)
 .text.CyFlash_Stop
                0x00000000       0x24 .\CortexM3\ARM_GCC_493\Debug\ODAS-PSOC5-03.a(CyFlash.o)
 .text.CySetTemp
                0x00000000       0x14 .\CortexM3\ARM_GCC_493\Debug\ODAS-PSOC5-03.a(CyFlash.o)
 .text.CySetFlashEEBuffer
                0x00000000       0x28 .\CortexM3\ARM_GCC_493\Debug\ODAS-PSOC5-03.a(CyFlash.o)
 .text.CyWriteRowFull
                0x00000000       0xf8 .\CortexM3\ARM_GCC_493\Debug\ODAS-PSOC5-03.a(CyFlash.o)
 .text.CyWriteRowData
                0x00000000       0x14 .\CortexM3\ARM_GCC_493\Debug\ODAS-PSOC5-03.a(CyFlash.o)
 .text.CyFlash_SetWaitCycles
                0x00000000       0x7c .\CortexM3\ARM_GCC_493\Debug\ODAS-PSOC5-03.a(CyFlash.o)
 .text.CyEEPROM_Start
                0x00000000       0x54 .\CortexM3\ARM_GCC_493\Debug\ODAS-PSOC5-03.a(CyFlash.o)
 .text.CyEEPROM_Stop
                0x00000000       0x24 .\CortexM3\ARM_GCC_493\Debug\ODAS-PSOC5-03.a(CyFlash.o)
 .text.CyEEPROM_ReadReserve
                0x00000000       0x1c .\CortexM3\ARM_GCC_493\Debug\ODAS-PSOC5-03.a(CyFlash.o)
 .text.CyEEPROM_ReadRelease
                0x00000000       0x10 .\CortexM3\ARM_GCC_493\Debug\ODAS-PSOC5-03.a(CyFlash.o)
 COMMON         0x00000000        0x2 .\CortexM3\ARM_GCC_493\Debug\ODAS-PSOC5-03.a(CyFlash.o)
 .text          0x00000000        0x0 .\CortexM3\ARM_GCC_493\Debug\ODAS-PSOC5-03.a(CySpc.o)
 .data          0x00000000        0x0 .\CortexM3\ARM_GCC_493\Debug\ODAS-PSOC5-03.a(CySpc.o)
 .bss           0x00000000        0x8 .\CortexM3\ARM_GCC_493\Debug\ODAS-PSOC5-03.a(CySpc.o)
 .text.CySpcStart
                0x00000000       0x24 .\CortexM3\ARM_GCC_493\Debug\ODAS-PSOC5-03.a(CySpc.o)
 .text.CySpcStop
                0x00000000       0x24 .\CortexM3\ARM_GCC_493\Debug\ODAS-PSOC5-03.a(CySpc.o)
 .text.CySpcReadData
                0x00000000       0x34 .\CortexM3\ARM_GCC_493\Debug\ODAS-PSOC5-03.a(CySpc.o)
 .text.CySpcLoadMultiByte
                0x00000000       0x78 .\CortexM3\ARM_GCC_493\Debug\ODAS-PSOC5-03.a(CySpc.o)
 .text.CySpcLoadRow
                0x00000000       0x54 .\CortexM3\ARM_GCC_493\Debug\ODAS-PSOC5-03.a(CySpc.o)
 .text.CySpcLoadRowFull
                0x00000000       0x80 .\CortexM3\ARM_GCC_493\Debug\ODAS-PSOC5-03.a(CySpc.o)
 .text.CySpcWriteRow
                0x00000000       0x4c .\CortexM3\ARM_GCC_493\Debug\ODAS-PSOC5-03.a(CySpc.o)
 .text.CySpcEraseSector
                0x00000000       0x3c .\CortexM3\ARM_GCC_493\Debug\ODAS-PSOC5-03.a(CySpc.o)
 .text.CySpcGetTemp
                0x00000000       0x3c .\CortexM3\ARM_GCC_493\Debug\ODAS-PSOC5-03.a(CySpc.o)
 .text.CySpcLock
                0x00000000       0x4c .\CortexM3\ARM_GCC_493\Debug\ODAS-PSOC5-03.a(CySpc.o)
 .text.CySpcUnlock
                0x00000000       0x38 .\CortexM3\ARM_GCC_493\Debug\ODAS-PSOC5-03.a(CySpc.o)
 .text.CySpcGetAlgorithm
                0x00000000       0x28 .\CortexM3\ARM_GCC_493\Debug\ODAS-PSOC5-03.a(CySpc.o)
 .text          0x00000000        0x0 c:/program files (x86)/cypress/psoc creator/4.0/psoc creator/import/gnu/arm/4.9.3/bin/../lib/gcc/arm-none-eabi/4.9.3/../../../../arm-none-eabi/lib/armv7-m\libg_nano.a(lib_a-errno.o)
 .data          0x00000000        0x0 c:/program files (x86)/cypress/psoc creator/4.0/psoc creator/import/gnu/arm/4.9.3/bin/../lib/gcc/arm-none-eabi/4.9.3/../../../../arm-none-eabi/lib/armv7-m\libg_nano.a(lib_a-errno.o)
 .bss           0x00000000        0x0 c:/program files (x86)/cypress/psoc creator/4.0/psoc creator/import/gnu/arm/4.9.3/bin/../lib/gcc/arm-none-eabi/4.9.3/../../../../arm-none-eabi/lib/armv7-m\libg_nano.a(lib_a-errno.o)
 .text          0x00000000        0x0 c:/program files (x86)/cypress/psoc creator/4.0/psoc creator/import/gnu/arm/4.9.3/bin/../lib/gcc/arm-none-eabi/4.9.3/../../../../arm-none-eabi/lib/armv7-m\libg_nano.a(lib_a-exit.o)
 .data          0x00000000        0x0 c:/program files (x86)/cypress/psoc creator/4.0/psoc creator/import/gnu/arm/4.9.3/bin/../lib/gcc/arm-none-eabi/4.9.3/../../../../arm-none-eabi/lib/armv7-m\libg_nano.a(lib_a-exit.o)
 .bss           0x00000000        0x0 c:/program files (x86)/cypress/psoc creator/4.0/psoc creator/import/gnu/arm/4.9.3/bin/../lib/gcc/arm-none-eabi/4.9.3/../../../../arm-none-eabi/lib/armv7-m\libg_nano.a(lib_a-exit.o)
 .text.exit     0x00000000       0x28 c:/program files (x86)/cypress/psoc creator/4.0/psoc creator/import/gnu/arm/4.9.3/bin/../lib/gcc/arm-none-eabi/4.9.3/../../../../arm-none-eabi/lib/armv7-m\libg_nano.a(lib_a-exit.o)
 .text          0x00000000        0x0 c:/program files (x86)/cypress/psoc creator/4.0/psoc creator/import/gnu/arm/4.9.3/bin/../lib/gcc/arm-none-eabi/4.9.3/../../../../arm-none-eabi/lib/armv7-m\libg_nano.a(lib_a-impure.o)
 .data          0x00000000        0x0 c:/program files (x86)/cypress/psoc creator/4.0/psoc creator/import/gnu/arm/4.9.3/bin/../lib/gcc/arm-none-eabi/4.9.3/../../../../arm-none-eabi/lib/armv7-m\libg_nano.a(lib_a-impure.o)
 .bss           0x00000000        0x0 c:/program files (x86)/cypress/psoc creator/4.0/psoc creator/import/gnu/arm/4.9.3/bin/../lib/gcc/arm-none-eabi/4.9.3/../../../../arm-none-eabi/lib/armv7-m\libg_nano.a(lib_a-impure.o)
 .rodata._global_impure_ptr
                0x00000000        0x4 c:/program files (x86)/cypress/psoc creator/4.0/psoc creator/import/gnu/arm/4.9.3/bin/../lib/gcc/arm-none-eabi/4.9.3/../../../../arm-none-eabi/lib/armv7-m\libg_nano.a(lib_a-impure.o)
 .text          0x00000000        0x0 c:/program files (x86)/cypress/psoc creator/4.0/psoc creator/import/gnu/arm/4.9.3/bin/../lib/gcc/arm-none-eabi/4.9.3/../../../../arm-none-eabi/lib/armv7-m\libg_nano.a(lib_a-init.o)
 .data          0x00000000        0x0 c:/program files (x86)/cypress/psoc creator/4.0/psoc creator/import/gnu/arm/4.9.3/bin/../lib/gcc/arm-none-eabi/4.9.3/../../../../arm-none-eabi/lib/armv7-m\libg_nano.a(lib_a-init.o)
 .bss           0x00000000        0x0 c:/program files (x86)/cypress/psoc creator/4.0/psoc creator/import/gnu/arm/4.9.3/bin/../lib/gcc/arm-none-eabi/4.9.3/../../../../arm-none-eabi/lib/armv7-m\libg_nano.a(lib_a-init.o)
 .text          0x00000000        0x0 c:/program files (x86)/cypress/psoc creator/4.0/psoc creator/import/gnu/arm/4.9.3/bin/../lib/gcc/arm-none-eabi/4.9.3/../../../../arm-none-eabi/lib/armv7-m\libg_nano.a(lib_a-memcpy.o)
 .data          0x00000000        0x0 c:/program files (x86)/cypress/psoc creator/4.0/psoc creator/import/gnu/arm/4.9.3/bin/../lib/gcc/arm-none-eabi/4.9.3/../../../../arm-none-eabi/lib/armv7-m\libg_nano.a(lib_a-memcpy.o)
 .bss           0x00000000        0x0 c:/program files (x86)/cypress/psoc creator/4.0/psoc creator/import/gnu/arm/4.9.3/bin/../lib/gcc/arm-none-eabi/4.9.3/../../../../arm-none-eabi/lib/armv7-m\libg_nano.a(lib_a-memcpy.o)
 .text          0x00000000        0x0 c:/program files (x86)/cypress/psoc creator/4.0/psoc creator/import/gnu/arm/4.9.3/bin/../lib/gcc/arm-none-eabi/4.9.3/../../../../arm-none-eabi/lib/armv7-m\libg_nano.a(lib_a-memset.o)
 .data          0x00000000        0x0 c:/program files (x86)/cypress/psoc creator/4.0/psoc creator/import/gnu/arm/4.9.3/bin/../lib/gcc/arm-none-eabi/4.9.3/../../../../arm-none-eabi/lib/armv7-m\libg_nano.a(lib_a-memset.o)
 .bss           0x00000000        0x0 c:/program files (x86)/cypress/psoc creator/4.0/psoc creator/import/gnu/arm/4.9.3/bin/../lib/gcc/arm-none-eabi/4.9.3/../../../../arm-none-eabi/lib/armv7-m\libg_nano.a(lib_a-memset.o)
 .text          0x00000000        0x0 c:/program files (x86)/cypress/psoc creator/4.0/psoc creator/import/gnu/arm/4.9.3/bin/../lib/gcc/arm-none-eabi/4.9.3/armv7-m/crtend.o
 .data          0x00000000        0x0 c:/program files (x86)/cypress/psoc creator/4.0/psoc creator/import/gnu/arm/4.9.3/bin/../lib/gcc/arm-none-eabi/4.9.3/armv7-m/crtend.o
 .bss           0x00000000        0x0 c:/program files (x86)/cypress/psoc creator/4.0/psoc creator/import/gnu/arm/4.9.3/bin/../lib/gcc/arm-none-eabi/4.9.3/armv7-m/crtend.o
 .text          0x00000000        0x0 c:/program files (x86)/cypress/psoc creator/4.0/psoc creator/import/gnu/arm/4.9.3/bin/../lib/gcc/arm-none-eabi/4.9.3/armv7-m/crtn.o
 .data          0x00000000        0x0 c:/program files (x86)/cypress/psoc creator/4.0/psoc creator/import/gnu/arm/4.9.3/bin/../lib/gcc/arm-none-eabi/4.9.3/armv7-m/crtn.o
 .bss           0x00000000        0x0 c:/program files (x86)/cypress/psoc creator/4.0/psoc creator/import/gnu/arm/4.9.3/bin/../lib/gcc/arm-none-eabi/4.9.3/armv7-m/crtn.o

Memory Configuration

Name             Origin             Length             Attributes
rom              0x00000000         0x00020000         xr
ram              0x1fffc000         0x00008000         xrw
*default*        0x00000000         0xffffffff

Linker script and memory map

LOAD c:/program files (x86)/cypress/psoc creator/4.0/psoc creator/import/gnu/arm/4.9.3/bin/../lib/gcc/arm-none-eabi/4.9.3/armv7-m/crti.o
LOAD c:/program files (x86)/cypress/psoc creator/4.0/psoc creator/import/gnu/arm/4.9.3/bin/../lib/gcc/arm-none-eabi/4.9.3/armv7-m/crtbegin.o
LOAD c:/program files (x86)/cypress/psoc creator/4.0/psoc creator/import/gnu/arm/4.9.3/bin/../lib/gcc/arm-none-eabi/4.9.3/../../../../arm-none-eabi/lib/armv7-m/crt0.o
START GROUP
LOAD .\CortexM3\ARM_GCC_493\Debug\main.o
LOAD .\CortexM3\ARM_GCC_493\Debug\cymetadata.o
LOAD .\CortexM3\ARM_GCC_493\Debug\Cm3Start.o
LOAD .\CortexM3\ARM_GCC_493\Debug\ODAS-PSOC5-03.a
LOAD C:\Program Files (x86)\Cypress\PSoC Creator\4.0\PSoC Creator\psoc\content\cycomponentlibrary\CyComponentLibrary.cylib\CortexM3\ARM_GCC_493\Debug\CyComponentLibrary.a
END GROUP
START GROUP
LOAD c:/program files (x86)/cypress/psoc creator/4.0/psoc creator/import/gnu/arm/4.9.3/bin/../lib/gcc/arm-none-eabi/4.9.3/armv7-m\libgcc.a
LOAD c:/program files (x86)/cypress/psoc creator/4.0/psoc creator/import/gnu/arm/4.9.3/bin/../lib/gcc/arm-none-eabi/4.9.3/../../../../arm-none-eabi/lib/armv7-m\libg_nano.a
LOAD c:/program files (x86)/cypress/psoc creator/4.0/psoc creator/import/gnu/arm/4.9.3/bin/../lib/gcc/arm-none-eabi/4.9.3/../../../../arm-none-eabi/lib/armv7-m\libc_nano.a
END GROUP
START GROUP
LOAD c:/program files (x86)/cypress/psoc creator/4.0/psoc creator/import/gnu/arm/4.9.3/bin/../lib/gcc/arm-none-eabi/4.9.3/armv7-m\libgcc.a
LOAD c:/program files (x86)/cypress/psoc creator/4.0/psoc creator/import/gnu/arm/4.9.3/bin/../lib/gcc/arm-none-eabi/4.9.3/../../../../arm-none-eabi/lib/armv7-m\libc_nano.a
END GROUP
LOAD c:/program files (x86)/cypress/psoc creator/4.0/psoc creator/import/gnu/arm/4.9.3/bin/../lib/gcc/arm-none-eabi/4.9.3/armv7-m/crtend.o
LOAD c:/program files (x86)/cypress/psoc creator/4.0/psoc creator/import/gnu/arm/4.9.3/bin/../lib/gcc/arm-none-eabi/4.9.3/armv7-m/crtn.o
START GROUP
LOAD c:/program files (x86)/cypress/psoc creator/4.0/psoc creator/import/gnu/arm/4.9.3/bin/../lib/gcc/arm-none-eabi/4.9.3/armv7-m\libgcc.a
LOAD c:/program files (x86)/cypress/psoc creator/4.0/psoc creator/import/gnu/arm/4.9.3/bin/../lib/gcc/arm-none-eabi/4.9.3/../../../../arm-none-eabi/lib/armv7-m\libc.a
LOAD c:/program files (x86)/cypress/psoc creator/4.0/psoc creator/import/gnu/arm/4.9.3/bin/../lib/gcc/arm-none-eabi/4.9.3/../../../../arm-none-eabi/lib/armv7-m\libnosys.a
END GROUP
                0x00000000                CY_APPL_ORIGIN = 0x0
                0x00000100                CY_FLASH_ROW_SIZE = 0x100
                0x00000020                CY_ECC_ROW_SIZE = 0x20
                0x00000000                CY_EE_IN_BTLDR = 0x0
                0x00000000                CY_APPL_LOADABLE = 0x0
                0x00000800                CY_EE_SIZE = 0x800
                0x00000001                CY_APPL_NUM = 0x1
                0x00000001                CY_APPL_MAX = 0x1
                0x00000040                CY_METADATA_SIZE = 0x40
                0x00000000                CY_APPL_LOADABLE = 0x0
                0x00000000                CY_CHECKSUM_EXCLUDE_SIZE = ALIGN (0x0, CY_FLASH_ROW_SIZE)
                0x1fffc1d0                PROVIDE (__cy_heap_start, _end)
                0x00000001                PROVIDE (__cy_region_num, ((__cy_regions_end - __cy_regions) / 0x10))
                0x20004000                PROVIDE (__cy_stack, (ORIGIN (ram) + 0x8000))
                0x20003800                PROVIDE (__cy_heap_end, (__cy_stack - 0x800))

.cybootloader   0x00000000        0x0
 *(.cybootloader)
                0x00000000                appl1_start = CY_APPL_ORIGIN?CY_APPL_ORIGIN:ALIGN (CY_FLASH_ROW_SIZE)
                0x0000ff00                appl2_start = (appl1_start + ALIGN ((((0x20000 - appl1_start) - (0x2 * CY_FLASH_ROW_SIZE)) / 0x2), CY_FLASH_ROW_SIZE))
                0x00000000                appl_start = (CY_APPL_NUM == 0x1)?appl1_start:appl2_start
                0x00000000                ecc_offset = ((appl_start / CY_FLASH_ROW_SIZE) * CY_ECC_ROW_SIZE)
                0x00000000                ee_offset = (CY_APPL_LOADABLE && ! (CY_EE_IN_BTLDR))?((CY_EE_SIZE / CY_APPL_MAX) * (CY_APPL_NUM - 0x1)):0x0
                0x00000800                ee_size = (CY_APPL_LOADABLE && ! (CY_EE_IN_BTLDR))?(CY_EE_SIZE / CY_APPL_MAX):CY_EE_SIZE
                0x00000000                PROVIDE (CY_ECC_OFFSET, ecc_offset)

.text           0x00000000      0x68e
 CREATE_OBJECT_SYMBOLS
                0x00000000                PROVIDE (__cy_interrupt_vector, RomVectors)
 *(.romvectors)
 .romvectors    0x00000000       0x10 .\CortexM3\ARM_GCC_493\Debug\Cm3Start.o
                0x00000000                RomVectors
                0x00000001                ASSERT ((. != __cy_interrupt_vector), No interrupt vector)
                0x00000001                ASSERT (CY_APPL_ORIGIN?(SIZEOF (.cybootloader) <= CY_APPL_ORIGIN):0x1, Wrong image location)
                0x00000010                PROVIDE (__cy_reset, Reset)
 *(.text.Reset)
 .text.Reset    0x00000010       0x18 .\CortexM3\ARM_GCC_493\Debug\Cm3Start.o
                0x00000010                Reset
                0x00000001                ASSERT ((. != __cy_reset), No reset code)
 *(.dma_init)
                0x00000001                ASSERT ((((appl_start + .) <= 0x10000) || 0x1), DMA Init must be within the first 64k of flash)
 *(.text .text.* .gnu.linkonce.t.*)
 .text          0x00000028       0x5c c:/program files (x86)/cypress/psoc creator/4.0/psoc creator/import/gnu/arm/4.9.3/bin/../lib/gcc/arm-none-eabi/4.9.3/armv7-m/crtbegin.o
 .text.toggleLED
                0x00000084       0x20 .\CortexM3\ARM_GCC_493\Debug\main.o
                0x00000084                toggleLED
 .text.main     0x000000a4      0x12c .\CortexM3\ARM_GCC_493\Debug\main.o
                0x000000a4                main
 .text.IntDefaultHandler
                0x000001d0       0x10 .\CortexM3\ARM_GCC_493\Debug\Cm3Start.o
                0x000001d0                IntDefaultHandler
 .text.Start_c  0x000001e0       0x4c .\CortexM3\ARM_GCC_493\Debug\Cm3Start.o
                0x000001e0                Start_c
 .text.initialize_psoc
                0x0000022c       0x74 .\CortexM3\ARM_GCC_493\Debug\Cm3Start.o
                0x0000022c                initialize_psoc
 .text.CyClockStartupError
                0x000002a0        0x4 .\CortexM3\ARM_GCC_493\Debug\ODAS-PSOC5-03.a(cyfitter_cfg.o)
 .text.cfg_write_bytes32
                0x000002a4       0x34 .\CortexM3\ARM_GCC_493\Debug\ODAS-PSOC5-03.a(cyfitter_cfg.o)
 .text.AnalogSetDefault
                0x000002d8       0x28 .\CortexM3\ARM_GCC_493\Debug\ODAS-PSOC5-03.a(cyfitter_cfg.o)
 .text.CYMEMZERO
                0x00000300        0xc .\CortexM3\ARM_GCC_493\Debug\ODAS-PSOC5-03.a(cyfitter_cfg.o)
 .text.ClockSetup
                0x0000030c      0x10c .\CortexM3\ARM_GCC_493\Debug\ODAS-PSOC5-03.a(cyfitter_cfg.o)
 .text.CYCONFIGCPY
                0x00000418        0x8 .\CortexM3\ARM_GCC_493\Debug\ODAS-PSOC5-03.a(cyfitter_cfg.o)
 .text.cyfitter_cfg
                0x00000420      0x134 .\CortexM3\ARM_GCC_493\Debug\ODAS-PSOC5-03.a(cyfitter_cfg.o)
                0x00000420                cyfitter_cfg
 .text.CyDelay  0x00000554       0x2c .\CortexM3\ARM_GCC_493\Debug\ODAS-PSOC5-03.a(CyLib.o)
                0x00000554                CyDelay
 .text.StartPWMA_Write
                0x00000580        0xc .\CortexM3\ARM_GCC_493\Debug\ODAS-PSOC5-03.a(StartPWMA.o)
                0x00000580                StartPWMA_Write
 .text.EndPWMA_Write
                0x0000058c        0xc .\CortexM3\ARM_GCC_493\Debug\ODAS-PSOC5-03.a(EndPWMA.o)
                0x0000058c                EndPWMA_Write
 .text.StartPWMB_Write
                0x00000598        0xc .\CortexM3\ARM_GCC_493\Debug\ODAS-PSOC5-03.a(StartPWMB.o)
                0x00000598                StartPWMB_Write
 .text.Freq_Write
                0x000005a4        0xc .\CortexM3\ARM_GCC_493\Debug\ODAS-PSOC5-03.a(Freq.o)
                0x000005a4                Freq_Write
 .text.EndPWMB_Write
                0x000005b0        0xc .\CortexM3\ARM_GCC_493\Debug\ODAS-PSOC5-03.a(EndPWMB.o)
                0x000005b0                EndPWMB_Write
 .text.Status_Reg_1_Read
                0x000005bc        0xc .\CortexM3\ARM_GCC_493\Debug\ODAS-PSOC5-03.a(Status_Reg_1.o)
                0x000005bc                Status_Reg_1_Read
 .text.Control_Reg_1_Write
                0x000005c8        0xc .\CortexM3\ARM_GCC_493\Debug\ODAS-PSOC5-03.a(Control_Reg_1.o)
                0x000005c8                Control_Reg_1_Write
 .text.Control_Reg_1_Read
                0x000005d4        0xc .\CortexM3\ARM_GCC_493\Debug\ODAS-PSOC5-03.a(Control_Reg_1.o)
                0x000005d4                Control_Reg_1_Read
 .text.Control_Reg_2_Write
                0x000005e0        0xc .\CortexM3\ARM_GCC_493\Debug\ODAS-PSOC5-03.a(Control_Reg_2.o)
                0x000005e0                Control_Reg_2_Write
 *fill*         0x000005ec        0x4 
 .text          0x000005f0       0x20 .\CortexM3\ARM_GCC_493\Debug\ODAS-PSOC5-03.a(CyBootAsmGnu.o)
                0x000005f0                CyDelayCycles
                0x00000600                CyEnterCriticalSection
                0x00000608                CyExitCriticalSection
 .text.__errno  0x00000610        0xc c:/program files (x86)/cypress/psoc creator/4.0/psoc creator/import/gnu/arm/4.9.3/bin/../lib/gcc/arm-none-eabi/4.9.3/../../../../arm-none-eabi/lib/armv7-m\libg_nano.a(lib_a-errno.o)
                0x00000610                __errno
 .text.__libc_init_array
                0x0000061c       0x4c c:/program files (x86)/cypress/psoc creator/4.0/psoc creator/import/gnu/arm/4.9.3/bin/../lib/gcc/arm-none-eabi/4.9.3/../../../../arm-none-eabi/lib/armv7-m\libg_nano.a(lib_a-init.o)
                0x0000061c                __libc_init_array
 .text.memcpy   0x00000668       0x16 c:/program files (x86)/cypress/psoc creator/4.0/psoc creator/import/gnu/arm/4.9.3/bin/../lib/gcc/arm-none-eabi/4.9.3/../../../../arm-none-eabi/lib/armv7-m\libg_nano.a(lib_a-memcpy.o)
                0x00000668                memcpy
 .text.memset   0x0000067e       0x10 c:/program files (x86)/cypress/psoc creator/4.0/psoc creator/import/gnu/arm/4.9.3/bin/../lib/gcc/arm-none-eabi/4.9.3/../../../../arm-none-eabi/lib/armv7-m\libg_nano.a(lib_a-memset.o)
                0x0000067e                memset
 *(.plt)
 *(.gnu.warning)
 *(.glue_7t)
 .glue_7t       0x00000000        0x0 linker stubs
 *(.glue_7)
 .glue_7        0x00000000        0x0 linker stubs
 *(.vfp11_veneer)
 .vfp11_veneer  0x00000000        0x0 linker stubs
 *(.bootloader)
 *(.ARM.extab* .gnu.linkonce.armextab.*)
 *(.gcc_except_table)

.v4_bx          0x00000690        0x0
 .v4_bx         0x00000000        0x0 linker stubs

.iplt           0x00000690        0x0
 .iplt          0x00000000        0x0 c:/program files (x86)/cypress/psoc creator/4.0/psoc creator/import/gnu/arm/4.9.3/bin/../lib/gcc/arm-none-eabi/4.9.3/armv7-m/crtbegin.o

.eh_frame_hdr
 *(.eh_frame_hdr)

.eh_frame       0x00000690        0x4
 *(.eh_frame)
 .eh_frame      0x00000690        0x0 c:/program files (x86)/cypress/psoc creator/4.0/psoc creator/import/gnu/arm/4.9.3/bin/../lib/gcc/arm-none-eabi/4.9.3/armv7-m/crtbegin.o
 .eh_frame      0x00000690        0x4 c:/program files (x86)/cypress/psoc creator/4.0/psoc creator/import/gnu/arm/4.9.3/bin/../lib/gcc/arm-none-eabi/4.9.3/armv7-m/crtend.o
                0x00000694                PROVIDE (__exidx_start, .)

.ARM.exidx
 *(.ARM.exidx* .gnu.linkonce.armexidx.*)
                0x00000694                __exidx_end = .

.rodata         0x00000694       0x64
 *(.rodata .rodata.* .gnu.linkonce.r.*)
 .rodata        0x00000694       0x2c .\CortexM3\ARM_GCC_493\Debug\ODAS-PSOC5-03.a(cyfitter_cfg.o)
 .rodata.str1.1
                0x000006c0        0x2 c:/program files (x86)/cypress/psoc creator/4.0/psoc creator/import/gnu/arm/4.9.3/bin/../lib/gcc/arm-none-eabi/4.9.3/../../../../arm-none-eabi/lib/armv7-m\libg_nano.a(lib_a-impure.o)
                0x000006c4                . = ALIGN (0x4)
 *fill*         0x000006c2        0x2 
 *(.init)
 .init          0x000006c4        0x4 c:/program files (x86)/cypress/psoc creator/4.0/psoc creator/import/gnu/arm/4.9.3/bin/../lib/gcc/arm-none-eabi/4.9.3/armv7-m/crti.o
                0x000006c4                _init
 .init          0x000006c8        0x8 c:/program files (x86)/cypress/psoc creator/4.0/psoc creator/import/gnu/arm/4.9.3/bin/../lib/gcc/arm-none-eabi/4.9.3/armv7-m/crtn.o
                0x000006d0                . = ALIGN (0x4)
                0x000006d0                __preinit_array_start = .
 *(.preinit_array)
                0x000006d0                __preinit_array_end = .
                0x000006d0                . = ALIGN (0x4)
                0x000006d0                __init_array_start = .
 *(SORT(.init_array.*))
 *(.init_array)
 .init_array    0x000006d0        0x4 c:/program files (x86)/cypress/psoc creator/4.0/psoc creator/import/gnu/arm/4.9.3/bin/../lib/gcc/arm-none-eabi/4.9.3/armv7-m/crtbegin.o
 .init_array    0x000006d4        0x4 .\CortexM3\ARM_GCC_493\Debug\Cm3Start.o
                0x000006d8                __init_array_end = .
                0x000006d8                . = ALIGN (0x4)
 *(.fini)
 .fini          0x000006d8        0x4 c:/program files (x86)/cypress/psoc creator/4.0/psoc creator/import/gnu/arm/4.9.3/bin/../lib/gcc/arm-none-eabi/4.9.3/armv7-m/crti.o
                0x000006d8                _fini
 .fini          0x000006dc        0x8 c:/program files (x86)/cypress/psoc creator/4.0/psoc creator/import/gnu/arm/4.9.3/bin/../lib/gcc/arm-none-eabi/4.9.3/armv7-m/crtn.o
                0x000006e4                . = ALIGN (0x4)
                0x000006e4                __fini_array_start = .
 *(.fini_array)
 .fini_array    0x000006e4        0x4 c:/program files (x86)/cypress/psoc creator/4.0/psoc creator/import/gnu/arm/4.9.3/bin/../lib/gcc/arm-none-eabi/4.9.3/armv7-m/crtbegin.o
 *(SORT(.fini_array.*))
                0x000006e8                __fini_array_end = .
                0x000006e8                . = ALIGN (0x4)
 *crtbegin.o(.ctors)
 *(EXCLUDE_FILE(*crtend.o) .ctors)
 *(SORT(.ctors.*))
 *crtend.o(.ctors)
                0x000006e8                . = ALIGN (0x4)
 *crtbegin.o(.dtors)
 *(EXCLUDE_FILE(*crtend.o) .dtors)
 *(SORT(.dtors.*))
 *crtend.o(.dtors)
                0x000006e8                . = ALIGN (0x4)
                0x000006e8                __cy_regions = .
                0x000006e8        0x4 LONG 0x6f8 __cy_region_init_ram
                0x000006ec        0x4 LONG 0x1fffc108 __cy_region_start_data
                0x000006f0        0x4 LONG 0xa8 __cy_region_init_size_ram
                0x000006f4        0x4 LONG 0x20 __cy_region_zero_size_ram
                0x000006f8                __cy_regions_end = .
                0x000006f8                . = ALIGN (0x8)
                0x000006f8                _etext = .

.cy_checksum_exclude
                0x000006f8        0x0
 *(.cy_checksum_exclude)

.ramvectors     0x1fffc000      0x100
                0x1fffc000                __cy_region_start_ram = .
 *(.ramvectors)
 .ramvectors    0x1fffc000      0x100 .\CortexM3\ARM_GCC_493\Debug\Cm3Start.o
                0x1fffc000                CyRamVectors

.noinit         0x1fffc100        0x5
 *(.noinit)
 .noinit        0x1fffc100        0x4 .\CortexM3\ARM_GCC_493\Debug\Cm3Start.o
 .noinit        0x1fffc104        0x1 .\CortexM3\ARM_GCC_493\Debug\ODAS-PSOC5-03.a(CyLib.o)
                0x1fffc104                CyResetStatus

.data           0x1fffc108       0xa8 load address 0x000006f8
                0x1fffc108                __cy_region_start_data = .
 *(.jcr)
 .jcr           0x1fffc108        0x0 c:/program files (x86)/cypress/psoc creator/4.0/psoc creator/import/gnu/arm/4.9.3/bin/../lib/gcc/arm-none-eabi/4.9.3/armv7-m/crtbegin.o
 .jcr           0x1fffc108        0x4 c:/program files (x86)/cypress/psoc creator/4.0/psoc creator/import/gnu/arm/4.9.3/bin/../lib/gcc/arm-none-eabi/4.9.3/armv7-m/crtend.o
 *(.got.plt)
 *(.got)
 *(.shdata)
 *(.data .data.* .gnu.linkonce.d.*)
 .data          0x1fffc10c       0x2c .\CortexM3\ARM_GCC_493\Debug\main.o
                0x1fffc10c                pwmTable
 .data          0x1fffc138       0x10 .\CortexM3\ARM_GCC_493\Debug\ODAS-PSOC5-03.a(CyLib.o)
                0x1fffc138                cydelay_32k_ms
                0x1fffc13c                cydelay_freq_khz
                0x1fffc140                cydelay_freq_mhz
                0x1fffc144                cydelay_freq_hz
 .data.impure_data
                0x1fffc148       0x60 c:/program files (x86)/cypress/psoc creator/4.0/psoc creator/import/gnu/arm/4.9.3/bin/../lib/gcc/arm-none-eabi/4.9.3/../../../../arm-none-eabi/lib/armv7-m\libg_nano.a(lib_a-impure.o)
 .data._impure_ptr
                0x1fffc1a8        0x4 c:/program files (x86)/cypress/psoc creator/4.0/psoc creator/import/gnu/arm/4.9.3/bin/../lib/gcc/arm-none-eabi/4.9.3/../../../../arm-none-eabi/lib/armv7-m\libg_nano.a(lib_a-impure.o)
                0x1fffc1a8                _impure_ptr
                0x1fffc1b0                . = ALIGN (0x8)
 *fill*         0x1fffc1ac        0x4 
 *(.ram)
                0x1fffc1b0                _edata = .

.igot.plt       0x1fffc1b0        0x0 load address 0x000007a0
 .igot.plt      0x00000000        0x0 c:/program files (x86)/cypress/psoc creator/4.0/psoc creator/import/gnu/arm/4.9.3/bin/../lib/gcc/arm-none-eabi/4.9.3/armv7-m/crtbegin.o

.bss            0x1fffc1b0       0x20 load address 0x000007a0
                0x1fffc1b0                PROVIDE (__bss_start__, .)
 *(.shbss)
 *(.bss .bss.* .gnu.linkonce.b.*)
 .bss           0x1fffc1b0       0x1c c:/program files (x86)/cypress/psoc creator/4.0/psoc creator/import/gnu/arm/4.9.3/bin/../lib/gcc/arm-none-eabi/4.9.3/armv7-m/crtbegin.o
 *(COMMON)
 COMMON         0x1fffc1cc        0x1 .\CortexM3\ARM_GCC_493\Debug\main.o
                0x1fffc1cc                myState
                0x1fffc1d0                . = ALIGN (0x8)
 *fill*         0x1fffc1cd        0x3 
 *(.ram.b)
                0x1fffc1d0                _end = .
                0x1fffc1d0                __end = .
                0x1fffc1d0                PROVIDE (end, .)
                0x1fffc1d0                PROVIDE (__bss_end__, .)
                0x000006f8                __cy_region_init_ram = LOADADDR (.data)
                0x000000a8                __cy_region_init_size_ram = (_edata - ADDR (.data))
                0x00000020                __cy_region_zero_size_ram = (_end - _edata)

.heap           0x1fffc1d0       0x80 load address 0x000007a0
                0x1fffc1d0                . = _end
                0x1fffc250                . = (. + 0x80)
 *fill*         0x1fffc1d0       0x80 
                0x1fffc250                __cy_heap_limit = .

.stack          0x20003800      0x800
                0x20003800                __cy_stack_limit = .
                0x20004000                . = (. + 0x800)
 *fill*         0x20003800      0x800 
                0x00000001                ASSERT ((__cy_stack_limit >= __cy_heap_limit), region RAM overflowed with stack)
                0x00000000                cy_checksum_exclude_size = (CY_APPL_LOADABLE == 0x1)?SIZEOF (.cy_checksum_exclude):0x0
                0x00000001                ASSERT ((cy_checksum_exclude_size <= CY_CHECKSUM_EXCLUDE_SIZE), CY_BOOT: Section .cy_checksum_exclude size exceedes specified limit.)

.cyloadermeta
 *(.cyloadermeta)

.cyloadablemeta
 *(.cyloadablemeta)

.cyconfigecc    0x80000000      0x6b8
 *(.cyconfigecc)
 .cyconfigecc   0x80000000      0x6b8 .\CortexM3\ARM_GCC_493\Debug\cymetadata.o
                0x80000000                cy_meta_configecc

.cycustnvl      0x90000000        0x4
 *(.cycustnvl)
 .cycustnvl     0x90000000        0x4 .\CortexM3\ARM_GCC_493\Debug\cymetadata.o
                0x90000000                cy_meta_custnvl

.cywolatch      0x90100000        0x4
 *(.cywolatch)
 .cywolatch     0x90100000        0x4 .\CortexM3\ARM_GCC_493\Debug\cymetadata.o
                0x90100000                cy_meta_wonvl

.cyeeprom       0x90200000        0x0
 *(.cyeeprom)
                0x00000001                ASSERT ((. <= ((0x90200000 + ee_offset) + ee_size)), .cyeeprom data will not fit in EEPROM)

.cyflashprotect
                0x90400000       0x80
 *(.cyflashprotect)
 .cyflashprotect
                0x90400000       0x80 .\CortexM3\ARM_GCC_493\Debug\cymetadata.o
                0x90400000                cy_meta_flashprotect

.cymeta         0x90500000        0xc
 *(.cymeta)
 .cymeta        0x90500000        0xc .\CortexM3\ARM_GCC_493\Debug\cymetadata.o
                0x90500000                cy_metadata

.rel.dyn        0x000007a0        0x0 load address 0x9050000c
 .rel.iplt      0x00000000        0x0 c:/program files (x86)/cypress/psoc creator/4.0/psoc creator/import/gnu/arm/4.9.3/bin/../lib/gcc/arm-none-eabi/4.9.3/armv7-m/crtbegin.o

.stab
 *(.stab)

.stabstr
 *(.stabstr)

.debug
 *(.debug)

.line
 *(.line)

.debug_srcinfo
 *(.debug_srcinfo)

.debug_sfnames
 *(.debug_sfnames)

.debug_aranges  0x00000000      0x688
 *(.debug_aranges)
 .debug_aranges
                0x00000000       0x28 .\CortexM3\ARM_GCC_493\Debug\main.o
 .debug_aranges
                0x00000028       0x18 .\CortexM3\ARM_GCC_493\Debug\cymetadata.o
 .debug_aranges
                0x00000040       0x48 .\CortexM3\ARM_GCC_493\Debug\Cm3Start.o
 .debug_aranges
                0x00000088       0x58 .\CortexM3\ARM_GCC_493\Debug\ODAS-PSOC5-03.a(cyfitter_cfg.o)
 .debug_aranges
                0x000000e0      0x2a0 .\CortexM3\ARM_GCC_493\Debug\ODAS-PSOC5-03.a(CyLib.o)
 .debug_aranges
                0x00000380       0x98 .\CortexM3\ARM_GCC_493\Debug\ODAS-PSOC5-03.a(cyPm.o)
 .debug_aranges
                0x00000418       0x28 .\CortexM3\ARM_GCC_493\Debug\ODAS-PSOC5-03.a(StartPWMA.o)
 .debug_aranges
                0x00000440       0x28 .\CortexM3\ARM_GCC_493\Debug\ODAS-PSOC5-03.a(EndPWMA.o)
 .debug_aranges
                0x00000468       0x28 .\CortexM3\ARM_GCC_493\Debug\ODAS-PSOC5-03.a(StartPWMB.o)
 .debug_aranges
                0x00000490       0x28 .\CortexM3\ARM_GCC_493\Debug\ODAS-PSOC5-03.a(Freq.o)
 .debug_aranges
                0x000004b8       0x28 .\CortexM3\ARM_GCC_493\Debug\ODAS-PSOC5-03.a(EndPWMB.o)
 .debug_aranges
                0x000004e0       0x40 .\CortexM3\ARM_GCC_493\Debug\ODAS-PSOC5-03.a(Status_Reg_1.o)
 .debug_aranges
                0x00000520       0x28 .\CortexM3\ARM_GCC_493\Debug\ODAS-PSOC5-03.a(Control_Reg_1.o)
 .debug_aranges
                0x00000548       0x28 .\CortexM3\ARM_GCC_493\Debug\ODAS-PSOC5-03.a(Control_Reg_2.o)
 .debug_aranges
                0x00000570       0x20 .\CortexM3\ARM_GCC_493\Debug\ODAS-PSOC5-03.a(CyBootAsmGnu.o)
 .debug_aranges
                0x00000590       0x80 .\CortexM3\ARM_GCC_493\Debug\ODAS-PSOC5-03.a(CyFlash.o)
 .debug_aranges
                0x00000610       0x78 .\CortexM3\ARM_GCC_493\Debug\ODAS-PSOC5-03.a(CySpc.o)

.debug_pubnames
 *(.debug_pubnames)

.debug_info     0x00000000     0x3ecb
 *(.debug_info .gnu.linkonce.wi.*)
 .debug_info    0x00000000      0x37a .\CortexM3\ARM_GCC_493\Debug\main.o
 .debug_info    0x0000037a      0x13f .\CortexM3\ARM_GCC_493\Debug\cymetadata.o
 .debug_info    0x000004b9      0x3b3 .\CortexM3\ARM_GCC_493\Debug\Cm3Start.o
 .debug_info    0x0000086c      0x58f .\CortexM3\ARM_GCC_493\Debug\ODAS-PSOC5-03.a(cyfitter_cfg.o)
 .debug_info    0x00000dfb     0x1385 .\CortexM3\ARM_GCC_493\Debug\ODAS-PSOC5-03.a(CyLib.o)
 .debug_info    0x00002180      0xa57 .\CortexM3\ARM_GCC_493\Debug\ODAS-PSOC5-03.a(cyPm.o)
 .debug_info    0x00002bd7       0xd6 .\CortexM3\ARM_GCC_493\Debug\ODAS-PSOC5-03.a(StartPWMA.o)
 .debug_info    0x00002cad       0xd6 .\CortexM3\ARM_GCC_493\Debug\ODAS-PSOC5-03.a(EndPWMA.o)
 .debug_info    0x00002d83       0xd6 .\CortexM3\ARM_GCC_493\Debug\ODAS-PSOC5-03.a(StartPWMB.o)
 .debug_info    0x00002e59       0xd6 .\CortexM3\ARM_GCC_493\Debug\ODAS-PSOC5-03.a(Freq.o)
 .debug_info    0x00002f2f       0xd6 .\CortexM3\ARM_GCC_493\Debug\ODAS-PSOC5-03.a(EndPWMB.o)
 .debug_info    0x00003005      0x17a .\CortexM3\ARM_GCC_493\Debug\ODAS-PSOC5-03.a(Status_Reg_1.o)
 .debug_info    0x0000317f       0xd6 .\CortexM3\ARM_GCC_493\Debug\ODAS-PSOC5-03.a(Control_Reg_1.o)
 .debug_info    0x00003255       0xd6 .\CortexM3\ARM_GCC_493\Debug\ODAS-PSOC5-03.a(Control_Reg_2.o)
 .debug_info    0x0000332b       0xae .\CortexM3\ARM_GCC_493\Debug\ODAS-PSOC5-03.a(CyBootAsmGnu.o)
 .debug_info    0x000033d9      0x608 .\CortexM3\ARM_GCC_493\Debug\ODAS-PSOC5-03.a(CyFlash.o)
 .debug_info    0x000039e1      0x4ea .\CortexM3\ARM_GCC_493\Debug\ODAS-PSOC5-03.a(CySpc.o)

.debug_abbrev   0x00000000     0x1241
 *(.debug_abbrev)
 .debug_abbrev  0x00000000      0x13e .\CortexM3\ARM_GCC_493\Debug\main.o
 .debug_abbrev  0x0000013e       0x77 .\CortexM3\ARM_GCC_493\Debug\cymetadata.o
 .debug_abbrev  0x000001b5      0x1f7 .\CortexM3\ARM_GCC_493\Debug\Cm3Start.o
 .debug_abbrev  0x000003ac      0x203 .\CortexM3\ARM_GCC_493\Debug\ODAS-PSOC5-03.a(cyfitter_cfg.o)
 .debug_abbrev  0x000005af      0x296 .\CortexM3\ARM_GCC_493\Debug\ODAS-PSOC5-03.a(CyLib.o)
 .debug_abbrev  0x00000845      0x1ed .\CortexM3\ARM_GCC_493\Debug\ODAS-PSOC5-03.a(cyPm.o)
 .debug_abbrev  0x00000a32       0x81 .\CortexM3\ARM_GCC_493\Debug\ODAS-PSOC5-03.a(StartPWMA.o)
 .debug_abbrev  0x00000ab3       0x81 .\CortexM3\ARM_GCC_493\Debug\ODAS-PSOC5-03.a(EndPWMA.o)
 .debug_abbrev  0x00000b34       0x81 .\CortexM3\ARM_GCC_493\Debug\ODAS-PSOC5-03.a(StartPWMB.o)
 .debug_abbrev  0x00000bb5       0x81 .\CortexM3\ARM_GCC_493\Debug\ODAS-PSOC5-03.a(Freq.o)
 .debug_abbrev  0x00000c36       0x81 .\CortexM3\ARM_GCC_493\Debug\ODAS-PSOC5-03.a(EndPWMB.o)
 .debug_abbrev  0x00000cb7       0xc6 .\CortexM3\ARM_GCC_493\Debug\ODAS-PSOC5-03.a(Status_Reg_1.o)
 .debug_abbrev  0x00000d7d       0x81 .\CortexM3\ARM_GCC_493\Debug\ODAS-PSOC5-03.a(Control_Reg_1.o)
 .debug_abbrev  0x00000dfe       0x81 .\CortexM3\ARM_GCC_493\Debug\ODAS-PSOC5-03.a(Control_Reg_2.o)
 .debug_abbrev  0x00000e7f       0x14 .\CortexM3\ARM_GCC_493\Debug\ODAS-PSOC5-03.a(CyBootAsmGnu.o)
 .debug_abbrev  0x00000e93      0x1ed .\CortexM3\ARM_GCC_493\Debug\ODAS-PSOC5-03.a(CyFlash.o)
 .debug_abbrev  0x00001080      0x1c1 .\CortexM3\ARM_GCC_493\Debug\ODAS-PSOC5-03.a(CySpc.o)

.debug_line     0x00000000     0x1aa9
 *(.debug_line)
 .debug_line    0x00000000      0x236 .\CortexM3\ARM_GCC_493\Debug\main.o
 .debug_line    0x00000236       0x51 .\CortexM3\ARM_GCC_493\Debug\cymetadata.o
 .debug_line    0x00000287      0x24f .\CortexM3\ARM_GCC_493\Debug\Cm3Start.o
 .debug_line    0x000004d6      0x1ff .\CortexM3\ARM_GCC_493\Debug\ODAS-PSOC5-03.a(cyfitter_cfg.o)
 .debug_line    0x000006d5      0x816 .\CortexM3\ARM_GCC_493\Debug\ODAS-PSOC5-03.a(CyLib.o)
 .debug_line    0x00000eeb      0x364 .\CortexM3\ARM_GCC_493\Debug\ODAS-PSOC5-03.a(cyPm.o)
 .debug_line    0x0000124f       0x71 .\CortexM3\ARM_GCC_493\Debug\ODAS-PSOC5-03.a(StartPWMA.o)
 .debug_line    0x000012c0       0x6f .\CortexM3\ARM_GCC_493\Debug\ODAS-PSOC5-03.a(EndPWMA.o)
 .debug_line    0x0000132f       0x71 .\CortexM3\ARM_GCC_493\Debug\ODAS-PSOC5-03.a(StartPWMB.o)
 .debug_line    0x000013a0       0x6c .\CortexM3\ARM_GCC_493\Debug\ODAS-PSOC5-03.a(Freq.o)
 .debug_line    0x0000140c       0x6f .\CortexM3\ARM_GCC_493\Debug\ODAS-PSOC5-03.a(EndPWMB.o)
 .debug_line    0x0000147b       0xb8 .\CortexM3\ARM_GCC_493\Debug\ODAS-PSOC5-03.a(Status_Reg_1.o)
 .debug_line    0x00001533       0x75 .\CortexM3\ARM_GCC_493\Debug\ODAS-PSOC5-03.a(Control_Reg_1.o)
 .debug_line    0x000015a8       0x75 .\CortexM3\ARM_GCC_493\Debug\ODAS-PSOC5-03.a(Control_Reg_2.o)
 .debug_line    0x0000161d       0x66 .\CortexM3\ARM_GCC_493\Debug\ODAS-PSOC5-03.a(CyBootAsmGnu.o)
 .debug_line    0x00001683      0x1ea .\CortexM3\ARM_GCC_493\Debug\ODAS-PSOC5-03.a(CyFlash.o)
 .debug_line    0x0000186d      0x23c .\CortexM3\ARM_GCC_493\Debug\ODAS-PSOC5-03.a(CySpc.o)

.debug_frame    0x00000000     0x1078
 *(.debug_frame)
 .debug_frame   0x00000000       0x54 .\CortexM3\ARM_GCC_493\Debug\main.o
 .debug_frame   0x00000054       0xb8 .\CortexM3\ARM_GCC_493\Debug\Cm3Start.o
 .debug_frame   0x0000010c       0xe4 .\CortexM3\ARM_GCC_493\Debug\ODAS-PSOC5-03.a(cyfitter_cfg.o)
 .debug_frame   0x000001f0      0x738 .\CortexM3\ARM_GCC_493\Debug\ODAS-PSOC5-03.a(CyLib.o)
 .debug_frame   0x00000928      0x1f8 .\CortexM3\ARM_GCC_493\Debug\ODAS-PSOC5-03.a(cyPm.o)
 .debug_frame   0x00000b20       0x30 .\CortexM3\ARM_GCC_493\Debug\ODAS-PSOC5-03.a(StartPWMA.o)
 .debug_frame   0x00000b50       0x30 .\CortexM3\ARM_GCC_493\Debug\ODAS-PSOC5-03.a(EndPWMA.o)
 .debug_frame   0x00000b80       0x30 .\CortexM3\ARM_GCC_493\Debug\ODAS-PSOC5-03.a(StartPWMB.o)
 .debug_frame   0x00000bb0       0x30 .\CortexM3\ARM_GCC_493\Debug\ODAS-PSOC5-03.a(Freq.o)
 .debug_frame   0x00000be0       0x30 .\CortexM3\ARM_GCC_493\Debug\ODAS-PSOC5-03.a(EndPWMB.o)
 .debug_frame   0x00000c10       0x78 .\CortexM3\ARM_GCC_493\Debug\ODAS-PSOC5-03.a(Status_Reg_1.o)
 .debug_frame   0x00000c88       0x30 .\CortexM3\ARM_GCC_493\Debug\ODAS-PSOC5-03.a(Control_Reg_1.o)
 .debug_frame   0x00000cb8       0x30 .\CortexM3\ARM_GCC_493\Debug\ODAS-PSOC5-03.a(Control_Reg_2.o)
 .debug_frame   0x00000ce8      0x174 .\CortexM3\ARM_GCC_493\Debug\ODAS-PSOC5-03.a(CyFlash.o)
 .debug_frame   0x00000e5c      0x160 .\CortexM3\ARM_GCC_493\Debug\ODAS-PSOC5-03.a(CySpc.o)
 .debug_frame   0x00000fbc       0x20 c:/program files (x86)/cypress/psoc creator/4.0/psoc creator/import/gnu/arm/4.9.3/bin/../lib/gcc/arm-none-eabi/4.9.3/../../../../arm-none-eabi/lib/armv7-m\libg_nano.a(lib_a-errno.o)
 .debug_frame   0x00000fdc       0x28 c:/program files (x86)/cypress/psoc creator/4.0/psoc creator/import/gnu/arm/4.9.3/bin/../lib/gcc/arm-none-eabi/4.9.3/../../../../arm-none-eabi/lib/armv7-m\libg_nano.a(lib_a-exit.o)
 .debug_frame   0x00001004       0x2c c:/program files (x86)/cypress/psoc creator/4.0/psoc creator/import/gnu/arm/4.9.3/bin/../lib/gcc/arm-none-eabi/4.9.3/../../../../arm-none-eabi/lib/armv7-m\libg_nano.a(lib_a-init.o)
 .debug_frame   0x00001030       0x28 c:/program files (x86)/cypress/psoc creator/4.0/psoc creator/import/gnu/arm/4.9.3/bin/../lib/gcc/arm-none-eabi/4.9.3/../../../../arm-none-eabi/lib/armv7-m\libg_nano.a(lib_a-memcpy.o)
 .debug_frame   0x00001058       0x20 c:/program files (x86)/cypress/psoc creator/4.0/psoc creator/import/gnu/arm/4.9.3/bin/../lib/gcc/arm-none-eabi/4.9.3/../../../../arm-none-eabi/lib/armv7-m\libg_nano.a(lib_a-memset.o)

.debug_str      0x00000000     0x15bc
 *(.debug_str)
 .debug_str     0x00000000      0x2bd .\CortexM3\ARM_GCC_493\Debug\main.o
                                0x2fe (size before relaxing)
 .debug_str     0x000002bd       0x75 .\CortexM3\ARM_GCC_493\Debug\cymetadata.o
                                0x208 (size before relaxing)
 .debug_str     0x00000332      0x163 .\CortexM3\ARM_GCC_493\Debug\Cm3Start.o
                                0x31c (size before relaxing)
 .debug_str     0x00000495      0x15b .\CortexM3\ARM_GCC_493\Debug\ODAS-PSOC5-03.a(cyfitter_cfg.o)
                                0x321 (size before relaxing)
 .debug_str     0x000005f0      0x84c .\CortexM3\ARM_GCC_493\Debug\ODAS-PSOC5-03.a(CyLib.o)
                                0xa59 (size before relaxing)
 .debug_str     0x00000e3c      0x359 .\CortexM3\ARM_GCC_493\Debug\ODAS-PSOC5-03.a(cyPm.o)
                                0x739 (size before relaxing)
 .debug_str     0x00001195       0x3a .\CortexM3\ARM_GCC_493\Debug\ODAS-PSOC5-03.a(StartPWMA.o)
                                0x1d9 (size before relaxing)
 .debug_str     0x000011cf       0x2e .\CortexM3\ARM_GCC_493\Debug\ODAS-PSOC5-03.a(EndPWMA.o)
                                0x1d3 (size before relaxing)
 .debug_str     0x000011fd       0x32 .\CortexM3\ARM_GCC_493\Debug\ODAS-PSOC5-03.a(StartPWMB.o)
                                0x1d9 (size before relaxing)
 .debug_str     0x0000122f       0x28 .\CortexM3\ARM_GCC_493\Debug\ODAS-PSOC5-03.a(Freq.o)
                                0x1ca (size before relaxing)
 .debug_str     0x00001257       0x2e .\CortexM3\ARM_GCC_493\Debug\ODAS-PSOC5-03.a(EndPWMB.o)
                                0x1d3 (size before relaxing)
 .debug_str     0x00001285       0x8e .\CortexM3\ARM_GCC_493\Debug\ODAS-PSOC5-03.a(Status_Reg_1.o)
                                0x279 (size before relaxing)
 .debug_str     0x00001313       0x27 .\CortexM3\ARM_GCC_493\Debug\ODAS-PSOC5-03.a(Control_Reg_1.o)
                                0x1e5 (size before relaxing)
 .debug_str     0x0000133a       0x3a .\CortexM3\ARM_GCC_493\Debug\ODAS-PSOC5-03.a(Control_Reg_2.o)
                                0x1e5 (size before relaxing)
 .debug_str     0x00001374      0x19c .\CortexM3\ARM_GCC_493\Debug\ODAS-PSOC5-03.a(CyFlash.o)
                                0x3b3 (size before relaxing)
 .debug_str     0x00001510       0xac .\CortexM3\ARM_GCC_493\Debug\ODAS-PSOC5-03.a(CySpc.o)
                                0x33c (size before relaxing)

.debug_loc      0x00000000     0x1976
 *(.debug_loc)
 .debug_loc     0x00000000       0xbc .\CortexM3\ARM_GCC_493\Debug\main.o
 .debug_loc     0x000000bc      0x144 .\CortexM3\ARM_GCC_493\Debug\Cm3Start.o
 .debug_loc     0x00000200      0x1f0 .\CortexM3\ARM_GCC_493\Debug\ODAS-PSOC5-03.a(cyfitter_cfg.o)
 .debug_loc     0x000003f0      0xa11 .\CortexM3\ARM_GCC_493\Debug\ODAS-PSOC5-03.a(CyLib.o)
 .debug_loc     0x00000e01      0x1e4 .\CortexM3\ARM_GCC_493\Debug\ODAS-PSOC5-03.a(cyPm.o)
 .debug_loc     0x00000fe5       0x44 .\CortexM3\ARM_GCC_493\Debug\ODAS-PSOC5-03.a(Status_Reg_1.o)
 .debug_loc     0x00001029      0x300 .\CortexM3\ARM_GCC_493\Debug\ODAS-PSOC5-03.a(CyFlash.o)
 .debug_loc     0x00001329      0x64d .\CortexM3\ARM_GCC_493\Debug\ODAS-PSOC5-03.a(CySpc.o)

.debug_macinfo
 *(.debug_macinfo)

.debug_ranges   0x00000000      0x560
 *(.debug_ranges)
 .debug_ranges  0x00000000       0x18 .\CortexM3\ARM_GCC_493\Debug\main.o
 .debug_ranges  0x00000018       0x38 .\CortexM3\ARM_GCC_493\Debug\Cm3Start.o
 .debug_ranges  0x00000050       0x48 .\CortexM3\ARM_GCC_493\Debug\ODAS-PSOC5-03.a(cyfitter_cfg.o)
 .debug_ranges  0x00000098      0x290 .\CortexM3\ARM_GCC_493\Debug\ODAS-PSOC5-03.a(CyLib.o)
 .debug_ranges  0x00000328       0x88 .\CortexM3\ARM_GCC_493\Debug\ODAS-PSOC5-03.a(cyPm.o)
 .debug_ranges  0x000003b0       0x18 .\CortexM3\ARM_GCC_493\Debug\ODAS-PSOC5-03.a(StartPWMA.o)
 .debug_ranges  0x000003c8       0x18 .\CortexM3\ARM_GCC_493\Debug\ODAS-PSOC5-03.a(EndPWMA.o)
 .debug_ranges  0x000003e0       0x18 .\CortexM3\ARM_GCC_493\Debug\ODAS-PSOC5-03.a(StartPWMB.o)
 .debug_ranges  0x000003f8       0x18 .\CortexM3\ARM_GCC_493\Debug\ODAS-PSOC5-03.a(Freq.o)
 .debug_ranges  0x00000410       0x18 .\CortexM3\ARM_GCC_493\Debug\ODAS-PSOC5-03.a(EndPWMB.o)
 .debug_ranges  0x00000428       0x30 .\CortexM3\ARM_GCC_493\Debug\ODAS-PSOC5-03.a(Status_Reg_1.o)
 .debug_ranges  0x00000458       0x18 .\CortexM3\ARM_GCC_493\Debug\ODAS-PSOC5-03.a(Control_Reg_1.o)
 .debug_ranges  0x00000470       0x18 .\CortexM3\ARM_GCC_493\Debug\ODAS-PSOC5-03.a(Control_Reg_2.o)
 .debug_ranges  0x00000488       0x70 .\CortexM3\ARM_GCC_493\Debug\ODAS-PSOC5-03.a(CyFlash.o)
 .debug_ranges  0x000004f8       0x68 .\CortexM3\ARM_GCC_493\Debug\ODAS-PSOC5-03.a(CySpc.o)

.comment        0x00000000       0x70
 .comment       0x00000000       0x70 .\CortexM3\ARM_GCC_493\Debug\main.o
                                 0x71 (size before relaxing)
 .comment       0x00000000       0x71 .\CortexM3\ARM_GCC_493\Debug\cymetadata.o
 .comment       0x00000000       0x71 .\CortexM3\ARM_GCC_493\Debug\Cm3Start.o
 .comment       0x00000000       0x71 .\CortexM3\ARM_GCC_493\Debug\ODAS-PSOC5-03.a(cyfitter_cfg.o)
 .comment       0x00000000       0x71 .\CortexM3\ARM_GCC_493\Debug\ODAS-PSOC5-03.a(CyLib.o)
 .comment       0x00000000       0x71 .\CortexM3\ARM_GCC_493\Debug\ODAS-PSOC5-03.a(cyPm.o)
 .comment       0x00000000       0x71 .\CortexM3\ARM_GCC_493\Debug\ODAS-PSOC5-03.a(StartPWMA.o)
 .comment       0x00000000       0x71 .\CortexM3\ARM_GCC_493\Debug\ODAS-PSOC5-03.a(EndPWMA.o)
 .comment       0x00000000       0x71 .\CortexM3\ARM_GCC_493\Debug\ODAS-PSOC5-03.a(StartPWMB.o)
 .comment       0x00000000       0x71 .\CortexM3\ARM_GCC_493\Debug\ODAS-PSOC5-03.a(Freq.o)
 .comment       0x00000000       0x71 .\CortexM3\ARM_GCC_493\Debug\ODAS-PSOC5-03.a(EndPWMB.o)
 .comment       0x00000000       0x71 .\CortexM3\ARM_GCC_493\Debug\ODAS-PSOC5-03.a(Status_Reg_1.o)
 .comment       0x00000000       0x71 .\CortexM3\ARM_GCC_493\Debug\ODAS-PSOC5-03.a(Control_Reg_1.o)
 .comment       0x00000000       0x71 .\CortexM3\ARM_GCC_493\Debug\ODAS-PSOC5-03.a(Control_Reg_2.o)
 .comment       0x00000000       0x71 .\CortexM3\ARM_GCC_493\Debug\ODAS-PSOC5-03.a(CyFlash.o)
 .comment       0x00000000       0x71 .\CortexM3\ARM_GCC_493\Debug\ODAS-PSOC5-03.a(CySpc.o)

.debug_weaknames
 *(.debug_weaknames)

.debug_funcnames
 *(.debug_funcnames)

.debug_typenames
 *(.debug_typenames)

.debug_varnames
 *(.debug_varnames)

.note.gnu.arm.ident
 *(.note.gnu.arm.ident)

.ARM.attributes
                0x00000000       0x29
 *(.ARM.attributes)
 .ARM.attributes
                0x00000000       0x1d c:/program files (x86)/cypress/psoc creator/4.0/psoc creator/import/gnu/arm/4.9.3/bin/../lib/gcc/arm-none-eabi/4.9.3/armv7-m/crti.o
 .ARM.attributes
                0x0000001d       0x2d c:/program files (x86)/cypress/psoc creator/4.0/psoc creator/import/gnu/arm/4.9.3/bin/../lib/gcc/arm-none-eabi/4.9.3/armv7-m/crtbegin.o
 .ARM.attributes
                0x0000004a       0x1b c:/program files (x86)/cypress/psoc creator/4.0/psoc creator/import/gnu/arm/4.9.3/bin/../lib/gcc/arm-none-eabi/4.9.3/../../../../arm-none-eabi/lib/armv7-m/crt0.o
 .ARM.attributes
                0x00000065       0x33 .\CortexM3\ARM_GCC_493\Debug\main.o
 .ARM.attributes
                0x00000098       0x33 .\CortexM3\ARM_GCC_493\Debug\cymetadata.o
 .ARM.attributes
                0x000000cb       0x33 .\CortexM3\ARM_GCC_493\Debug\Cm3Start.o
 .ARM.attributes
                0x000000fe       0x33 .\CortexM3\ARM_GCC_493\Debug\ODAS-PSOC5-03.a(cyfitter_cfg.o)
 .ARM.attributes
                0x00000131       0x33 .\CortexM3\ARM_GCC_493\Debug\ODAS-PSOC5-03.a(CyLib.o)
 .ARM.attributes
                0x00000164       0x33 .\CortexM3\ARM_GCC_493\Debug\ODAS-PSOC5-03.a(cyPm.o)
 .ARM.attributes
                0x00000197       0x33 .\CortexM3\ARM_GCC_493\Debug\ODAS-PSOC5-03.a(StartPWMA.o)
 .ARM.attributes
                0x000001ca       0x33 .\CortexM3\ARM_GCC_493\Debug\ODAS-PSOC5-03.a(EndPWMA.o)
 .ARM.attributes
                0x000001fd       0x33 .\CortexM3\ARM_GCC_493\Debug\ODAS-PSOC5-03.a(StartPWMB.o)
 .ARM.attributes
                0x00000230       0x33 .\CortexM3\ARM_GCC_493\Debug\ODAS-PSOC5-03.a(Freq.o)
 .ARM.attributes
                0x00000263       0x33 .\CortexM3\ARM_GCC_493\Debug\ODAS-PSOC5-03.a(EndPWMB.o)
 .ARM.attributes
                0x00000296       0x33 .\CortexM3\ARM_GCC_493\Debug\ODAS-PSOC5-03.a(Status_Reg_1.o)
 .ARM.attributes
                0x000002c9       0x33 .\CortexM3\ARM_GCC_493\Debug\ODAS-PSOC5-03.a(Control_Reg_1.o)
 .ARM.attributes
                0x000002fc       0x33 .\CortexM3\ARM_GCC_493\Debug\ODAS-PSOC5-03.a(Control_Reg_2.o)
 .ARM.attributes
                0x0000032f       0x21 .\CortexM3\ARM_GCC_493\Debug\ODAS-PSOC5-03.a(CyBootAsmGnu.o)
 .ARM.attributes
                0x00000350       0x33 .\CortexM3\ARM_GCC_493\Debug\ODAS-PSOC5-03.a(CyFlash.o)
 .ARM.attributes
                0x00000383       0x33 .\CortexM3\ARM_GCC_493\Debug\ODAS-PSOC5-03.a(CySpc.o)
 .ARM.attributes
                0x000003b6       0x2d c:/program files (x86)/cypress/psoc creator/4.0/psoc creator/import/gnu/arm/4.9.3/bin/../lib/gcc/arm-none-eabi/4.9.3/../../../../arm-none-eabi/lib/armv7-m\libg_nano.a(lib_a-errno.o)
 .ARM.attributes
                0x000003e3       0x2d c:/program files (x86)/cypress/psoc creator/4.0/psoc creator/import/gnu/arm/4.9.3/bin/../lib/gcc/arm-none-eabi/4.9.3/../../../../arm-none-eabi/lib/armv7-m\libg_nano.a(lib_a-exit.o)
 .ARM.attributes
                0x00000410       0x2d c:/program files (x86)/cypress/psoc creator/4.0/psoc creator/import/gnu/arm/4.9.3/bin/../lib/gcc/arm-none-eabi/4.9.3/../../../../arm-none-eabi/lib/armv7-m\libg_nano.a(lib_a-impure.o)
 .ARM.attributes
                0x0000043d       0x2d c:/program files (x86)/cypress/psoc creator/4.0/psoc creator/import/gnu/arm/4.9.3/bin/../lib/gcc/arm-none-eabi/4.9.3/../../../../arm-none-eabi/lib/armv7-m\libg_nano.a(lib_a-init.o)
 .ARM.attributes
                0x0000046a       0x2d c:/program files (x86)/cypress/psoc creator/4.0/psoc creator/import/gnu/arm/4.9.3/bin/../lib/gcc/arm-none-eabi/4.9.3/../../../../arm-none-eabi/lib/armv7-m\libg_nano.a(lib_a-memcpy.o)
 .ARM.attributes
                0x00000497       0x2d c:/program files (x86)/cypress/psoc creator/4.0/psoc creator/import/gnu/arm/4.9.3/bin/../lib/gcc/arm-none-eabi/4.9.3/../../../../arm-none-eabi/lib/armv7-m\libg_nano.a(lib_a-memset.o)
 .ARM.attributes
                0x000004c4       0x2d c:/program files (x86)/cypress/psoc creator/4.0/psoc creator/import/gnu/arm/4.9.3/bin/../lib/gcc/arm-none-eabi/4.9.3/armv7-m/crtend.o
 .ARM.attributes
                0x000004f1       0x1d c:/program files (x86)/cypress/psoc creator/4.0/psoc creator/import/gnu/arm/4.9.3/bin/../lib/gcc/arm-none-eabi/4.9.3/armv7-m/crtn.o

/DISCARD/
 *(.note.GNU-stack)
OUTPUT(.\CortexM3\ARM_GCC_493\Debug\ODAS-PSOC5-03.elf elf32-littlearm)
