Archive member included to satisfy reference by file (symbol)

.\CortexM3\ARM_GCC_541\Debug\Z80_3Pin.a(CyLib.o)
                              .\CortexM3\ARM_GCC_541\Debug\Cm3Start.o (CyHalt)
.\CortexM3\ARM_GCC_541\Debug\Z80_3Pin.a(cyPm.o)
                              .\CortexM3\ARM_GCC_541\Debug\Z80_3Pin.a(CyLib.o) (CyPmReadStatus)
.\CortexM3\ARM_GCC_541\Debug\Z80_3Pin.a(AdrLowIn.o)
                              .\CortexM3\ARM_GCC_541\Debug\Z80_IO_Handle.o (AdrLowIn_Read)
.\CortexM3\ARM_GCC_541\Debug\Z80_3Pin.a(IO_Ctrl_Reg.o)
                              .\CortexM3\ARM_GCC_541\Debug\main.o (IO_Ctrl_Reg_Write)
.\CortexM3\ARM_GCC_541\Debug\Z80_3Pin.a(IO_Stat_Reg.o)
                              .\CortexM3\ARM_GCC_541\Debug\main.o (IO_Stat_Reg_Read)
.\CortexM3\ARM_GCC_541\Debug\Z80_3Pin.a(Z80_Data_In.o)
                              .\CortexM3\ARM_GCC_541\Debug\FrontPanel.o (Z80_Data_In_Write)
.\CortexM3\ARM_GCC_541\Debug\Z80_3Pin.a(Z80_Data_Out.o)
                              .\CortexM3\ARM_GCC_541\Debug\FrontPanel.o (Z80_Data_Out_Read)
.\CortexM3\ARM_GCC_541\Debug\Z80_3Pin.a(I2C.o)
                              .\CortexM3\ARM_GCC_541\Debug\main.o (I2C_Start)
.\CortexM3\ARM_GCC_541\Debug\Z80_3Pin.a(I2C_INT.o)
                              .\CortexM3\ARM_GCC_541\Debug\Z80_3Pin.a(I2C.o) (I2C_ISR)
.\CortexM3\ARM_GCC_541\Debug\Z80_3Pin.a(I2C_PM.o)
                              .\CortexM3\ARM_GCC_541\Debug\Z80_3Pin.a(I2C.o) (I2C_backup)
.\CortexM3\ARM_GCC_541\Debug\Z80_3Pin.a(I2C_MASTER.o)
                              .\CortexM3\ARM_GCC_541\Debug\FrontPanel.o (I2C_MasterWriteBuf)
.\CortexM3\ARM_GCC_541\Debug\Z80_3Pin.a(USBUART.o)
                              .\CortexM3\ARM_GCC_541\Debug\main.o (USBUART_Start)
.\CortexM3\ARM_GCC_541\Debug\Z80_3Pin.a(USBUART_cdc.o)
                              .\CortexM3\ARM_GCC_541\Debug\main.o (USBUART_CDC_Init)
.\CortexM3\ARM_GCC_541\Debug\Z80_3Pin.a(USBUART_drv.o)
                              .\CortexM3\ARM_GCC_541\Debug\Z80_3Pin.a(USBUART.o) (USBUART_lastPacketSize)
.\CortexM3\ARM_GCC_541\Debug\Z80_3Pin.a(USBUART_episr.o)
                              .\CortexM3\ARM_GCC_541\Debug\Z80_3Pin.a(USBUART.o) (USBUART_EP_1_ISR)
.\CortexM3\ARM_GCC_541\Debug\Z80_3Pin.a(USBUART_pm.o)
                              .\CortexM3\ARM_GCC_541\Debug\Z80_3Pin.a(USBUART.o) (USBUART_DP_ISR)
.\CortexM3\ARM_GCC_541\Debug\Z80_3Pin.a(USBUART_std.o)
                              .\CortexM3\ARM_GCC_541\Debug\Z80_3Pin.a(USBUART_pm.o) (USBUART_ConfigReg)
.\CortexM3\ARM_GCC_541\Debug\Z80_3Pin.a(USBUART_vnd.o)
                              .\CortexM3\ARM_GCC_541\Debug\Z80_3Pin.a(USBUART_drv.o) (USBUART_HandleVendorRqst)
.\CortexM3\ARM_GCC_541\Debug\Z80_3Pin.a(USBUART_Dp.o)
                              .\CortexM3\ARM_GCC_541\Debug\Z80_3Pin.a(USBUART.o) (USBUART_Dp_ClearInterrupt)
.\CortexM3\ARM_GCC_541\Debug\Z80_3Pin.a(CyBootAsmGnu.o)
                              .\CortexM3\ARM_GCC_541\Debug\cyfitter_cfg.o (CyDelayCycles)
.\CortexM3\ARM_GCC_541\Debug\Z80_3Pin.a(CyFlash.o)
                              .\CortexM3\ARM_GCC_541\Debug\Z80_3Pin.a(cyPm.o) (CyFlash_SetWaitCycles)
.\CortexM3\ARM_GCC_541\Debug\Z80_3Pin.a(CySpc.o)
                              .\CortexM3\ARM_GCC_541\Debug\Z80_3Pin.a(CyFlash.o) (CySpcStart)
.\CortexM3\ARM_GCC_541\Debug\Z80_3Pin.a(USBUART_cls.o)
                              .\CortexM3\ARM_GCC_541\Debug\Z80_3Pin.a(USBUART_drv.o) (USBUART_DispatchClassRqst)
.\CortexM3\ARM_GCC_541\Debug\Z80_3Pin.a(USBUART_descr.o)
                              .\CortexM3\ARM_GCC_541\Debug\Z80_3Pin.a(USBUART_std.o) (USBUART_idSerialNumberStringDescriptor)
c:/program files (x86)/cypress/psoc creator/4.2/psoc creator/import/gnu/arm/5.4.1/bin/../lib/gcc/arm-none-eabi/5.4.1/../../../../arm-none-eabi/lib/armv7-m\libg_nano.a(lib_a-errno.o)
                              .\CortexM3\ARM_GCC_541\Debug\Cm3Start.o (__errno)
c:/program files (x86)/cypress/psoc creator/4.2/psoc creator/import/gnu/arm/5.4.1/bin/../lib/gcc/arm-none-eabi/5.4.1/../../../../arm-none-eabi/lib/armv7-m\libg_nano.a(lib_a-exit.o)
                              c:/program files (x86)/cypress/psoc creator/4.2/psoc creator/import/gnu/arm/5.4.1/bin/../lib/gcc/arm-none-eabi/5.4.1/../../../../arm-none-eabi/lib/armv7-m/crt0.o (exit)
c:/program files (x86)/cypress/psoc creator/4.2/psoc creator/import/gnu/arm/5.4.1/bin/../lib/gcc/arm-none-eabi/5.4.1/../../../../arm-none-eabi/lib/armv7-m\libg_nano.a(lib_a-impure.o)
                              c:/program files (x86)/cypress/psoc creator/4.2/psoc creator/import/gnu/arm/5.4.1/bin/../lib/gcc/arm-none-eabi/5.4.1/../../../../arm-none-eabi/lib/armv7-m\libg_nano.a(lib_a-exit.o) (_global_impure_ptr)
c:/program files (x86)/cypress/psoc creator/4.2/psoc creator/import/gnu/arm/5.4.1/bin/../lib/gcc/arm-none-eabi/5.4.1/../../../../arm-none-eabi/lib/armv7-m\libg_nano.a(lib_a-init.o)
[...]
Memory Configuration

Name             Origin             Length             Attributes
rom              0x00000000         0x00020000         xr
ram              0x1fffc000         0x00008000         xrw
*default*        0x00000000         0xffffffff

Linker script and memory map

LOAD c:/program files (x86)/cypress/psoc creator/4.2/psoc creator/import/gnu/arm/5.4.1/bin/../lib/gcc/arm-none-eabi/5.4.1/armv7-m/crti.o
LOAD c:/program files (x86)/cypress/psoc creator/4.2/psoc creator/import/gnu/arm/5.4.1/bin/../lib/gcc/arm-none-eabi/5.4.1/armv7-m/crtbegin.o
LOAD c:/program files (x86)/cypress/psoc creator/4.2/psoc creator/import/gnu/arm/5.4.1/bin/../lib/gcc/arm-none-eabi/5.4.1/../../../../arm-none-eabi/lib/armv7-m/crt0.o
START GROUP
LOAD .\CortexM3\ARM_GCC_541\Debug\main.o
LOAD .\CortexM3\ARM_GCC_541\Debug\ExtSRAM.o
LOAD .\CortexM3\ARM_GCC_541\Debug\FrontPanel.o
LOAD .\CortexM3\ARM_GCC_541\Debug\GS_9_MON_BASIC_ROM.o
LOAD .\CortexM3\ARM_GCC_541\Debug\Z80_SIO_emul.o
LOAD .\CortexM3\ARM_GCC_541\Debug\Z80_IO_Handle.o
LOAD .\CortexM3\ARM_GCC_541\Debug\Z80_PIO_emul.o
LOAD .\CortexM3\ARM_GCC_541\Debug\GS_7_BASIC_ROM.o
LOAD .\CortexM3\ARM_GCC_541\Debug\Z80_6850_Emul.o
LOAD .\CortexM3\ARM_GCC_541\Debug\cyfitter_cfg.o
LOAD .\CortexM3\ARM_GCC_541\Debug\cymetadata.o
LOAD .\CortexM3\ARM_GCC_541\Debug\Cm3Start.o
LOAD .\CortexM3\ARM_GCC_541\Debug\Z80_3Pin.a
LOAD C:\Program Files (x86)\Cypress\PSoC Creator\4.2\PSoC Creator\psoc\content\cycomponentlibrary\CyComponentLibrary.cylib\CortexM3\ARM_GCC_541\Debug\CyComponentLibrary.a
END GROUP
START GROUP
LOAD c:/program files (x86)/cypress/psoc creator/4.2/psoc creator/import/gnu/arm/5.4.1/bin/../lib/gcc/arm-none-eabi/5.4.1/armv7-m\libgcc.a
LOAD c:/program files (x86)/cypress/psoc creator/4.2/psoc creator/import/gnu/arm/5.4.1/bin/../lib/gcc/arm-none-eabi/5.4.1/../../../../arm-none-eabi/lib/armv7-m\libg_nano.a
LOAD c:/program files (x86)/cypress/psoc creator/4.2/psoc creator/import/gnu/arm/5.4.1/bin/../lib/gcc/arm-none-eabi/5.4.1/../../../../arm-none-eabi/lib/armv7-m\libc_nano.a
END GROUP
START GROUP
LOAD c:/program files (x86)/cypress/psoc creator/4.2/psoc creator/import/gnu/arm/5.4.1/bin/../lib/gcc/arm-none-eabi/5.4.1/armv7-m\libgcc.a
LOAD c:/program files (x86)/cypress/psoc creator/4.2/psoc creator/import/gnu/arm/5.4.1/bin/../lib/gcc/arm-none-eabi/5.4.1/../../../../arm-none-eabi/lib/armv7-m\libc_nano.a
END GROUP
LOAD c:/program files (x86)/cypress/psoc creator/4.2/psoc creator/import/gnu/arm/5.4.1/bin/../lib/gcc/arm-none-eabi/5.4.1/armv7-m/crtend.o
LOAD c:/program files (x86)/cypress/psoc creator/4.2/psoc creator/import/gnu/arm/5.4.1/bin/../lib/gcc/arm-none-eabi/5.4.1/armv7-m/crtn.o
START GROUP
LOAD c:/program files (x86)/cypress/psoc creator/4.2/psoc creator/import/gnu/arm/5.4.1/bin/../lib/gcc/arm-none-eabi/5.4.1/armv7-m\libgcc.a
LOAD c:/program files (x86)/cypress/psoc creator/4.2/psoc creator/import/gnu/arm/5.4.1/bin/../lib/gcc/arm-none-eabi/5.4.1/../../../../arm-none-eabi/lib/armv7-m\libc.a
LOAD c:/program files (x86)/cypress/psoc creator/4.2/psoc creator/import/gnu/arm/5.4.1/bin/../lib/gcc/arm-none-eabi/5.4.1/../../../../arm-none-eabi/lib/armv7-m\libnosys.a
END GROUP
                0x00000000                CY_APPL_ORIGIN = 0x0
                0x00000100                CY_FLASH_ROW_SIZE = 0x100
                0x00000020                CY_ECC_ROW_SIZE = 0x20
                0x00000000                CY_EE_IN_BTLDR = 0x0
                0x00000000                CY_APPL_LOADABLE = 0x0
                0x00000800                CY_EE_SIZE = 0x800
                0x00000001                CY_APPL_NUM = 0x1
                0x00000001                CY_APPL_MAX = 0x1
                0x00000040                CY_METADATA_SIZE = 0x40
                0x00000000                CY_APPL_LOADABLE = 0x0
                0x00000000                CY_CHECKSUM_EXCLUDE_SIZE = ALIGN (0x0, CY_FLASH_ROW_SIZE)
                [!provide]                PROVIDE (__cy_heap_start, _end)
                0x00000001                PROVIDE (__cy_region_num, ((__cy_regions_end - __cy_regions) / 0x10))
                0x20004000                PROVIDE (__cy_stack, (ORIGIN (ram) + LENGTH (ram)))
                [!provide]                PROVIDE (__cy_heap_end, (__cy_stack - 0x800))

.cybootloader   0x00000000        0x0
 *(.cybootloader)
                0x00000000                appl1_start = CY_APPL_ORIGIN?CY_APPL_ORIGIN:ALIGN (CY_FLASH_ROW_SIZE)
                0x0000ff00                appl2_start = (appl1_start + ALIGN ((((LENGTH (rom) - appl1_start) - (0x2 * CY_FLASH_ROW_SIZE)) / 0x2), CY_FLASH_ROW_SIZE))
                0x00000000                appl_start = (CY_APPL_NUM == 0x1)?appl1_start:appl2_start
                0x00000000                ecc_offset = ((appl_start / CY_FLASH_ROW_SIZE) * CY_ECC_ROW_SIZE)
                0x00000000                ee_offset = (CY_APPL_LOADABLE && ! (CY_EE_IN_BTLDR))?((CY_EE_SIZE / CY_APPL_MAX) * (CY_APPL_NUM - 0x1)):0x0
                0x00000800                ee_size = (CY_APPL_LOADABLE && ! (CY_EE_IN_BTLDR))?(CY_EE_SIZE / CY_APPL_MAX):CY_EE_SIZE
                [!provide]                PROVIDE (CY_ECC_OFFSET, ecc_offset)

.text           0x00000000     0x2a36
 CREATE_OBJECT_SYMBOLS
                0x00000000                PROVIDE (__cy_interrupt_vector, RomVectors)
 *(.romvectors)
 .romvectors    0x00000000       0x10 .\CortexM3\ARM_GCC_541\Debug\Cm3Start.o
                0x00000000                RomVectors
                0x00000001                ASSERT ((. != __cy_interrupt_vector), No interrupt vector)
                0x00000001                ASSERT (CY_APPL_ORIGIN?(SIZEOF (.cybootloader) <= CY_APPL_ORIGIN):0x1, Wrong image location)
                0x00000010                PROVIDE (__cy_reset, Reset)
 *(.text.Reset)
 .text.Reset    0x00000010       0x18 .\CortexM3\ARM_GCC_541\Debug\Cm3Start.o
                0x00000010                Reset
                0x00000001                ASSERT ((. != __cy_reset), No reset code)
 *(.dma_init)
                0x00000001                ASSERT ((((appl_start + .) <= 0x10000) || 0x1), DMA Init must be within the first 64k of flash)
 *(.text .text.* .gnu.linkonce.t.*)
 .text          0x00000028       0x5c c:/program files (x86)/cypress/psoc creator/4.2/psoc creator/import/gnu/arm/5.4.1/bin/../lib/gcc/arm-none-eabi/5.4.1/armv7-m/crtbegin.o
 .text.PostLed  0x00000084       0x28 .\CortexM3\ARM_GCC_541\Debug\main.o
                0x00000084                PostLed
 .text.main     0x000000ac       0xa4 .\CortexM3\ARM_GCC_541\Debug\main.o
                0x000000ac                main
 .text.SetExtSRAMAddr
                0x00000150       0x1c .\CortexM3\ARM_GCC_541\Debug\ExtSRAM.o
                0x00000150                SetExtSRAMAddr
 .text.ReadExtSRAM
                0x0000016c       0x24 .\CortexM3\ARM_GCC_541\Debug\ExtSRAM.o
                0x0000016c                ReadExtSRAM
 .text.WriteExtSRAM
                0x00000190       0x24 .\CortexM3\ARM_GCC_541\Debug\ExtSRAM.o
                0x00000190                WriteExtSRAM
 .text.TestSRAM
                0x000001b4      0x114 .\CortexM3\ARM_GCC_541\Debug\ExtSRAM.o
                0x000001b4                TestSRAM
 .text.loadSRAM
                0x000002c8       0x30 .\CortexM3\ARM_GCC_541\Debug\ExtSRAM.o
                0x000002c8                loadSRAM
 .text.readRegister_MCP23017
                0x000002f8       0x38 .\CortexM3\ARM_GCC_541\Debug\FrontPanel.o
                0x000002f8                readRegister_MCP23017
 .text.readFrontPanelSwitchesStatic
                0x00000330       0x30 .\CortexM3\ARM_GCC_541\Debug\FrontPanel.o
                0x00000330                readFrontPanelSwitchesStatic
 .text.FrontPanelZ80Read
                0x00000360       0x38 .\CortexM3\ARM_GCC_541\Debug\FrontPanel.o
                0x00000360                FrontPanelZ80Read
 .text.readFrontPanelSwitchesRegistered
                0x00000398       0x34 .\CortexM3\ARM_GCC_541\Debug\FrontPanel.o
                0x00000398                readFrontPanelSwitchesRegistered
 .text.waitFrontPanelSwitchesPressed
                0x000003cc       0x24 .\CortexM3\ARM_GCC_541\Debug\FrontPanel.o
                0x000003cc                waitFrontPanelSwitchesPressed
 .text.writeRegister_MCP23017
                0x000003f0       0x34 .\CortexM3\ARM_GCC_541\Debug\FrontPanel.o
                0x000003f0                writeRegister_MCP23017
 .text.init_FrontPanel
                0x00000424       0xa0 .\CortexM3\ARM_GCC_541\Debug\FrontPanel.o
                0x00000424                init_FrontPanel
 .text.writeFrontPanelLEDs
                0x000004c4       0x34 .\CortexM3\ARM_GCC_541\Debug\FrontPanel.o
                0x000004c4                writeFrontPanelLEDs
 .text.FrontPanelZ80Write
                0x000004f8       0x68 .\CortexM3\ARM_GCC_541\Debug\FrontPanel.o
                0x000004f8                FrontPanelZ80Write
 .text.runFrontPanel
                0x00000560      0x1ac .\CortexM3\ARM_GCC_541\Debug\FrontPanel.o
                0x00000560                runFrontPanel
 .text.HandleZ80IO
                0x0000070c      0x120 .\CortexM3\ARM_GCC_541\Debug\Z80_IO_Handle.o
                0x0000070c                HandleZ80IO
 .text.ackIO    0x0000082c       0x14 .\CortexM3\ARM_GCC_541\Debug\Z80_IO_Handle.o
                0x0000082c                ackIO
 .text.M6850ReadIntReg
                0x00000840       0x1c .\CortexM3\ARM_GCC_541\Debug\Z80_6850_Emul.o
                0x00000840                M6850ReadIntReg
 .text.sendCharToZ80
                0x0000085c       0x38 .\CortexM3\ARM_GCC_541\Debug\Z80_6850_Emul.o
                0x0000085c                sendCharToZ80
 .text.checkSerialReceiverBusy
                0x00000894       0x24 .\CortexM3\ARM_GCC_541\Debug\Z80_6850_Emul.o
                0x00000894                checkSerialReceiverBusy
 .text.M6850ReadData
                0x000008b8       0x24 .\CortexM3\ARM_GCC_541\Debug\Z80_6850_Emul.o
                0x000008b8                M6850ReadData
 .text.M6850WriteData
                0x000008dc       0x28 .\CortexM3\ARM_GCC_541\Debug\Z80_6850_Emul.o
                0x000008dc                M6850WriteData
 .text.M6850ReadStatus
                0x00000904       0x14 .\CortexM3\ARM_GCC_541\Debug\Z80_6850_Emul.o
                0x00000904                M6850ReadStatus
 .text.M6850WriteCtrl
                0x00000918       0x14 .\CortexM3\ARM_GCC_541\Debug\Z80_6850_Emul.o
                0x00000918                M6850WriteCtrl
 .text.CyClockStartupError
                0x0000092c        0x4 .\CortexM3\ARM_GCC_541\Debug\cyfitter_cfg.o
 .text.cfg_write_bytes32
                0x00000930       0x34 .\CortexM3\ARM_GCC_541\Debug\cyfitter_cfg.o
 .text.AnalogSetDefault
                0x00000964       0x38 .\CortexM3\ARM_GCC_541\Debug\cyfitter_cfg.o
 .text.CYMEMZERO
                0x0000099c        0xc .\CortexM3\ARM_GCC_541\Debug\cyfitter_cfg.o
 .text.ClockSetup
                0x000009a8      0x120 .\CortexM3\ARM_GCC_541\Debug\cyfitter_cfg.o
 .text.CYCONFIGCPY
                0x00000ac8        0x8 .\CortexM3\ARM_GCC_541\Debug\cyfitter_cfg.o
 .text.cyfitter_cfg
                0x00000ad0      0x170 .\CortexM3\ARM_GCC_541\Debug\cyfitter_cfg.o
                0x00000ad0                cyfitter_cfg
 .text.IntDefaultHandler
                0x00000c40       0x10 .\CortexM3\ARM_GCC_541\Debug\Cm3Start.o
                0x00000c40                IntDefaultHandler
 .text.Start_c  0x00000c50       0x4c .\CortexM3\ARM_GCC_541\Debug\Cm3Start.o
                0x00000c50                Start_c
 .text.initialize_psoc
                0x00000c9c       0x68 .\CortexM3\ARM_GCC_541\Debug\Cm3Start.o
                0x00000c9c                initialize_psoc
 .text.CyHalt   0x00000d04        0x4 .\CortexM3\ARM_GCC_541\Debug\Z80_3Pin.a(CyLib.o)
                0x00000d04                CyHalt
 .text.CyDelay  0x00000d08       0x2c .\CortexM3\ARM_GCC_541\Debug\Z80_3Pin.a(CyLib.o)
                0x00000d08                CyDelay
 .text.CyDelayUs
                0x00000d34       0x14 .\CortexM3\ARM_GCC_541\Debug\Z80_3Pin.a(CyLib.o)
                0x00000d34                CyDelayUs
 .text.CyIntSetVector
                0x00000d48       0x28 .\CortexM3\ARM_GCC_541\Debug\Z80_3Pin.a(CyLib.o)
                0x00000d48                CyIntSetVector
 .text.CyIntSetPriority
                0x00000d70       0x30 .\CortexM3\ARM_GCC_541\Debug\Z80_3Pin.a(CyLib.o)
                0x00000d70                CyIntSetPriority
 .text.CyGetUniqueId
                0x00000da0       0x70 .\CortexM3\ARM_GCC_541\Debug\Z80_3Pin.a(CyLib.o)
                0x00000da0                CyGetUniqueId
 .text.AdrLowIn_Read
                0x00000e10        0xc .\CortexM3\ARM_GCC_541\Debug\Z80_3Pin.a(AdrLowIn.o)
                0x00000e10                AdrLowIn_Read
 .text.IO_Ctrl_Reg_Write
                0x00000e1c        0xc .\CortexM3\ARM_GCC_541\Debug\Z80_3Pin.a(IO_Ctrl_Reg.o)
                0x00000e1c                IO_Ctrl_Reg_Write
 .text.IO_Ctrl_Reg_Read
                0x00000e28        0xc .\CortexM3\ARM_GCC_541\Debug\Z80_3Pin.a(IO_Ctrl_Reg.o)
                0x00000e28                IO_Ctrl_Reg_Read
 .text.IO_Stat_Reg_Read
                0x00000e34        0xc .\CortexM3\ARM_GCC_541\Debug\Z80_3Pin.a(IO_Stat_Reg.o)
                0x00000e34                IO_Stat_Reg_Read
 .text.Z80_Data_In_Write
                0x00000e40        0xc .\CortexM3\ARM_GCC_541\Debug\Z80_3Pin.a(Z80_Data_In.o)
                0x00000e40                Z80_Data_In_Write
 .text.Z80_Data_Out_Read
                0x00000e4c        0xc .\CortexM3\ARM_GCC_541\Debug\Z80_3Pin.a(Z80_Data_Out.o)
                0x00000e4c                Z80_Data_Out_Read
 .text.I2C_Init
                0x00000e58       0x68 .\CortexM3\ARM_GCC_541\Debug\Z80_3Pin.a(I2C.o)
                0x00000e58                I2C_Init
 .text.I2C_Enable
                0x00000ec0       0x24 .\CortexM3\ARM_GCC_541\Debug\Z80_3Pin.a(I2C.o)
                0x00000ec0                I2C_Enable
 .text.I2C_Start
                0x00000ee4       0x28 .\CortexM3\ARM_GCC_541\Debug\Z80_3Pin.a(I2C.o)
                0x00000ee4                I2C_Start
 .text.I2C_ISR  0x00000f0c      0x2d0 .\CortexM3\ARM_GCC_541\Debug\Z80_3Pin.a(I2C_INT.o)
                0x00000f0c                I2C_ISR
 .text.I2C_MasterWriteBuf
                0x000011dc       0xcc .\CortexM3\ARM_GCC_541\Debug\Z80_3Pin.a(I2C_MASTER.o)
                0x000011dc                I2C_MasterWriteBuf
 .text.I2C_MasterSendStart
                0x000012a8       0x80 .\CortexM3\ARM_GCC_541\Debug\Z80_3Pin.a(I2C_MASTER.o)
                0x000012a8                I2C_MasterSendStart
 .text.I2C_MasterSendStop
                0x00001328       0x38 .\CortexM3\ARM_GCC_541\Debug\Z80_3Pin.a(I2C_MASTER.o)
                0x00001328                I2C_MasterSendStop
 .text.I2C_MasterWriteByte
                0x00001360       0x58 .\CortexM3\ARM_GCC_541\Debug\Z80_3Pin.a(I2C_MASTER.o)
                0x00001360                I2C_MasterWriteByte
 .text.I2C_MasterReadByte
                0x000013b8       0x58 .\CortexM3\ARM_GCC_541\Debug\Z80_3Pin.a(I2C_MASTER.o)
                0x000013b8                I2C_MasterReadByte
 .text.I2C_MasterStatus
                0x00001410       0x38 .\CortexM3\ARM_GCC_541\Debug\Z80_3Pin.a(I2C_MASTER.o)
                0x00001410                I2C_MasterStatus
 .text.I2C_MasterClearStatus
                0x00001448       0x24 .\CortexM3\ARM_GCC_541\Debug\Z80_3Pin.a(I2C_MASTER.o)
                0x00001448                I2C_MasterClearStatus
 .text.USBUART_Init
                0x0000146c      0x140 .\CortexM3\ARM_GCC_541\Debug\Z80_3Pin.a(USBUART.o)
                0x0000146c                USBUART_Init
 .text.USBUART_InitComponent
                0x000015ac       0xb8 .\CortexM3\ARM_GCC_541\Debug\Z80_3Pin.a(USBUART.o)
                0x000015ac                USBUART_InitComponent
 .text.USBUART_Start
                0x00001664       0x24 .\CortexM3\ARM_GCC_541\Debug\Z80_3Pin.a(USBUART.o)
                0x00001664                USBUART_Start
 .text.USBUART_ReInitComponent
                0x00001688       0x4c .\CortexM3\ARM_GCC_541\Debug\Z80_3Pin.a(USBUART.o)
                0x00001688                USBUART_ReInitComponent
 .text.USBUART_GetConfiguration
                0x000016d4        0xc .\CortexM3\ARM_GCC_541\Debug\Z80_3Pin.a(USBUART.o)
                0x000016d4                USBUART_GetConfiguration
 .text.USBUART_IsConfigurationChanged
                0x000016e0       0x20 .\CortexM3\ARM_GCC_541\Debug\Z80_3Pin.a(USBUART.o)
                0x000016e0                USBUART_IsConfigurationChanged
 .text.USBUART_GetEPState
                0x00001700       0x14 .\CortexM3\ARM_GCC_541\Debug\Z80_3Pin.a(USBUART.o)
                0x00001700                USBUART_GetEPState
 .text.USBUART_GetEPCount
                0x00001714       0x28 .\CortexM3\ARM_GCC_541\Debug\Z80_3Pin.a(USBUART.o)
                0x00001714                USBUART_GetEPCount
 .text.USBUART_LoadInEP
                0x0000173c       0x94 .\CortexM3\ARM_GCC_541\Debug\Z80_3Pin.a(USBUART.o)
                0x0000173c                USBUART_LoadInEP
 .text.USBUART_EnableOutEP
                0x000017d0       0x2c .\CortexM3\ARM_GCC_541\Debug\Z80_3Pin.a(USBUART.o)
                0x000017d0                USBUART_EnableOutEP
 .text.USBUART_ReadOutEP
                0x000017fc       0x50 .\CortexM3\ARM_GCC_541\Debug\Z80_3Pin.a(USBUART.o)
                0x000017fc                USBUART_ReadOutEP
 .text.USBUART_GetInterfaceComPort
                0x0000184c       0x38 .\CortexM3\ARM_GCC_541\Debug\Z80_3Pin.a(USBUART_cdc.o)
                0x0000184c                USBUART_GetInterfaceComPort
 .text.USBUART_DispatchCDCClassRqst
                0x00001884       0x98 .\CortexM3\ARM_GCC_541\Debug\Z80_3Pin.a(USBUART_cdc.o)
                0x00001884                USBUART_DispatchCDCClassRqst
 .text.USBUART_CDC_Init
                0x0000191c       0x98 .\CortexM3\ARM_GCC_541\Debug\Z80_3Pin.a(USBUART_cdc.o)
                0x0000191c                USBUART_CDC_Init
 .text.USBUART_PutData
                0x000019b4       0x50 .\CortexM3\ARM_GCC_541\Debug\Z80_3Pin.a(USBUART_cdc.o)
                0x000019b4                USBUART_PutData
 .text.USBUART_DataIsReady
                0x00001a04       0x18 .\CortexM3\ARM_GCC_541\Debug\Z80_3Pin.a(USBUART_cdc.o)
                0x00001a04                USBUART_DataIsReady
 .text.USBUART_CDCIsReady
                0x00001a1c       0x18 .\CortexM3\ARM_GCC_541\Debug\Z80_3Pin.a(USBUART_cdc.o)
                0x00001a1c                USBUART_CDCIsReady
 .text.USBUART_GetAll
                0x00001a34       0x30 .\CortexM3\ARM_GCC_541\Debug\Z80_3Pin.a(USBUART_cdc.o)
                0x00001a34                USBUART_GetAll
 .text.USBUART_Cdc_EpInit
                0x00001a64       0x50 .\CortexM3\ARM_GCC_541\Debug\Z80_3Pin.a(USBUART_cdc.o)
                0x00001a64                USBUART_Cdc_EpInit
 .text.USBUART_LoadEP0
                0x00001ab4       0x98 .\CortexM3\ARM_GCC_541\Debug\Z80_3Pin.a(USBUART_drv.o)
                0x00001ab4                USBUART_LoadEP0
 .text.USBUART_InitZeroLengthControlTransfer
                0x00001b4c       0x34 .\CortexM3\ARM_GCC_541\Debug\Z80_3Pin.a(USBUART_drv.o)
                0x00001b4c                USBUART_InitZeroLengthControlTransfer
 .text.USBUART_ControlReadDataStage
                0x00001b80        0x8 .\CortexM3\ARM_GCC_541\Debug\Z80_3Pin.a(USBUART_drv.o)
                0x00001b80                USBUART_ControlReadDataStage
 .text.USBUART_ControlWriteDataStage
                0x00001b88       0x84 .\CortexM3\ARM_GCC_541\Debug\Z80_3Pin.a(USBUART_drv.o)
                0x00001b88                USBUART_ControlWriteDataStage
 .text.USBUART_InitNoDataControlTransfer
                0x00001c0c       0x2c .\CortexM3\ARM_GCC_541\Debug\Z80_3Pin.a(USBUART_drv.o)
                0x00001c0c                USBUART_InitNoDataControlTransfer
 .text.USBUART_UpdateStatusBlock
                0x00001c38       0x24 .\CortexM3\ARM_GCC_541\Debug\Z80_3Pin.a(USBUART_drv.o)
                0x00001c38                USBUART_UpdateStatusBlock
 .text.USBUART_HandleSetup
                0x00001c5c       0x5c .\CortexM3\ARM_GCC_541\Debug\Z80_3Pin.a(USBUART_drv.o)
                0x00001c5c                USBUART_HandleSetup
 .text.USBUART_ControlReadStatusStage
                0x00001cb8       0x38 .\CortexM3\ARM_GCC_541\Debug\Z80_3Pin.a(USBUART_drv.o)
                0x00001cb8                USBUART_ControlReadStatusStage
 .text.USBUART_HandleOUT
                0x00001cf0       0x38 .\CortexM3\ARM_GCC_541\Debug\Z80_3Pin.a(USBUART_drv.o)
                0x00001cf0                USBUART_HandleOUT
 .text.USBUART_ControlWriteStatusStage
                0x00001d28       0x20 .\CortexM3\ARM_GCC_541\Debug\Z80_3Pin.a(USBUART_drv.o)
                0x00001d28                USBUART_ControlWriteStatusStage
 .text.USBUART_NoDataControlStatusStage
                0x00001d48       0x40 .\CortexM3\ARM_GCC_541\Debug\Z80_3Pin.a(USBUART_drv.o)
                0x00001d48                USBUART_NoDataControlStatusStage
 .text.USBUART_HandleIN
                0x00001d88       0x2c .\CortexM3\ARM_GCC_541\Debug\Z80_3Pin.a(USBUART_drv.o)
                0x00001d88                USBUART_HandleIN
 .text.USBUART_EP_0_ISR
                0x00001db4       0xb8 .\CortexM3\ARM_GCC_541\Debug\Z80_3Pin.a(USBUART_drv.o)
                0x00001db4                USBUART_EP_0_ISR
 .text.USBUART_InitializeStatusBlock
                0x00001e6c       0x24 .\CortexM3\ARM_GCC_541\Debug\Z80_3Pin.a(USBUART_drv.o)
                0x00001e6c                USBUART_InitializeStatusBlock
 .text.USBUART_InitControlRead
                0x00001e90       0x50 .\CortexM3\ARM_GCC_541\Debug\Z80_3Pin.a(USBUART_drv.o)
                0x00001e90                USBUART_InitControlRead
 .text.USBUART_InitControlWrite
                0x00001ee0       0x48 .\CortexM3\ARM_GCC_541\Debug\Z80_3Pin.a(USBUART_drv.o)
                0x00001ee0                USBUART_InitControlWrite
 .text.USBUART_EP_1_ISR
                0x00001f28       0x30 .\CortexM3\ARM_GCC_541\Debug\Z80_3Pin.a(USBUART_episr.o)
                0x00001f28                USBUART_EP_1_ISR
 .text.USBUART_EP_2_ISR
                0x00001f58       0x34 .\CortexM3\ARM_GCC_541\Debug\Z80_3Pin.a(USBUART_episr.o)
                0x00001f58                USBUART_EP_2_ISR
 .text.USBUART_EP_3_ISR
                0x00001f8c       0x3c .\CortexM3\ARM_GCC_541\Debug\Z80_3Pin.a(USBUART_episr.o)
                0x00001f8c                USBUART_EP_3_ISR
 .text.USBUART_SOF_ISR
                0x00001fc8        0x4 .\CortexM3\ARM_GCC_541\Debug\Z80_3Pin.a(USBUART_episr.o)
                0x00001fc8                USBUART_SOF_ISR
 .text.USBUART_BUS_RESET_ISR
                0x00001fcc        0x8 .\CortexM3\ARM_GCC_541\Debug\Z80_3Pin.a(USBUART_episr.o)
                0x00001fcc                USBUART_BUS_RESET_ISR
 .text.USBUART_DP_ISR
                0x00001fd4        0x8 .\CortexM3\ARM_GCC_541\Debug\Z80_3Pin.a(USBUART_pm.o)
                0x00001fd4                USBUART_DP_ISR
 .text.USBUART_ReadDieID
                0x00001fdc       0x6c .\CortexM3\ARM_GCC_541\Debug\Z80_3Pin.a(USBUART_std.o)
                0x00001fdc                USBUART_ReadDieID
 .text.USBUART_ConfigReg
                0x00002048       0xa4 .\CortexM3\ARM_GCC_541\Debug\Z80_3Pin.a(USBUART_std.o)
                0x00002048                USBUART_ConfigReg
 .text.USBUART_GetConfigTablePtr
                0x000020ec       0x28 .\CortexM3\ARM_GCC_541\Debug\Z80_3Pin.a(USBUART_std.o)
                0x000020ec                USBUART_GetConfigTablePtr
 .text.USBUART_ConfigAltChanged
                0x00002114      0x11c .\CortexM3\ARM_GCC_541\Debug\Z80_3Pin.a(USBUART_std.o)
                0x00002114                USBUART_ConfigAltChanged
 .text.USBUART_GetDeviceTablePtr
                0x00002230       0x18 .\CortexM3\ARM_GCC_541\Debug\Z80_3Pin.a(USBUART_std.o)
                0x00002230                USBUART_GetDeviceTablePtr
 .text.USBUART_GetInterfaceClassTablePtr
                0x00002248       0x28 .\CortexM3\ARM_GCC_541\Debug\Z80_3Pin.a(USBUART_std.o)
                0x00002248                USBUART_GetInterfaceClassTablePtr
 .text.USBUART_Config
                0x00002270      0x1ec .\CortexM3\ARM_GCC_541\Debug\Z80_3Pin.a(USBUART_std.o)
                0x00002270                USBUART_Config
 .text.USBUART_SetEndpointHalt
                0x0000245c       0x64 .\CortexM3\ARM_GCC_541\Debug\Z80_3Pin.a(USBUART_std.o)
                0x0000245c                USBUART_SetEndpointHalt
 .text.USBUART_ClearEndpointHalt
                0x000024c0       0xac .\CortexM3\ARM_GCC_541\Debug\Z80_3Pin.a(USBUART_std.o)
                0x000024c0                USBUART_ClearEndpointHalt
 .text.USBUART_ValidateAlternateSetting
                0x0000256c       0x4c .\CortexM3\ARM_GCC_541\Debug\Z80_3Pin.a(USBUART_std.o)
                0x0000256c                USBUART_ValidateAlternateSetting
 .text.USBUART_HandleStandardRqst
                0x000025b8      0x354 .\CortexM3\ARM_GCC_541\Debug\Z80_3Pin.a(USBUART_std.o)
                0x000025b8                USBUART_HandleStandardRqst
 .text.USBUART_HandleVendorRqst
                0x0000290c       0x18 .\CortexM3\ARM_GCC_541\Debug\Z80_3Pin.a(USBUART_vnd.o)
                0x0000290c                USBUART_HandleVendorRqst
 .text.USBUART_Dp_ClearInterrupt
                0x00002924       0x10 .\CortexM3\ARM_GCC_541\Debug\Z80_3Pin.a(USBUART_Dp.o)
                0x00002924                USBUART_Dp_ClearInterrupt
 *fill*         0x00002934        0x4 
 .text          0x00002938       0x20 .\CortexM3\ARM_GCC_541\Debug\Z80_3Pin.a(CyBootAsmGnu.o)
                0x00002938                CyDelayCycles
                0x00002948                CyEnterCriticalSection
                0x00002950                CyExitCriticalSection
 .text.USBUART_DispatchClassRqst
                0x00002958       0x60 .\CortexM3\ARM_GCC_541\Debug\Z80_3Pin.a(USBUART_cls.o)
                0x00002958                USBUART_DispatchClassRqst
 .text.__errno  0x000029b8        0xc c:/program files (x86)/cypress/psoc creator/4.2/psoc creator/import/gnu/arm/5.4.1/bin/../lib/gcc/arm-none-eabi/5.4.1/../../../../arm-none-eabi/lib/armv7-m\libg_nano.a(lib_a-errno.o)
                0x000029b8                __errno
 .text.__libc_init_array
                0x000029c4       0x4c c:/program files (x86)/cypress/psoc creator/4.2/psoc creator/import/gnu/arm/5.4.1/bin/../lib/gcc/arm-none-eabi/5.4.1/../../../../arm-none-eabi/lib/armv7-m\libg_nano.a(lib_a-init.o)
                0x000029c4                __libc_init_array
 .text.memcpy   0x00002a10       0x16 c:/program files (x86)/cypress/psoc creator/4.2/psoc creator/import/gnu/arm/5.4.1/bin/../lib/gcc/arm-none-eabi/5.4.1/../../../../arm-none-eabi/lib/armv7-m\libg_nano.a(lib_a-memcpy-stub.o)
                0x00002a10                memcpy
 .text.memset   0x00002a26       0x10 c:/program files (x86)/cypress/psoc creator/4.2/psoc creator/import/gnu/arm/5.4.1/bin/../lib/gcc/arm-none-eabi/5.4.1/../../../../arm-none-eabi/lib/armv7-m\libg_nano.a(lib_a-memset.o)
                0x00002a26                memset
 *(.plt)
 *(.gnu.warning)
 *(.glue_7t)
 .glue_7t       0x00002a36        0x0 linker stubs
 *(.glue_7)
 .glue_7        0x00002a36        0x0 linker stubs
 *(.vfp11_veneer)
 .vfp11_veneer  0x00002a36        0x0 linker stubs
 *(.bootloader)
 *(.ARM.extab* .gnu.linkonce.armextab.*)
 *(.gcc_except_table)

.v4_bx          0x00002a38        0x0
 .v4_bx         0x00002a38        0x0 linker stubs

.iplt           0x00002a38        0x0
 .iplt          0x00002a38        0x0 c:/program files (x86)/cypress/psoc creator/4.2/psoc creator/import/gnu/arm/5.4.1/bin/../lib/gcc/arm-none-eabi/5.4.1/armv7-m/crtbegin.o

.eh_frame_hdr
 *(.eh_frame_hdr)

.eh_frame       0x00002a38        0x4
 *(.eh_frame)
 .eh_frame      0x00002a38        0x0 c:/program files (x86)/cypress/psoc creator/4.2/psoc creator/import/gnu/arm/5.4.1/bin/../lib/gcc/arm-none-eabi/5.4.1/armv7-m/crtbegin.o
 .eh_frame      0x00002a38        0x4 c:/program files (x86)/cypress/psoc creator/4.2/psoc creator/import/gnu/arm/5.4.1/bin/../lib/gcc/arm-none-eabi/5.4.1/armv7-m/crtend.o
                [!provide]                PROVIDE (__exidx_start, .)

.ARM.exidx
 *(.ARM.exidx* .gnu.linkonce.armexidx.*)
                0x00002a3c                __exidx_end = .

.rodata         0x00002a3c     0x21f4
 *(.rodata .rodata.* .gnu.linkonce.r.*)
 .rodata        0x00002a3c     0x2010 .\CortexM3\ARM_GCC_541\Debug\GS_7_BASIC_ROM.o
                0x00002a3c                eprom_length
                0x00002a40                eprom_finish
                0x00002a44                eprom_start
                0x00002a48                eprom_termination
                0x00002a4c                gs7chip_basic_eeprom
 .rodata        0x00004a4c       0x38 .\CortexM3\ARM_GCC_541\Debug\cyfitter_cfg.o
 .rodata.str1.4
                0x00004a84       0x14 .\CortexM3\ARM_GCC_541\Debug\Z80_3Pin.a(USBUART_std.o)
                                 0x11 (size before relaxing)
 .rodata        0x00004a98      0x15e .\CortexM3\ARM_GCC_541\Debug\Z80_3Pin.a(USBUART_descr.o)
                0x00004a98                USBUART_TABLE
                0x00004aa0                USBUART_DEVICE0_TABLE
                0x00004ab8                USBUART_DEVICE0_CONFIGURATION0_TABLE
                0x00004ae0                USBUART_DEVICE0_CONFIGURATION0_INTERFACE_CLASS
                0x00004ae4                USBUART_DEVICE0_CONFIGURATION0_EP_SETTINGS_TABLE
                0x00004afc                USBUART_SN_STRING_DESCRIPTOR
                0x00004b00                USBUART_STRING_DESCRIPTORS
                0x00004ba0                USBUART_DEVICE0_CONFIGURATION0_DESCR
                0x00004be4                USBUART_DEVICE0_DESCR
 .rodata.str1.1
                0x00004bf6        0x2 c:/program files (x86)/cypress/psoc creator/4.2/psoc creator/import/gnu/arm/5.4.1/bin/../lib/gcc/arm-none-eabi/5.4.1/../../../../arm-none-eabi/lib/armv7-m\libg_nano.a(lib_a-impure.o)
                0x00004bf8                . = ALIGN (0x4)
 *(.init)
 .init          0x00004bf8        0x4 c:/program files (x86)/cypress/psoc creator/4.2/psoc creator/import/gnu/arm/5.4.1/bin/../lib/gcc/arm-none-eabi/5.4.1/armv7-m/crti.o
                0x00004bf8                _init
 .init          0x00004bfc        0x8 c:/program files (x86)/cypress/psoc creator/4.2/psoc creator/import/gnu/arm/5.4.1/bin/../lib/gcc/arm-none-eabi/5.4.1/armv7-m/crtn.o
                0x00004c04                . = ALIGN (0x4)
                0x00004c04                __preinit_array_start = .
 *(.preinit_array)
                0x00004c04                __preinit_array_end = .
                0x00004c04                . = ALIGN (0x4)
                0x00004c04                __init_array_start = .
 *(SORT(.init_array.*))
 *(.init_array)
 .init_array    0x00004c04        0x4 c:/program files (x86)/cypress/psoc creator/4.2/psoc creator/import/gnu/arm/5.4.1/bin/../lib/gcc/arm-none-eabi/5.4.1/armv7-m/crtbegin.o
 .init_array    0x00004c08        0x4 .\CortexM3\ARM_GCC_541\Debug\Cm3Start.o
                0x00004c0c                __init_array_end = .
                0x00004c0c                . = ALIGN (0x4)
 *(.fini)
 .fini          0x00004c0c        0x4 c:/program files (x86)/cypress/psoc creator/4.2/psoc creator/import/gnu/arm/5.4.1/bin/../lib/gcc/arm-none-eabi/5.4.1/armv7-m/crti.o
                0x00004c0c                _fini
 .fini          0x00004c10        0x8 c:/program files (x86)/cypress/psoc creator/4.2/psoc creator/import/gnu/arm/5.4.1/bin/../lib/gcc/arm-none-eabi/5.4.1/armv7-m/crtn.o
                0x00004c18                . = ALIGN (0x4)
                0x00004c18                __fini_array_start = .
 *(.fini_array)
 .fini_array    0x00004c18        0x4 c:/program files (x86)/cypress/psoc creator/4.2/psoc creator/import/gnu/arm/5.4.1/bin/../lib/gcc/arm-none-eabi/5.4.1/armv7-m/crtbegin.o
 *(SORT(.fini_array.*))
                0x00004c1c                __fini_array_end = .
                0x00004c1c                . = ALIGN (0x4)
 *crtbegin.o(.ctors)
 *(EXCLUDE_FILE(*crtend.o) .ctors)
 *(SORT(.ctors.*))
 *crtend.o(.ctors)
                0x00004c1c                . = ALIGN (0x4)
 *crtbegin.o(.dtors)
 *(EXCLUDE_FILE(*crtend.o) .dtors)
 *(SORT(.dtors.*))
 *crtend.o(.dtors)
                0x00004c1c                . = ALIGN (0x4)
                0x00004c1c                __cy_regions = .
                0x00004c1c        0x4 LONG 0x4c30 __cy_region_init_ram
                0x00004c20        0x4 LONG 0x1fffc0c8 __cy_region_start_data
                0x00004c24        0x4 LONG 0x98 __cy_region_init_size_ram
                0x00004c28        0x4 LONG 0x128 __cy_region_zero_size_ram
                0x00004c2c                __cy_regions_end = .
                0x00004c30                . = ALIGN (0x8)
 *fill*         0x00004c2c        0x4 
                0x00004c30                _etext = .

.cy_checksum_exclude
                0x00004c30        0x0
 *(.cy_checksum_exclude)

.ramvectors     0x1fffc000       0xc0
                0x1fffc000                __cy_region_start_ram = .
 *(.ramvectors)
 .ramvectors    0x1fffc000       0xc0 .\CortexM3\ARM_GCC_541\Debug\Cm3Start.o
                0x1fffc000                CyRamVectors

.noinit         0x1fffc0c0        0x1
 *(.noinit)
 .noinit        0x1fffc0c0        0x1 .\CortexM3\ARM_GCC_541\Debug\Z80_3Pin.a(CyLib.o)
                0x1fffc0c0                CyResetStatus

.data           0x1fffc0c8       0x98 load address 0x00004c30
                0x1fffc0c8                __cy_region_start_data = .
 *(.jcr)
 .jcr           0x1fffc0c8        0x0 c:/program files (x86)/cypress/psoc creator/4.2/psoc creator/import/gnu/arm/5.4.1/bin/../lib/gcc/arm-none-eabi/5.4.1/armv7-m/crtbegin.o
 .jcr           0x1fffc0c8        0x4 c:/program files (x86)/cypress/psoc creator/4.2/psoc creator/import/gnu/arm/5.4.1/bin/../lib/gcc/arm-none-eabi/5.4.1/armv7-m/crtend.o
 *(.got.plt)
 *(.got)
 *(.shdata)
 *(.data .data.* .gnu.linkonce.d.*)
 .data          0x1fffc0cc       0x10 .\CortexM3\ARM_GCC_541\Debug\Z80_3Pin.a(CyLib.o)
                0x1fffc0cc                cydelay_32k_ms
                0x1fffc0d0                cydelay_freq_khz
                0x1fffc0d4                cydelay_freq_mhz
                0x1fffc0d8                cydelay_freq_hz
 .data          0x1fffc0dc       0x1a .\CortexM3\ARM_GCC_541\Debug\Z80_3Pin.a(USBUART_cdc.o)
                0x1fffc0dc                USBUART_linesCoding
 *fill*         0x1fffc0f6        0x2 
 .data.impure_data
                0x1fffc0f8       0x60 c:/program files (x86)/cypress/psoc creator/4.2/psoc creator/import/gnu/arm/5.4.1/bin/../lib/gcc/arm-none-eabi/5.4.1/../../../../arm-none-eabi/lib/armv7-m\libg_nano.a(lib_a-impure.o)
 .data._impure_ptr
                0x1fffc158        0x4 c:/program files (x86)/cypress/psoc creator/4.2/psoc creator/import/gnu/arm/5.4.1/bin/../lib/gcc/arm-none-eabi/5.4.1/../../../../arm-none-eabi/lib/armv7-m\libg_nano.a(lib_a-impure.o)
                0x1fffc158                _impure_ptr
                0x1fffc160                . = ALIGN (0x8)
 *fill*         0x1fffc15c        0x4 
 *(.ram)
                0x1fffc160                _edata = .

.igot.plt       0x1fffc160        0x0 load address 0x00004cc8
 .igot.plt      0x1fffc160        0x0 c:/program files (x86)/cypress/psoc creator/4.2/psoc creator/import/gnu/arm/5.4.1/bin/../lib/gcc/arm-none-eabi/5.4.1/armv7-m/crtbegin.o

.bss            0x1fffc160      0x128 load address 0x00004cc8
                0x1fffc160                PROVIDE (__bss_start__, .)
 *(.shbss)
 *(.bss .bss.* .gnu.linkonce.b.*)
 .bss           0x1fffc160       0x1c c:/program files (x86)/cypress/psoc creator/4.2/psoc creator/import/gnu/arm/5.4.1/bin/../lib/gcc/arm-none-eabi/5.4.1/armv7-m/crtbegin.o
 .bss           0x1fffc17c        0x1 .\CortexM3\ARM_GCC_541\Debug\Z80_3Pin.a(I2C.o)
                0x1fffc17c                I2C_initVar
 .bss           0x1fffc17d        0x1 .\CortexM3\ARM_GCC_541\Debug\Z80_3Pin.a(USBUART.o)
                0x1fffc17d                USBUART_initVar
 .bss           0x1fffc17e        0x1 .\CortexM3\ARM_GCC_541\Debug\Z80_3Pin.a(USBUART_cdc.o)
 *fill*         0x1fffc17f        0x1 
 .bss           0x1fffc180        0x2 .\CortexM3\ARM_GCC_541\Debug\Z80_3Pin.a(USBUART_std.o)
 *(COMMON)
 *fill*         0x1fffc182        0x2 
 COMMON         0x1fffc184       0x10 .\CortexM3\ARM_GCC_541\Debug\FrontPanel.o
                0x1fffc184                FPAddr
                0x1fffc186                FPCtrl
                0x1fffc188                LEDsVal
                0x1fffc18c                FPData
                0x1fffc190                FPLong
 COMMON         0x1fffc194        0x4 .\CortexM3\ARM_GCC_541\Debug\Z80_6850_Emul.o
                0x1fffc194                M6850_DataOut
                0x1fffc195                M6850_Status
                0x1fffc196                M6850_Ctrl
                0x1fffc197                M6850_DataIn
 COMMON         0x1fffc198        0x1 .\CortexM3\ARM_GCC_541\Debug\Z80_3Pin.a(I2C.o)
                0x1fffc198                I2C_state
 *fill*         0x1fffc199        0x3 
 COMMON         0x1fffc19c       0x10 .\CortexM3\ARM_GCC_541\Debug\Z80_3Pin.a(I2C_MASTER.o)
                0x1fffc19c                I2C_mstrWrBufIndex
                0x1fffc19d                I2C_mstrWrBufSize
                0x1fffc19e                I2C_mstrStatus
                0x1fffc1a0                I2C_mstrRdBufPtr
                0x1fffc1a4                I2C_mstrControl
                0x1fffc1a5                I2C_mstrRdBufSize
                0x1fffc1a6                I2C_mstrRdBufIndex
                0x1fffc1a8                I2C_mstrWrBufPtr
 COMMON         0x1fffc1ac       0x18 .\CortexM3\ARM_GCC_541\Debug\Z80_3Pin.a(USBUART_cdc.o)
                0x1fffc1ac                USBUART_linesChanged
                0x1fffc1b0                USBUART_cdcDataInEp
                0x1fffc1b4                USBUART_cdcCommInInterruptEp
                0x1fffc1b8                USBUART_cdcDataOutEp
                0x1fffc1bc                USBUART_serialStateBitmap
                0x1fffc1c0                USBUART_linesControlBitmap
 COMMON         0x1fffc1c4       0x9a .\CortexM3\ARM_GCC_541\Debug\Z80_3Pin.a(USBUART_drv.o)
                0x1fffc1c4                USBUART_lastPacketSize
                0x1fffc1c5                USBUART_device
                0x1fffc1c6                USBUART_transferByteCount
                0x1fffc1c8                USBUART_transferState
                0x1fffc1cc                USBUART_interfaceSettingLast
                0x1fffc1d0                USBUART_currentTD
                0x1fffc1dc                USBUART_interfaceNumber
                0x1fffc1e0                USBUART_interfaceClass
                0x1fffc1e4                USBUART_configurationChanged
                0x1fffc1e5                USBUART_ep0Mode
                0x1fffc1e6                USBUART_deviceAddress
                0x1fffc1e7                USBUART_configuration
                0x1fffc1e8                USBUART_ep0Count
                0x1fffc1e9                USBUART_deviceStatus
                0x1fffc1ec                USBUART_EP
                0x1fffc258                USBUART_interfaceSetting
                0x1fffc25a                USBUART_ep0Toggle
                0x1fffc25c                USBUART_interfaceStatus
 *fill*         0x1fffc25e        0x2 
 COMMON         0x1fffc260       0x22 .\CortexM3\ARM_GCC_541\Debug\Z80_3Pin.a(USBUART_descr.o)
                0x1fffc260                USBUART_idSerialNumberStringDescriptor
                0x1fffc288                . = ALIGN (0x8)
 *fill*         0x1fffc282        0x6 
 *(.ram.b)
                0x1fffc288                _end = .
                0x1fffc288                __end = .
                0x1fffc288                PROVIDE (end, .)
                0x1fffc288                PROVIDE (__bss_end__, .)
                0x00004c30                __cy_region_init_ram = LOADADDR (.data)
                0x00000098                __cy_region_init_size_ram = (_edata - ADDR (.data))
                0x00000128                __cy_region_zero_size_ram = (_end - _edata)

.heap           0x1fffc288       0x80 load address 0x00004cc8
                0x1fffc288                . = _end
                0x1fffc308                . = (. + 0x80)
 *fill*         0x1fffc288       0x80 
                0x1fffc308                __cy_heap_limit = .

.stack          0x20003800      0x800
                0x20003800                __cy_stack_limit = .
                0x20004000                . = (. + 0x800)
 *fill*         0x20003800      0x800 
                0x00000001                ASSERT ((__cy_stack_limit >= __cy_heap_limit), region RAM overflowed with stack)
                0x00000000                cy_checksum_exclude_size = (CY_APPL_LOADABLE == 0x1)?SIZEOF (.cy_checksum_exclude):0x0
                0x00000001                ASSERT ((cy_checksum_exclude_size <= CY_CHECKSUM_EXCLUDE_SIZE), CY_BOOT: Section .cy_checksum_exclude size exceedes specified limit.)

.cyloadermeta
 *(.cyloadermeta)

.cyloadablemeta
 *(.cyloadablemeta)

.cyconfigecc    0x80000000      0x7d8
 *(.cyconfigecc)
 .cyconfigecc   0x80000000      0x7d8 .\CortexM3\ARM_GCC_541\Debug\cymetadata.o
                0x80000000                cy_meta_configecc

.cycustnvl      0x90000000        0x4
 *(.cycustnvl)
 .cycustnvl     0x90000000        0x4 .\CortexM3\ARM_GCC_541\Debug\cymetadata.o
                0x90000000                cy_meta_custnvl

.cywolatch      0x90100000        0x4
 *(.cywolatch)
 .cywolatch     0x90100000        0x4 .\CortexM3\ARM_GCC_541\Debug\cymetadata.o
                0x90100000                cy_meta_wonvl

.cyeeprom       0x90200000        0x0
 *(.cyeeprom)
                0x00000001                ASSERT ((. <= ((0x90200000 + ee_offset) + ee_size)), .cyeeprom data will not fit in EEPROM)

.cyflashprotect
                0x90400000       0x80
 *(.cyflashprotect)
 .cyflashprotect
                0x90400000       0x80 .\CortexM3\ARM_GCC_541\Debug\cymetadata.o
                0x90400000                cy_meta_flashprotect

.cymeta         0x90500000        0xc
 *(.cymeta)
 .cymeta        0x90500000        0xc .\CortexM3\ARM_GCC_541\Debug\cymetadata.o
                0x90500000                cy_metadata

.rel.dyn        0x00004cc8        0x0 load address 0x9050000c
 .rel.iplt      0x00004cc8        0x0 c:/program files (x86)/cypress/psoc creator/4.2/psoc creator/import/gnu/arm/5.4.1/bin/../lib/gcc/arm-none-eabi/5.4.1/armv7-m/crtbegin.o

.stab
 *(.stab)

.stabstr
 *(.stabstr)

.debug
 *(.debug)

.line
 *(.line)

.debug_srcinfo
 *(.debug_srcinfo)

.debug_sfnames
 *(.debug_sfnames)

.debug_aranges  0x00000000      0xce8
 *(.debug_aranges)
 .debug_aranges
                0x00000000       0x28 .\CortexM3\ARM_GCC_541\Debug\main.o
 .debug_aranges
                0x00000028       0x40 .\CortexM3\ARM_GCC_541\Debug\ExtSRAM.o
 .debug_aranges
                0x00000068       0x68 .\CortexM3\ARM_GCC_541\Debug\FrontPanel.o
 .debug_aranges
                0x000000d0       0x18 .\CortexM3\ARM_GCC_541\Debug\Z80_SIO_emul.o
 .debug_aranges
                0x000000e8       0x30 .\CortexM3\ARM_GCC_541\Debug\Z80_IO_Handle.o
 .debug_aranges
                0x00000118       0x48 .\CortexM3\ARM_GCC_541\Debug\Z80_PIO_emul.o
 .debug_aranges
                0x00000160       0x18 .\CortexM3\ARM_GCC_541\Debug\GS_7_BASIC_ROM.o
 .debug_aranges
                0x00000178       0x50 .\CortexM3\ARM_GCC_541\Debug\Z80_6850_Emul.o
 .debug_aranges
                0x000001c8       0x58 .\CortexM3\ARM_GCC_541\Debug\cyfitter_cfg.o
 .debug_aranges
                0x00000220       0x18 .\CortexM3\ARM_GCC_541\Debug\cymetadata.o
 .debug_aranges
                0x00000238       0x48 .\CortexM3\ARM_GCC_541\Debug\Cm3Start.o
 .debug_aranges
                0x00000280      0x2a0 .\CortexM3\ARM_GCC_541\Debug\Z80_3Pin.a(CyLib.o)
 .debug_aranges
                0x00000520       0x98 .\CortexM3\ARM_GCC_541\Debug\Z80_3Pin.a(cyPm.o)
 .debug_aranges
                0x000005b8       0x40 .\CortexM3\ARM_GCC_541\Debug\Z80_3Pin.a(AdrLowIn.o)
 .debug_aranges
                0x000005f8       0x28 .\CortexM3\ARM_GCC_541\Debug\Z80_3Pin.a(IO_Ctrl_Reg.o)
 .debug_aranges
                0x00000620       0x40 .\CortexM3\ARM_GCC_541\Debug\Z80_3Pin.a(IO_Stat_Reg.o)
 .debug_aranges
                0x00000660       0x28 .\CortexM3\ARM_GCC_541\Debug\Z80_3Pin.a(Z80_Data_In.o)
 .debug_aranges
                0x00000688       0x40 .\CortexM3\ARM_GCC_541\Debug\Z80_3Pin.a(Z80_Data_Out.o)
 .debug_aranges
                0x000006c8       0x38 .\CortexM3\ARM_GCC_541\Debug\Z80_3Pin.a(I2C.o)
 .debug_aranges
                0x00000700       0x20 .\CortexM3\ARM_GCC_541\Debug\Z80_3Pin.a(I2C_INT.o)
 .debug_aranges
                0x00000720       0x38 .\CortexM3\ARM_GCC_541\Debug\Z80_3Pin.a(I2C_PM.o)
 .debug_aranges
                0x00000758       0x80 .\CortexM3\ARM_GCC_541\Debug\Z80_3Pin.a(I2C_MASTER.o)
 .debug_aranges
                0x000007d8       0xc8 .\CortexM3\ARM_GCC_541\Debug\Z80_3Pin.a(USBUART.o)
 .debug_aranges
                0x000008a0       0xe8 .\CortexM3\ARM_GCC_541\Debug\Z80_3Pin.a(USBUART_cdc.o)
 .debug_aranges
                0x00000988       0x98 .\CortexM3\ARM_GCC_541\Debug\Z80_3Pin.a(USBUART_drv.o)
 .debug_aranges
                0x00000a20       0x40 .\CortexM3\ARM_GCC_541\Debug\Z80_3Pin.a(USBUART_episr.o)
 .debug_aranges
                0x00000a60       0x40 .\CortexM3\ARM_GCC_541\Debug\Z80_3Pin.a(USBUART_pm.o)
 .debug_aranges
                0x00000aa0       0x80 .\CortexM3\ARM_GCC_541\Debug\Z80_3Pin.a(USBUART_std.o)
 .debug_aranges
                0x00000b20       0x20 .\CortexM3\ARM_GCC_541\Debug\Z80_3Pin.a(USBUART_vnd.o)
 .debug_aranges
                0x00000b40       0x48 .\CortexM3\ARM_GCC_541\Debug\Z80_3Pin.a(USBUART_Dp.o)
 .debug_aranges
                0x00000b88       0x20 .\CortexM3\ARM_GCC_541\Debug\Z80_3Pin.a(CyBootAsmGnu.o)
 .debug_aranges
                0x00000ba8       0x88 .\CortexM3\ARM_GCC_541\Debug\Z80_3Pin.a(CyFlash.o)
 .debug_aranges
                0x00000c30       0x80 .\CortexM3\ARM_GCC_541\Debug\Z80_3Pin.a(CySpc.o)
 .debug_aranges
                0x00000cb0       0x20 .\CortexM3\ARM_GCC_541\Debug\Z80_3Pin.a(USBUART_cls.o)
 .debug_aranges
                0x00000cd0       0x18 .\CortexM3\ARM_GCC_541\Debug\Z80_3Pin.a(USBUART_descr.o)

.debug_pubnames
 *(.debug_pubnames)

.debug_info     0x00000000     0x8f5d
 *(.debug_info .gnu.linkonce.wi.*)
 .debug_info    0x00000000      0x339 .\CortexM3\ARM_GCC_541\Debug\main.o
 .debug_info    0x00000339      0x291 .\CortexM3\ARM_GCC_541\Debug\ExtSRAM.o
 .debug_info    0x000005ca      0x8f8 .\CortexM3\ARM_GCC_541\Debug\FrontPanel.o
 .debug_info    0x00000ec2       0xae .\CortexM3\ARM_GCC_541\Debug\Z80_SIO_emul.o
 .debug_info    0x00000f70      0x28c .\CortexM3\ARM_GCC_541\Debug\Z80_IO_Handle.o
 .debug_info    0x000011fc      0x1b5 .\CortexM3\ARM_GCC_541\Debug\Z80_PIO_emul.o
 .debug_info    0x000013b1       0xac .\CortexM3\ARM_GCC_541\Debug\GS_7_BASIC_ROM.o
 .debug_info    0x0000145d      0x2e2 .\CortexM3\ARM_GCC_541\Debug\Z80_6850_Emul.o
 .debug_info    0x0000173f      0x6aa .\CortexM3\ARM_GCC_541\Debug\cyfitter_cfg.o
 .debug_info    0x00001de9      0x139 .\CortexM3\ARM_GCC_541\Debug\cymetadata.o
 .debug_info    0x00001f22      0x3bb .\CortexM3\ARM_GCC_541\Debug\Cm3Start.o
 .debug_info    0x000022dd     0x1374 .\CortexM3\ARM_GCC_541\Debug\Z80_3Pin.a(CyLib.o)
 .debug_info    0x00003651      0xa2a .\CortexM3\ARM_GCC_541\Debug\Z80_3Pin.a(cyPm.o)
 .debug_info    0x0000407b      0x17d .\CortexM3\ARM_GCC_541\Debug\Z80_3Pin.a(AdrLowIn.o)
 .debug_info    0x000041f8       0xd6 .\CortexM3\ARM_GCC_541\Debug\Z80_3Pin.a(IO_Ctrl_Reg.o)
 .debug_info    0x000042ce      0x17f .\CortexM3\ARM_GCC_541\Debug\Z80_3Pin.a(IO_Stat_Reg.o)
 .debug_info    0x0000444d       0xd6 .\CortexM3\ARM_GCC_541\Debug\Z80_3Pin.a(Z80_Data_In.o)
 .debug_info    0x00004523      0x17d .\CortexM3\ARM_GCC_541\Debug\Z80_3Pin.a(Z80_Data_Out.o)
 .debug_info    0x000046a0      0x2ab .\CortexM3\ARM_GCC_541\Debug\Z80_3Pin.a(I2C.o)
 .debug_info    0x0000494b      0x184 .\CortexM3\ARM_GCC_541\Debug\Z80_3Pin.a(I2C_INT.o)
 .debug_info    0x00004acf      0x207 .\CortexM3\ARM_GCC_541\Debug\Z80_3Pin.a(I2C_PM.o)
 .debug_info    0x00004cd6      0x407 .\CortexM3\ARM_GCC_541\Debug\Z80_3Pin.a(I2C_MASTER.o)
 .debug_info    0x000050dd      0x995 .\CortexM3\ARM_GCC_541\Debug\Z80_3Pin.a(USBUART.o)
 .debug_info    0x00005a72      0xaf7 .\CortexM3\ARM_GCC_541\Debug\Z80_3Pin.a(USBUART_cdc.o)
 .debug_info    0x00006569      0x655 .\CortexM3\ARM_GCC_541\Debug\Z80_3Pin.a(USBUART_drv.o)
 .debug_info    0x00006bbe      0x254 .\CortexM3\ARM_GCC_541\Debug\Z80_3Pin.a(USBUART_episr.o)
 .debug_info    0x00006e12      0x2e4 .\CortexM3\ARM_GCC_541\Debug\Z80_3Pin.a(USBUART_pm.o)
 .debug_info    0x000070f6      0xb26 .\CortexM3\ARM_GCC_541\Debug\Z80_3Pin.a(USBUART_std.o)
 .debug_info    0x00007c1c       0xed .\CortexM3\ARM_GCC_541\Debug\Z80_3Pin.a(USBUART_vnd.o)
 .debug_info    0x00007d09      0x174 .\CortexM3\ARM_GCC_541\Debug\Z80_3Pin.a(USBUART_Dp.o)
 .debug_info    0x00007e7d       0xc2 .\CortexM3\ARM_GCC_541\Debug\Z80_3Pin.a(CyBootAsmGnu.o)
 .debug_info    0x00007f3f      0x64d .\CortexM3\ARM_GCC_541\Debug\Z80_3Pin.a(CyFlash.o)
 .debug_info    0x0000858c      0x550 .\CortexM3\ARM_GCC_541\Debug\Z80_3Pin.a(CySpc.o)
 .debug_info    0x00008adc      0x1de .\CortexM3\ARM_GCC_541\Debug\Z80_3Pin.a(USBUART_cls.o)
 .debug_info    0x00008cba      0x2a3 .\CortexM3\ARM_GCC_541\Debug\Z80_3Pin.a(USBUART_descr.o)

.debug_abbrev   0x00000000     0x263f
 *(.debug_abbrev)
 .debug_abbrev  0x00000000      0x125 .\CortexM3\ARM_GCC_541\Debug\main.o
 .debug_abbrev  0x00000125      0x10d .\CortexM3\ARM_GCC_541\Debug\ExtSRAM.o
 .debug_abbrev  0x00000232      0x185 .\CortexM3\ARM_GCC_541\Debug\FrontPanel.o
 .debug_abbrev  0x000003b7       0x4b .\CortexM3\ARM_GCC_541\Debug\Z80_SIO_emul.o
 .debug_abbrev  0x00000402       0xc5 .\CortexM3\ARM_GCC_541\Debug\Z80_IO_Handle.o
 .debug_abbrev  0x000004c7       0x85 .\CortexM3\ARM_GCC_541\Debug\Z80_PIO_emul.o
 .debug_abbrev  0x0000054c       0x56 .\CortexM3\ARM_GCC_541\Debug\GS_7_BASIC_ROM.o
 .debug_abbrev  0x000005a2      0x113 .\CortexM3\ARM_GCC_541\Debug\Z80_6850_Emul.o
 .debug_abbrev  0x000006b5      0x20d .\CortexM3\ARM_GCC_541\Debug\cyfitter_cfg.o
 .debug_abbrev  0x000008c2       0x77 .\CortexM3\ARM_GCC_541\Debug\cymetadata.o
 .debug_abbrev  0x00000939      0x1e8 .\CortexM3\ARM_GCC_541\Debug\Cm3Start.o
 .debug_abbrev  0x00000b21      0x254 .\CortexM3\ARM_GCC_541\Debug\Z80_3Pin.a(CyLib.o)
 .debug_abbrev  0x00000d75      0x1ab .\CortexM3\ARM_GCC_541\Debug\Z80_3Pin.a(cyPm.o)
 .debug_abbrev  0x00000f20       0xac .\CortexM3\ARM_GCC_541\Debug\Z80_3Pin.a(AdrLowIn.o)
 .debug_abbrev  0x00000fcc       0x81 .\CortexM3\ARM_GCC_541\Debug\Z80_3Pin.a(IO_Ctrl_Reg.o)
 .debug_abbrev  0x0000104d       0xac .\CortexM3\ARM_GCC_541\Debug\Z80_3Pin.a(IO_Stat_Reg.o)
 .debug_abbrev  0x000010f9       0x81 .\CortexM3\ARM_GCC_541\Debug\Z80_3Pin.a(Z80_Data_In.o)
 .debug_abbrev  0x0000117a       0xac .\CortexM3\ARM_GCC_541\Debug\Z80_3Pin.a(Z80_Data_Out.o)
 .debug_abbrev  0x00001226      0x10a .\CortexM3\ARM_GCC_541\Debug\Z80_3Pin.a(I2C.o)
 .debug_abbrev  0x00001330       0xb6 .\CortexM3\ARM_GCC_541\Debug\Z80_3Pin.a(I2C_INT.o)
 .debug_abbrev  0x000013e6       0xfe .\CortexM3\ARM_GCC_541\Debug\Z80_3Pin.a(I2C_PM.o)
 .debug_abbrev  0x000014e4      0x13c .\CortexM3\ARM_GCC_541\Debug\Z80_3Pin.a(I2C_MASTER.o)
 .debug_abbrev  0x00001620      0x215 .\CortexM3\ARM_GCC_541\Debug\Z80_3Pin.a(USBUART.o)
 .debug_abbrev  0x00001835      0x245 .\CortexM3\ARM_GCC_541\Debug\Z80_3Pin.a(USBUART_cdc.o)
 .debug_abbrev  0x00001a7a      0x189 .\CortexM3\ARM_GCC_541\Debug\Z80_3Pin.a(USBUART_drv.o)
 .debug_abbrev  0x00001c03      0x11b .\CortexM3\ARM_GCC_541\Debug\Z80_3Pin.a(USBUART_episr.o)
 .debug_abbrev  0x00001d1e      0x108 .\CortexM3\ARM_GCC_541\Debug\Z80_3Pin.a(USBUART_pm.o)
 .debug_abbrev  0x00001e26      0x20a .\CortexM3\ARM_GCC_541\Debug\Z80_3Pin.a(USBUART_std.o)
 .debug_abbrev  0x00002030       0x9b .\CortexM3\ARM_GCC_541\Debug\Z80_3Pin.a(USBUART_vnd.o)
 .debug_abbrev  0x000020cb       0x90 .\CortexM3\ARM_GCC_541\Debug\Z80_3Pin.a(USBUART_Dp.o)
 .debug_abbrev  0x0000215b       0x14 .\CortexM3\ARM_GCC_541\Debug\Z80_3Pin.a(CyBootAsmGnu.o)
 .debug_abbrev  0x0000216f      0x1a7 .\CortexM3\ARM_GCC_541\Debug\Z80_3Pin.a(CyFlash.o)
 .debug_abbrev  0x00002316      0x194 .\CortexM3\ARM_GCC_541\Debug\Z80_3Pin.a(CySpc.o)
 .debug_abbrev  0x000024aa       0xe1 .\CortexM3\ARM_GCC_541\Debug\Z80_3Pin.a(USBUART_cls.o)
 .debug_abbrev  0x0000258b       0xb4 .\CortexM3\ARM_GCC_541\Debug\Z80_3Pin.a(USBUART_descr.o)

.debug_line     0x00000000     0x3ccf
 *(.debug_line)
 .debug_line    0x00000000      0x235 .\CortexM3\ARM_GCC_541\Debug\main.o
 .debug_line    0x00000235      0x242 .\CortexM3\ARM_GCC_541\Debug\ExtSRAM.o
 .debug_line    0x00000477      0x355 .\CortexM3\ARM_GCC_541\Debug\FrontPanel.o
 .debug_line    0x000007cc        0x0 .\CortexM3\ARM_GCC_541\Debug\GS_9_MON_BASIC_ROM.o
 .debug_line    0x000007cc      0x13f .\CortexM3\ARM_GCC_541\Debug\Z80_SIO_emul.o
 .debug_line    0x0000090b      0x219 .\CortexM3\ARM_GCC_541\Debug\Z80_IO_Handle.o
 .debug_line    0x00000b24      0x1b8 .\CortexM3\ARM_GCC_541\Debug\Z80_PIO_emul.o
 .debug_line    0x00000cdc       0x31 .\CortexM3\ARM_GCC_541\Debug\GS_7_BASIC_ROM.o
 .debug_line    0x00000d0d      0x23f .\CortexM3\ARM_GCC_541\Debug\Z80_6850_Emul.o
 .debug_line    0x00000f4c      0x21c .\CortexM3\ARM_GCC_541\Debug\cyfitter_cfg.o
 .debug_line    0x00001168      0x141 .\CortexM3\ARM_GCC_541\Debug\cymetadata.o
 .debug_line    0x000012a9      0x234 .\CortexM3\ARM_GCC_541\Debug\Cm3Start.o
 .debug_line    0x000014dd      0x816 .\CortexM3\ARM_GCC_541\Debug\Z80_3Pin.a(CyLib.o)
 .debug_line    0x00001cf3      0x367 .\CortexM3\ARM_GCC_541\Debug\Z80_3Pin.a(cyPm.o)
 .debug_line    0x0000205a       0xb3 .\CortexM3\ARM_GCC_541\Debug\Z80_3Pin.a(AdrLowIn.o)
 .debug_line    0x0000210d       0x73 .\CortexM3\ARM_GCC_541\Debug\Z80_3Pin.a(IO_Ctrl_Reg.o)
 .debug_line    0x00002180       0xb7 .\CortexM3\ARM_GCC_541\Debug\Z80_3Pin.a(IO_Stat_Reg.o)
 .debug_line    0x00002237       0x73 .\CortexM3\ARM_GCC_541\Debug\Z80_3Pin.a(Z80_Data_In.o)
 .debug_line    0x000022aa       0xb7 .\CortexM3\ARM_GCC_541\Debug\Z80_3Pin.a(Z80_Data_Out.o)
 .debug_line    0x00002361       0xd9 .\CortexM3\ARM_GCC_541\Debug\Z80_3Pin.a(I2C.o)
 .debug_line    0x0000243a      0x114 .\CortexM3\ARM_GCC_541\Debug\Z80_3Pin.a(I2C_INT.o)
 .debug_line    0x0000254e       0xbb .\CortexM3\ARM_GCC_541\Debug\Z80_3Pin.a(I2C_PM.o)
 .debug_line    0x00002609      0x1fd .\CortexM3\ARM_GCC_541\Debug\Z80_3Pin.a(I2C_MASTER.o)
 .debug_line    0x00002806      0x2dc .\CortexM3\ARM_GCC_541\Debug\Z80_3Pin.a(USBUART.o)
 .debug_line    0x00002ae2      0x2f2 .\CortexM3\ARM_GCC_541\Debug\Z80_3Pin.a(USBUART_cdc.o)
 .debug_line    0x00002dd4      0x221 .\CortexM3\ARM_GCC_541\Debug\Z80_3Pin.a(USBUART_drv.o)
 .debug_line    0x00002ff5       0xe6 .\CortexM3\ARM_GCC_541\Debug\Z80_3Pin.a(USBUART_episr.o)
 .debug_line    0x000030db      0x10e .\CortexM3\ARM_GCC_541\Debug\Z80_3Pin.a(USBUART_pm.o)
 .debug_line    0x000031e9      0x3e2 .\CortexM3\ARM_GCC_541\Debug\Z80_3Pin.a(USBUART_std.o)
 .debug_line    0x000035cb       0x73 .\CortexM3\ARM_GCC_541\Debug\Z80_3Pin.a(USBUART_vnd.o)
 .debug_line    0x0000363e       0xbb .\CortexM3\ARM_GCC_541\Debug\Z80_3Pin.a(USBUART_Dp.o)
 .debug_line    0x000036f9       0x66 .\CortexM3\ARM_GCC_541\Debug\Z80_3Pin.a(CyBootAsmGnu.o)
 .debug_line    0x0000375f      0x21a .\CortexM3\ARM_GCC_541\Debug\Z80_3Pin.a(CyFlash.o)
 .debug_line    0x00003979      0x260 .\CortexM3\ARM_GCC_541\Debug\Z80_3Pin.a(CySpc.o)
 .debug_line    0x00003bd9       0x95 .\CortexM3\ARM_GCC_541\Debug\Z80_3Pin.a(USBUART_cls.o)
 .debug_line    0x00003c6e       0x61 .\CortexM3\ARM_GCC_541\Debug\Z80_3Pin.a(USBUART_descr.o)

.debug_frame    0x00000000     0x1fc4
 *(.debug_frame)
 .debug_frame   0x00000000       0x4c .\CortexM3\ARM_GCC_541\Debug\main.o
 .debug_frame   0x0000004c       0x9c .\CortexM3\ARM_GCC_541\Debug\ExtSRAM.o
 .debug_frame   0x000000e8      0x13c .\CortexM3\ARM_GCC_541\Debug\FrontPanel.o
 .debug_frame   0x00000224       0x68 .\CortexM3\ARM_GCC_541\Debug\Z80_IO_Handle.o
 .debug_frame   0x0000028c       0x70 .\CortexM3\ARM_GCC_541\Debug\Z80_PIO_emul.o
 .debug_frame   0x000002fc       0xc8 .\CortexM3\ARM_GCC_541\Debug\Z80_6850_Emul.o
 .debug_frame   0x000003c4       0xe4 .\CortexM3\ARM_GCC_541\Debug\cyfitter_cfg.o
 .debug_frame   0x000004a8       0xb8 .\CortexM3\ARM_GCC_541\Debug\Cm3Start.o
 .debug_frame   0x00000560      0x738 .\CortexM3\ARM_GCC_541\Debug\Z80_3Pin.a(CyLib.o)
 .debug_frame   0x00000c98      0x1f8 .\CortexM3\ARM_GCC_541\Debug\Z80_3Pin.a(cyPm.o)
 .debug_frame   0x00000e90       0x78 .\CortexM3\ARM_GCC_541\Debug\Z80_3Pin.a(AdrLowIn.o)
 .debug_frame   0x00000f08       0x30 .\CortexM3\ARM_GCC_541\Debug\Z80_3Pin.a(IO_Ctrl_Reg.o)
 .debug_frame   0x00000f38       0x78 .\CortexM3\ARM_GCC_541\Debug\Z80_3Pin.a(IO_Stat_Reg.o)
 .debug_frame   0x00000fb0       0x30 .\CortexM3\ARM_GCC_541\Debug\Z80_3Pin.a(Z80_Data_In.o)
 .debug_frame   0x00000fe0       0x78 .\CortexM3\ARM_GCC_541\Debug\Z80_3Pin.a(Z80_Data_Out.o)
 .debug_frame   0x00001058       0x90 .\CortexM3\ARM_GCC_541\Debug\Z80_3Pin.a(I2C.o)
 .debug_frame   0x000010e8       0x30 .\CortexM3\ARM_GCC_541\Debug\Z80_3Pin.a(I2C_INT.o)
 .debug_frame   0x00001118       0x74 .\CortexM3\ARM_GCC_541\Debug\Z80_3Pin.a(I2C_PM.o)
 .debug_frame   0x0000118c      0x138 .\CortexM3\ARM_GCC_541\Debug\Z80_3Pin.a(I2C_MASTER.o)
 .debug_frame   0x000012c4      0x1dc .\CortexM3\ARM_GCC_541\Debug\Z80_3Pin.a(USBUART.o)
 .debug_frame   0x000014a0      0x27c .\CortexM3\ARM_GCC_541\Debug\Z80_3Pin.a(USBUART_cdc.o)
 .debug_frame   0x0000171c      0x194 .\CortexM3\ARM_GCC_541\Debug\Z80_3Pin.a(USBUART_drv.o)
 .debug_frame   0x000018b0       0x6c .\CortexM3\ARM_GCC_541\Debug\Z80_3Pin.a(USBUART_episr.o)
 .debug_frame   0x0000191c       0xa0 .\CortexM3\ARM_GCC_541\Debug\Z80_3Pin.a(USBUART_pm.o)
 .debug_frame   0x000019bc      0x17c .\CortexM3\ARM_GCC_541\Debug\Z80_3Pin.a(USBUART_std.o)
 .debug_frame   0x00001b38       0x20 .\CortexM3\ARM_GCC_541\Debug\Z80_3Pin.a(USBUART_vnd.o)
 .debug_frame   0x00001b58       0x70 .\CortexM3\ARM_GCC_541\Debug\Z80_3Pin.a(USBUART_Dp.o)
 .debug_frame   0x00001bc8      0x194 .\CortexM3\ARM_GCC_541\Debug\Z80_3Pin.a(CyFlash.o)
 .debug_frame   0x00001d5c      0x180 .\CortexM3\ARM_GCC_541\Debug\Z80_3Pin.a(CySpc.o)
 .debug_frame   0x00001edc       0x2c .\CortexM3\ARM_GCC_541\Debug\Z80_3Pin.a(USBUART_cls.o)
 .debug_frame   0x00001f08       0x20 c:/program files (x86)/cypress/psoc creator/4.2/psoc creator/import/gnu/arm/5.4.1/bin/../lib/gcc/arm-none-eabi/5.4.1/../../../../arm-none-eabi/lib/armv7-m\libg_nano.a(lib_a-errno.o)
 .debug_frame   0x00001f28       0x28 c:/program files (x86)/cypress/psoc creator/4.2/psoc creator/import/gnu/arm/5.4.1/bin/../lib/gcc/arm-none-eabi/5.4.1/../../../../arm-none-eabi/lib/armv7-m\libg_nano.a(lib_a-exit.o)
 .debug_frame   0x00001f50       0x2c c:/program files (x86)/cypress/psoc creator/4.2/psoc creator/import/gnu/arm/5.4.1/bin/../lib/gcc/arm-none-eabi/5.4.1/../../../../arm-none-eabi/lib/armv7-m\libg_nano.a(lib_a-init.o)
 .debug_frame   0x00001f7c       0x28 c:/program files (x86)/cypress/psoc creator/4.2/psoc creator/import/gnu/arm/5.4.1/bin/../lib/gcc/arm-none-eabi/5.4.1/../../../../arm-none-eabi/lib/armv7-m\libg_nano.a(lib_a-memcpy-stub.o)
 .debug_frame   0x00001fa4       0x20 c:/program files (x86)/cypress/psoc creator/4.2/psoc creator/import/gnu/arm/5.4.1/bin/../lib/gcc/arm-none-eabi/5.4.1/../../../../arm-none-eabi/lib/armv7-m\libg_nano.a(lib_a-memset.o)

.debug_str      0x00000000     0x2fc4
 *(.debug_str)
 .debug_str     0x00000000      0x2f5 .\CortexM3\ARM_GCC_541\Debug\main.o
                                0x33d (size before relaxing)
 .debug_str     0x000002f5       0x88 .\CortexM3\ARM_GCC_541\Debug\ExtSRAM.o
                                0x28c (size before relaxing)
 .debug_str     0x0000037d      0x24f .\CortexM3\ARM_GCC_541\Debug\FrontPanel.o
                                0x47e (size before relaxing)
 .debug_str     0x000005cc       0x15 .\CortexM3\ARM_GCC_541\Debug\GS_9_MON_BASIC_ROM.o
                                0x122 (size before relaxing)
 .debug_str     0x000005e1        0xf .\CortexM3\ARM_GCC_541\Debug\Z80_SIO_emul.o
                                0x1e6 (size before relaxing)
 .debug_str     0x000005f0       0x9f .\CortexM3\ARM_GCC_541\Debug\Z80_IO_Handle.o
                                0x2d6 (size before relaxing)
 .debug_str     0x0000068f      0x123 .\CortexM3\ARM_GCC_541\Debug\Z80_PIO_emul.o
                                0x300 (size before relaxing)
 .debug_str     0x000007b2       0x49 .\CortexM3\ARM_GCC_541\Debug\GS_7_BASIC_ROM.o
                                0x194 (size before relaxing)
 .debug_str     0x000007fb       0x6d .\CortexM3\ARM_GCC_541\Debug\Z80_6850_Emul.o
                                0x31d (size before relaxing)
 .debug_str     0x00000868      0x21b .\CortexM3\ARM_GCC_541\Debug\cyfitter_cfg.o
                                0x380 (size before relaxing)
 .debug_str     0x00000a83       0x7f .\CortexM3\ARM_GCC_541\Debug\cymetadata.o
                                0x216 (size before relaxing)
 .debug_str     0x00000b02      0x144 .\CortexM3\ARM_GCC_541\Debug\Cm3Start.o
                                0x33c (size before relaxing)
 .debug_str     0x00000c46      0x83f .\CortexM3\ARM_GCC_541\Debug\Z80_3Pin.a(CyLib.o)
                                0xa79 (size before relaxing)
 .debug_str     0x00001485      0x365 .\CortexM3\ARM_GCC_541\Debug\Z80_3Pin.a(cyPm.o)
                                0x765 (size before relaxing)
 .debug_str     0x000017ea       0x7a .\CortexM3\ARM_GCC_541\Debug\Z80_3Pin.a(AdrLowIn.o)
                                0x281 (size before relaxing)
 .debug_str     0x00001864       0x2d .\CortexM3\ARM_GCC_541\Debug\Z80_3Pin.a(IO_Ctrl_Reg.o)
                                0x1f3 (size before relaxing)
 .debug_str     0x00001891       0x89 .\CortexM3\ARM_GCC_541\Debug\Z80_3Pin.a(IO_Stat_Reg.o)
                                0x293 (size before relaxing)
 .debug_str     0x0000191a       0x36 .\CortexM3\ARM_GCC_541\Debug\Z80_3Pin.a(Z80_Data_In.o)
                                0x1f3 (size before relaxing)
 .debug_str     0x00001950       0x8e .\CortexM3\ARM_GCC_541\Debug\Z80_3Pin.a(Z80_Data_Out.o)
                                0x299 (size before relaxing)
 .debug_str     0x000019de       0xd4 .\CortexM3\ARM_GCC_541\Debug\Z80_3Pin.a(I2C.o)
                                0x313 (size before relaxing)
 .debug_str     0x00001ab2       0x86 .\CortexM3\ARM_GCC_541\Debug\Z80_3Pin.a(I2C_INT.o)
                                0x291 (size before relaxing)
 .debug_str     0x00001b38       0x56 .\CortexM3\ARM_GCC_541\Debug\Z80_3Pin.a(I2C_PM.o)
                                0x2af (size before relaxing)
 .debug_str     0x00001b8e       0xe8 .\CortexM3\ARM_GCC_541\Debug\Z80_3Pin.a(I2C_MASTER.o)
                                0x3d6 (size before relaxing)
 .debug_str     0x00001c76      0x3f7 .\CortexM3\ARM_GCC_541\Debug\Z80_3Pin.a(USBUART.o)
                                0x69c (size before relaxing)
 .debug_str     0x0000206d      0x4d5 .\CortexM3\ARM_GCC_541\Debug\Z80_3Pin.a(USBUART_cdc.o)
                                0x803 (size before relaxing)
 .debug_str     0x00002542      0x291 .\CortexM3\ARM_GCC_541\Debug\Z80_3Pin.a(USBUART_drv.o)
                                0x67a (size before relaxing)
 .debug_str     0x000027d3       0x80 .\CortexM3\ARM_GCC_541\Debug\Z80_3Pin.a(USBUART_episr.o)
                                0x311 (size before relaxing)
 .debug_str     0x00002853       0xc6 .\CortexM3\ARM_GCC_541\Debug\Z80_3Pin.a(USBUART_pm.o)
                                0x322 (size before relaxing)
 .debug_str     0x00002919      0x259 .\CortexM3\ARM_GCC_541\Debug\Z80_3Pin.a(USBUART_std.o)
                                0x7e9 (size before relaxing)
 .debug_str     0x00002b72       0x25 .\CortexM3\ARM_GCC_541\Debug\Z80_3Pin.a(USBUART_vnd.o)
                                0x21f (size before relaxing)
 .debug_str     0x00002b97       0xa4 .\CortexM3\ARM_GCC_541\Debug\Z80_3Pin.a(USBUART_Dp.o)
                                0x273 (size before relaxing)
 .debug_str     0x00002c3b      0x1b4 .\CortexM3\ARM_GCC_541\Debug\Z80_3Pin.a(CyFlash.o)
                                0x3f2 (size before relaxing)
 .debug_str     0x00002def       0xac .\CortexM3\ARM_GCC_541\Debug\Z80_3Pin.a(CySpc.o)
                                0x36a (size before relaxing)
 .debug_str     0x00002e9b       0x25 .\CortexM3\ARM_GCC_541\Debug\Z80_3Pin.a(USBUART_cls.o)
                                0x2de (size before relaxing)
 .debug_str     0x00002ec0      0x104 .\CortexM3\ARM_GCC_541\Debug\Z80_3Pin.a(USBUART_descr.o)
                                0x38b (size before relaxing)

.debug_loc      0x00000000     0x3b9d
 *(.debug_loc)
 .debug_loc     0x00000000       0xc8 .\CortexM3\ARM_GCC_541\Debug\main.o
 .debug_loc     0x000000c8       0xc2 .\CortexM3\ARM_GCC_541\Debug\ExtSRAM.o
 .debug_loc     0x0000018a      0x416 .\CortexM3\ARM_GCC_541\Debug\FrontPanel.o
 .debug_loc     0x000005a0       0x21 .\CortexM3\ARM_GCC_541\Debug\Z80_6850_Emul.o
 .debug_loc     0x000005c1      0x2b6 .\CortexM3\ARM_GCC_541\Debug\cyfitter_cfg.o
 .debug_loc     0x00000877      0x144 .\CortexM3\ARM_GCC_541\Debug\Cm3Start.o
 .debug_loc     0x000009bb      0xa11 .\CortexM3\ARM_GCC_541\Debug\Z80_3Pin.a(CyLib.o)
 .debug_loc     0x000013cc      0x1e4 .\CortexM3\ARM_GCC_541\Debug\Z80_3Pin.a(cyPm.o)
 .debug_loc     0x000015b0       0x26 .\CortexM3\ARM_GCC_541\Debug\Z80_3Pin.a(AdrLowIn.o)
 .debug_loc     0x000015d6       0x44 .\CortexM3\ARM_GCC_541\Debug\Z80_3Pin.a(IO_Stat_Reg.o)
 .debug_loc     0x0000161a       0x26 .\CortexM3\ARM_GCC_541\Debug\Z80_3Pin.a(Z80_Data_Out.o)
 .debug_loc     0x00001640       0x39 .\CortexM3\ARM_GCC_541\Debug\Z80_3Pin.a(I2C.o)
 .debug_loc     0x00001679       0x29 .\CortexM3\ARM_GCC_541\Debug\Z80_3Pin.a(I2C_INT.o)
 .debug_loc     0x000016a2       0x13 .\CortexM3\ARM_GCC_541\Debug\Z80_3Pin.a(I2C_PM.o)
 .debug_loc     0x000016b5      0x52f .\CortexM3\ARM_GCC_541\Debug\Z80_3Pin.a(I2C_MASTER.o)
 .debug_loc     0x00001be4      0x3e1 .\CortexM3\ARM_GCC_541\Debug\Z80_3Pin.a(USBUART.o)
 .debug_loc     0x00001fc5      0x557 .\CortexM3\ARM_GCC_541\Debug\Z80_3Pin.a(USBUART_cdc.o)
 .debug_loc     0x0000251c      0x171 .\CortexM3\ARM_GCC_541\Debug\Z80_3Pin.a(USBUART_drv.o)
 .debug_loc     0x0000268d       0x26 .\CortexM3\ARM_GCC_541\Debug\Z80_3Pin.a(USBUART_pm.o)
 .debug_loc     0x000026b3      0x945 .\CortexM3\ARM_GCC_541\Debug\Z80_3Pin.a(USBUART_std.o)
 .debug_loc     0x00002ff8       0x84 .\CortexM3\ARM_GCC_541\Debug\Z80_3Pin.a(USBUART_Dp.o)
 .debug_loc     0x0000307c      0x3b2 .\CortexM3\ARM_GCC_541\Debug\Z80_3Pin.a(CyFlash.o)
 .debug_loc     0x0000342e      0x705 .\CortexM3\ARM_GCC_541\Debug\Z80_3Pin.a(CySpc.o)
 .debug_loc     0x00003b33       0x6a .\CortexM3\ARM_GCC_541\Debug\Z80_3Pin.a(USBUART_cls.o)

.debug_macinfo
 *(.debug_macinfo)

.debug_ranges   0x00000000      0xaa0
 *(.debug_ranges)
 .debug_ranges  0x00000000       0x18 .\CortexM3\ARM_GCC_541\Debug\main.o
 .debug_ranges  0x00000018       0x30 .\CortexM3\ARM_GCC_541\Debug\ExtSRAM.o
 .debug_ranges  0x00000048       0x58 .\CortexM3\ARM_GCC_541\Debug\FrontPanel.o
 .debug_ranges  0x000000a0       0x20 .\CortexM3\ARM_GCC_541\Debug\Z80_IO_Handle.o
 .debug_ranges  0x000000c0       0x38 .\CortexM3\ARM_GCC_541\Debug\Z80_PIO_emul.o
 .debug_ranges  0x000000f8       0x40 .\CortexM3\ARM_GCC_541\Debug\Z80_6850_Emul.o
 .debug_ranges  0x00000138       0x48 .\CortexM3\ARM_GCC_541\Debug\cyfitter_cfg.o
 .debug_ranges  0x00000180       0x38 .\CortexM3\ARM_GCC_541\Debug\Cm3Start.o
 .debug_ranges  0x000001b8      0x290 .\CortexM3\ARM_GCC_541\Debug\Z80_3Pin.a(CyLib.o)
 .debug_ranges  0x00000448       0x88 .\CortexM3\ARM_GCC_541\Debug\Z80_3Pin.a(cyPm.o)
 .debug_ranges  0x000004d0       0x30 .\CortexM3\ARM_GCC_541\Debug\Z80_3Pin.a(AdrLowIn.o)
 .debug_ranges  0x00000500       0x18 .\CortexM3\ARM_GCC_541\Debug\Z80_3Pin.a(IO_Ctrl_Reg.o)
 .debug_ranges  0x00000518       0x30 .\CortexM3\ARM_GCC_541\Debug\Z80_3Pin.a(IO_Stat_Reg.o)
 .debug_ranges  0x00000548       0x18 .\CortexM3\ARM_GCC_541\Debug\Z80_3Pin.a(Z80_Data_In.o)
 .debug_ranges  0x00000560       0x30 .\CortexM3\ARM_GCC_541\Debug\Z80_3Pin.a(Z80_Data_Out.o)
 .debug_ranges  0x00000590       0x28 .\CortexM3\ARM_GCC_541\Debug\Z80_3Pin.a(I2C.o)
 .debug_ranges  0x000005b8       0x10 .\CortexM3\ARM_GCC_541\Debug\Z80_3Pin.a(I2C_INT.o)
 .debug_ranges  0x000005c8       0x28 .\CortexM3\ARM_GCC_541\Debug\Z80_3Pin.a(I2C_PM.o)
 .debug_ranges  0x000005f0       0x70 .\CortexM3\ARM_GCC_541\Debug\Z80_3Pin.a(I2C_MASTER.o)
 .debug_ranges  0x00000660       0xd0 .\CortexM3\ARM_GCC_541\Debug\Z80_3Pin.a(USBUART.o)
 .debug_ranges  0x00000730       0xd8 .\CortexM3\ARM_GCC_541\Debug\Z80_3Pin.a(USBUART_cdc.o)
 .debug_ranges  0x00000808       0x88 .\CortexM3\ARM_GCC_541\Debug\Z80_3Pin.a(USBUART_drv.o)
 .debug_ranges  0x00000890       0x30 .\CortexM3\ARM_GCC_541\Debug\Z80_3Pin.a(USBUART_episr.o)
 .debug_ranges  0x000008c0       0x30 .\CortexM3\ARM_GCC_541\Debug\Z80_3Pin.a(USBUART_pm.o)
 .debug_ranges  0x000008f0       0x70 .\CortexM3\ARM_GCC_541\Debug\Z80_3Pin.a(USBUART_std.o)
 .debug_ranges  0x00000960       0x10 .\CortexM3\ARM_GCC_541\Debug\Z80_3Pin.a(USBUART_vnd.o)
 .debug_ranges  0x00000970       0x38 .\CortexM3\ARM_GCC_541\Debug\Z80_3Pin.a(USBUART_Dp.o)
 .debug_ranges  0x000009a8       0x78 .\CortexM3\ARM_GCC_541\Debug\Z80_3Pin.a(CyFlash.o)
 .debug_ranges  0x00000a20       0x70 .\CortexM3\ARM_GCC_541\Debug\Z80_3Pin.a(CySpc.o)
 .debug_ranges  0x00000a90       0x10 .\CortexM3\ARM_GCC_541\Debug\Z80_3Pin.a(USBUART_cls.o)

.comment        0x00000000       0x6e
 .comment       0x00000000       0x6e .\CortexM3\ARM_GCC_541\Debug\main.o
                                 0x6f (size before relaxing)
 .comment       0x0000006e       0x6f .\CortexM3\ARM_GCC_541\Debug\ExtSRAM.o
 .comment       0x0000006e       0x6f .\CortexM3\ARM_GCC_541\Debug\FrontPanel.o
 .comment       0x0000006e       0x6f .\CortexM3\ARM_GCC_541\Debug\GS_9_MON_BASIC_ROM.o
 .comment       0x0000006e       0x6f .\CortexM3\ARM_GCC_541\Debug\Z80_SIO_emul.o
 .comment       0x0000006e       0x6f .\CortexM3\ARM_GCC_541\Debug\Z80_IO_Handle.o
 .comment       0x0000006e       0x6f .\CortexM3\ARM_GCC_541\Debug\Z80_PIO_emul.o
 .comment       0x0000006e       0x6f .\CortexM3\ARM_GCC_541\Debug\GS_7_BASIC_ROM.o
 .comment       0x0000006e       0x6f .\CortexM3\ARM_GCC_541\Debug\Z80_6850_Emul.o
 .comment       0x0000006e       0x6f .\CortexM3\ARM_GCC_541\Debug\cyfitter_cfg.o
 .comment       0x0000006e       0x6f .\CortexM3\ARM_GCC_541\Debug\cymetadata.o
 .comment       0x0000006e       0x6f .\CortexM3\ARM_GCC_541\Debug\Cm3Start.o
 .comment       0x0000006e       0x6f .\CortexM3\ARM_GCC_541\Debug\Z80_3Pin.a(CyLib.o)
 .comment       0x0000006e       0x6f .\CortexM3\ARM_GCC_541\Debug\Z80_3Pin.a(cyPm.o)
 .comment       0x0000006e       0x6f .\CortexM3\ARM_GCC_541\Debug\Z80_3Pin.a(AdrLowIn.o)
 .comment       0x0000006e       0x6f .\CortexM3\ARM_GCC_541\Debug\Z80_3Pin.a(IO_Ctrl_Reg.o)
 .comment       0x0000006e       0x6f .\CortexM3\ARM_GCC_541\Debug\Z80_3Pin.a(IO_Stat_Reg.o)
 .comment       0x0000006e       0x6f .\CortexM3\ARM_GCC_541\Debug\Z80_3Pin.a(Z80_Data_In.o)
 .comment       0x0000006e       0x6f .\CortexM3\ARM_GCC_541\Debug\Z80_3Pin.a(Z80_Data_Out.o)
 .comment       0x0000006e       0x6f .\CortexM3\ARM_GCC_541\Debug\Z80_3Pin.a(I2C.o)
 .comment       0x0000006e       0x6f .\CortexM3\ARM_GCC_541\Debug\Z80_3Pin.a(I2C_INT.o)
 .comment       0x0000006e       0x6f .\CortexM3\ARM_GCC_541\Debug\Z80_3Pin.a(I2C_PM.o)
 .comment       0x0000006e       0x6f .\CortexM3\ARM_GCC_541\Debug\Z80_3Pin.a(I2C_MASTER.o)
 .comment       0x0000006e       0x6f .\CortexM3\ARM_GCC_541\Debug\Z80_3Pin.a(USBUART.o)
 .comment       0x0000006e       0x6f .\CortexM3\ARM_GCC_541\Debug\Z80_3Pin.a(USBUART_cdc.o)
 .comment       0x0000006e       0x6f .\CortexM3\ARM_GCC_541\Debug\Z80_3Pin.a(USBUART_drv.o)
 .comment       0x0000006e       0x6f .\CortexM3\ARM_GCC_541\Debug\Z80_3Pin.a(USBUART_episr.o)
 .comment       0x0000006e       0x6f .\CortexM3\ARM_GCC_541\Debug\Z80_3Pin.a(USBUART_pm.o)
 .comment       0x0000006e       0x6f .\CortexM3\ARM_GCC_541\Debug\Z80_3Pin.a(USBUART_std.o)
 .comment       0x0000006e       0x6f .\CortexM3\ARM_GCC_541\Debug\Z80_3Pin.a(USBUART_vnd.o)
 .comment       0x0000006e       0x6f .\CortexM3\ARM_GCC_541\Debug\Z80_3Pin.a(USBUART_Dp.o)
 .comment       0x0000006e       0x6f .\CortexM3\ARM_GCC_541\Debug\Z80_3Pin.a(CyFlash.o)
 .comment       0x0000006e       0x6f .\CortexM3\ARM_GCC_541\Debug\Z80_3Pin.a(CySpc.o)
 .comment       0x0000006e       0x6f .\CortexM3\ARM_GCC_541\Debug\Z80_3Pin.a(USBUART_cls.o)
 .comment       0x0000006e       0x6f .\CortexM3\ARM_GCC_541\Debug\Z80_3Pin.a(USBUART_descr.o)

.debug_weaknames
 *(.debug_weaknames)

.debug_funcnames
 *(.debug_funcnames)

.debug_typenames
 *(.debug_typenames)

.debug_varnames
 *(.debug_varnames)

.note.gnu.arm.ident
 *(.note.gnu.arm.ident)

.ARM.attributes
                0x00000000       0x29
 *(.ARM.attributes)
 .ARM.attributes
                0x00000000       0x1d c:/program files (x86)/cypress/psoc creator/4.2/psoc creator/import/gnu/arm/5.4.1/bin/../lib/gcc/arm-none-eabi/5.4.1/armv7-m/crti.o
 .ARM.attributes
                0x0000001d       0x2d c:/program files (x86)/cypress/psoc creator/4.2/psoc creator/import/gnu/arm/5.4.1/bin/../lib/gcc/arm-none-eabi/5.4.1/armv7-m/crtbegin.o
 .ARM.attributes
                0x0000004a       0x1b c:/program files (x86)/cypress/psoc creator/4.2/psoc creator/import/gnu/arm/5.4.1/bin/../lib/gcc/arm-none-eabi/5.4.1/../../../../arm-none-eabi/lib/armv7-m/crt0.o
 .ARM.attributes
                0x00000065       0x33 .\CortexM3\ARM_GCC_541\Debug\main.o
 .ARM.attributes
                0x00000098       0x33 .\CortexM3\ARM_GCC_541\Debug\ExtSRAM.o
 .ARM.attributes
                0x000000cb       0x33 .\CortexM3\ARM_GCC_541\Debug\FrontPanel.o
 .ARM.attributes
                0x000000fe       0x33 .\CortexM3\ARM_GCC_541\Debug\GS_9_MON_BASIC_ROM.o
 .ARM.attributes
                0x00000131       0x33 .\CortexM3\ARM_GCC_541\Debug\Z80_SIO_emul.o
 .ARM.attributes
                0x00000164       0x33 .\CortexM3\ARM_GCC_541\Debug\Z80_IO_Handle.o
 .ARM.attributes
                0x00000197       0x33 .\CortexM3\ARM_GCC_541\Debug\Z80_PIO_emul.o
 .ARM.attributes
                0x000001ca       0x33 .\CortexM3\ARM_GCC_541\Debug\GS_7_BASIC_ROM.o
 .ARM.attributes
                0x000001fd       0x33 .\CortexM3\ARM_GCC_541\Debug\Z80_6850_Emul.o
 .ARM.attributes
                0x00000230       0x33 .\CortexM3\ARM_GCC_541\Debug\cyfitter_cfg.o
 .ARM.attributes
                0x00000263       0x33 .\CortexM3\ARM_GCC_541\Debug\cymetadata.o
 .ARM.attributes
                0x00000296       0x33 .\CortexM3\ARM_GCC_541\Debug\Cm3Start.o
 .ARM.attributes
                0x000002c9       0x33 .\CortexM3\ARM_GCC_541\Debug\Z80_3Pin.a(CyLib.o)
 .ARM.attributes
                0x000002fc       0x33 .\CortexM3\ARM_GCC_541\Debug\Z80_3Pin.a(cyPm.o)
 .ARM.attributes
                0x0000032f       0x33 .\CortexM3\ARM_GCC_541\Debug\Z80_3Pin.a(AdrLowIn.o)
 .ARM.attributes
                0x00000362       0x33 .\CortexM3\ARM_GCC_541\Debug\Z80_3Pin.a(IO_Ctrl_Reg.o)
 .ARM.attributes
                0x00000395       0x33 .\CortexM3\ARM_GCC_541\Debug\Z80_3Pin.a(IO_Stat_Reg.o)
 .ARM.attributes
                0x000003c8       0x33 .\CortexM3\ARM_GCC_541\Debug\Z80_3Pin.a(Z80_Data_In.o)
 .ARM.attributes
                0x000003fb       0x33 .\CortexM3\ARM_GCC_541\Debug\Z80_3Pin.a(Z80_Data_Out.o)
 .ARM.attributes
                0x0000042e       0x33 .\CortexM3\ARM_GCC_541\Debug\Z80_3Pin.a(I2C.o)
 .ARM.attributes
                0x00000461       0x33 .\CortexM3\ARM_GCC_541\Debug\Z80_3Pin.a(I2C_INT.o)
 .ARM.attributes
                0x00000494       0x33 .\CortexM3\ARM_GCC_541\Debug\Z80_3Pin.a(I2C_PM.o)
 .ARM.attributes
                0x000004c7       0x33 .\CortexM3\ARM_GCC_541\Debug\Z80_3Pin.a(I2C_MASTER.o)
 .ARM.attributes
                0x000004fa       0x33 .\CortexM3\ARM_GCC_541\Debug\Z80_3Pin.a(USBUART.o)
 .ARM.attributes
                0x0000052d       0x33 .\CortexM3\ARM_GCC_541\Debug\Z80_3Pin.a(USBUART_cdc.o)
 .ARM.attributes
                0x00000560       0x33 .\CortexM3\ARM_GCC_541\Debug\Z80_3Pin.a(USBUART_drv.o)
 .ARM.attributes
                0x00000593       0x33 .\CortexM3\ARM_GCC_541\Debug\Z80_3Pin.a(USBUART_episr.o)
 .ARM.attributes
                0x000005c6       0x33 .\CortexM3\ARM_GCC_541\Debug\Z80_3Pin.a(USBUART_pm.o)
 .ARM.attributes
                0x000005f9       0x33 .\CortexM3\ARM_GCC_541\Debug\Z80_3Pin.a(USBUART_std.o)
 .ARM.attributes
                0x0000062c       0x33 .\CortexM3\ARM_GCC_541\Debug\Z80_3Pin.a(USBUART_vnd.o)
 .ARM.attributes
                0x0000065f       0x33 .\CortexM3\ARM_GCC_541\Debug\Z80_3Pin.a(USBUART_Dp.o)
 .ARM.attributes
                0x00000692       0x21 .\CortexM3\ARM_GCC_541\Debug\Z80_3Pin.a(CyBootAsmGnu.o)
 .ARM.attributes
                0x000006b3       0x33 .\CortexM3\ARM_GCC_541\Debug\Z80_3Pin.a(CyFlash.o)
 .ARM.attributes
                0x000006e6       0x33 .\CortexM3\ARM_GCC_541\Debug\Z80_3Pin.a(CySpc.o)
 .ARM.attributes
                0x00000719       0x33 .\CortexM3\ARM_GCC_541\Debug\Z80_3Pin.a(USBUART_cls.o)
 .ARM.attributes
                0x0000074c       0x33 .\CortexM3\ARM_GCC_541\Debug\Z80_3Pin.a(USBUART_descr.o)
 .ARM.attributes
                0x0000077f       0x2d c:/program files (x86)/cypress/psoc creator/4.2/psoc creator/import/gnu/arm/5.4.1/bin/../lib/gcc/arm-none-eabi/5.4.1/../../../../arm-none-eabi/lib/armv7-m\libg_nano.a(lib_a-errno.o)
 .ARM.attributes
                0x000007ac       0x2d c:/program files (x86)/cypress/psoc creator/4.2/psoc creator/import/gnu/arm/5.4.1/bin/../lib/gcc/arm-none-eabi/5.4.1/../../../../arm-none-eabi/lib/armv7-m\libg_nano.a(lib_a-exit.o)
 .ARM.attributes
                0x000007d9       0x2d c:/program files (x86)/cypress/psoc creator/4.2/psoc creator/import/gnu/arm/5.4.1/bin/../lib/gcc/arm-none-eabi/5.4.1/../../../../arm-none-eabi/lib/armv7-m\libg_nano.a(lib_a-impure.o)
 .ARM.attributes
                0x00000806       0x2d c:/program files (x86)/cypress/psoc creator/4.2/psoc creator/import/gnu/arm/5.4.1/bin/../lib/gcc/arm-none-eabi/5.4.1/../../../../arm-none-eabi/lib/armv7-m\libg_nano.a(lib_a-init.o)
 .ARM.attributes
                0x00000833       0x2d c:/program files (x86)/cypress/psoc creator/4.2/psoc creator/import/gnu/arm/5.4.1/bin/../lib/gcc/arm-none-eabi/5.4.1/../../../../arm-none-eabi/lib/armv7-m\libg_nano.a(lib_a-memcpy-stub.o)
 .ARM.attributes
                0x00000860       0x2d c:/program files (x86)/cypress/psoc creator/4.2/psoc creator/import/gnu/arm/5.4.1/bin/../lib/gcc/arm-none-eabi/5.4.1/../../../../arm-none-eabi/lib/armv7-m\libg_nano.a(lib_a-memset.o)
 .ARM.attributes
                0x0000088d       0x2d c:/program files (x86)/cypress/psoc creator/4.2/psoc creator/import/gnu/arm/5.4.1/bin/../lib/gcc/arm-none-eabi/5.4.1/armv7-m/crtend.o
 .ARM.attributes
                0x000008ba       0x1d c:/program files (x86)/cypress/psoc creator/4.2/psoc creator/import/gnu/arm/5.4.1/bin/../lib/gcc/arm-none-eabi/5.4.1/armv7-m/crtn.o

/DISCARD/
 *(.note.GNU-stack)
OUTPUT(C:\Users\HPz420\Documents\GitHub\Doug Gilliland\Retro-Computers\Z80\PSOC\PSOC_Design_Files\Z80-PSoC-3-Chips_002\Z80_3Pin.cydsn\CortexM3\ARM_GCC_541\Debug\Z80_3Pin.elf elf32-littlearm)
