Archive member included to satisfy reference by file (symbol)

.\CortexM3\ARM_GCC_541\Debug\Z80_3Pin.a(CyLib.o)
                              .\CortexM3\ARM_GCC_541\Debug\Cm3Start.o (CyHalt)
.\CortexM3\ARM_GCC_541\Debug\Z80_3Pin.a(cyPm.o)
                              .\CortexM3\ARM_GCC_541\Debug\Z80_3Pin.a(CyLib.o) (CyPmReadStatus)
.\CortexM3\ARM_GCC_541\Debug\Z80_3Pin.a(AdrLowIn.o)
                              .\CortexM3\ARM_GCC_541\Debug\Z80_IO_Handle.o (AdrLowIn_Read)
.\CortexM3\ARM_GCC_541\Debug\Z80_3Pin.a(IO_Ctrl_Reg.o)
                              .\CortexM3\ARM_GCC_541\Debug\main.o (IO_Ctrl_Reg_Write)
.\CortexM3\ARM_GCC_541\Debug\Z80_3Pin.a(IO_Stat_Reg.o)
                              .\CortexM3\ARM_GCC_541\Debug\main.o (IO_Stat_Reg_Read)
.\CortexM3\ARM_GCC_541\Debug\Z80_3Pin.a(Z80_Data_In.o)
                              .\CortexM3\ARM_GCC_541\Debug\FrontPanel.o (Z80_Data_In_Write)
.\CortexM3\ARM_GCC_541\Debug\Z80_3Pin.a(Z80_Data_Out.o)
                              .\CortexM3\ARM_GCC_541\Debug\FrontPanel.o (Z80_Data_Out_Read)
.\CortexM3\ARM_GCC_541\Debug\Z80_3Pin.a(BankBaseAdr.o)
                              .\CortexM3\ARM_GCC_541\Debug\Z80_Mem_Mappers.o (BankBaseAdr_Write)
.\CortexM3\ARM_GCC_541\Debug\Z80_3Pin.a(BankMask.o)
                              .\CortexM3\ARM_GCC_541\Debug\Z80_Mem_Mappers.o (BankMask_Write)
.\CortexM3\ARM_GCC_541\Debug\Z80_3Pin.a(AdrHighOut.o)
                              .\CortexM3\ARM_GCC_541\Debug\Z80_Mem_Mappers.o (AdrHighOut_Write)
.\CortexM3\ARM_GCC_541\Debug\Z80_3Pin.a(I2C.o)
                              .\CortexM3\ARM_GCC_541\Debug\main.o (I2C_Start)
.\CortexM3\ARM_GCC_541\Debug\Z80_3Pin.a(I2C_INT.o)
                              .\CortexM3\ARM_GCC_541\Debug\Z80_3Pin.a(I2C.o) (I2C_ISR)
.\CortexM3\ARM_GCC_541\Debug\Z80_3Pin.a(I2C_PM.o)
                              .\CortexM3\ARM_GCC_541\Debug\Z80_3Pin.a(I2C.o) (I2C_backup)
.\CortexM3\ARM_GCC_541\Debug\Z80_3Pin.a(I2C_MASTER.o)
                              .\CortexM3\ARM_GCC_541\Debug\FrontPanel.o (I2C_MasterWriteBuf)
.\CortexM3\ARM_GCC_541\Debug\Z80_3Pin.a(USBUART.o)
                              .\CortexM3\ARM_GCC_541\Debug\main.o (USBUART_Start)
.\CortexM3\ARM_GCC_541\Debug\Z80_3Pin.a(USBUART_cdc.o)
                              .\CortexM3\ARM_GCC_541\Debug\main.o (USBUART_CDC_Init)
.\CortexM3\ARM_GCC_541\Debug\Z80_3Pin.a(USBUART_drv.o)
                              .\CortexM3\ARM_GCC_541\Debug\Z80_3Pin.a(USBUART.o) (USBUART_lastPacketSize)
.\CortexM3\ARM_GCC_541\Debug\Z80_3Pin.a(USBUART_episr.o)
                              .\CortexM3\ARM_GCC_541\Debug\Z80_3Pin.a(USBUART.o) (USBUART_EP_1_ISR)
.\CortexM3\ARM_GCC_541\Debug\Z80_3Pin.a(USBUART_pm.o)
                              .\CortexM3\ARM_GCC_541\Debug\Z80_3Pin.a(USBUART.o) (USBUART_DP_ISR)
.\CortexM3\ARM_GCC_541\Debug\Z80_3Pin.a(USBUART_std.o)
                              .\CortexM3\ARM_GCC_541\Debug\Z80_3Pin.a(USBUART_pm.o) (USBUART_ConfigReg)
.\CortexM3\ARM_GCC_541\Debug\Z80_3Pin.a(USBUART_vnd.o)
                              .\CortexM3\ARM_GCC_541\Debug\Z80_3Pin.a(USBUART_drv.o) (USBUART_HandleVendorRqst)
.\CortexM3\ARM_GCC_541\Debug\Z80_3Pin.a(USBUART_Dp.o)
                              .\CortexM3\ARM_GCC_541\Debug\Z80_3Pin.a(USBUART.o) (USBUART_Dp_ClearInterrupt)
.\CortexM3\ARM_GCC_541\Debug\Z80_3Pin.a(CyBootAsmGnu.o)
                              .\CortexM3\ARM_GCC_541\Debug\cyfitter_cfg.o (CyDelayCycles)
.\CortexM3\ARM_GCC_541\Debug\Z80_3Pin.a(CyFlash.o)
                              .\CortexM3\ARM_GCC_541\Debug\Z80_3Pin.a(cyPm.o) (CyFlash_SetWaitCycles)
.\CortexM3\ARM_GCC_541\Debug\Z80_3Pin.a(CySpc.o)
                              .\CortexM3\ARM_GCC_541\Debug\Z80_3Pin.a(CyFlash.o) (CySpcStart)
.\CortexM3\ARM_GCC_541\Debug\Z80_3Pin.a(USBUART_cls.o)
                              .\CortexM3\ARM_GCC_541\Debug\Z80_3Pin.a(USBUART_drv.o) (USBUART_DispatchClassRqst)
.\CortexM3\ARM_GCC_541\Debug\Z80_3Pin.a(USBUART_descr.o)
                              .\CortexM3\ARM_GCC_541\Debug\Z80_3Pin.a(USBUART_std.o) (USBUART_idSerialNumberStringDescriptor)
c:/program files (x86)/cypress/psoc creator/4.2/psoc creator/import/gnu/arm/5.4.1/bin/../lib/gcc/arm-none-eabi/5.4.1/../../../../arm-none-eabi/lib/armv7-m\libg_nano.a(lib_a-errno.o)
                              .\CortexM3\ARM_GCC_541\Debug\Cm3Start.o (__errno)
c:/program files (x86)/cypress/psoc creator/4.2/psoc creator/import/gnu/arm/5.4.1/bin/../lib/gcc/arm-none-eabi/5.4.1/../../../../arm-none-eabi/lib/armv7-m\libg_nano.a(lib_a-exit.o)
                              c:/program files (x86)/cypress/psoc creator/4.2/psoc creator/import/gnu/arm/5.4.1/bin/../lib/gcc/arm-none-eabi/5.4.1/../../../../arm-none-eabi/lib/armv7-m/crt0.o (exit)
c:/program files (x86)/cypress/psoc creator/4.2/psoc creator/import/gnu/arm/5.4.1/bin/../lib/gcc/arm-none-eabi/5.4.1/../../../../arm-none-eabi/lib/armv7-m\libg_nano.a(lib_a-impure.o)
[...]
Memory Configuration

Name             Origin             Length             Attributes
rom              0x00000000         0x00020000         xr
ram              0x1fffc000         0x00008000         xrw
*default*        0x00000000         0xffffffff

Linker script and memory map

LOAD c:/program files (x86)/cypress/psoc creator/4.2/psoc creator/import/gnu/arm/5.4.1/bin/../lib/gcc/arm-none-eabi/5.4.1/armv7-m/crti.o
LOAD c:/program files (x86)/cypress/psoc creator/4.2/psoc creator/import/gnu/arm/5.4.1/bin/../lib/gcc/arm-none-eabi/5.4.1/armv7-m/crtbegin.o
LOAD c:/program files (x86)/cypress/psoc creator/4.2/psoc creator/import/gnu/arm/5.4.1/bin/../lib/gcc/arm-none-eabi/5.4.1/../../../../arm-none-eabi/lib/armv7-m/crt0.o
START GROUP
LOAD .\CortexM3\ARM_GCC_541\Debug\main.o
LOAD .\CortexM3\ARM_GCC_541\Debug\ExtSRAM.o
LOAD .\CortexM3\ARM_GCC_541\Debug\FrontPanel.o
LOAD .\CortexM3\ARM_GCC_541\Debug\GS_9_MON_BASIC_ROM.o
LOAD .\CortexM3\ARM_GCC_541\Debug\Z80_SIO_emul.o
LOAD .\CortexM3\ARM_GCC_541\Debug\Z80_IO_Handle.o
LOAD .\CortexM3\ARM_GCC_541\Debug\Z80_PIO_emul.o
LOAD .\CortexM3\ARM_GCC_541\Debug\GS_7_BASIC_ROM.o
LOAD .\CortexM3\ARM_GCC_541\Debug\Z80_6850_Emul.o
LOAD .\CortexM3\ARM_GCC_541\Debug\Z80_SDCard_Emul.o
LOAD .\CortexM3\ARM_GCC_541\Debug\GS_FPGA_CPM_BASIC.o
LOAD .\CortexM3\ARM_GCC_541\Debug\Z80_6850_2_Emul.o
LOAD .\CortexM3\ARM_GCC_541\Debug\Z80_Mem_Mappers.o
LOAD .\CortexM3\ARM_GCC_541\Debug\cyfitter_cfg.o
LOAD .\CortexM3\ARM_GCC_541\Debug\cymetadata.o
LOAD .\CortexM3\ARM_GCC_541\Debug\Cm3Start.o
LOAD .\CortexM3\ARM_GCC_541\Debug\Z80_3Pin.a
LOAD C:\Program Files (x86)\Cypress\PSoC Creator\4.2\PSoC Creator\psoc\content\cycomponentlibrary\CyComponentLibrary.cylib\CortexM3\ARM_GCC_541\Debug\CyComponentLibrary.a
END GROUP
START GROUP
LOAD c:/program files (x86)/cypress/psoc creator/4.2/psoc creator/import/gnu/arm/5.4.1/bin/../lib/gcc/arm-none-eabi/5.4.1/armv7-m\libgcc.a
LOAD c:/program files (x86)/cypress/psoc creator/4.2/psoc creator/import/gnu/arm/5.4.1/bin/../lib/gcc/arm-none-eabi/5.4.1/../../../../arm-none-eabi/lib/armv7-m\libg_nano.a
LOAD c:/program files (x86)/cypress/psoc creator/4.2/psoc creator/import/gnu/arm/5.4.1/bin/../lib/gcc/arm-none-eabi/5.4.1/../../../../arm-none-eabi/lib/armv7-m\libc_nano.a
END GROUP
START GROUP
LOAD c:/program files (x86)/cypress/psoc creator/4.2/psoc creator/import/gnu/arm/5.4.1/bin/../lib/gcc/arm-none-eabi/5.4.1/armv7-m\libgcc.a
LOAD c:/program files (x86)/cypress/psoc creator/4.2/psoc creator/import/gnu/arm/5.4.1/bin/../lib/gcc/arm-none-eabi/5.4.1/../../../../arm-none-eabi/lib/armv7-m\libc_nano.a
END GROUP
LOAD c:/program files (x86)/cypress/psoc creator/4.2/psoc creator/import/gnu/arm/5.4.1/bin/../lib/gcc/arm-none-eabi/5.4.1/armv7-m/crtend.o
LOAD c:/program files (x86)/cypress/psoc creator/4.2/psoc creator/import/gnu/arm/5.4.1/bin/../lib/gcc/arm-none-eabi/5.4.1/armv7-m/crtn.o
START GROUP
LOAD c:/program files (x86)/cypress/psoc creator/4.2/psoc creator/import/gnu/arm/5.4.1/bin/../lib/gcc/arm-none-eabi/5.4.1/armv7-m\libgcc.a
LOAD c:/program files (x86)/cypress/psoc creator/4.2/psoc creator/import/gnu/arm/5.4.1/bin/../lib/gcc/arm-none-eabi/5.4.1/../../../../arm-none-eabi/lib/armv7-m\libc.a
LOAD c:/program files (x86)/cypress/psoc creator/4.2/psoc creator/import/gnu/arm/5.4.1/bin/../lib/gcc/arm-none-eabi/5.4.1/../../../../arm-none-eabi/lib/armv7-m\libnosys.a
END GROUP
                0x00000000                CY_APPL_ORIGIN = 0x0
                0x00000100                CY_FLASH_ROW_SIZE = 0x100
                0x00000020                CY_ECC_ROW_SIZE = 0x20
                0x00000000                CY_EE_IN_BTLDR = 0x0
                0x00000000                CY_APPL_LOADABLE = 0x0
                0x00000800                CY_EE_SIZE = 0x800
                0x00000001                CY_APPL_NUM = 0x1
                0x00000001                CY_APPL_MAX = 0x1
                0x00000040                CY_METADATA_SIZE = 0x40
                0x00000000                CY_APPL_LOADABLE = 0x0
                0x00000000                CY_CHECKSUM_EXCLUDE_SIZE = ALIGN (0x0, CY_FLASH_ROW_SIZE)
                [!provide]                PROVIDE (__cy_heap_start, _end)
                0x00000001                PROVIDE (__cy_region_num, ((__cy_regions_end - __cy_regions) / 0x10))
                0x20004000                PROVIDE (__cy_stack, (ORIGIN (ram) + LENGTH (ram)))
                [!provide]                PROVIDE (__cy_heap_end, (__cy_stack - 0x800))

.cybootloader   0x00000000        0x0
 *(.cybootloader)
                0x00000000                appl1_start = CY_APPL_ORIGIN?CY_APPL_ORIGIN:ALIGN (CY_FLASH_ROW_SIZE)
                0x0000ff00                appl2_start = (appl1_start + ALIGN ((((LENGTH (rom) - appl1_start) - (0x2 * CY_FLASH_ROW_SIZE)) / 0x2), CY_FLASH_ROW_SIZE))
                0x00000000                appl_start = (CY_APPL_NUM == 0x1)?appl1_start:appl2_start
                0x00000000                ecc_offset = ((appl_start / CY_FLASH_ROW_SIZE) * CY_ECC_ROW_SIZE)
                0x00000000                ee_offset = (CY_APPL_LOADABLE && ! (CY_EE_IN_BTLDR))?((CY_EE_SIZE / CY_APPL_MAX) * (CY_APPL_NUM - 0x1)):0x0
                0x00000800                ee_size = (CY_APPL_LOADABLE && ! (CY_EE_IN_BTLDR))?(CY_EE_SIZE / CY_APPL_MAX):CY_EE_SIZE
                [!provide]                PROVIDE (CY_ECC_OFFSET, ecc_offset)

.text           0x00000000     0x2d1e
 CREATE_OBJECT_SYMBOLS
                0x00000000                PROVIDE (__cy_interrupt_vector, RomVectors)
 *(.romvectors)
 .romvectors    0x00000000       0x10 .\CortexM3\ARM_GCC_541\Debug\Cm3Start.o
                0x00000000                RomVectors
                0x00000001                ASSERT ((. != __cy_interrupt_vector), No interrupt vector)
                0x00000001                ASSERT (CY_APPL_ORIGIN?(SIZEOF (.cybootloader) <= CY_APPL_ORIGIN):0x1, Wrong image location)
                0x00000010                PROVIDE (__cy_reset, Reset)
 *(.text.Reset)
 .text.Reset    0x00000010       0x18 .\CortexM3\ARM_GCC_541\Debug\Cm3Start.o
                0x00000010                Reset
                0x00000001                ASSERT ((. != __cy_reset), No reset code)
 *(.dma_init)
                0x00000001                ASSERT ((((appl_start + .) <= 0x10000) || 0x1), DMA Init must be within the first 64k of flash)
 *(.text .text.* .gnu.linkonce.t.*)
 .text          0x00000028       0x5c c:/program files (x86)/cypress/psoc creator/4.2/psoc creator/import/gnu/arm/5.4.1/bin/../lib/gcc/arm-none-eabi/5.4.1/armv7-m/crtbegin.o
 .text.PostLed  0x00000084       0x28 .\CortexM3\ARM_GCC_541\Debug\main.o
                0x00000084                PostLed
 .text.main     0x000000ac       0xb0 .\CortexM3\ARM_GCC_541\Debug\main.o
                0x000000ac                main
 .text.SetExtSRAMAddr
                0x0000015c       0x1c .\CortexM3\ARM_GCC_541\Debug\ExtSRAM.o
                0x0000015c                SetExtSRAMAddr
 .text.ReadExtSRAM
                0x00000178       0x24 .\CortexM3\ARM_GCC_541\Debug\ExtSRAM.o
                0x00000178                ReadExtSRAM
 .text.WriteExtSRAM
                0x0000019c       0x24 .\CortexM3\ARM_GCC_541\Debug\ExtSRAM.o
                0x0000019c                WriteExtSRAM
 .text.TestSRAM
                0x000001c0      0x114 .\CortexM3\ARM_GCC_541\Debug\ExtSRAM.o
                0x000001c0                TestSRAM
 .text.loadSRAM
                0x000002d4       0x30 .\CortexM3\ARM_GCC_541\Debug\ExtSRAM.o
                0x000002d4                loadSRAM
 .text.readRegister_MCP23017
                0x00000304       0x38 .\CortexM3\ARM_GCC_541\Debug\FrontPanel.o
                0x00000304                readRegister_MCP23017
 .text.readFrontPanelSwitchesStatic
                0x0000033c       0x30 .\CortexM3\ARM_GCC_541\Debug\FrontPanel.o
                0x0000033c                readFrontPanelSwitchesStatic
 .text.FrontPanelZ80Read
                0x0000036c       0x38 .\CortexM3\ARM_GCC_541\Debug\FrontPanel.o
                0x0000036c                FrontPanelZ80Read
 .text.readFrontPanelSwitchesRegistered
                0x000003a4       0x34 .\CortexM3\ARM_GCC_541\Debug\FrontPanel.o
                0x000003a4                readFrontPanelSwitchesRegistered
 .text.waitFrontPanelSwitchesPressed
                0x000003d8       0x24 .\CortexM3\ARM_GCC_541\Debug\FrontPanel.o
                0x000003d8                waitFrontPanelSwitchesPressed
 .text.writeRegister_MCP23017
                0x000003fc       0x34 .\CortexM3\ARM_GCC_541\Debug\FrontPanel.o
                0x000003fc                writeRegister_MCP23017
 .text.init_FrontPanel
                0x00000430       0xa0 .\CortexM3\ARM_GCC_541\Debug\FrontPanel.o
                0x00000430                init_FrontPanel
 .text.writeFrontPanelLEDs
                0x000004d0       0x34 .\CortexM3\ARM_GCC_541\Debug\FrontPanel.o
                0x000004d0                writeFrontPanelLEDs
 .text.FrontPanelZ80Write
                0x00000504       0x68 .\CortexM3\ARM_GCC_541\Debug\FrontPanel.o
                0x00000504                FrontPanelZ80Write
 .text.runFrontPanel
                0x0000056c      0x1ac .\CortexM3\ARM_GCC_541\Debug\FrontPanel.o
                0x0000056c                runFrontPanel
 .text.HandleZ80IO
                0x00000718      0x2c0 .\CortexM3\ARM_GCC_541\Debug\Z80_IO_Handle.o
                0x00000718                HandleZ80IO
 .text.ackIO    0x000009d8       0x14 .\CortexM3\ARM_GCC_541\Debug\Z80_IO_Handle.o
                0x000009d8                ackIO
 .text.initM6850StatusRegister
                0x000009ec        0xc .\CortexM3\ARM_GCC_541\Debug\Z80_6850_Emul.o
                0x000009ec                initM6850StatusRegister
 .text.M6850ReadIntReg
                0x000009f8       0x1c .\CortexM3\ARM_GCC_541\Debug\Z80_6850_Emul.o
                0x000009f8                M6850ReadIntReg
 .text.sendCharToZ80
                0x00000a14       0x38 .\CortexM3\ARM_GCC_541\Debug\Z80_6850_Emul.o
                0x00000a14                sendCharToZ80
 .text.checkSerialReceiverBusy
                0x00000a4c       0x24 .\CortexM3\ARM_GCC_541\Debug\Z80_6850_Emul.o
                0x00000a4c                checkSerialReceiverBusy
 .text.M6850ReadData
                0x00000a70       0x24 .\CortexM3\ARM_GCC_541\Debug\Z80_6850_Emul.o
                0x00000a70                M6850ReadData
 .text.M6850WriteData
                0x00000a94       0x28 .\CortexM3\ARM_GCC_541\Debug\Z80_6850_Emul.o
                0x00000a94                M6850WriteData
 .text.M6850ReadStatus
                0x00000abc       0x14 .\CortexM3\ARM_GCC_541\Debug\Z80_6850_Emul.o
                0x00000abc                M6850ReadStatus
 .text.M6850WriteCtrl
                0x00000ad0       0x14 .\CortexM3\ARM_GCC_541\Debug\Z80_6850_Emul.o
                0x00000ad0                M6850WriteCtrl
 .text.SDInit   0x00000ae4       0x44 .\CortexM3\ARM_GCC_541\Debug\Z80_SDCard_Emul.o
                0x00000ae4                SDInit
 .text.SDReadData
                0x00000b28       0x14 .\CortexM3\ARM_GCC_541\Debug\Z80_SDCard_Emul.o
                0x00000b28                SDReadData
 .text.SDWriteData
                0x00000b3c       0x14 .\CortexM3\ARM_GCC_541\Debug\Z80_SDCard_Emul.o
                0x00000b3c                SDWriteData
 .text.SDWriteCommand
                0x00000b50       0x14 .\CortexM3\ARM_GCC_541\Debug\Z80_SDCard_Emul.o
                0x00000b50                SDWriteCommand
 .text.SDReadStatus
                0x00000b64       0x14 .\CortexM3\ARM_GCC_541\Debug\Z80_SDCard_Emul.o
                0x00000b64                SDReadStatus
 .text.SDWriteLBA0
                0x00000b78       0x14 .\CortexM3\ARM_GCC_541\Debug\Z80_SDCard_Emul.o
                0x00000b78                SDWriteLBA0
 .text.SDWriteLBA1
                0x00000b8c       0x14 .\CortexM3\ARM_GCC_541\Debug\Z80_SDCard_Emul.o
                0x00000b8c                SDWriteLBA1
 .text.SDWriteLBA2
                0x00000ba0       0x14 .\CortexM3\ARM_GCC_541\Debug\Z80_SDCard_Emul.o
                0x00000ba0                SDWriteLBA2
 .text.initM6850_2_StatusRegister
                0x00000bb4        0xc .\CortexM3\ARM_GCC_541\Debug\Z80_6850_2_Emul.o
                0x00000bb4                initM6850_2_StatusRegister
 .text.M6850_2_ReadData
                0x00000bc0        0x8 .\CortexM3\ARM_GCC_541\Debug\Z80_6850_2_Emul.o
                0x00000bc0                M6850_2_ReadData
 .text.M6850_2_WriteData
                0x00000bc8        0x8 .\CortexM3\ARM_GCC_541\Debug\Z80_6850_2_Emul.o
                0x00000bc8                M6850_2_WriteData
 .text.M6850_2_ReadStatus
                0x00000bd0       0x14 .\CortexM3\ARM_GCC_541\Debug\Z80_6850_2_Emul.o
                0x00000bd0                M6850_2_ReadStatus
 .text.M6850_2_WriteCtrl
                0x00000be4       0x14 .\CortexM3\ARM_GCC_541\Debug\Z80_6850_2_Emul.o
                0x00000be4                M6850_2_WriteCtrl
 .text.write_mem_map_1
                0x00000bf8       0x10 .\CortexM3\ARM_GCC_541\Debug\Z80_Mem_Mappers.o
                0x00000bf8                write_mem_map_1
 .text.CyClockStartupError
                0x00000c08        0x4 .\CortexM3\ARM_GCC_541\Debug\cyfitter_cfg.o
 .text.cfg_write_bytes32
                0x00000c0c       0x34 .\CortexM3\ARM_GCC_541\Debug\cyfitter_cfg.o
 .text.AnalogSetDefault
                0x00000c40       0x38 .\CortexM3\ARM_GCC_541\Debug\cyfitter_cfg.o
 .text.CYMEMZERO
                0x00000c78        0xc .\CortexM3\ARM_GCC_541\Debug\cyfitter_cfg.o
 .text.ClockSetup
                0x00000c84      0x120 .\CortexM3\ARM_GCC_541\Debug\cyfitter_cfg.o
 .text.CYCONFIGCPY
                0x00000da4        0x8 .\CortexM3\ARM_GCC_541\Debug\cyfitter_cfg.o
 .text.cyfitter_cfg
                0x00000dac      0x170 .\CortexM3\ARM_GCC_541\Debug\cyfitter_cfg.o
                0x00000dac                cyfitter_cfg
 .text.IntDefaultHandler
                0x00000f1c       0x10 .\CortexM3\ARM_GCC_541\Debug\Cm3Start.o
                0x00000f1c                IntDefaultHandler
 .text.Start_c  0x00000f2c       0x4c .\CortexM3\ARM_GCC_541\Debug\Cm3Start.o
                0x00000f2c                Start_c
 .text.initialize_psoc
                0x00000f78       0x68 .\CortexM3\ARM_GCC_541\Debug\Cm3Start.o
                0x00000f78                initialize_psoc
 .text.CyHalt   0x00000fe0        0x4 .\CortexM3\ARM_GCC_541\Debug\Z80_3Pin.a(CyLib.o)
                0x00000fe0                CyHalt
 .text.CyDelay  0x00000fe4       0x2c .\CortexM3\ARM_GCC_541\Debug\Z80_3Pin.a(CyLib.o)
                0x00000fe4                CyDelay
 .text.CyDelayUs
                0x00001010       0x14 .\CortexM3\ARM_GCC_541\Debug\Z80_3Pin.a(CyLib.o)
                0x00001010                CyDelayUs
 .text.CyIntSetVector
                0x00001024       0x28 .\CortexM3\ARM_GCC_541\Debug\Z80_3Pin.a(CyLib.o)
                0x00001024                CyIntSetVector
 .text.CyIntSetPriority
                0x0000104c       0x30 .\CortexM3\ARM_GCC_541\Debug\Z80_3Pin.a(CyLib.o)
                0x0000104c                CyIntSetPriority
 .text.CyGetUniqueId
                0x0000107c       0x70 .\CortexM3\ARM_GCC_541\Debug\Z80_3Pin.a(CyLib.o)
                0x0000107c                CyGetUniqueId
 .text.AdrLowIn_Read
                0x000010ec        0xc .\CortexM3\ARM_GCC_541\Debug\Z80_3Pin.a(AdrLowIn.o)
                0x000010ec                AdrLowIn_Read
 .text.IO_Ctrl_Reg_Write
                0x000010f8        0xc .\CortexM3\ARM_GCC_541\Debug\Z80_3Pin.a(IO_Ctrl_Reg.o)
                0x000010f8                IO_Ctrl_Reg_Write
 .text.IO_Ctrl_Reg_Read
                0x00001104        0xc .\CortexM3\ARM_GCC_541\Debug\Z80_3Pin.a(IO_Ctrl_Reg.o)
                0x00001104                IO_Ctrl_Reg_Read
 .text.IO_Stat_Reg_Read
                0x00001110        0xc .\CortexM3\ARM_GCC_541\Debug\Z80_3Pin.a(IO_Stat_Reg.o)
                0x00001110                IO_Stat_Reg_Read
 .text.Z80_Data_In_Write
                0x0000111c        0xc .\CortexM3\ARM_GCC_541\Debug\Z80_3Pin.a(Z80_Data_In.o)
                0x0000111c                Z80_Data_In_Write
 .text.Z80_Data_Out_Read
                0x00001128        0xc .\CortexM3\ARM_GCC_541\Debug\Z80_3Pin.a(Z80_Data_Out.o)
                0x00001128                Z80_Data_Out_Read
 .text.AdrHighOut_Write
                0x00001134        0xc .\CortexM3\ARM_GCC_541\Debug\Z80_3Pin.a(AdrHighOut.o)
                0x00001134                AdrHighOut_Write
 .text.I2C_Init
                0x00001140       0x68 .\CortexM3\ARM_GCC_541\Debug\Z80_3Pin.a(I2C.o)
                0x00001140                I2C_Init
 .text.I2C_Enable
                0x000011a8       0x24 .\CortexM3\ARM_GCC_541\Debug\Z80_3Pin.a(I2C.o)
                0x000011a8                I2C_Enable
 .text.I2C_Start
                0x000011cc       0x28 .\CortexM3\ARM_GCC_541\Debug\Z80_3Pin.a(I2C.o)
                0x000011cc                I2C_Start
 .text.I2C_ISR  0x000011f4      0x2d0 .\CortexM3\ARM_GCC_541\Debug\Z80_3Pin.a(I2C_INT.o)
                0x000011f4                I2C_ISR
 .text.I2C_MasterWriteBuf
                0x000014c4       0xcc .\CortexM3\ARM_GCC_541\Debug\Z80_3Pin.a(I2C_MASTER.o)
                0x000014c4                I2C_MasterWriteBuf
 .text.I2C_MasterSendStart
                0x00001590       0x80 .\CortexM3\ARM_GCC_541\Debug\Z80_3Pin.a(I2C_MASTER.o)
                0x00001590                I2C_MasterSendStart
 .text.I2C_MasterSendStop
                0x00001610       0x38 .\CortexM3\ARM_GCC_541\Debug\Z80_3Pin.a(I2C_MASTER.o)
                0x00001610                I2C_MasterSendStop
 .text.I2C_MasterWriteByte
                0x00001648       0x58 .\CortexM3\ARM_GCC_541\Debug\Z80_3Pin.a(I2C_MASTER.o)
                0x00001648                I2C_MasterWriteByte
 .text.I2C_MasterReadByte
                0x000016a0       0x58 .\CortexM3\ARM_GCC_541\Debug\Z80_3Pin.a(I2C_MASTER.o)
                0x000016a0                I2C_MasterReadByte
 .text.I2C_MasterStatus
                0x000016f8       0x38 .\CortexM3\ARM_GCC_541\Debug\Z80_3Pin.a(I2C_MASTER.o)
                0x000016f8                I2C_MasterStatus
 .text.I2C_MasterClearStatus
                0x00001730       0x24 .\CortexM3\ARM_GCC_541\Debug\Z80_3Pin.a(I2C_MASTER.o)
                0x00001730                I2C_MasterClearStatus
 .text.USBUART_Init
                0x00001754      0x140 .\CortexM3\ARM_GCC_541\Debug\Z80_3Pin.a(USBUART.o)
                0x00001754                USBUART_Init
 .text.USBUART_InitComponent
                0x00001894       0xb8 .\CortexM3\ARM_GCC_541\Debug\Z80_3Pin.a(USBUART.o)
                0x00001894                USBUART_InitComponent
 .text.USBUART_Start
                0x0000194c       0x24 .\CortexM3\ARM_GCC_541\Debug\Z80_3Pin.a(USBUART.o)
                0x0000194c                USBUART_Start
 .text.USBUART_ReInitComponent
                0x00001970       0x4c .\CortexM3\ARM_GCC_541\Debug\Z80_3Pin.a(USBUART.o)
                0x00001970                USBUART_ReInitComponent
 .text.USBUART_GetConfiguration
                0x000019bc        0xc .\CortexM3\ARM_GCC_541\Debug\Z80_3Pin.a(USBUART.o)
                0x000019bc                USBUART_GetConfiguration
 .text.USBUART_IsConfigurationChanged
                0x000019c8       0x20 .\CortexM3\ARM_GCC_541\Debug\Z80_3Pin.a(USBUART.o)
                0x000019c8                USBUART_IsConfigurationChanged
 .text.USBUART_GetEPState
                0x000019e8       0x14 .\CortexM3\ARM_GCC_541\Debug\Z80_3Pin.a(USBUART.o)
                0x000019e8                USBUART_GetEPState
 .text.USBUART_GetEPCount
                0x000019fc       0x28 .\CortexM3\ARM_GCC_541\Debug\Z80_3Pin.a(USBUART.o)
                0x000019fc                USBUART_GetEPCount
 .text.USBUART_LoadInEP
                0x00001a24       0x94 .\CortexM3\ARM_GCC_541\Debug\Z80_3Pin.a(USBUART.o)
                0x00001a24                USBUART_LoadInEP
 .text.USBUART_EnableOutEP
                0x00001ab8       0x2c .\CortexM3\ARM_GCC_541\Debug\Z80_3Pin.a(USBUART.o)
                0x00001ab8                USBUART_EnableOutEP
 .text.USBUART_ReadOutEP
                0x00001ae4       0x50 .\CortexM3\ARM_GCC_541\Debug\Z80_3Pin.a(USBUART.o)
                0x00001ae4                USBUART_ReadOutEP
 .text.USBUART_GetInterfaceComPort
                0x00001b34       0x38 .\CortexM3\ARM_GCC_541\Debug\Z80_3Pin.a(USBUART_cdc.o)
                0x00001b34                USBUART_GetInterfaceComPort
 .text.USBUART_DispatchCDCClassRqst
                0x00001b6c       0x98 .\CortexM3\ARM_GCC_541\Debug\Z80_3Pin.a(USBUART_cdc.o)
                0x00001b6c                USBUART_DispatchCDCClassRqst
 .text.USBUART_CDC_Init
                0x00001c04       0x98 .\CortexM3\ARM_GCC_541\Debug\Z80_3Pin.a(USBUART_cdc.o)
                0x00001c04                USBUART_CDC_Init
 .text.USBUART_PutData
                0x00001c9c       0x50 .\CortexM3\ARM_GCC_541\Debug\Z80_3Pin.a(USBUART_cdc.o)
                0x00001c9c                USBUART_PutData
 .text.USBUART_DataIsReady
                0x00001cec       0x18 .\CortexM3\ARM_GCC_541\Debug\Z80_3Pin.a(USBUART_cdc.o)
                0x00001cec                USBUART_DataIsReady
 .text.USBUART_CDCIsReady
                0x00001d04       0x18 .\CortexM3\ARM_GCC_541\Debug\Z80_3Pin.a(USBUART_cdc.o)
                0x00001d04                USBUART_CDCIsReady
 .text.USBUART_GetAll
                0x00001d1c       0x30 .\CortexM3\ARM_GCC_541\Debug\Z80_3Pin.a(USBUART_cdc.o)
                0x00001d1c                USBUART_GetAll
 .text.USBUART_Cdc_EpInit
                0x00001d4c       0x50 .\CortexM3\ARM_GCC_541\Debug\Z80_3Pin.a(USBUART_cdc.o)
                0x00001d4c                USBUART_Cdc_EpInit
 .text.USBUART_LoadEP0
                0x00001d9c       0x98 .\CortexM3\ARM_GCC_541\Debug\Z80_3Pin.a(USBUART_drv.o)
                0x00001d9c                USBUART_LoadEP0
 .text.USBUART_InitZeroLengthControlTransfer
                0x00001e34       0x34 .\CortexM3\ARM_GCC_541\Debug\Z80_3Pin.a(USBUART_drv.o)
                0x00001e34                USBUART_InitZeroLengthControlTransfer
 .text.USBUART_ControlReadDataStage
                0x00001e68        0x8 .\CortexM3\ARM_GCC_541\Debug\Z80_3Pin.a(USBUART_drv.o)
                0x00001e68                USBUART_ControlReadDataStage
 .text.USBUART_ControlWriteDataStage
                0x00001e70       0x84 .\CortexM3\ARM_GCC_541\Debug\Z80_3Pin.a(USBUART_drv.o)
                0x00001e70                USBUART_ControlWriteDataStage
 .text.USBUART_InitNoDataControlTransfer
                0x00001ef4       0x2c .\CortexM3\ARM_GCC_541\Debug\Z80_3Pin.a(USBUART_drv.o)
                0x00001ef4                USBUART_InitNoDataControlTransfer
 .text.USBUART_UpdateStatusBlock
                0x00001f20       0x24 .\CortexM3\ARM_GCC_541\Debug\Z80_3Pin.a(USBUART_drv.o)
                0x00001f20                USBUART_UpdateStatusBlock
 .text.USBUART_HandleSetup
                0x00001f44       0x5c .\CortexM3\ARM_GCC_541\Debug\Z80_3Pin.a(USBUART_drv.o)
                0x00001f44                USBUART_HandleSetup
 .text.USBUART_ControlReadStatusStage
                0x00001fa0       0x38 .\CortexM3\ARM_GCC_541\Debug\Z80_3Pin.a(USBUART_drv.o)
                0x00001fa0                USBUART_ControlReadStatusStage
 .text.USBUART_HandleOUT
                0x00001fd8       0x38 .\CortexM3\ARM_GCC_541\Debug\Z80_3Pin.a(USBUART_drv.o)
                0x00001fd8                USBUART_HandleOUT
 .text.USBUART_ControlWriteStatusStage
                0x00002010       0x20 .\CortexM3\ARM_GCC_541\Debug\Z80_3Pin.a(USBUART_drv.o)
                0x00002010                USBUART_ControlWriteStatusStage
 .text.USBUART_NoDataControlStatusStage
                0x00002030       0x40 .\CortexM3\ARM_GCC_541\Debug\Z80_3Pin.a(USBUART_drv.o)
                0x00002030                USBUART_NoDataControlStatusStage
 .text.USBUART_HandleIN
                0x00002070       0x2c .\CortexM3\ARM_GCC_541\Debug\Z80_3Pin.a(USBUART_drv.o)
                0x00002070                USBUART_HandleIN
 .text.USBUART_EP_0_ISR
                0x0000209c       0xb8 .\CortexM3\ARM_GCC_541\Debug\Z80_3Pin.a(USBUART_drv.o)
                0x0000209c                USBUART_EP_0_ISR
 .text.USBUART_InitializeStatusBlock
                0x00002154       0x24 .\CortexM3\ARM_GCC_541\Debug\Z80_3Pin.a(USBUART_drv.o)
                0x00002154                USBUART_InitializeStatusBlock
 .text.USBUART_InitControlRead
                0x00002178       0x50 .\CortexM3\ARM_GCC_541\Debug\Z80_3Pin.a(USBUART_drv.o)
                0x00002178                USBUART_InitControlRead
 .text.USBUART_InitControlWrite
                0x000021c8       0x48 .\CortexM3\ARM_GCC_541\Debug\Z80_3Pin.a(USBUART_drv.o)
                0x000021c8                USBUART_InitControlWrite
 .text.USBUART_EP_1_ISR
                0x00002210       0x30 .\CortexM3\ARM_GCC_541\Debug\Z80_3Pin.a(USBUART_episr.o)
                0x00002210                USBUART_EP_1_ISR
 .text.USBUART_EP_2_ISR
                0x00002240       0x34 .\CortexM3\ARM_GCC_541\Debug\Z80_3Pin.a(USBUART_episr.o)
                0x00002240                USBUART_EP_2_ISR
 .text.USBUART_EP_3_ISR
                0x00002274       0x3c .\CortexM3\ARM_GCC_541\Debug\Z80_3Pin.a(USBUART_episr.o)
                0x00002274                USBUART_EP_3_ISR
 .text.USBUART_SOF_ISR
                0x000022b0        0x4 .\CortexM3\ARM_GCC_541\Debug\Z80_3Pin.a(USBUART_episr.o)
                0x000022b0                USBUART_SOF_ISR
 .text.USBUART_BUS_RESET_ISR
                0x000022b4        0x8 .\CortexM3\ARM_GCC_541\Debug\Z80_3Pin.a(USBUART_episr.o)
                0x000022b4                USBUART_BUS_RESET_ISR
 .text.USBUART_DP_ISR
                0x000022bc        0x8 .\CortexM3\ARM_GCC_541\Debug\Z80_3Pin.a(USBUART_pm.o)
                0x000022bc                USBUART_DP_ISR
 .text.USBUART_ReadDieID
                0x000022c4       0x6c .\CortexM3\ARM_GCC_541\Debug\Z80_3Pin.a(USBUART_std.o)
                0x000022c4                USBUART_ReadDieID
 .text.USBUART_ConfigReg
                0x00002330       0xa4 .\CortexM3\ARM_GCC_541\Debug\Z80_3Pin.a(USBUART_std.o)
                0x00002330                USBUART_ConfigReg
 .text.USBUART_GetConfigTablePtr
                0x000023d4       0x28 .\CortexM3\ARM_GCC_541\Debug\Z80_3Pin.a(USBUART_std.o)
                0x000023d4                USBUART_GetConfigTablePtr
 .text.USBUART_ConfigAltChanged
                0x000023fc      0x11c .\CortexM3\ARM_GCC_541\Debug\Z80_3Pin.a(USBUART_std.o)
                0x000023fc                USBUART_ConfigAltChanged
 .text.USBUART_GetDeviceTablePtr
                0x00002518       0x18 .\CortexM3\ARM_GCC_541\Debug\Z80_3Pin.a(USBUART_std.o)
                0x00002518                USBUART_GetDeviceTablePtr
 .text.USBUART_GetInterfaceClassTablePtr
                0x00002530       0x28 .\CortexM3\ARM_GCC_541\Debug\Z80_3Pin.a(USBUART_std.o)
                0x00002530                USBUART_GetInterfaceClassTablePtr
 .text.USBUART_Config
                0x00002558      0x1ec .\CortexM3\ARM_GCC_541\Debug\Z80_3Pin.a(USBUART_std.o)
                0x00002558                USBUART_Config
 .text.USBUART_SetEndpointHalt
                0x00002744       0x64 .\CortexM3\ARM_GCC_541\Debug\Z80_3Pin.a(USBUART_std.o)
                0x00002744                USBUART_SetEndpointHalt
 .text.USBUART_ClearEndpointHalt
                0x000027a8       0xac .\CortexM3\ARM_GCC_541\Debug\Z80_3Pin.a(USBUART_std.o)
                0x000027a8                USBUART_ClearEndpointHalt
 .text.USBUART_ValidateAlternateSetting
                0x00002854       0x4c .\CortexM3\ARM_GCC_541\Debug\Z80_3Pin.a(USBUART_std.o)
                0x00002854                USBUART_ValidateAlternateSetting
 .text.USBUART_HandleStandardRqst
                0x000028a0      0x354 .\CortexM3\ARM_GCC_541\Debug\Z80_3Pin.a(USBUART_std.o)
                0x000028a0                USBUART_HandleStandardRqst
 .text.USBUART_HandleVendorRqst
                0x00002bf4       0x18 .\CortexM3\ARM_GCC_541\Debug\Z80_3Pin.a(USBUART_vnd.o)
                0x00002bf4                USBUART_HandleVendorRqst
 .text.USBUART_Dp_ClearInterrupt
                0x00002c0c       0x10 .\CortexM3\ARM_GCC_541\Debug\Z80_3Pin.a(USBUART_Dp.o)
                0x00002c0c                USBUART_Dp_ClearInterrupt
 *fill*         0x00002c1c        0x4 
 .text          0x00002c20       0x20 .\CortexM3\ARM_GCC_541\Debug\Z80_3Pin.a(CyBootAsmGnu.o)
                0x00002c20                CyDelayCycles
                0x00002c30                CyEnterCriticalSection
                0x00002c38                CyExitCriticalSection
 .text.USBUART_DispatchClassRqst
                0x00002c40       0x60 .\CortexM3\ARM_GCC_541\Debug\Z80_3Pin.a(USBUART_cls.o)
                0x00002c40                USBUART_DispatchClassRqst
 .text.__errno  0x00002ca0        0xc c:/program files (x86)/cypress/psoc creator/4.2/psoc creator/import/gnu/arm/5.4.1/bin/../lib/gcc/arm-none-eabi/5.4.1/../../../../arm-none-eabi/lib/armv7-m\libg_nano.a(lib_a-errno.o)
                0x00002ca0                __errno
 .text.__libc_init_array
                0x00002cac       0x4c c:/program files (x86)/cypress/psoc creator/4.2/psoc creator/import/gnu/arm/5.4.1/bin/../lib/gcc/arm-none-eabi/5.4.1/../../../../arm-none-eabi/lib/armv7-m\libg_nano.a(lib_a-init.o)
                0x00002cac                __libc_init_array
 .text.memcpy   0x00002cf8       0x16 c:/program files (x86)/cypress/psoc creator/4.2/psoc creator/import/gnu/arm/5.4.1/bin/../lib/gcc/arm-none-eabi/5.4.1/../../../../arm-none-eabi/lib/armv7-m\libg_nano.a(lib_a-memcpy-stub.o)
                0x00002cf8                memcpy
 .text.memset   0x00002d0e       0x10 c:/program files (x86)/cypress/psoc creator/4.2/psoc creator/import/gnu/arm/5.4.1/bin/../lib/gcc/arm-none-eabi/5.4.1/../../../../arm-none-eabi/lib/armv7-m\libg_nano.a(lib_a-memset.o)
                0x00002d0e                memset
 *(.plt)
 *(.gnu.warning)
 *(.glue_7t)
 .glue_7t       0x00002d1e        0x0 linker stubs
 *(.glue_7)
 .glue_7        0x00002d1e        0x0 linker stubs
 *(.vfp11_veneer)
 .vfp11_veneer  0x00002d1e        0x0 linker stubs
 *(.bootloader)
 *(.ARM.extab* .gnu.linkonce.armextab.*)
 *(.gcc_except_table)

.v4_bx          0x00002d20        0x0
 .v4_bx         0x00002d20        0x0 linker stubs

.iplt           0x00002d20        0x0
 .iplt          0x00002d20        0x0 c:/program files (x86)/cypress/psoc creator/4.2/psoc creator/import/gnu/arm/5.4.1/bin/../lib/gcc/arm-none-eabi/5.4.1/armv7-m/crtbegin.o

.eh_frame_hdr
 *(.eh_frame_hdr)

.eh_frame       0x00002d20        0x4
 *(.eh_frame)
 .eh_frame      0x00002d20        0x0 c:/program files (x86)/cypress/psoc creator/4.2/psoc creator/import/gnu/arm/5.4.1/bin/../lib/gcc/arm-none-eabi/5.4.1/armv7-m/crtbegin.o
 .eh_frame      0x00002d20        0x4 c:/program files (x86)/cypress/psoc creator/4.2/psoc creator/import/gnu/arm/5.4.1/bin/../lib/gcc/arm-none-eabi/5.4.1/armv7-m/crtend.o
                [!provide]                PROVIDE (__exidx_start, .)

.ARM.exidx
 *(.ARM.exidx* .gnu.linkonce.armexidx.*)
                0x00002d24                __exidx_end = .

.rodata         0x00002d24     0x21ec
 *(.rodata .rodata.* .gnu.linkonce.r.*)
 .rodata        0x00002d24     0x2008 .\CortexM3\ARM_GCC_541\Debug\GS_FPGA_CPM_BASIC.o
                0x00002d24                eprom_length
                0x00002d28                eprom_finish
                0x00002d2c                eprom_start
                0x00002d30                eprom_termination
                0x00002d34                gs_fpga_basic_eeprom
 .rodata        0x00004d2c       0x38 .\CortexM3\ARM_GCC_541\Debug\cyfitter_cfg.o
 .rodata.str1.4
                0x00004d64       0x14 .\CortexM3\ARM_GCC_541\Debug\Z80_3Pin.a(USBUART_std.o)
                                 0x11 (size before relaxing)
 .rodata        0x00004d78      0x15e .\CortexM3\ARM_GCC_541\Debug\Z80_3Pin.a(USBUART_descr.o)
                0x00004d78                USBUART_TABLE
                0x00004d80                USBUART_DEVICE0_TABLE
                0x00004d98                USBUART_DEVICE0_CONFIGURATION0_TABLE
                0x00004dc0                USBUART_DEVICE0_CONFIGURATION0_INTERFACE_CLASS
                0x00004dc4                USBUART_DEVICE0_CONFIGURATION0_EP_SETTINGS_TABLE
                0x00004ddc                USBUART_SN_STRING_DESCRIPTOR
                0x00004de0                USBUART_STRING_DESCRIPTORS
                0x00004e80                USBUART_DEVICE0_CONFIGURATION0_DESCR
                0x00004ec4                USBUART_DEVICE0_DESCR
 .rodata.str1.1
                0x00004ed6        0x2 c:/program files (x86)/cypress/psoc creator/4.2/psoc creator/import/gnu/arm/5.4.1/bin/../lib/gcc/arm-none-eabi/5.4.1/../../../../arm-none-eabi/lib/armv7-m\libg_nano.a(lib_a-impure.o)
                0x00004ed8                . = ALIGN (0x4)
 *(.init)
 .init          0x00004ed8        0x4 c:/program files (x86)/cypress/psoc creator/4.2/psoc creator/import/gnu/arm/5.4.1/bin/../lib/gcc/arm-none-eabi/5.4.1/armv7-m/crti.o
                0x00004ed8                _init
 .init          0x00004edc        0x8 c:/program files (x86)/cypress/psoc creator/4.2/psoc creator/import/gnu/arm/5.4.1/bin/../lib/gcc/arm-none-eabi/5.4.1/armv7-m/crtn.o
                0x00004ee4                . = ALIGN (0x4)
                0x00004ee4                __preinit_array_start = .
 *(.preinit_array)
                0x00004ee4                __preinit_array_end = .
                0x00004ee4                . = ALIGN (0x4)
                0x00004ee4                __init_array_start = .
 *(SORT(.init_array.*))
 *(.init_array)
 .init_array    0x00004ee4        0x4 c:/program files (x86)/cypress/psoc creator/4.2/psoc creator/import/gnu/arm/5.4.1/bin/../lib/gcc/arm-none-eabi/5.4.1/armv7-m/crtbegin.o
 .init_array    0x00004ee8        0x4 .\CortexM3\ARM_GCC_541\Debug\Cm3Start.o
                0x00004eec                __init_array_end = .
                0x00004eec                . = ALIGN (0x4)
 *(.fini)
 .fini          0x00004eec        0x4 c:/program files (x86)/cypress/psoc creator/4.2/psoc creator/import/gnu/arm/5.4.1/bin/../lib/gcc/arm-none-eabi/5.4.1/armv7-m/crti.o
                0x00004eec                _fini
 .fini          0x00004ef0        0x8 c:/program files (x86)/cypress/psoc creator/4.2/psoc creator/import/gnu/arm/5.4.1/bin/../lib/gcc/arm-none-eabi/5.4.1/armv7-m/crtn.o
                0x00004ef8                . = ALIGN (0x4)
                0x00004ef8                __fini_array_start = .
 *(.fini_array)
 .fini_array    0x00004ef8        0x4 c:/program files (x86)/cypress/psoc creator/4.2/psoc creator/import/gnu/arm/5.4.1/bin/../lib/gcc/arm-none-eabi/5.4.1/armv7-m/crtbegin.o
 *(SORT(.fini_array.*))
                0x00004efc                __fini_array_end = .
                0x00004efc                . = ALIGN (0x4)
 *crtbegin.o(.ctors)
 *(EXCLUDE_FILE(*crtend.o) .ctors)
 *(SORT(.ctors.*))
 *crtend.o(.ctors)
                0x00004efc                . = ALIGN (0x4)
 *crtbegin.o(.dtors)
 *(EXCLUDE_FILE(*crtend.o) .dtors)
 *(SORT(.dtors.*))
 *crtend.o(.dtors)
                0x00004efc                . = ALIGN (0x4)
                0x00004efc                __cy_regions = .
                0x00004efc        0x4 LONG 0x4f10 __cy_region_init_ram
                0x00004f00        0x4 LONG 0x1fffc0c8 __cy_region_start_data
                0x00004f04        0x4 LONG 0x98 __cy_region_init_size_ram
                0x00004f08        0x4 LONG 0x130 __cy_region_zero_size_ram
                0x00004f0c                __cy_regions_end = .
                0x00004f10                . = ALIGN (0x8)
 *fill*         0x00004f0c        0x4 
                0x00004f10                _etext = .

.cy_checksum_exclude
                0x00004f10        0x0
 *(.cy_checksum_exclude)

.ramvectors     0x1fffc000       0xc0
                0x1fffc000                __cy_region_start_ram = .
 *(.ramvectors)
 .ramvectors    0x1fffc000       0xc0 .\CortexM3\ARM_GCC_541\Debug\Cm3Start.o
                0x1fffc000                CyRamVectors

.noinit         0x1fffc0c0        0x1
 *(.noinit)
 .noinit        0x1fffc0c0        0x1 .\CortexM3\ARM_GCC_541\Debug\Z80_3Pin.a(CyLib.o)
                0x1fffc0c0                CyResetStatus

.data           0x1fffc0c8       0x98 load address 0x00004f10
                0x1fffc0c8                __cy_region_start_data = .
 *(.jcr)
 .jcr           0x1fffc0c8        0x0 c:/program files (x86)/cypress/psoc creator/4.2/psoc creator/import/gnu/arm/5.4.1/bin/../lib/gcc/arm-none-eabi/5.4.1/armv7-m/crtbegin.o
 .jcr           0x1fffc0c8        0x4 c:/program files (x86)/cypress/psoc creator/4.2/psoc creator/import/gnu/arm/5.4.1/bin/../lib/gcc/arm-none-eabi/5.4.1/armv7-m/crtend.o
 *(.got.plt)
 *(.got)
 *(.shdata)
 *(.data .data.* .gnu.linkonce.d.*)
 .data          0x1fffc0cc       0x10 .\CortexM3\ARM_GCC_541\Debug\Z80_3Pin.a(CyLib.o)
                0x1fffc0cc                cydelay_32k_ms
                0x1fffc0d0                cydelay_freq_khz
                0x1fffc0d4                cydelay_freq_mhz
                0x1fffc0d8                cydelay_freq_hz
 .data          0x1fffc0dc       0x1a .\CortexM3\ARM_GCC_541\Debug\Z80_3Pin.a(USBUART_cdc.o)
                0x1fffc0dc                USBUART_linesCoding
 *fill*         0x1fffc0f6        0x2 
 .data.impure_data
                0x1fffc0f8       0x60 c:/program files (x86)/cypress/psoc creator/4.2/psoc creator/import/gnu/arm/5.4.1/bin/../lib/gcc/arm-none-eabi/5.4.1/../../../../arm-none-eabi/lib/armv7-m\libg_nano.a(lib_a-impure.o)
 .data._impure_ptr
                0x1fffc158        0x4 c:/program files (x86)/cypress/psoc creator/4.2/psoc creator/import/gnu/arm/5.4.1/bin/../lib/gcc/arm-none-eabi/5.4.1/../../../../arm-none-eabi/lib/armv7-m\libg_nano.a(lib_a-impure.o)
                0x1fffc158                _impure_ptr
                0x1fffc160                . = ALIGN (0x8)
 *fill*         0x1fffc15c        0x4 
 *(.ram)
                0x1fffc160                _edata = .

.igot.plt       0x1fffc160        0x0 load address 0x00004fa8
 .igot.plt      0x1fffc160        0x0 c:/program files (x86)/cypress/psoc creator/4.2/psoc creator/import/gnu/arm/5.4.1/bin/../lib/gcc/arm-none-eabi/5.4.1/armv7-m/crtbegin.o

.bss            0x1fffc160      0x130 load address 0x00004fa8
                0x1fffc160                PROVIDE (__bss_start__, .)
 *(.shbss)
 *(.bss .bss.* .gnu.linkonce.b.*)
 .bss           0x1fffc160       0x1c c:/program files (x86)/cypress/psoc creator/4.2/psoc creator/import/gnu/arm/5.4.1/bin/../lib/gcc/arm-none-eabi/5.4.1/armv7-m/crtbegin.o
 .bss           0x1fffc17c        0x1 .\CortexM3\ARM_GCC_541\Debug\Z80_3Pin.a(I2C.o)
                0x1fffc17c                I2C_initVar
 .bss           0x1fffc17d        0x1 .\CortexM3\ARM_GCC_541\Debug\Z80_3Pin.a(USBUART.o)
                0x1fffc17d                USBUART_initVar
 .bss           0x1fffc17e        0x1 .\CortexM3\ARM_GCC_541\Debug\Z80_3Pin.a(USBUART_cdc.o)
 *fill*         0x1fffc17f        0x1 
 .bss           0x1fffc180        0x2 .\CortexM3\ARM_GCC_541\Debug\Z80_3Pin.a(USBUART_std.o)
 *(COMMON)
 *fill*         0x1fffc182        0x2 
 COMMON         0x1fffc184       0x10 .\CortexM3\ARM_GCC_541\Debug\FrontPanel.o
                0x1fffc184                FPAddr
                0x1fffc186                FPCtrl
                0x1fffc188                LEDsVal
                0x1fffc18c                FPData
                0x1fffc190                FPLong
 COMMON         0x1fffc194        0x4 .\CortexM3\ARM_GCC_541\Debug\Z80_6850_Emul.o
                0x1fffc194                M6850_DataOut
                0x1fffc195                M6850_Status
                0x1fffc196                M6850_Ctrl
                0x1fffc197                M6850_DataIn
 COMMON         0x1fffc198        0x8 .\CortexM3\ARM_GCC_541\Debug\Z80_SDCard_Emul.o
                0x1fffc198                SD_LBA1_Val
                0x1fffc199                SD_DataOut
                0x1fffc19a                SD_Status
                0x1fffc19b                SD_DataIn
                0x1fffc19c                SD_LBA0_Val
                0x1fffc19d                SD_LBA3_Val
                0x1fffc19e                SD_LBA2_Val
                0x1fffc19f                SD_Command
 COMMON         0x1fffc1a0        0x4 .\CortexM3\ARM_GCC_541\Debug\Z80_6850_2_Emul.o
                0x1fffc1a0                M6850_2_Ctrl
                0x1fffc1a1                M6850_2_Status
                0x1fffc1a2                M6850_2_DataIn
                0x1fffc1a3                M6850_2_DataOut
 COMMON         0x1fffc1a4        0x1 .\CortexM3\ARM_GCC_541\Debug\Z80_3Pin.a(I2C.o)
                0x1fffc1a4                I2C_state
 *fill*         0x1fffc1a5        0x3 
 COMMON         0x1fffc1a8       0x10 .\CortexM3\ARM_GCC_541\Debug\Z80_3Pin.a(I2C_MASTER.o)
                0x1fffc1a8                I2C_mstrWrBufIndex
                0x1fffc1a9                I2C_mstrWrBufSize
                0x1fffc1aa                I2C_mstrStatus
                0x1fffc1ac                I2C_mstrRdBufPtr
                0x1fffc1b0                I2C_mstrControl
                0x1fffc1b1                I2C_mstrRdBufSize
                0x1fffc1b2                I2C_mstrRdBufIndex
                0x1fffc1b4                I2C_mstrWrBufPtr
 COMMON         0x1fffc1b8       0x18 .\CortexM3\ARM_GCC_541\Debug\Z80_3Pin.a(USBUART_cdc.o)
                0x1fffc1b8                USBUART_linesChanged
                0x1fffc1bc                USBUART_cdcDataInEp
                0x1fffc1c0                USBUART_cdcCommInInterruptEp
                0x1fffc1c4                USBUART_cdcDataOutEp
                0x1fffc1c8                USBUART_serialStateBitmap
                0x1fffc1cc                USBUART_linesControlBitmap
 COMMON         0x1fffc1d0       0x9a .\CortexM3\ARM_GCC_541\Debug\Z80_3Pin.a(USBUART_drv.o)
                0x1fffc1d0                USBUART_lastPacketSize
                0x1fffc1d1                USBUART_device
                0x1fffc1d2                USBUART_transferByteCount
                0x1fffc1d4                USBUART_transferState
                0x1fffc1d8                USBUART_interfaceSettingLast
                0x1fffc1dc                USBUART_currentTD
                0x1fffc1e8                USBUART_interfaceNumber
                0x1fffc1ec                USBUART_interfaceClass
                0x1fffc1f0                USBUART_configurationChanged
                0x1fffc1f1                USBUART_ep0Mode
                0x1fffc1f2                USBUART_deviceAddress
                0x1fffc1f3                USBUART_configuration
                0x1fffc1f4                USBUART_ep0Count
                0x1fffc1f5                USBUART_deviceStatus
                0x1fffc1f8                USBUART_EP
                0x1fffc264                USBUART_interfaceSetting
                0x1fffc266                USBUART_ep0Toggle
                0x1fffc268                USBUART_interfaceStatus
 *fill*         0x1fffc26a        0x2 
 COMMON         0x1fffc26c       0x22 .\CortexM3\ARM_GCC_541\Debug\Z80_3Pin.a(USBUART_descr.o)
                0x1fffc26c                USBUART_idSerialNumberStringDescriptor
                0x1fffc290                . = ALIGN (0x8)
 *fill*         0x1fffc28e        0x2 
 *(.ram.b)
                0x1fffc290                _end = .
                0x1fffc290                __end = .
                0x1fffc290                PROVIDE (end, .)
                0x1fffc290                PROVIDE (__bss_end__, .)
                0x00004f10                __cy_region_init_ram = LOADADDR (.data)
                0x00000098                __cy_region_init_size_ram = (_edata - ADDR (.data))
                0x00000130                __cy_region_zero_size_ram = (_end - _edata)

.heap           0x1fffc290       0x80 load address 0x00004fa8
                0x1fffc290                . = _end
                0x1fffc310                . = (. + 0x80)
 *fill*         0x1fffc290       0x80 
                0x1fffc310                __cy_heap_limit = .

.stack          0x20003800      0x800
                0x20003800                __cy_stack_limit = .
                0x20004000                . = (. + 0x800)
 *fill*         0x20003800      0x800 
                0x00000001                ASSERT ((__cy_stack_limit >= __cy_heap_limit), region RAM overflowed with stack)
                0x00000000                cy_checksum_exclude_size = (CY_APPL_LOADABLE == 0x1)?SIZEOF (.cy_checksum_exclude):0x0
                0x00000001                ASSERT ((cy_checksum_exclude_size <= CY_CHECKSUM_EXCLUDE_SIZE), CY_BOOT: Section .cy_checksum_exclude size exceedes specified limit.)

.cyloadermeta
 *(.cyloadermeta)

.cyloadablemeta
 *(.cyloadablemeta)

.cyconfigecc    0x80000000      0x7d8
 *(.cyconfigecc)
 .cyconfigecc   0x80000000      0x7d8 .\CortexM3\ARM_GCC_541\Debug\cymetadata.o
                0x80000000                cy_meta_configecc

.cycustnvl      0x90000000        0x4
 *(.cycustnvl)
 .cycustnvl     0x90000000        0x4 .\CortexM3\ARM_GCC_541\Debug\cymetadata.o
                0x90000000                cy_meta_custnvl

.cywolatch      0x90100000        0x4
 *(.cywolatch)
 .cywolatch     0x90100000        0x4 .\CortexM3\ARM_GCC_541\Debug\cymetadata.o
                0x90100000                cy_meta_wonvl

.cyeeprom       0x90200000        0x0
 *(.cyeeprom)
                0x00000001                ASSERT ((. <= ((0x90200000 + ee_offset) + ee_size)), .cyeeprom data will not fit in EEPROM)

.cyflashprotect
                0x90400000       0x80
 *(.cyflashprotect)
 .cyflashprotect
                0x90400000       0x80 .\CortexM3\ARM_GCC_541\Debug\cymetadata.o
                0x90400000                cy_meta_flashprotect

.cymeta         0x90500000        0xc
 *(.cymeta)
 .cymeta        0x90500000        0xc .\CortexM3\ARM_GCC_541\Debug\cymetadata.o
                0x90500000                cy_metadata

.rel.dyn        0x00004fa8        0x0 load address 0x9050000c
 .rel.iplt      0x00004fa8        0x0 c:/program files (x86)/cypress/psoc creator/4.2/psoc creator/import/gnu/arm/5.4.1/bin/../lib/gcc/arm-none-eabi/5.4.1/armv7-m/crtbegin.o

.stab
 *(.stab)

.stabstr
 *(.stabstr)

.debug
 *(.debug)

.line
 *(.line)

.debug_srcinfo
 *(.debug_srcinfo)

.debug_sfnames
 *(.debug_sfnames)

.debug_aranges  0x00000000      0xe40
 *(.debug_aranges)
 .debug_aranges
                0x00000000       0x28 .\CortexM3\ARM_GCC_541\Debug\main.o
 .debug_aranges
                0x00000028       0x40 .\CortexM3\ARM_GCC_541\Debug\ExtSRAM.o
 .debug_aranges
                0x00000068       0x68 .\CortexM3\ARM_GCC_541\Debug\FrontPanel.o
 .debug_aranges
                0x000000d0       0x18 .\CortexM3\ARM_GCC_541\Debug\Z80_SIO_emul.o
 .debug_aranges
                0x000000e8       0x30 .\CortexM3\ARM_GCC_541\Debug\Z80_IO_Handle.o
 .debug_aranges
                0x00000118       0x48 .\CortexM3\ARM_GCC_541\Debug\Z80_PIO_emul.o
 .debug_aranges
                0x00000160       0x58 .\CortexM3\ARM_GCC_541\Debug\Z80_6850_Emul.o
 .debug_aranges
                0x000001b8       0x58 .\CortexM3\ARM_GCC_541\Debug\Z80_SDCard_Emul.o
 .debug_aranges
                0x00000210       0x18 .\CortexM3\ARM_GCC_541\Debug\GS_FPGA_CPM_BASIC.o
 .debug_aranges
                0x00000228       0x58 .\CortexM3\ARM_GCC_541\Debug\Z80_6850_2_Emul.o
 .debug_aranges
                0x00000280       0x28 .\CortexM3\ARM_GCC_541\Debug\Z80_Mem_Mappers.o
 .debug_aranges
                0x000002a8       0x58 .\CortexM3\ARM_GCC_541\Debug\cyfitter_cfg.o
 .debug_aranges
                0x00000300       0x18 .\CortexM3\ARM_GCC_541\Debug\cymetadata.o
 .debug_aranges
                0x00000318       0x48 .\CortexM3\ARM_GCC_541\Debug\Cm3Start.o
 .debug_aranges
                0x00000360      0x2a0 .\CortexM3\ARM_GCC_541\Debug\Z80_3Pin.a(CyLib.o)
 .debug_aranges
                0x00000600       0x98 .\CortexM3\ARM_GCC_541\Debug\Z80_3Pin.a(cyPm.o)
 .debug_aranges
                0x00000698       0x40 .\CortexM3\ARM_GCC_541\Debug\Z80_3Pin.a(AdrLowIn.o)
 .debug_aranges
                0x000006d8       0x28 .\CortexM3\ARM_GCC_541\Debug\Z80_3Pin.a(IO_Ctrl_Reg.o)
 .debug_aranges
                0x00000700       0x40 .\CortexM3\ARM_GCC_541\Debug\Z80_3Pin.a(IO_Stat_Reg.o)
 .debug_aranges
                0x00000740       0x28 .\CortexM3\ARM_GCC_541\Debug\Z80_3Pin.a(Z80_Data_In.o)
 .debug_aranges
                0x00000768       0x40 .\CortexM3\ARM_GCC_541\Debug\Z80_3Pin.a(Z80_Data_Out.o)
 .debug_aranges
                0x000007a8       0x28 .\CortexM3\ARM_GCC_541\Debug\Z80_3Pin.a(BankBaseAdr.o)
 .debug_aranges
                0x000007d0       0x28 .\CortexM3\ARM_GCC_541\Debug\Z80_3Pin.a(BankMask.o)
 .debug_aranges
                0x000007f8       0x28 .\CortexM3\ARM_GCC_541\Debug\Z80_3Pin.a(AdrHighOut.o)
 .debug_aranges
                0x00000820       0x38 .\CortexM3\ARM_GCC_541\Debug\Z80_3Pin.a(I2C.o)
 .debug_aranges
                0x00000858       0x20 .\CortexM3\ARM_GCC_541\Debug\Z80_3Pin.a(I2C_INT.o)
 .debug_aranges
                0x00000878       0x38 .\CortexM3\ARM_GCC_541\Debug\Z80_3Pin.a(I2C_PM.o)
 .debug_aranges
                0x000008b0       0x80 .\CortexM3\ARM_GCC_541\Debug\Z80_3Pin.a(I2C_MASTER.o)
 .debug_aranges
                0x00000930       0xc8 .\CortexM3\ARM_GCC_541\Debug\Z80_3Pin.a(USBUART.o)
 .debug_aranges
                0x000009f8       0xe8 .\CortexM3\ARM_GCC_541\Debug\Z80_3Pin.a(USBUART_cdc.o)
 .debug_aranges
                0x00000ae0       0x98 .\CortexM3\ARM_GCC_541\Debug\Z80_3Pin.a(USBUART_drv.o)
 .debug_aranges
                0x00000b78       0x40 .\CortexM3\ARM_GCC_541\Debug\Z80_3Pin.a(USBUART_episr.o)
 .debug_aranges
                0x00000bb8       0x40 .\CortexM3\ARM_GCC_541\Debug\Z80_3Pin.a(USBUART_pm.o)
 .debug_aranges
                0x00000bf8       0x80 .\CortexM3\ARM_GCC_541\Debug\Z80_3Pin.a(USBUART_std.o)
 .debug_aranges
                0x00000c78       0x20 .\CortexM3\ARM_GCC_541\Debug\Z80_3Pin.a(USBUART_vnd.o)
 .debug_aranges
                0x00000c98       0x48 .\CortexM3\ARM_GCC_541\Debug\Z80_3Pin.a(USBUART_Dp.o)
 .debug_aranges
                0x00000ce0       0x20 .\CortexM3\ARM_GCC_541\Debug\Z80_3Pin.a(CyBootAsmGnu.o)
 .debug_aranges
                0x00000d00       0x88 .\CortexM3\ARM_GCC_541\Debug\Z80_3Pin.a(CyFlash.o)
 .debug_aranges
                0x00000d88       0x80 .\CortexM3\ARM_GCC_541\Debug\Z80_3Pin.a(CySpc.o)
 .debug_aranges
                0x00000e08       0x20 .\CortexM3\ARM_GCC_541\Debug\Z80_3Pin.a(USBUART_cls.o)
 .debug_aranges
                0x00000e28       0x18 .\CortexM3\ARM_GCC_541\Debug\Z80_3Pin.a(USBUART_descr.o)

.debug_pubnames
 *(.debug_pubnames)

.debug_info     0x00000000     0x9a07
 *(.debug_info .gnu.linkonce.wi.*)
 .debug_info    0x00000000      0x435 .\CortexM3\ARM_GCC_541\Debug\main.o
 .debug_info    0x00000435      0x29b .\CortexM3\ARM_GCC_541\Debug\ExtSRAM.o
 .debug_info    0x000006d0      0x8f8 .\CortexM3\ARM_GCC_541\Debug\FrontPanel.o
 .debug_info    0x00000fc8       0xae .\CortexM3\ARM_GCC_541\Debug\Z80_SIO_emul.o
 .debug_info    0x00001076      0x382 .\CortexM3\ARM_GCC_541\Debug\Z80_IO_Handle.o
 .debug_info    0x000013f8      0x1b5 .\CortexM3\ARM_GCC_541\Debug\Z80_PIO_emul.o
 .debug_info    0x000015ad      0x2f3 .\CortexM3\ARM_GCC_541\Debug\Z80_6850_Emul.o
 .debug_info    0x000018a0      0x299 .\CortexM3\ARM_GCC_541\Debug\Z80_SDCard_Emul.o
 .debug_info    0x00001b39       0xac .\CortexM3\ARM_GCC_541\Debug\GS_FPGA_CPM_BASIC.o
 .debug_info    0x00001be5      0x222 .\CortexM3\ARM_GCC_541\Debug\Z80_6850_2_Emul.o
 .debug_info    0x00001e07      0x160 .\CortexM3\ARM_GCC_541\Debug\Z80_Mem_Mappers.o
 .debug_info    0x00001f67      0x6aa .\CortexM3\ARM_GCC_541\Debug\cyfitter_cfg.o
 .debug_info    0x00002611      0x139 .\CortexM3\ARM_GCC_541\Debug\cymetadata.o
 .debug_info    0x0000274a      0x3bb .\CortexM3\ARM_GCC_541\Debug\Cm3Start.o
 .debug_info    0x00002b05     0x1374 .\CortexM3\ARM_GCC_541\Debug\Z80_3Pin.a(CyLib.o)
 .debug_info    0x00003e79      0xa2a .\CortexM3\ARM_GCC_541\Debug\Z80_3Pin.a(cyPm.o)
 .debug_info    0x000048a3      0x17d .\CortexM3\ARM_GCC_541\Debug\Z80_3Pin.a(AdrLowIn.o)
 .debug_info    0x00004a20       0xd6 .\CortexM3\ARM_GCC_541\Debug\Z80_3Pin.a(IO_Ctrl_Reg.o)
 .debug_info    0x00004af6      0x17f .\CortexM3\ARM_GCC_541\Debug\Z80_3Pin.a(IO_Stat_Reg.o)
 .debug_info    0x00004c75       0xd6 .\CortexM3\ARM_GCC_541\Debug\Z80_3Pin.a(Z80_Data_In.o)
 .debug_info    0x00004d4b      0x17d .\CortexM3\ARM_GCC_541\Debug\Z80_3Pin.a(Z80_Data_Out.o)
 .debug_info    0x00004ec8       0xd6 .\CortexM3\ARM_GCC_541\Debug\Z80_3Pin.a(BankBaseAdr.o)
 .debug_info    0x00004f9e       0xd6 .\CortexM3\ARM_GCC_541\Debug\Z80_3Pin.a(BankMask.o)
 .debug_info    0x00005074       0xd6 .\CortexM3\ARM_GCC_541\Debug\Z80_3Pin.a(AdrHighOut.o)
 .debug_info    0x0000514a      0x2ab .\CortexM3\ARM_GCC_541\Debug\Z80_3Pin.a(I2C.o)
 .debug_info    0x000053f5      0x184 .\CortexM3\ARM_GCC_541\Debug\Z80_3Pin.a(I2C_INT.o)
 .debug_info    0x00005579      0x207 .\CortexM3\ARM_GCC_541\Debug\Z80_3Pin.a(I2C_PM.o)
 .debug_info    0x00005780      0x407 .\CortexM3\ARM_GCC_541\Debug\Z80_3Pin.a(I2C_MASTER.o)
 .debug_info    0x00005b87      0x995 .\CortexM3\ARM_GCC_541\Debug\Z80_3Pin.a(USBUART.o)
 .debug_info    0x0000651c      0xaf7 .\CortexM3\ARM_GCC_541\Debug\Z80_3Pin.a(USBUART_cdc.o)
 .debug_info    0x00007013      0x655 .\CortexM3\ARM_GCC_541\Debug\Z80_3Pin.a(USBUART_drv.o)
 .debug_info    0x00007668      0x254 .\CortexM3\ARM_GCC_541\Debug\Z80_3Pin.a(USBUART_episr.o)
 .debug_info    0x000078bc      0x2e4 .\CortexM3\ARM_GCC_541\Debug\Z80_3Pin.a(USBUART_pm.o)
 .debug_info    0x00007ba0      0xb26 .\CortexM3\ARM_GCC_541\Debug\Z80_3Pin.a(USBUART_std.o)
 .debug_info    0x000086c6       0xed .\CortexM3\ARM_GCC_541\Debug\Z80_3Pin.a(USBUART_vnd.o)
 .debug_info    0x000087b3      0x174 .\CortexM3\ARM_GCC_541\Debug\Z80_3Pin.a(USBUART_Dp.o)
 .debug_info    0x00008927       0xc2 .\CortexM3\ARM_GCC_541\Debug\Z80_3Pin.a(CyBootAsmGnu.o)
 .debug_info    0x000089e9      0x64d .\CortexM3\ARM_GCC_541\Debug\Z80_3Pin.a(CyFlash.o)
 .debug_info    0x00009036      0x550 .\CortexM3\ARM_GCC_541\Debug\Z80_3Pin.a(CySpc.o)
 .debug_info    0x00009586      0x1de .\CortexM3\ARM_GCC_541\Debug\Z80_3Pin.a(USBUART_cls.o)
 .debug_info    0x00009764      0x2a3 .\CortexM3\ARM_GCC_541\Debug\Z80_3Pin.a(USBUART_descr.o)

.debug_abbrev   0x00000000     0x2a5b
 *(.debug_abbrev)
 .debug_abbrev  0x00000000      0x148 .\CortexM3\ARM_GCC_541\Debug\main.o
 .debug_abbrev  0x00000148      0x114 .\CortexM3\ARM_GCC_541\Debug\ExtSRAM.o
 .debug_abbrev  0x0000025c      0x185 .\CortexM3\ARM_GCC_541\Debug\FrontPanel.o
 .debug_abbrev  0x000003e1       0x4b .\CortexM3\ARM_GCC_541\Debug\Z80_SIO_emul.o
 .debug_abbrev  0x0000042c       0xd4 .\CortexM3\ARM_GCC_541\Debug\Z80_IO_Handle.o
 .debug_abbrev  0x00000500       0x85 .\CortexM3\ARM_GCC_541\Debug\Z80_PIO_emul.o
 .debug_abbrev  0x00000585      0x12b .\CortexM3\ARM_GCC_541\Debug\Z80_6850_Emul.o
 .debug_abbrev  0x000006b0       0xbb .\CortexM3\ARM_GCC_541\Debug\Z80_SDCard_Emul.o
 .debug_abbrev  0x0000076b       0x56 .\CortexM3\ARM_GCC_541\Debug\GS_FPGA_CPM_BASIC.o
 .debug_abbrev  0x000007c1       0xe4 .\CortexM3\ARM_GCC_541\Debug\Z80_6850_2_Emul.o
 .debug_abbrev  0x000008a5       0xa9 .\CortexM3\ARM_GCC_541\Debug\Z80_Mem_Mappers.o
 .debug_abbrev  0x0000094e      0x20d .\CortexM3\ARM_GCC_541\Debug\cyfitter_cfg.o
 .debug_abbrev  0x00000b5b       0x77 .\CortexM3\ARM_GCC_541\Debug\cymetadata.o
 .debug_abbrev  0x00000bd2      0x1e8 .\CortexM3\ARM_GCC_541\Debug\Cm3Start.o
 .debug_abbrev  0x00000dba      0x254 .\CortexM3\ARM_GCC_541\Debug\Z80_3Pin.a(CyLib.o)
 .debug_abbrev  0x0000100e      0x1ab .\CortexM3\ARM_GCC_541\Debug\Z80_3Pin.a(cyPm.o)
 .debug_abbrev  0x000011b9       0xac .\CortexM3\ARM_GCC_541\Debug\Z80_3Pin.a(AdrLowIn.o)
 .debug_abbrev  0x00001265       0x81 .\CortexM3\ARM_GCC_541\Debug\Z80_3Pin.a(IO_Ctrl_Reg.o)
 .debug_abbrev  0x000012e6       0xac .\CortexM3\ARM_GCC_541\Debug\Z80_3Pin.a(IO_Stat_Reg.o)
 .debug_abbrev  0x00001392       0x81 .\CortexM3\ARM_GCC_541\Debug\Z80_3Pin.a(Z80_Data_In.o)
 .debug_abbrev  0x00001413       0xac .\CortexM3\ARM_GCC_541\Debug\Z80_3Pin.a(Z80_Data_Out.o)
 .debug_abbrev  0x000014bf       0x81 .\CortexM3\ARM_GCC_541\Debug\Z80_3Pin.a(BankBaseAdr.o)
 .debug_abbrev  0x00001540       0x81 .\CortexM3\ARM_GCC_541\Debug\Z80_3Pin.a(BankMask.o)
 .debug_abbrev  0x000015c1       0x81 .\CortexM3\ARM_GCC_541\Debug\Z80_3Pin.a(AdrHighOut.o)
 .debug_abbrev  0x00001642      0x10a .\CortexM3\ARM_GCC_541\Debug\Z80_3Pin.a(I2C.o)
 .debug_abbrev  0x0000174c       0xb6 .\CortexM3\ARM_GCC_541\Debug\Z80_3Pin.a(I2C_INT.o)
 .debug_abbrev  0x00001802       0xfe .\CortexM3\ARM_GCC_541\Debug\Z80_3Pin.a(I2C_PM.o)
 .debug_abbrev  0x00001900      0x13c .\CortexM3\ARM_GCC_541\Debug\Z80_3Pin.a(I2C_MASTER.o)
 .debug_abbrev  0x00001a3c      0x215 .\CortexM3\ARM_GCC_541\Debug\Z80_3Pin.a(USBUART.o)
 .debug_abbrev  0x00001c51      0x245 .\CortexM3\ARM_GCC_541\Debug\Z80_3Pin.a(USBUART_cdc.o)
 .debug_abbrev  0x00001e96      0x189 .\CortexM3\ARM_GCC_541\Debug\Z80_3Pin.a(USBUART_drv.o)
 .debug_abbrev  0x0000201f      0x11b .\CortexM3\ARM_GCC_541\Debug\Z80_3Pin.a(USBUART_episr.o)
 .debug_abbrev  0x0000213a      0x108 .\CortexM3\ARM_GCC_541\Debug\Z80_3Pin.a(USBUART_pm.o)
 .debug_abbrev  0x00002242      0x20a .\CortexM3\ARM_GCC_541\Debug\Z80_3Pin.a(USBUART_std.o)
 .debug_abbrev  0x0000244c       0x9b .\CortexM3\ARM_GCC_541\Debug\Z80_3Pin.a(USBUART_vnd.o)
 .debug_abbrev  0x000024e7       0x90 .\CortexM3\ARM_GCC_541\Debug\Z80_3Pin.a(USBUART_Dp.o)
 .debug_abbrev  0x00002577       0x14 .\CortexM3\ARM_GCC_541\Debug\Z80_3Pin.a(CyBootAsmGnu.o)
 .debug_abbrev  0x0000258b      0x1a7 .\CortexM3\ARM_GCC_541\Debug\Z80_3Pin.a(CyFlash.o)
 .debug_abbrev  0x00002732      0x194 .\CortexM3\ARM_GCC_541\Debug\Z80_3Pin.a(CySpc.o)
 .debug_abbrev  0x000028c6       0xe1 .\CortexM3\ARM_GCC_541\Debug\Z80_3Pin.a(USBUART_cls.o)
 .debug_abbrev  0x000029a7       0xb4 .\CortexM3\ARM_GCC_541\Debug\Z80_3Pin.a(USBUART_descr.o)

.debug_line     0x00000000     0x447a
 *(.debug_line)
 .debug_line    0x00000000      0x215 .\CortexM3\ARM_GCC_541\Debug\main.o
 .debug_line    0x00000215      0x244 .\CortexM3\ARM_GCC_541\Debug\ExtSRAM.o
 .debug_line    0x00000459      0x355 .\CortexM3\ARM_GCC_541\Debug\FrontPanel.o
 .debug_line    0x000007ae        0x0 .\CortexM3\ARM_GCC_541\Debug\GS_9_MON_BASIC_ROM.o
 .debug_line    0x000007ae      0x13f .\CortexM3\ARM_GCC_541\Debug\Z80_SIO_emul.o
 .debug_line    0x000008ed      0x276 .\CortexM3\ARM_GCC_541\Debug\Z80_IO_Handle.o
 .debug_line    0x00000b63      0x1b8 .\CortexM3\ARM_GCC_541\Debug\Z80_PIO_emul.o
 .debug_line    0x00000d1b        0x0 .\CortexM3\ARM_GCC_541\Debug\GS_7_BASIC_ROM.o
 .debug_line    0x00000d1b      0x250 .\CortexM3\ARM_GCC_541\Debug\Z80_6850_Emul.o
 .debug_line    0x00000f6b      0x22a .\CortexM3\ARM_GCC_541\Debug\Z80_SDCard_Emul.o
 .debug_line    0x00001195       0x34 .\CortexM3\ARM_GCC_541\Debug\GS_FPGA_CPM_BASIC.o
 .debug_line    0x000011c9      0x220 .\CortexM3\ARM_GCC_541\Debug\Z80_6850_2_Emul.o
 .debug_line    0x000013e9      0x1b9 .\CortexM3\ARM_GCC_541\Debug\Z80_Mem_Mappers.o
 .debug_line    0x000015a2      0x21c .\CortexM3\ARM_GCC_541\Debug\cyfitter_cfg.o
 .debug_line    0x000017be      0x141 .\CortexM3\ARM_GCC_541\Debug\cymetadata.o
 .debug_line    0x000018ff      0x234 .\CortexM3\ARM_GCC_541\Debug\Cm3Start.o
 .debug_line    0x00001b33      0x816 .\CortexM3\ARM_GCC_541\Debug\Z80_3Pin.a(CyLib.o)
 .debug_line    0x00002349      0x367 .\CortexM3\ARM_GCC_541\Debug\Z80_3Pin.a(cyPm.o)
 .debug_line    0x000026b0       0xb3 .\CortexM3\ARM_GCC_541\Debug\Z80_3Pin.a(AdrLowIn.o)
 .debug_line    0x00002763       0x73 .\CortexM3\ARM_GCC_541\Debug\Z80_3Pin.a(IO_Ctrl_Reg.o)
 .debug_line    0x000027d6       0xb7 .\CortexM3\ARM_GCC_541\Debug\Z80_3Pin.a(IO_Stat_Reg.o)
 .debug_line    0x0000288d       0x73 .\CortexM3\ARM_GCC_541\Debug\Z80_3Pin.a(Z80_Data_In.o)
 .debug_line    0x00002900       0xb7 .\CortexM3\ARM_GCC_541\Debug\Z80_3Pin.a(Z80_Data_Out.o)
 .debug_line    0x000029b7       0x73 .\CortexM3\ARM_GCC_541\Debug\Z80_3Pin.a(BankBaseAdr.o)
 .debug_line    0x00002a2a       0x70 .\CortexM3\ARM_GCC_541\Debug\Z80_3Pin.a(BankMask.o)
 .debug_line    0x00002a9a       0x72 .\CortexM3\ARM_GCC_541\Debug\Z80_3Pin.a(AdrHighOut.o)
 .debug_line    0x00002b0c       0xd9 .\CortexM3\ARM_GCC_541\Debug\Z80_3Pin.a(I2C.o)
 .debug_line    0x00002be5      0x114 .\CortexM3\ARM_GCC_541\Debug\Z80_3Pin.a(I2C_INT.o)
 .debug_line    0x00002cf9       0xbb .\CortexM3\ARM_GCC_541\Debug\Z80_3Pin.a(I2C_PM.o)
 .debug_line    0x00002db4      0x1fd .\CortexM3\ARM_GCC_541\Debug\Z80_3Pin.a(I2C_MASTER.o)
 .debug_line    0x00002fb1      0x2dc .\CortexM3\ARM_GCC_541\Debug\Z80_3Pin.a(USBUART.o)
 .debug_line    0x0000328d      0x2f2 .\CortexM3\ARM_GCC_541\Debug\Z80_3Pin.a(USBUART_cdc.o)
 .debug_line    0x0000357f      0x221 .\CortexM3\ARM_GCC_541\Debug\Z80_3Pin.a(USBUART_drv.o)
 .debug_line    0x000037a0       0xe6 .\CortexM3\ARM_GCC_541\Debug\Z80_3Pin.a(USBUART_episr.o)
 .debug_line    0x00003886      0x10e .\CortexM3\ARM_GCC_541\Debug\Z80_3Pin.a(USBUART_pm.o)
 .debug_line    0x00003994      0x3e2 .\CortexM3\ARM_GCC_541\Debug\Z80_3Pin.a(USBUART_std.o)
 .debug_line    0x00003d76       0x73 .\CortexM3\ARM_GCC_541\Debug\Z80_3Pin.a(USBUART_vnd.o)
 .debug_line    0x00003de9       0xbb .\CortexM3\ARM_GCC_541\Debug\Z80_3Pin.a(USBUART_Dp.o)
 .debug_line    0x00003ea4       0x66 .\CortexM3\ARM_GCC_541\Debug\Z80_3Pin.a(CyBootAsmGnu.o)
 .debug_line    0x00003f0a      0x21a .\CortexM3\ARM_GCC_541\Debug\Z80_3Pin.a(CyFlash.o)
 .debug_line    0x00004124      0x260 .\CortexM3\ARM_GCC_541\Debug\Z80_3Pin.a(CySpc.o)
 .debug_line    0x00004384       0x95 .\CortexM3\ARM_GCC_541\Debug\Z80_3Pin.a(USBUART_cls.o)
 .debug_line    0x00004419       0x61 .\CortexM3\ARM_GCC_541\Debug\Z80_3Pin.a(USBUART_descr.o)

.debug_frame    0x00000000     0x225c
 *(.debug_frame)
 .debug_frame   0x00000000       0x4c .\CortexM3\ARM_GCC_541\Debug\main.o
 .debug_frame   0x0000004c       0x9c .\CortexM3\ARM_GCC_541\Debug\ExtSRAM.o
 .debug_frame   0x000000e8      0x13c .\CortexM3\ARM_GCC_541\Debug\FrontPanel.o
 .debug_frame   0x00000224       0x68 .\CortexM3\ARM_GCC_541\Debug\Z80_IO_Handle.o
 .debug_frame   0x0000028c       0x70 .\CortexM3\ARM_GCC_541\Debug\Z80_PIO_emul.o
 .debug_frame   0x000002fc       0xd8 .\CortexM3\ARM_GCC_541\Debug\Z80_6850_Emul.o
 .debug_frame   0x000003d4       0xe4 .\CortexM3\ARM_GCC_541\Debug\Z80_SDCard_Emul.o
 .debug_frame   0x000004b8       0xcc .\CortexM3\ARM_GCC_541\Debug\Z80_6850_2_Emul.o
 .debug_frame   0x00000584       0x48 .\CortexM3\ARM_GCC_541\Debug\Z80_Mem_Mappers.o
 .debug_frame   0x000005cc       0xe4 .\CortexM3\ARM_GCC_541\Debug\cyfitter_cfg.o
 .debug_frame   0x000006b0       0xb8 .\CortexM3\ARM_GCC_541\Debug\Cm3Start.o
 .debug_frame   0x00000768      0x738 .\CortexM3\ARM_GCC_541\Debug\Z80_3Pin.a(CyLib.o)
 .debug_frame   0x00000ea0      0x1f8 .\CortexM3\ARM_GCC_541\Debug\Z80_3Pin.a(cyPm.o)
 .debug_frame   0x00001098       0x78 .\CortexM3\ARM_GCC_541\Debug\Z80_3Pin.a(AdrLowIn.o)
 .debug_frame   0x00001110       0x30 .\CortexM3\ARM_GCC_541\Debug\Z80_3Pin.a(IO_Ctrl_Reg.o)
 .debug_frame   0x00001140       0x78 .\CortexM3\ARM_GCC_541\Debug\Z80_3Pin.a(IO_Stat_Reg.o)
 .debug_frame   0x000011b8       0x30 .\CortexM3\ARM_GCC_541\Debug\Z80_3Pin.a(Z80_Data_In.o)
 .debug_frame   0x000011e8       0x78 .\CortexM3\ARM_GCC_541\Debug\Z80_3Pin.a(Z80_Data_Out.o)
 .debug_frame   0x00001260       0x30 .\CortexM3\ARM_GCC_541\Debug\Z80_3Pin.a(BankBaseAdr.o)
 .debug_frame   0x00001290       0x30 .\CortexM3\ARM_GCC_541\Debug\Z80_3Pin.a(BankMask.o)
 .debug_frame   0x000012c0       0x30 .\CortexM3\ARM_GCC_541\Debug\Z80_3Pin.a(AdrHighOut.o)
 .debug_frame   0x000012f0       0x90 .\CortexM3\ARM_GCC_541\Debug\Z80_3Pin.a(I2C.o)
 .debug_frame   0x00001380       0x30 .\CortexM3\ARM_GCC_541\Debug\Z80_3Pin.a(I2C_INT.o)
 .debug_frame   0x000013b0       0x74 .\CortexM3\ARM_GCC_541\Debug\Z80_3Pin.a(I2C_PM.o)
 .debug_frame   0x00001424      0x138 .\CortexM3\ARM_GCC_541\Debug\Z80_3Pin.a(I2C_MASTER.o)
 .debug_frame   0x0000155c      0x1dc .\CortexM3\ARM_GCC_541\Debug\Z80_3Pin.a(USBUART.o)
 .debug_frame   0x00001738      0x27c .\CortexM3\ARM_GCC_541\Debug\Z80_3Pin.a(USBUART_cdc.o)
 .debug_frame   0x000019b4      0x194 .\CortexM3\ARM_GCC_541\Debug\Z80_3Pin.a(USBUART_drv.o)
 .debug_frame   0x00001b48       0x6c .\CortexM3\ARM_GCC_541\Debug\Z80_3Pin.a(USBUART_episr.o)
 .debug_frame   0x00001bb4       0xa0 .\CortexM3\ARM_GCC_541\Debug\Z80_3Pin.a(USBUART_pm.o)
 .debug_frame   0x00001c54      0x17c .\CortexM3\ARM_GCC_541\Debug\Z80_3Pin.a(USBUART_std.o)
 .debug_frame   0x00001dd0       0x20 .\CortexM3\ARM_GCC_541\Debug\Z80_3Pin.a(USBUART_vnd.o)
 .debug_frame   0x00001df0       0x70 .\CortexM3\ARM_GCC_541\Debug\Z80_3Pin.a(USBUART_Dp.o)
 .debug_frame   0x00001e60      0x194 .\CortexM3\ARM_GCC_541\Debug\Z80_3Pin.a(CyFlash.o)
 .debug_frame   0x00001ff4      0x180 .\CortexM3\ARM_GCC_541\Debug\Z80_3Pin.a(CySpc.o)
 .debug_frame   0x00002174       0x2c .\CortexM3\ARM_GCC_541\Debug\Z80_3Pin.a(USBUART_cls.o)
 .debug_frame   0x000021a0       0x20 c:/program files (x86)/cypress/psoc creator/4.2/psoc creator/import/gnu/arm/5.4.1/bin/../lib/gcc/arm-none-eabi/5.4.1/../../../../arm-none-eabi/lib/armv7-m\libg_nano.a(lib_a-errno.o)
 .debug_frame   0x000021c0       0x28 c:/program files (x86)/cypress/psoc creator/4.2/psoc creator/import/gnu/arm/5.4.1/bin/../lib/gcc/arm-none-eabi/5.4.1/../../../../arm-none-eabi/lib/armv7-m\libg_nano.a(lib_a-exit.o)
 .debug_frame   0x000021e8       0x2c c:/program files (x86)/cypress/psoc creator/4.2/psoc creator/import/gnu/arm/5.4.1/bin/../lib/gcc/arm-none-eabi/5.4.1/../../../../arm-none-eabi/lib/armv7-m\libg_nano.a(lib_a-init.o)
 .debug_frame   0x00002214       0x28 c:/program files (x86)/cypress/psoc creator/4.2/psoc creator/import/gnu/arm/5.4.1/bin/../lib/gcc/arm-none-eabi/5.4.1/../../../../arm-none-eabi/lib/armv7-m\libg_nano.a(lib_a-memcpy-stub.o)
 .debug_frame   0x0000223c       0x20 c:/program files (x86)/cypress/psoc creator/4.2/psoc creator/import/gnu/arm/5.4.1/bin/../lib/gcc/arm-none-eabi/5.4.1/../../../../arm-none-eabi/lib/armv7-m\libg_nano.a(lib_a-memset.o)

.debug_str      0x00000000     0x3226
 *(.debug_str)
 .debug_str     0x00000000      0x324 .\CortexM3\ARM_GCC_541\Debug\main.o
                                0x36c (size before relaxing)
 .debug_str     0x00000324       0x88 .\CortexM3\ARM_GCC_541\Debug\ExtSRAM.o
                                0x281 (size before relaxing)
 .debug_str     0x000003ac      0x24f .\CortexM3\ARM_GCC_541\Debug\FrontPanel.o
                                0x473 (size before relaxing)
 .debug_str     0x000005fb       0x15 .\CortexM3\ARM_GCC_541\Debug\GS_9_MON_BASIC_ROM.o
                                0x117 (size before relaxing)
 .debug_str     0x00000610        0xf .\CortexM3\ARM_GCC_541\Debug\Z80_SIO_emul.o
                                0x1db (size before relaxing)
 .debug_str     0x0000061f      0x14e .\CortexM3\ARM_GCC_541\Debug\Z80_IO_Handle.o
                                0x37a (size before relaxing)
 .debug_str     0x0000076d      0x123 .\CortexM3\ARM_GCC_541\Debug\Z80_PIO_emul.o
                                0x2f5 (size before relaxing)
 .debug_str     0x00000890       0x11 .\CortexM3\ARM_GCC_541\Debug\GS_7_BASIC_ROM.o
                                0x113 (size before relaxing)
 .debug_str     0x000008a1       0x6d .\CortexM3\ARM_GCC_541\Debug\Z80_6850_Emul.o
                                0x32a (size before relaxing)
 .debug_str     0x0000090e       0x6c .\CortexM3\ARM_GCC_541\Debug\Z80_SDCard_Emul.o
                                0x2c6 (size before relaxing)
 .debug_str     0x0000097a       0x4c .\CortexM3\ARM_GCC_541\Debug\GS_FPGA_CPM_BASIC.o
                                0x18c (size before relaxing)
 .debug_str     0x000009c6       0x8b .\CortexM3\ARM_GCC_541\Debug\Z80_6850_2_Emul.o
                                0x2f1 (size before relaxing)
 .debug_str     0x00000a51       0x53 .\CortexM3\ARM_GCC_541\Debug\Z80_Mem_Mappers.o
                                0x235 (size before relaxing)
 .debug_str     0x00000aa4      0x1a7 .\CortexM3\ARM_GCC_541\Debug\cyfitter_cfg.o
                                0x380 (size before relaxing)
 .debug_str     0x00000c4b       0x7f .\CortexM3\ARM_GCC_541\Debug\cymetadata.o
                                0x216 (size before relaxing)
 .debug_str     0x00000cca      0x144 .\CortexM3\ARM_GCC_541\Debug\Cm3Start.o
                                0x33c (size before relaxing)
 .debug_str     0x00000e0e      0x83f .\CortexM3\ARM_GCC_541\Debug\Z80_3Pin.a(CyLib.o)
                                0xa79 (size before relaxing)
 .debug_str     0x0000164d      0x365 .\CortexM3\ARM_GCC_541\Debug\Z80_3Pin.a(cyPm.o)
                                0x765 (size before relaxing)
 .debug_str     0x000019b2       0x7a .\CortexM3\ARM_GCC_541\Debug\Z80_3Pin.a(AdrLowIn.o)
                                0x281 (size before relaxing)
 .debug_str     0x00001a2c       0x2d .\CortexM3\ARM_GCC_541\Debug\Z80_3Pin.a(IO_Ctrl_Reg.o)
                                0x1f3 (size before relaxing)
 .debug_str     0x00001a59       0x89 .\CortexM3\ARM_GCC_541\Debug\Z80_3Pin.a(IO_Stat_Reg.o)
                                0x293 (size before relaxing)
 .debug_str     0x00001ae2       0x36 .\CortexM3\ARM_GCC_541\Debug\Z80_3Pin.a(Z80_Data_In.o)
                                0x1f3 (size before relaxing)
 .debug_str     0x00001b18       0x8e .\CortexM3\ARM_GCC_541\Debug\Z80_3Pin.a(Z80_Data_Out.o)
                                0x299 (size before relaxing)
 .debug_str     0x00001ba6       0x36 .\CortexM3\ARM_GCC_541\Debug\Z80_3Pin.a(BankBaseAdr.o)
                                0x1f3 (size before relaxing)
 .debug_str     0x00001bdc       0x30 .\CortexM3\ARM_GCC_541\Debug\Z80_3Pin.a(BankMask.o)
                                0x1ea (size before relaxing)
 .debug_str     0x00001c0c       0x34 .\CortexM3\ARM_GCC_541\Debug\Z80_3Pin.a(AdrHighOut.o)
                                0x1f0 (size before relaxing)
 .debug_str     0x00001c40       0xd4 .\CortexM3\ARM_GCC_541\Debug\Z80_3Pin.a(I2C.o)
                                0x313 (size before relaxing)
 .debug_str     0x00001d14       0x86 .\CortexM3\ARM_GCC_541\Debug\Z80_3Pin.a(I2C_INT.o)
                                0x291 (size before relaxing)
 .debug_str     0x00001d9a       0x56 .\CortexM3\ARM_GCC_541\Debug\Z80_3Pin.a(I2C_PM.o)
                                0x2af (size before relaxing)
 .debug_str     0x00001df0       0xe8 .\CortexM3\ARM_GCC_541\Debug\Z80_3Pin.a(I2C_MASTER.o)
                                0x3d6 (size before relaxing)
 .debug_str     0x00001ed8      0x3f7 .\CortexM3\ARM_GCC_541\Debug\Z80_3Pin.a(USBUART.o)
                                0x69c (size before relaxing)
 .debug_str     0x000022cf      0x4d5 .\CortexM3\ARM_GCC_541\Debug\Z80_3Pin.a(USBUART_cdc.o)
                                0x803 (size before relaxing)
 .debug_str     0x000027a4      0x291 .\CortexM3\ARM_GCC_541\Debug\Z80_3Pin.a(USBUART_drv.o)
                                0x67a (size before relaxing)
 .debug_str     0x00002a35       0x80 .\CortexM3\ARM_GCC_541\Debug\Z80_3Pin.a(USBUART_episr.o)
                                0x311 (size before relaxing)
 .debug_str     0x00002ab5       0xc6 .\CortexM3\ARM_GCC_541\Debug\Z80_3Pin.a(USBUART_pm.o)
                                0x322 (size before relaxing)
 .debug_str     0x00002b7b      0x259 .\CortexM3\ARM_GCC_541\Debug\Z80_3Pin.a(USBUART_std.o)
                                0x7e9 (size before relaxing)
 .debug_str     0x00002dd4       0x25 .\CortexM3\ARM_GCC_541\Debug\Z80_3Pin.a(USBUART_vnd.o)
                                0x21f (size before relaxing)
 .debug_str     0x00002df9       0xa4 .\CortexM3\ARM_GCC_541\Debug\Z80_3Pin.a(USBUART_Dp.o)
                                0x273 (size before relaxing)
 .debug_str     0x00002e9d      0x1b4 .\CortexM3\ARM_GCC_541\Debug\Z80_3Pin.a(CyFlash.o)
                                0x3f2 (size before relaxing)
 .debug_str     0x00003051       0xac .\CortexM3\ARM_GCC_541\Debug\Z80_3Pin.a(CySpc.o)
                                0x36a (size before relaxing)
 .debug_str     0x000030fd       0x25 .\CortexM3\ARM_GCC_541\Debug\Z80_3Pin.a(USBUART_cls.o)
                                0x2de (size before relaxing)
 .debug_str     0x00003122      0x104 .\CortexM3\ARM_GCC_541\Debug\Z80_3Pin.a(USBUART_descr.o)
                                0x38b (size before relaxing)

.debug_loc      0x00000000     0x3b9d
 *(.debug_loc)
 .debug_loc     0x00000000       0xc8 .\CortexM3\ARM_GCC_541\Debug\main.o
 .debug_loc     0x000000c8       0xc2 .\CortexM3\ARM_GCC_541\Debug\ExtSRAM.o
 .debug_loc     0x0000018a      0x416 .\CortexM3\ARM_GCC_541\Debug\FrontPanel.o
 .debug_loc     0x000005a0       0x21 .\CortexM3\ARM_GCC_541\Debug\Z80_6850_Emul.o
 .debug_loc     0x000005c1      0x2b6 .\CortexM3\ARM_GCC_541\Debug\cyfitter_cfg.o
 .debug_loc     0x00000877      0x144 .\CortexM3\ARM_GCC_541\Debug\Cm3Start.o
 .debug_loc     0x000009bb      0xa11 .\CortexM3\ARM_GCC_541\Debug\Z80_3Pin.a(CyLib.o)
 .debug_loc     0x000013cc      0x1e4 .\CortexM3\ARM_GCC_541\Debug\Z80_3Pin.a(cyPm.o)
 .debug_loc     0x000015b0       0x26 .\CortexM3\ARM_GCC_541\Debug\Z80_3Pin.a(AdrLowIn.o)
 .debug_loc     0x000015d6       0x44 .\CortexM3\ARM_GCC_541\Debug\Z80_3Pin.a(IO_Stat_Reg.o)
 .debug_loc     0x0000161a       0x26 .\CortexM3\ARM_GCC_541\Debug\Z80_3Pin.a(Z80_Data_Out.o)
 .debug_loc     0x00001640       0x39 .\CortexM3\ARM_GCC_541\Debug\Z80_3Pin.a(I2C.o)
 .debug_loc     0x00001679       0x29 .\CortexM3\ARM_GCC_541\Debug\Z80_3Pin.a(I2C_INT.o)
 .debug_loc     0x000016a2       0x13 .\CortexM3\ARM_GCC_541\Debug\Z80_3Pin.a(I2C_PM.o)
 .debug_loc     0x000016b5      0x52f .\CortexM3\ARM_GCC_541\Debug\Z80_3Pin.a(I2C_MASTER.o)
 .debug_loc     0x00001be4      0x3e1 .\CortexM3\ARM_GCC_541\Debug\Z80_3Pin.a(USBUART.o)
 .debug_loc     0x00001fc5      0x557 .\CortexM3\ARM_GCC_541\Debug\Z80_3Pin.a(USBUART_cdc.o)
 .debug_loc     0x0000251c      0x171 .\CortexM3\ARM_GCC_541\Debug\Z80_3Pin.a(USBUART_drv.o)
 .debug_loc     0x0000268d       0x26 .\CortexM3\ARM_GCC_541\Debug\Z80_3Pin.a(USBUART_pm.o)
 .debug_loc     0x000026b3      0x945 .\CortexM3\ARM_GCC_541\Debug\Z80_3Pin.a(USBUART_std.o)
 .debug_loc     0x00002ff8       0x84 .\CortexM3\ARM_GCC_541\Debug\Z80_3Pin.a(USBUART_Dp.o)
 .debug_loc     0x0000307c      0x3b2 .\CortexM3\ARM_GCC_541\Debug\Z80_3Pin.a(CyFlash.o)
 .debug_loc     0x0000342e      0x705 .\CortexM3\ARM_GCC_541\Debug\Z80_3Pin.a(CySpc.o)
 .debug_loc     0x00003b33       0x6a .\CortexM3\ARM_GCC_541\Debug\Z80_3Pin.a(USBUART_cls.o)

.debug_macinfo
 *(.debug_macinfo)

.debug_ranges   0x00000000      0xb98
 *(.debug_ranges)
 .debug_ranges  0x00000000       0x18 .\CortexM3\ARM_GCC_541\Debug\main.o
 .debug_ranges  0x00000018       0x30 .\CortexM3\ARM_GCC_541\Debug\ExtSRAM.o
 .debug_ranges  0x00000048       0x58 .\CortexM3\ARM_GCC_541\Debug\FrontPanel.o
 .debug_ranges  0x000000a0       0x20 .\CortexM3\ARM_GCC_541\Debug\Z80_IO_Handle.o
 .debug_ranges  0x000000c0       0x38 .\CortexM3\ARM_GCC_541\Debug\Z80_PIO_emul.o
 .debug_ranges  0x000000f8       0x48 .\CortexM3\ARM_GCC_541\Debug\Z80_6850_Emul.o
 .debug_ranges  0x00000140       0x48 .\CortexM3\ARM_GCC_541\Debug\Z80_SDCard_Emul.o
 .debug_ranges  0x00000188       0x48 .\CortexM3\ARM_GCC_541\Debug\Z80_6850_2_Emul.o
 .debug_ranges  0x000001d0       0x18 .\CortexM3\ARM_GCC_541\Debug\Z80_Mem_Mappers.o
 .debug_ranges  0x000001e8       0x48 .\CortexM3\ARM_GCC_541\Debug\cyfitter_cfg.o
 .debug_ranges  0x00000230       0x38 .\CortexM3\ARM_GCC_541\Debug\Cm3Start.o
 .debug_ranges  0x00000268      0x290 .\CortexM3\ARM_GCC_541\Debug\Z80_3Pin.a(CyLib.o)
 .debug_ranges  0x000004f8       0x88 .\CortexM3\ARM_GCC_541\Debug\Z80_3Pin.a(cyPm.o)
 .debug_ranges  0x00000580       0x30 .\CortexM3\ARM_GCC_541\Debug\Z80_3Pin.a(AdrLowIn.o)
 .debug_ranges  0x000005b0       0x18 .\CortexM3\ARM_GCC_541\Debug\Z80_3Pin.a(IO_Ctrl_Reg.o)
 .debug_ranges  0x000005c8       0x30 .\CortexM3\ARM_GCC_541\Debug\Z80_3Pin.a(IO_Stat_Reg.o)
 .debug_ranges  0x000005f8       0x18 .\CortexM3\ARM_GCC_541\Debug\Z80_3Pin.a(Z80_Data_In.o)
 .debug_ranges  0x00000610       0x30 .\CortexM3\ARM_GCC_541\Debug\Z80_3Pin.a(Z80_Data_Out.o)
 .debug_ranges  0x00000640       0x18 .\CortexM3\ARM_GCC_541\Debug\Z80_3Pin.a(BankBaseAdr.o)
 .debug_ranges  0x00000658       0x18 .\CortexM3\ARM_GCC_541\Debug\Z80_3Pin.a(BankMask.o)
 .debug_ranges  0x00000670       0x18 .\CortexM3\ARM_GCC_541\Debug\Z80_3Pin.a(AdrHighOut.o)
 .debug_ranges  0x00000688       0x28 .\CortexM3\ARM_GCC_541\Debug\Z80_3Pin.a(I2C.o)
 .debug_ranges  0x000006b0       0x10 .\CortexM3\ARM_GCC_541\Debug\Z80_3Pin.a(I2C_INT.o)
 .debug_ranges  0x000006c0       0x28 .\CortexM3\ARM_GCC_541\Debug\Z80_3Pin.a(I2C_PM.o)
 .debug_ranges  0x000006e8       0x70 .\CortexM3\ARM_GCC_541\Debug\Z80_3Pin.a(I2C_MASTER.o)
 .debug_ranges  0x00000758       0xd0 .\CortexM3\ARM_GCC_541\Debug\Z80_3Pin.a(USBUART.o)
 .debug_ranges  0x00000828       0xd8 .\CortexM3\ARM_GCC_541\Debug\Z80_3Pin.a(USBUART_cdc.o)
 .debug_ranges  0x00000900       0x88 .\CortexM3\ARM_GCC_541\Debug\Z80_3Pin.a(USBUART_drv.o)
 .debug_ranges  0x00000988       0x30 .\CortexM3\ARM_GCC_541\Debug\Z80_3Pin.a(USBUART_episr.o)
 .debug_ranges  0x000009b8       0x30 .\CortexM3\ARM_GCC_541\Debug\Z80_3Pin.a(USBUART_pm.o)
 .debug_ranges  0x000009e8       0x70 .\CortexM3\ARM_GCC_541\Debug\Z80_3Pin.a(USBUART_std.o)
 .debug_ranges  0x00000a58       0x10 .\CortexM3\ARM_GCC_541\Debug\Z80_3Pin.a(USBUART_vnd.o)
 .debug_ranges  0x00000a68       0x38 .\CortexM3\ARM_GCC_541\Debug\Z80_3Pin.a(USBUART_Dp.o)
 .debug_ranges  0x00000aa0       0x78 .\CortexM3\ARM_GCC_541\Debug\Z80_3Pin.a(CyFlash.o)
 .debug_ranges  0x00000b18       0x70 .\CortexM3\ARM_GCC_541\Debug\Z80_3Pin.a(CySpc.o)
 .debug_ranges  0x00000b88       0x10 .\CortexM3\ARM_GCC_541\Debug\Z80_3Pin.a(USBUART_cls.o)

.comment        0x00000000       0x6e
 .comment       0x00000000       0x6e .\CortexM3\ARM_GCC_541\Debug\main.o
                                 0x6f (size before relaxing)
 .comment       0x0000006e       0x6f .\CortexM3\ARM_GCC_541\Debug\ExtSRAM.o
 .comment       0x0000006e       0x6f .\CortexM3\ARM_GCC_541\Debug\FrontPanel.o
 .comment       0x0000006e       0x6f .\CortexM3\ARM_GCC_541\Debug\GS_9_MON_BASIC_ROM.o
 .comment       0x0000006e       0x6f .\CortexM3\ARM_GCC_541\Debug\Z80_SIO_emul.o
 .comment       0x0000006e       0x6f .\CortexM3\ARM_GCC_541\Debug\Z80_IO_Handle.o
 .comment       0x0000006e       0x6f .\CortexM3\ARM_GCC_541\Debug\Z80_PIO_emul.o
 .comment       0x0000006e       0x6f .\CortexM3\ARM_GCC_541\Debug\GS_7_BASIC_ROM.o
 .comment       0x0000006e       0x6f .\CortexM3\ARM_GCC_541\Debug\Z80_6850_Emul.o
 .comment       0x0000006e       0x6f .\CortexM3\ARM_GCC_541\Debug\Z80_SDCard_Emul.o
 .comment       0x0000006e       0x6f .\CortexM3\ARM_GCC_541\Debug\GS_FPGA_CPM_BASIC.o
 .comment       0x0000006e       0x6f .\CortexM3\ARM_GCC_541\Debug\Z80_6850_2_Emul.o
 .comment       0x0000006e       0x6f .\CortexM3\ARM_GCC_541\Debug\Z80_Mem_Mappers.o
 .comment       0x0000006e       0x6f .\CortexM3\ARM_GCC_541\Debug\cyfitter_cfg.o
 .comment       0x0000006e       0x6f .\CortexM3\ARM_GCC_541\Debug\cymetadata.o
 .comment       0x0000006e       0x6f .\CortexM3\ARM_GCC_541\Debug\Cm3Start.o
 .comment       0x0000006e       0x6f .\CortexM3\ARM_GCC_541\Debug\Z80_3Pin.a(CyLib.o)
 .comment       0x0000006e       0x6f .\CortexM3\ARM_GCC_541\Debug\Z80_3Pin.a(cyPm.o)
 .comment       0x0000006e       0x6f .\CortexM3\ARM_GCC_541\Debug\Z80_3Pin.a(AdrLowIn.o)
 .comment       0x0000006e       0x6f .\CortexM3\ARM_GCC_541\Debug\Z80_3Pin.a(IO_Ctrl_Reg.o)
 .comment       0x0000006e       0x6f .\CortexM3\ARM_GCC_541\Debug\Z80_3Pin.a(IO_Stat_Reg.o)
 .comment       0x0000006e       0x6f .\CortexM3\ARM_GCC_541\Debug\Z80_3Pin.a(Z80_Data_In.o)
 .comment       0x0000006e       0x6f .\CortexM3\ARM_GCC_541\Debug\Z80_3Pin.a(Z80_Data_Out.o)
 .comment       0x0000006e       0x6f .\CortexM3\ARM_GCC_541\Debug\Z80_3Pin.a(BankBaseAdr.o)
 .comment       0x0000006e       0x6f .\CortexM3\ARM_GCC_541\Debug\Z80_3Pin.a(BankMask.o)
 .comment       0x0000006e       0x6f .\CortexM3\ARM_GCC_541\Debug\Z80_3Pin.a(AdrHighOut.o)
 .comment       0x0000006e       0x6f .\CortexM3\ARM_GCC_541\Debug\Z80_3Pin.a(I2C.o)
 .comment       0x0000006e       0x6f .\CortexM3\ARM_GCC_541\Debug\Z80_3Pin.a(I2C_INT.o)
 .comment       0x0000006e       0x6f .\CortexM3\ARM_GCC_541\Debug\Z80_3Pin.a(I2C_PM.o)
 .comment       0x0000006e       0x6f .\CortexM3\ARM_GCC_541\Debug\Z80_3Pin.a(I2C_MASTER.o)
 .comment       0x0000006e       0x6f .\CortexM3\ARM_GCC_541\Debug\Z80_3Pin.a(USBUART.o)
 .comment       0x0000006e       0x6f .\CortexM3\ARM_GCC_541\Debug\Z80_3Pin.a(USBUART_cdc.o)
 .comment       0x0000006e       0x6f .\CortexM3\ARM_GCC_541\Debug\Z80_3Pin.a(USBUART_drv.o)
 .comment       0x0000006e       0x6f .\CortexM3\ARM_GCC_541\Debug\Z80_3Pin.a(USBUART_episr.o)
 .comment       0x0000006e       0x6f .\CortexM3\ARM_GCC_541\Debug\Z80_3Pin.a(USBUART_pm.o)
 .comment       0x0000006e       0x6f .\CortexM3\ARM_GCC_541\Debug\Z80_3Pin.a(USBUART_std.o)
 .comment       0x0000006e       0x6f .\CortexM3\ARM_GCC_541\Debug\Z80_3Pin.a(USBUART_vnd.o)
 .comment       0x0000006e       0x6f .\CortexM3\ARM_GCC_541\Debug\Z80_3Pin.a(USBUART_Dp.o)
 .comment       0x0000006e       0x6f .\CortexM3\ARM_GCC_541\Debug\Z80_3Pin.a(CyFlash.o)
 .comment       0x0000006e       0x6f .\CortexM3\ARM_GCC_541\Debug\Z80_3Pin.a(CySpc.o)
 .comment       0x0000006e       0x6f .\CortexM3\ARM_GCC_541\Debug\Z80_3Pin.a(USBUART_cls.o)
 .comment       0x0000006e       0x6f .\CortexM3\ARM_GCC_541\Debug\Z80_3Pin.a(USBUART_descr.o)

.debug_weaknames
 *(.debug_weaknames)

.debug_funcnames
 *(.debug_funcnames)

.debug_typenames
 *(.debug_typenames)

.debug_varnames
 *(.debug_varnames)

.note.gnu.arm.ident
 *(.note.gnu.arm.ident)

.ARM.attributes
                0x00000000       0x29
 *(.ARM.attributes)
 .ARM.attributes
                0x00000000       0x1d c:/program files (x86)/cypress/psoc creator/4.2/psoc creator/import/gnu/arm/5.4.1/bin/../lib/gcc/arm-none-eabi/5.4.1/armv7-m/crti.o
 .ARM.attributes
                0x0000001d       0x2d c:/program files (x86)/cypress/psoc creator/4.2/psoc creator/import/gnu/arm/5.4.1/bin/../lib/gcc/arm-none-eabi/5.4.1/armv7-m/crtbegin.o
 .ARM.attributes
                0x0000004a       0x1b c:/program files (x86)/cypress/psoc creator/4.2/psoc creator/import/gnu/arm/5.4.1/bin/../lib/gcc/arm-none-eabi/5.4.1/../../../../arm-none-eabi/lib/armv7-m/crt0.o
 .ARM.attributes
                0x00000065       0x33 .\CortexM3\ARM_GCC_541\Debug\main.o
 .ARM.attributes
                0x00000098       0x33 .\CortexM3\ARM_GCC_541\Debug\ExtSRAM.o
 .ARM.attributes
                0x000000cb       0x33 .\CortexM3\ARM_GCC_541\Debug\FrontPanel.o
 .ARM.attributes
                0x000000fe       0x33 .\CortexM3\ARM_GCC_541\Debug\GS_9_MON_BASIC_ROM.o
 .ARM.attributes
                0x00000131       0x33 .\CortexM3\ARM_GCC_541\Debug\Z80_SIO_emul.o
 .ARM.attributes
                0x00000164       0x33 .\CortexM3\ARM_GCC_541\Debug\Z80_IO_Handle.o
 .ARM.attributes
                0x00000197       0x33 .\CortexM3\ARM_GCC_541\Debug\Z80_PIO_emul.o
 .ARM.attributes
                0x000001ca       0x33 .\CortexM3\ARM_GCC_541\Debug\GS_7_BASIC_ROM.o
 .ARM.attributes
                0x000001fd       0x33 .\CortexM3\ARM_GCC_541\Debug\Z80_6850_Emul.o
 .ARM.attributes
                0x00000230       0x33 .\CortexM3\ARM_GCC_541\Debug\Z80_SDCard_Emul.o
 .ARM.attributes
                0x00000263       0x33 .\CortexM3\ARM_GCC_541\Debug\GS_FPGA_CPM_BASIC.o
 .ARM.attributes
                0x00000296       0x33 .\CortexM3\ARM_GCC_541\Debug\Z80_6850_2_Emul.o
 .ARM.attributes
                0x000002c9       0x33 .\CortexM3\ARM_GCC_541\Debug\Z80_Mem_Mappers.o
 .ARM.attributes
                0x000002fc       0x33 .\CortexM3\ARM_GCC_541\Debug\cyfitter_cfg.o
 .ARM.attributes
                0x0000032f       0x33 .\CortexM3\ARM_GCC_541\Debug\cymetadata.o
 .ARM.attributes
                0x00000362       0x33 .\CortexM3\ARM_GCC_541\Debug\Cm3Start.o
 .ARM.attributes
                0x00000395       0x33 .\CortexM3\ARM_GCC_541\Debug\Z80_3Pin.a(CyLib.o)
 .ARM.attributes
                0x000003c8       0x33 .\CortexM3\ARM_GCC_541\Debug\Z80_3Pin.a(cyPm.o)
 .ARM.attributes
                0x000003fb       0x33 .\CortexM3\ARM_GCC_541\Debug\Z80_3Pin.a(AdrLowIn.o)
 .ARM.attributes
                0x0000042e       0x33 .\CortexM3\ARM_GCC_541\Debug\Z80_3Pin.a(IO_Ctrl_Reg.o)
 .ARM.attributes
                0x00000461       0x33 .\CortexM3\ARM_GCC_541\Debug\Z80_3Pin.a(IO_Stat_Reg.o)
 .ARM.attributes
                0x00000494       0x33 .\CortexM3\ARM_GCC_541\Debug\Z80_3Pin.a(Z80_Data_In.o)
 .ARM.attributes
                0x000004c7       0x33 .\CortexM3\ARM_GCC_541\Debug\Z80_3Pin.a(Z80_Data_Out.o)
 .ARM.attributes
                0x000004fa       0x33 .\CortexM3\ARM_GCC_541\Debug\Z80_3Pin.a(BankBaseAdr.o)
 .ARM.attributes
                0x0000052d       0x33 .\CortexM3\ARM_GCC_541\Debug\Z80_3Pin.a(BankMask.o)
 .ARM.attributes
                0x00000560       0x33 .\CortexM3\ARM_GCC_541\Debug\Z80_3Pin.a(AdrHighOut.o)
 .ARM.attributes
                0x00000593       0x33 .\CortexM3\ARM_GCC_541\Debug\Z80_3Pin.a(I2C.o)
 .ARM.attributes
                0x000005c6       0x33 .\CortexM3\ARM_GCC_541\Debug\Z80_3Pin.a(I2C_INT.o)
 .ARM.attributes
                0x000005f9       0x33 .\CortexM3\ARM_GCC_541\Debug\Z80_3Pin.a(I2C_PM.o)
 .ARM.attributes
                0x0000062c       0x33 .\CortexM3\ARM_GCC_541\Debug\Z80_3Pin.a(I2C_MASTER.o)
 .ARM.attributes
                0x0000065f       0x33 .\CortexM3\ARM_GCC_541\Debug\Z80_3Pin.a(USBUART.o)
 .ARM.attributes
                0x00000692       0x33 .\CortexM3\ARM_GCC_541\Debug\Z80_3Pin.a(USBUART_cdc.o)
 .ARM.attributes
                0x000006c5       0x33 .\CortexM3\ARM_GCC_541\Debug\Z80_3Pin.a(USBUART_drv.o)
 .ARM.attributes
                0x000006f8       0x33 .\CortexM3\ARM_GCC_541\Debug\Z80_3Pin.a(USBUART_episr.o)
 .ARM.attributes
                0x0000072b       0x33 .\CortexM3\ARM_GCC_541\Debug\Z80_3Pin.a(USBUART_pm.o)
 .ARM.attributes
                0x0000075e       0x33 .\CortexM3\ARM_GCC_541\Debug\Z80_3Pin.a(USBUART_std.o)
 .ARM.attributes
                0x00000791       0x33 .\CortexM3\ARM_GCC_541\Debug\Z80_3Pin.a(USBUART_vnd.o)
 .ARM.attributes
                0x000007c4       0x33 .\CortexM3\ARM_GCC_541\Debug\Z80_3Pin.a(USBUART_Dp.o)
 .ARM.attributes
                0x000007f7       0x21 .\CortexM3\ARM_GCC_541\Debug\Z80_3Pin.a(CyBootAsmGnu.o)
 .ARM.attributes
                0x00000818       0x33 .\CortexM3\ARM_GCC_541\Debug\Z80_3Pin.a(CyFlash.o)
 .ARM.attributes
                0x0000084b       0x33 .\CortexM3\ARM_GCC_541\Debug\Z80_3Pin.a(CySpc.o)
 .ARM.attributes
                0x0000087e       0x33 .\CortexM3\ARM_GCC_541\Debug\Z80_3Pin.a(USBUART_cls.o)
 .ARM.attributes
                0x000008b1       0x33 .\CortexM3\ARM_GCC_541\Debug\Z80_3Pin.a(USBUART_descr.o)
 .ARM.attributes
                0x000008e4       0x2d c:/program files (x86)/cypress/psoc creator/4.2/psoc creator/import/gnu/arm/5.4.1/bin/../lib/gcc/arm-none-eabi/5.4.1/../../../../arm-none-eabi/lib/armv7-m\libg_nano.a(lib_a-errno.o)
 .ARM.attributes
                0x00000911       0x2d c:/program files (x86)/cypress/psoc creator/4.2/psoc creator/import/gnu/arm/5.4.1/bin/../lib/gcc/arm-none-eabi/5.4.1/../../../../arm-none-eabi/lib/armv7-m\libg_nano.a(lib_a-exit.o)
 .ARM.attributes
                0x0000093e       0x2d c:/program files (x86)/cypress/psoc creator/4.2/psoc creator/import/gnu/arm/5.4.1/bin/../lib/gcc/arm-none-eabi/5.4.1/../../../../arm-none-eabi/lib/armv7-m\libg_nano.a(lib_a-impure.o)
 .ARM.attributes
                0x0000096b       0x2d c:/program files (x86)/cypress/psoc creator/4.2/psoc creator/import/gnu/arm/5.4.1/bin/../lib/gcc/arm-none-eabi/5.4.1/../../../../arm-none-eabi/lib/armv7-m\libg_nano.a(lib_a-init.o)
 .ARM.attributes
                0x00000998       0x2d c:/program files (x86)/cypress/psoc creator/4.2/psoc creator/import/gnu/arm/5.4.1/bin/../lib/gcc/arm-none-eabi/5.4.1/../../../../arm-none-eabi/lib/armv7-m\libg_nano.a(lib_a-memcpy-stub.o)
 .ARM.attributes
                0x000009c5       0x2d c:/program files (x86)/cypress/psoc creator/4.2/psoc creator/import/gnu/arm/5.4.1/bin/../lib/gcc/arm-none-eabi/5.4.1/../../../../arm-none-eabi/lib/armv7-m\libg_nano.a(lib_a-memset.o)
 .ARM.attributes
                0x000009f2       0x2d c:/program files (x86)/cypress/psoc creator/4.2/psoc creator/import/gnu/arm/5.4.1/bin/../lib/gcc/arm-none-eabi/5.4.1/armv7-m/crtend.o
 .ARM.attributes
                0x00000a1f       0x1d c:/program files (x86)/cypress/psoc creator/4.2/psoc creator/import/gnu/arm/5.4.1/bin/../lib/gcc/arm-none-eabi/5.4.1/armv7-m/crtn.o

/DISCARD/
 *(.note.GNU-stack)
OUTPUT(C:\Users\dgilliland\Documents\GitHub\Retro-Computers\Z80\PSOC\PSOC_Design_Files\Z80-PSoC-3-Chips_002\Z80_3Pin.cydsn\CortexM3\ARM_GCC_541\Debug\Z80_3Pin.elf elf32-littlearm)
