Archive member included to satisfy reference by file (symbol)

.\CortexM3\ARM_GCC_541\Debug\Z80_3Pin.a(CyLib.o)
                              .\CortexM3\ARM_GCC_541\Debug\Cm3Start.o (CyHalt)
.\CortexM3\ARM_GCC_541\Debug\Z80_3Pin.a(cyPm.o)
                              .\CortexM3\ARM_GCC_541\Debug\Z80_3Pin.a(CyLib.o) (CyPmReadStatus)
.\CortexM3\ARM_GCC_541\Debug\Z80_3Pin.a(AdrLowIn.o)
                              .\CortexM3\ARM_GCC_541\Debug\Z80_IO_Handle.o (AdrLowIn_Read)
.\CortexM3\ARM_GCC_541\Debug\Z80_3Pin.a(IO_Ctrl_Reg.o)
                              .\CortexM3\ARM_GCC_541\Debug\main.o (IO_Ctrl_Reg_Write)
.\CortexM3\ARM_GCC_541\Debug\Z80_3Pin.a(IO_Stat_Reg.o)
                              .\CortexM3\ARM_GCC_541\Debug\main.o (IO_Stat_Reg_Read)
.\CortexM3\ARM_GCC_541\Debug\Z80_3Pin.a(Z80_Data_In.o)
                              .\CortexM3\ARM_GCC_541\Debug\FrontPanel.o (Z80_Data_In_Write)
.\CortexM3\ARM_GCC_541\Debug\Z80_3Pin.a(Z80_Data_Out.o)
                              .\CortexM3\ARM_GCC_541\Debug\FrontPanel.o (Z80_Data_Out_Read)
.\CortexM3\ARM_GCC_541\Debug\Z80_3Pin.a(I2C.o)
                              .\CortexM3\ARM_GCC_541\Debug\FrontPanel.o (I2C_Start)
.\CortexM3\ARM_GCC_541\Debug\Z80_3Pin.a(I2C_INT.o)
                              .\CortexM3\ARM_GCC_541\Debug\Z80_3Pin.a(I2C.o) (I2C_ISR)
.\CortexM3\ARM_GCC_541\Debug\Z80_3Pin.a(I2C_PM.o)
                              .\CortexM3\ARM_GCC_541\Debug\Z80_3Pin.a(I2C.o) (I2C_backup)
.\CortexM3\ARM_GCC_541\Debug\Z80_3Pin.a(I2C_MASTER.o)
                              .\CortexM3\ARM_GCC_541\Debug\FrontPanel.o (I2C_MasterWriteBuf)
.\CortexM3\ARM_GCC_541\Debug\Z80_3Pin.a(USBUART.o)
                              .\CortexM3\ARM_GCC_541\Debug\main.o (USBUART_Start)
.\CortexM3\ARM_GCC_541\Debug\Z80_3Pin.a(USBUART_cdc.o)
                              .\CortexM3\ARM_GCC_541\Debug\main.o (USBUART_CDC_Init)
.\CortexM3\ARM_GCC_541\Debug\Z80_3Pin.a(USBUART_drv.o)
                              .\CortexM3\ARM_GCC_541\Debug\Z80_3Pin.a(USBUART.o) (USBUART_lastPacketSize)
.\CortexM3\ARM_GCC_541\Debug\Z80_3Pin.a(USBUART_episr.o)
                              .\CortexM3\ARM_GCC_541\Debug\Z80_3Pin.a(USBUART.o) (USBUART_EP_1_ISR)
.\CortexM3\ARM_GCC_541\Debug\Z80_3Pin.a(USBUART_pm.o)
                              .\CortexM3\ARM_GCC_541\Debug\Z80_3Pin.a(USBUART.o) (USBUART_DP_ISR)
.\CortexM3\ARM_GCC_541\Debug\Z80_3Pin.a(USBUART_std.o)
                              .\CortexM3\ARM_GCC_541\Debug\Z80_3Pin.a(USBUART_pm.o) (USBUART_ConfigReg)
.\CortexM3\ARM_GCC_541\Debug\Z80_3Pin.a(USBUART_vnd.o)
                              .\CortexM3\ARM_GCC_541\Debug\Z80_3Pin.a(USBUART_drv.o) (USBUART_HandleVendorRqst)
.\CortexM3\ARM_GCC_541\Debug\Z80_3Pin.a(USBUART_Dp.o)
                              .\CortexM3\ARM_GCC_541\Debug\Z80_3Pin.a(USBUART.o) (USBUART_Dp_ClearInterrupt)
.\CortexM3\ARM_GCC_541\Debug\Z80_3Pin.a(CyBootAsmGnu.o)
                              .\CortexM3\ARM_GCC_541\Debug\cyfitter_cfg.o (CyDelayCycles)
.\CortexM3\ARM_GCC_541\Debug\Z80_3Pin.a(CyFlash.o)
                              .\CortexM3\ARM_GCC_541\Debug\Z80_3Pin.a(cyPm.o) (CyFlash_SetWaitCycles)
.\CortexM3\ARM_GCC_541\Debug\Z80_3Pin.a(CySpc.o)
                              .\CortexM3\ARM_GCC_541\Debug\Z80_3Pin.a(CyFlash.o) (CySpcStart)
.\CortexM3\ARM_GCC_541\Debug\Z80_3Pin.a(USBUART_cls.o)
                              .\CortexM3\ARM_GCC_541\Debug\Z80_3Pin.a(USBUART_drv.o) (USBUART_DispatchClassRqst)
.\CortexM3\ARM_GCC_541\Debug\Z80_3Pin.a(USBUART_descr.o)
                              .\CortexM3\ARM_GCC_541\Debug\Z80_3Pin.a(USBUART_std.o) (USBUART_idSerialNumberStringDescriptor)
c:/program files (x86)/cypress/psoc creator/4.2/psoc creator/import/gnu/arm/5.4.1/bin/../lib/gcc/arm-none-eabi/5.4.1/../../../../arm-none-eabi/lib/armv7-m\libg_nano.a(lib_a-errno.o)
                              .\CortexM3\ARM_GCC_541\Debug\Cm3Start.o (__errno)
c:/program files (x86)/cypress/psoc creator/4.2/psoc creator/import/gnu/arm/5.4.1/bin/../lib/gcc/arm-none-eabi/5.4.1/../../../../arm-none-eabi/lib/armv7-m\libg_nano.a(lib_a-exit.o)
                              c:/program files (x86)/cypress/psoc creator/4.2/psoc creator/import/gnu/arm/5.4.1/bin/../lib/gcc/arm-none-eabi/5.4.1/../../../../arm-none-eabi/lib/armv7-m/crt0.o (exit)
c:/program files (x86)/cypress/psoc creator/4.2/psoc creator/import/gnu/arm/5.4.1/bin/../lib/gcc/arm-none-eabi/5.4.1/../../../../arm-none-eabi/lib/armv7-m\libg_nano.a(lib_a-impure.o)
                              c:/program files (x86)/cypress/psoc creator/4.2/psoc creator/import/gnu/arm/5.4.1/bin/../lib/gcc/arm-none-eabi/5.4.1/../../../../arm-none-eabi/lib/armv7-m\libg_nano.a(lib_a-exit.o) (_global_impure_ptr)
c:/program files (x86)/cypress/psoc creator/4.2/psoc creator/import/gnu/arm/5.4.1/bin/../lib/gcc/arm-none-eabi/5.4.1/../../../../arm-none-eabi/lib/armv7-m\libg_nano.a(lib_a-init.o)
[...]
Memory Configuration

Name             Origin             Length             Attributes
rom              0x00000000         0x00020000         xr
ram              0x1fffc000         0x00008000         xrw
*default*        0x00000000         0xffffffff

Linker script and memory map

LOAD c:/program files (x86)/cypress/psoc creator/4.2/psoc creator/import/gnu/arm/5.4.1/bin/../lib/gcc/arm-none-eabi/5.4.1/armv7-m/crti.o
LOAD c:/program files (x86)/cypress/psoc creator/4.2/psoc creator/import/gnu/arm/5.4.1/bin/../lib/gcc/arm-none-eabi/5.4.1/armv7-m/crtbegin.o
LOAD c:/program files (x86)/cypress/psoc creator/4.2/psoc creator/import/gnu/arm/5.4.1/bin/../lib/gcc/arm-none-eabi/5.4.1/../../../../arm-none-eabi/lib/armv7-m/crt0.o
START GROUP
LOAD .\CortexM3\ARM_GCC_541\Debug\main.o
LOAD .\CortexM3\ARM_GCC_541\Debug\ExtSRAM.o
LOAD .\CortexM3\ARM_GCC_541\Debug\FrontPanel.o
LOAD .\CortexM3\ARM_GCC_541\Debug\GS_9_MON_BASIC_ROM.o
LOAD .\CortexM3\ARM_GCC_541\Debug\Z80_SIO_emul.o
LOAD .\CortexM3\ARM_GCC_541\Debug\Z80_IO_Handle.o
LOAD .\CortexM3\ARM_GCC_541\Debug\Z80_PIO_emul.o
LOAD .\CortexM3\ARM_GCC_541\Debug\GS_7_BASIC_ROM.o
LOAD .\CortexM3\ARM_GCC_541\Debug\Z80_6850_Emul.o
LOAD .\CortexM3\ARM_GCC_541\Debug\cyfitter_cfg.o
LOAD .\CortexM3\ARM_GCC_541\Debug\cymetadata.o
LOAD .\CortexM3\ARM_GCC_541\Debug\Cm3Start.o
LOAD .\CortexM3\ARM_GCC_541\Debug\Z80_3Pin.a
LOAD C:\Program Files (x86)\Cypress\PSoC Creator\4.2\PSoC Creator\psoc\content\cycomponentlibrary\CyComponentLibrary.cylib\CortexM3\ARM_GCC_541\Debug\CyComponentLibrary.a
END GROUP
START GROUP
LOAD c:/program files (x86)/cypress/psoc creator/4.2/psoc creator/import/gnu/arm/5.4.1/bin/../lib/gcc/arm-none-eabi/5.4.1/armv7-m\libgcc.a
LOAD c:/program files (x86)/cypress/psoc creator/4.2/psoc creator/import/gnu/arm/5.4.1/bin/../lib/gcc/arm-none-eabi/5.4.1/../../../../arm-none-eabi/lib/armv7-m\libg_nano.a
LOAD c:/program files (x86)/cypress/psoc creator/4.2/psoc creator/import/gnu/arm/5.4.1/bin/../lib/gcc/arm-none-eabi/5.4.1/../../../../arm-none-eabi/lib/armv7-m\libc_nano.a
END GROUP
START GROUP
LOAD c:/program files (x86)/cypress/psoc creator/4.2/psoc creator/import/gnu/arm/5.4.1/bin/../lib/gcc/arm-none-eabi/5.4.1/armv7-m\libgcc.a
LOAD c:/program files (x86)/cypress/psoc creator/4.2/psoc creator/import/gnu/arm/5.4.1/bin/../lib/gcc/arm-none-eabi/5.4.1/../../../../arm-none-eabi/lib/armv7-m\libc_nano.a
END GROUP
LOAD c:/program files (x86)/cypress/psoc creator/4.2/psoc creator/import/gnu/arm/5.4.1/bin/../lib/gcc/arm-none-eabi/5.4.1/armv7-m/crtend.o
LOAD c:/program files (x86)/cypress/psoc creator/4.2/psoc creator/import/gnu/arm/5.4.1/bin/../lib/gcc/arm-none-eabi/5.4.1/armv7-m/crtn.o
START GROUP
LOAD c:/program files (x86)/cypress/psoc creator/4.2/psoc creator/import/gnu/arm/5.4.1/bin/../lib/gcc/arm-none-eabi/5.4.1/armv7-m\libgcc.a
LOAD c:/program files (x86)/cypress/psoc creator/4.2/psoc creator/import/gnu/arm/5.4.1/bin/../lib/gcc/arm-none-eabi/5.4.1/../../../../arm-none-eabi/lib/armv7-m\libc.a
LOAD c:/program files (x86)/cypress/psoc creator/4.2/psoc creator/import/gnu/arm/5.4.1/bin/../lib/gcc/arm-none-eabi/5.4.1/../../../../arm-none-eabi/lib/armv7-m\libnosys.a
END GROUP
                0x00000000                CY_APPL_ORIGIN = 0x0
                0x00000100                CY_FLASH_ROW_SIZE = 0x100
                0x00000020                CY_ECC_ROW_SIZE = 0x20
                0x00000000                CY_EE_IN_BTLDR = 0x0
                0x00000000                CY_APPL_LOADABLE = 0x0
                0x00000800                CY_EE_SIZE = 0x800
                0x00000001                CY_APPL_NUM = 0x1
                0x00000001                CY_APPL_MAX = 0x1
                0x00000040                CY_METADATA_SIZE = 0x40
                0x00000000                CY_APPL_LOADABLE = 0x0
                0x00000000                CY_CHECKSUM_EXCLUDE_SIZE = ALIGN (0x0, CY_FLASH_ROW_SIZE)
                [!provide]                PROVIDE (__cy_heap_start, _end)
                0x00000001                PROVIDE (__cy_region_num, ((__cy_regions_end - __cy_regions) / 0x10))
                0x20004000                PROVIDE (__cy_stack, (ORIGIN (ram) + LENGTH (ram)))
                [!provide]                PROVIDE (__cy_heap_end, (__cy_stack - 0x800))

.cybootloader   0x00000000        0x0
 *(.cybootloader)
                0x00000000                appl1_start = CY_APPL_ORIGIN?CY_APPL_ORIGIN:ALIGN (CY_FLASH_ROW_SIZE)
                0x0000ff00                appl2_start = (appl1_start + ALIGN ((((LENGTH (rom) - appl1_start) - (0x2 * CY_FLASH_ROW_SIZE)) / 0x2), CY_FLASH_ROW_SIZE))
                0x00000000                appl_start = (CY_APPL_NUM == 0x1)?appl1_start:appl2_start
                0x00000000                ecc_offset = ((appl_start / CY_FLASH_ROW_SIZE) * CY_ECC_ROW_SIZE)
                0x00000000                ee_offset = (CY_APPL_LOADABLE && ! (CY_EE_IN_BTLDR))?((CY_EE_SIZE / CY_APPL_MAX) * (CY_APPL_NUM - 0x1)):0x0
                0x00000800                ee_size = (CY_APPL_LOADABLE && ! (CY_EE_IN_BTLDR))?(CY_EE_SIZE / CY_APPL_MAX):CY_EE_SIZE
                [!provide]                PROVIDE (CY_ECC_OFFSET, ecc_offset)

.text           0x00000000     0x1f66
 CREATE_OBJECT_SYMBOLS
                0x00000000                PROVIDE (__cy_interrupt_vector, RomVectors)
 *(.romvectors)
 .romvectors    0x00000000       0x10 .\CortexM3\ARM_GCC_541\Debug\Cm3Start.o
                0x00000000                RomVectors
                0x00000001                ASSERT ((. != __cy_interrupt_vector), No interrupt vector)
                0x00000001                ASSERT (CY_APPL_ORIGIN?(SIZEOF (.cybootloader) <= CY_APPL_ORIGIN):0x1, Wrong image location)
                0x00000010                PROVIDE (__cy_reset, Reset)
 *(.text.Reset)
 .text.Reset    0x00000010       0x18 .\CortexM3\ARM_GCC_541\Debug\Cm3Start.o
                0x00000010                Reset
                0x00000001                ASSERT ((. != __cy_reset), No reset code)
 *(.dma_init)
                0x00000001                ASSERT ((((appl_start + .) <= 0x10000) || 0x1), DMA Init must be within the first 64k of flash)
 *(.text .text.* .gnu.linkonce.t.*)
 .text          0x00000028       0x5c c:/program files (x86)/cypress/psoc creator/4.2/psoc creator/import/gnu/arm/5.4.1/bin/../lib/gcc/arm-none-eabi/5.4.1/armv7-m/crtbegin.o
 .text.PostLed  0x00000084       0x28 .\CortexM3\ARM_GCC_541\Debug\main.o
                0x00000084                PostLed
 .text.main     0x000000ac       0xa4 .\CortexM3\ARM_GCC_541\Debug\main.o
                0x000000ac                main
 .text.SetExtSRAMAddr
                0x00000150       0x1c .\CortexM3\ARM_GCC_541\Debug\ExtSRAM.o
                0x00000150                SetExtSRAMAddr
 .text.ReadExtSRAM
                0x0000016c       0x24 .\CortexM3\ARM_GCC_541\Debug\ExtSRAM.o
                0x0000016c                ReadExtSRAM
 .text.WriteExtSRAM
                0x00000190       0x24 .\CortexM3\ARM_GCC_541\Debug\ExtSRAM.o
                0x00000190                WriteExtSRAM
 .text.TestSRAM
                0x000001b4      0x114 .\CortexM3\ARM_GCC_541\Debug\ExtSRAM.o
                0x000001b4                TestSRAM
 .text.loadSRAM
                0x000002c8       0x30 .\CortexM3\ARM_GCC_541\Debug\ExtSRAM.o
                0x000002c8                loadSRAM
 .text.sendCharToZ80
                0x000002f8       0x38 .\CortexM3\ARM_GCC_541\Debug\Z80_SIO_emul.o
                0x000002f8                sendCharToZ80
 .text.SioReadIntRegB
                0x00000330       0x20 .\CortexM3\ARM_GCC_541\Debug\Z80_SIO_emul.o
                0x00000330                SioReadIntRegB
 .text.checkSIOReceiverBusy
                0x00000350       0x20 .\CortexM3\ARM_GCC_541\Debug\Z80_SIO_emul.o
                0x00000350                checkSIOReceiverBusy
 .text.HandleZ80IO
                0x00000370       0x78 .\CortexM3\ARM_GCC_541\Debug\Z80_IO_Handle.o
                0x00000370                HandleZ80IO
 .text.ackIO    0x000003e8       0x14 .\CortexM3\ARM_GCC_541\Debug\Z80_IO_Handle.o
                0x000003e8                ackIO
 .text.M6850ReadData
                0x000003fc       0x24 .\CortexM3\ARM_GCC_541\Debug\Z80_6850_Emul.o
                0x000003fc                M6850ReadData
 .text.M6850WriteData
                0x00000420       0x28 .\CortexM3\ARM_GCC_541\Debug\Z80_6850_Emul.o
                0x00000420                M6850WriteData
 .text.M6850ReadStatus
                0x00000448       0x14 .\CortexM3\ARM_GCC_541\Debug\Z80_6850_Emul.o
                0x00000448                M6850ReadStatus
 .text.M6850WriteCtrl
                0x0000045c       0x14 .\CortexM3\ARM_GCC_541\Debug\Z80_6850_Emul.o
                0x0000045c                M6850WriteCtrl
 .text.CyClockStartupError
                0x00000470        0x4 .\CortexM3\ARM_GCC_541\Debug\cyfitter_cfg.o
 .text.cfg_write_bytes32
                0x00000474       0x34 .\CortexM3\ARM_GCC_541\Debug\cyfitter_cfg.o
 .text.AnalogSetDefault
                0x000004a8       0x38 .\CortexM3\ARM_GCC_541\Debug\cyfitter_cfg.o
 .text.CYMEMZERO
                0x000004e0        0xc .\CortexM3\ARM_GCC_541\Debug\cyfitter_cfg.o
 .text.ClockSetup
                0x000004ec      0x120 .\CortexM3\ARM_GCC_541\Debug\cyfitter_cfg.o
 .text.CYCONFIGCPY
                0x0000060c        0x8 .\CortexM3\ARM_GCC_541\Debug\cyfitter_cfg.o
 .text.cyfitter_cfg
                0x00000614      0x170 .\CortexM3\ARM_GCC_541\Debug\cyfitter_cfg.o
                0x00000614                cyfitter_cfg
 .text.IntDefaultHandler
                0x00000784       0x10 .\CortexM3\ARM_GCC_541\Debug\Cm3Start.o
                0x00000784                IntDefaultHandler
 .text.Start_c  0x00000794       0x4c .\CortexM3\ARM_GCC_541\Debug\Cm3Start.o
                0x00000794                Start_c
 .text.initialize_psoc
                0x000007e0       0x68 .\CortexM3\ARM_GCC_541\Debug\Cm3Start.o
                0x000007e0                initialize_psoc
 .text.CyHalt   0x00000848        0x4 .\CortexM3\ARM_GCC_541\Debug\Z80_3Pin.a(CyLib.o)
                0x00000848                CyHalt
 .text.CyDelay  0x0000084c       0x2c .\CortexM3\ARM_GCC_541\Debug\Z80_3Pin.a(CyLib.o)
                0x0000084c                CyDelay
 .text.CyDelayUs
                0x00000878       0x14 .\CortexM3\ARM_GCC_541\Debug\Z80_3Pin.a(CyLib.o)
                0x00000878                CyDelayUs
 .text.CyIntSetVector
                0x0000088c       0x28 .\CortexM3\ARM_GCC_541\Debug\Z80_3Pin.a(CyLib.o)
                0x0000088c                CyIntSetVector
 .text.CyIntSetPriority
                0x000008b4       0x30 .\CortexM3\ARM_GCC_541\Debug\Z80_3Pin.a(CyLib.o)
                0x000008b4                CyIntSetPriority
 .text.CyGetUniqueId
                0x000008e4       0x70 .\CortexM3\ARM_GCC_541\Debug\Z80_3Pin.a(CyLib.o)
                0x000008e4                CyGetUniqueId
 .text.AdrLowIn_Read
                0x00000954        0xc .\CortexM3\ARM_GCC_541\Debug\Z80_3Pin.a(AdrLowIn.o)
                0x00000954                AdrLowIn_Read
 .text.IO_Ctrl_Reg_Write
                0x00000960        0xc .\CortexM3\ARM_GCC_541\Debug\Z80_3Pin.a(IO_Ctrl_Reg.o)
                0x00000960                IO_Ctrl_Reg_Write
 .text.IO_Ctrl_Reg_Read
                0x0000096c        0xc .\CortexM3\ARM_GCC_541\Debug\Z80_3Pin.a(IO_Ctrl_Reg.o)
                0x0000096c                IO_Ctrl_Reg_Read
 .text.IO_Stat_Reg_Read
                0x00000978        0xc .\CortexM3\ARM_GCC_541\Debug\Z80_3Pin.a(IO_Stat_Reg.o)
                0x00000978                IO_Stat_Reg_Read
 .text.Z80_Data_In_Write
                0x00000984        0xc .\CortexM3\ARM_GCC_541\Debug\Z80_3Pin.a(Z80_Data_In.o)
                0x00000984                Z80_Data_In_Write
 .text.Z80_Data_Out_Read
                0x00000990        0xc .\CortexM3\ARM_GCC_541\Debug\Z80_3Pin.a(Z80_Data_Out.o)
                0x00000990                Z80_Data_Out_Read
 .text.USBUART_Init
                0x0000099c      0x140 .\CortexM3\ARM_GCC_541\Debug\Z80_3Pin.a(USBUART.o)
                0x0000099c                USBUART_Init
 .text.USBUART_InitComponent
                0x00000adc       0xb8 .\CortexM3\ARM_GCC_541\Debug\Z80_3Pin.a(USBUART.o)
                0x00000adc                USBUART_InitComponent
 .text.USBUART_Start
                0x00000b94       0x24 .\CortexM3\ARM_GCC_541\Debug\Z80_3Pin.a(USBUART.o)
                0x00000b94                USBUART_Start
 .text.USBUART_ReInitComponent
                0x00000bb8       0x4c .\CortexM3\ARM_GCC_541\Debug\Z80_3Pin.a(USBUART.o)
                0x00000bb8                USBUART_ReInitComponent
 .text.USBUART_GetConfiguration
                0x00000c04        0xc .\CortexM3\ARM_GCC_541\Debug\Z80_3Pin.a(USBUART.o)
                0x00000c04                USBUART_GetConfiguration
 .text.USBUART_IsConfigurationChanged
                0x00000c10       0x20 .\CortexM3\ARM_GCC_541\Debug\Z80_3Pin.a(USBUART.o)
                0x00000c10                USBUART_IsConfigurationChanged
 .text.USBUART_GetEPState
                0x00000c30       0x14 .\CortexM3\ARM_GCC_541\Debug\Z80_3Pin.a(USBUART.o)
                0x00000c30                USBUART_GetEPState
 .text.USBUART_GetEPCount
                0x00000c44       0x28 .\CortexM3\ARM_GCC_541\Debug\Z80_3Pin.a(USBUART.o)
                0x00000c44                USBUART_GetEPCount
 .text.USBUART_LoadInEP
                0x00000c6c       0x94 .\CortexM3\ARM_GCC_541\Debug\Z80_3Pin.a(USBUART.o)
                0x00000c6c                USBUART_LoadInEP
 .text.USBUART_EnableOutEP
                0x00000d00       0x2c .\CortexM3\ARM_GCC_541\Debug\Z80_3Pin.a(USBUART.o)
                0x00000d00                USBUART_EnableOutEP
 .text.USBUART_ReadOutEP
                0x00000d2c       0x50 .\CortexM3\ARM_GCC_541\Debug\Z80_3Pin.a(USBUART.o)
                0x00000d2c                USBUART_ReadOutEP
 .text.USBUART_GetInterfaceComPort
                0x00000d7c       0x38 .\CortexM3\ARM_GCC_541\Debug\Z80_3Pin.a(USBUART_cdc.o)
                0x00000d7c                USBUART_GetInterfaceComPort
 .text.USBUART_DispatchCDCClassRqst
                0x00000db4       0x98 .\CortexM3\ARM_GCC_541\Debug\Z80_3Pin.a(USBUART_cdc.o)
                0x00000db4                USBUART_DispatchCDCClassRqst
 .text.USBUART_CDC_Init
                0x00000e4c       0x98 .\CortexM3\ARM_GCC_541\Debug\Z80_3Pin.a(USBUART_cdc.o)
                0x00000e4c                USBUART_CDC_Init
 .text.USBUART_PutData
                0x00000ee4       0x50 .\CortexM3\ARM_GCC_541\Debug\Z80_3Pin.a(USBUART_cdc.o)
                0x00000ee4                USBUART_PutData
 .text.USBUART_DataIsReady
                0x00000f34       0x18 .\CortexM3\ARM_GCC_541\Debug\Z80_3Pin.a(USBUART_cdc.o)
                0x00000f34                USBUART_DataIsReady
 .text.USBUART_CDCIsReady
                0x00000f4c       0x18 .\CortexM3\ARM_GCC_541\Debug\Z80_3Pin.a(USBUART_cdc.o)
                0x00000f4c                USBUART_CDCIsReady
 .text.USBUART_GetAll
                0x00000f64       0x30 .\CortexM3\ARM_GCC_541\Debug\Z80_3Pin.a(USBUART_cdc.o)
                0x00000f64                USBUART_GetAll
 .text.USBUART_Cdc_EpInit
                0x00000f94       0x50 .\CortexM3\ARM_GCC_541\Debug\Z80_3Pin.a(USBUART_cdc.o)
                0x00000f94                USBUART_Cdc_EpInit
 .text.USBUART_LoadEP0
                0x00000fe4       0x98 .\CortexM3\ARM_GCC_541\Debug\Z80_3Pin.a(USBUART_drv.o)
                0x00000fe4                USBUART_LoadEP0
 .text.USBUART_InitZeroLengthControlTransfer
                0x0000107c       0x34 .\CortexM3\ARM_GCC_541\Debug\Z80_3Pin.a(USBUART_drv.o)
                0x0000107c                USBUART_InitZeroLengthControlTransfer
 .text.USBUART_ControlReadDataStage
                0x000010b0        0x8 .\CortexM3\ARM_GCC_541\Debug\Z80_3Pin.a(USBUART_drv.o)
                0x000010b0                USBUART_ControlReadDataStage
 .text.USBUART_ControlWriteDataStage
                0x000010b8       0x84 .\CortexM3\ARM_GCC_541\Debug\Z80_3Pin.a(USBUART_drv.o)
                0x000010b8                USBUART_ControlWriteDataStage
 .text.USBUART_InitNoDataControlTransfer
                0x0000113c       0x2c .\CortexM3\ARM_GCC_541\Debug\Z80_3Pin.a(USBUART_drv.o)
                0x0000113c                USBUART_InitNoDataControlTransfer
 .text.USBUART_UpdateStatusBlock
                0x00001168       0x24 .\CortexM3\ARM_GCC_541\Debug\Z80_3Pin.a(USBUART_drv.o)
                0x00001168                USBUART_UpdateStatusBlock
 .text.USBUART_HandleSetup
                0x0000118c       0x5c .\CortexM3\ARM_GCC_541\Debug\Z80_3Pin.a(USBUART_drv.o)
                0x0000118c                USBUART_HandleSetup
 .text.USBUART_ControlReadStatusStage
                0x000011e8       0x38 .\CortexM3\ARM_GCC_541\Debug\Z80_3Pin.a(USBUART_drv.o)
                0x000011e8                USBUART_ControlReadStatusStage
 .text.USBUART_HandleOUT
                0x00001220       0x38 .\CortexM3\ARM_GCC_541\Debug\Z80_3Pin.a(USBUART_drv.o)
                0x00001220                USBUART_HandleOUT
 .text.USBUART_ControlWriteStatusStage
                0x00001258       0x20 .\CortexM3\ARM_GCC_541\Debug\Z80_3Pin.a(USBUART_drv.o)
                0x00001258                USBUART_ControlWriteStatusStage
 .text.USBUART_NoDataControlStatusStage
                0x00001278       0x40 .\CortexM3\ARM_GCC_541\Debug\Z80_3Pin.a(USBUART_drv.o)
                0x00001278                USBUART_NoDataControlStatusStage
 .text.USBUART_HandleIN
                0x000012b8       0x2c .\CortexM3\ARM_GCC_541\Debug\Z80_3Pin.a(USBUART_drv.o)
                0x000012b8                USBUART_HandleIN
 .text.USBUART_EP_0_ISR
                0x000012e4       0xb8 .\CortexM3\ARM_GCC_541\Debug\Z80_3Pin.a(USBUART_drv.o)
                0x000012e4                USBUART_EP_0_ISR
 .text.USBUART_InitializeStatusBlock
                0x0000139c       0x24 .\CortexM3\ARM_GCC_541\Debug\Z80_3Pin.a(USBUART_drv.o)
                0x0000139c                USBUART_InitializeStatusBlock
 .text.USBUART_InitControlRead
                0x000013c0       0x50 .\CortexM3\ARM_GCC_541\Debug\Z80_3Pin.a(USBUART_drv.o)
                0x000013c0                USBUART_InitControlRead
 .text.USBUART_InitControlWrite
                0x00001410       0x48 .\CortexM3\ARM_GCC_541\Debug\Z80_3Pin.a(USBUART_drv.o)
                0x00001410                USBUART_InitControlWrite
 .text.USBUART_EP_1_ISR
                0x00001458       0x30 .\CortexM3\ARM_GCC_541\Debug\Z80_3Pin.a(USBUART_episr.o)
                0x00001458                USBUART_EP_1_ISR
 .text.USBUART_EP_2_ISR
                0x00001488       0x34 .\CortexM3\ARM_GCC_541\Debug\Z80_3Pin.a(USBUART_episr.o)
                0x00001488                USBUART_EP_2_ISR
 .text.USBUART_EP_3_ISR
                0x000014bc       0x3c .\CortexM3\ARM_GCC_541\Debug\Z80_3Pin.a(USBUART_episr.o)
                0x000014bc                USBUART_EP_3_ISR
 .text.USBUART_SOF_ISR
                0x000014f8        0x4 .\CortexM3\ARM_GCC_541\Debug\Z80_3Pin.a(USBUART_episr.o)
                0x000014f8                USBUART_SOF_ISR
 .text.USBUART_BUS_RESET_ISR
                0x000014fc        0x8 .\CortexM3\ARM_GCC_541\Debug\Z80_3Pin.a(USBUART_episr.o)
                0x000014fc                USBUART_BUS_RESET_ISR
 .text.USBUART_DP_ISR
                0x00001504        0x8 .\CortexM3\ARM_GCC_541\Debug\Z80_3Pin.a(USBUART_pm.o)
                0x00001504                USBUART_DP_ISR
 .text.USBUART_ReadDieID
                0x0000150c       0x6c .\CortexM3\ARM_GCC_541\Debug\Z80_3Pin.a(USBUART_std.o)
                0x0000150c                USBUART_ReadDieID
 .text.USBUART_ConfigReg
                0x00001578       0xa4 .\CortexM3\ARM_GCC_541\Debug\Z80_3Pin.a(USBUART_std.o)
                0x00001578                USBUART_ConfigReg
 .text.USBUART_GetConfigTablePtr
                0x0000161c       0x28 .\CortexM3\ARM_GCC_541\Debug\Z80_3Pin.a(USBUART_std.o)
                0x0000161c                USBUART_GetConfigTablePtr
 .text.USBUART_ConfigAltChanged
                0x00001644      0x11c .\CortexM3\ARM_GCC_541\Debug\Z80_3Pin.a(USBUART_std.o)
                0x00001644                USBUART_ConfigAltChanged
 .text.USBUART_GetDeviceTablePtr
                0x00001760       0x18 .\CortexM3\ARM_GCC_541\Debug\Z80_3Pin.a(USBUART_std.o)
                0x00001760                USBUART_GetDeviceTablePtr
 .text.USBUART_GetInterfaceClassTablePtr
                0x00001778       0x28 .\CortexM3\ARM_GCC_541\Debug\Z80_3Pin.a(USBUART_std.o)
                0x00001778                USBUART_GetInterfaceClassTablePtr
 .text.USBUART_Config
                0x000017a0      0x1ec .\CortexM3\ARM_GCC_541\Debug\Z80_3Pin.a(USBUART_std.o)
                0x000017a0                USBUART_Config
 .text.USBUART_SetEndpointHalt
                0x0000198c       0x64 .\CortexM3\ARM_GCC_541\Debug\Z80_3Pin.a(USBUART_std.o)
                0x0000198c                USBUART_SetEndpointHalt
 .text.USBUART_ClearEndpointHalt
                0x000019f0       0xac .\CortexM3\ARM_GCC_541\Debug\Z80_3Pin.a(USBUART_std.o)
                0x000019f0                USBUART_ClearEndpointHalt
 .text.USBUART_ValidateAlternateSetting
                0x00001a9c       0x4c .\CortexM3\ARM_GCC_541\Debug\Z80_3Pin.a(USBUART_std.o)
                0x00001a9c                USBUART_ValidateAlternateSetting
 .text.USBUART_HandleStandardRqst
                0x00001ae8      0x354 .\CortexM3\ARM_GCC_541\Debug\Z80_3Pin.a(USBUART_std.o)
                0x00001ae8                USBUART_HandleStandardRqst
 .text.USBUART_HandleVendorRqst
                0x00001e3c       0x18 .\CortexM3\ARM_GCC_541\Debug\Z80_3Pin.a(USBUART_vnd.o)
                0x00001e3c                USBUART_HandleVendorRqst
 .text.USBUART_Dp_ClearInterrupt
                0x00001e54       0x10 .\CortexM3\ARM_GCC_541\Debug\Z80_3Pin.a(USBUART_Dp.o)
                0x00001e54                USBUART_Dp_ClearInterrupt
 *fill*         0x00001e64        0x4 
 .text          0x00001e68       0x20 .\CortexM3\ARM_GCC_541\Debug\Z80_3Pin.a(CyBootAsmGnu.o)
                0x00001e68                CyDelayCycles
                0x00001e78                CyEnterCriticalSection
                0x00001e80                CyExitCriticalSection
 .text.USBUART_DispatchClassRqst
                0x00001e88       0x60 .\CortexM3\ARM_GCC_541\Debug\Z80_3Pin.a(USBUART_cls.o)
                0x00001e88                USBUART_DispatchClassRqst
 .text.__errno  0x00001ee8        0xc c:/program files (x86)/cypress/psoc creator/4.2/psoc creator/import/gnu/arm/5.4.1/bin/../lib/gcc/arm-none-eabi/5.4.1/../../../../arm-none-eabi/lib/armv7-m\libg_nano.a(lib_a-errno.o)
                0x00001ee8                __errno
 .text.__libc_init_array
                0x00001ef4       0x4c c:/program files (x86)/cypress/psoc creator/4.2/psoc creator/import/gnu/arm/5.4.1/bin/../lib/gcc/arm-none-eabi/5.4.1/../../../../arm-none-eabi/lib/armv7-m\libg_nano.a(lib_a-init.o)
                0x00001ef4                __libc_init_array
 .text.memcpy   0x00001f40       0x16 c:/program files (x86)/cypress/psoc creator/4.2/psoc creator/import/gnu/arm/5.4.1/bin/../lib/gcc/arm-none-eabi/5.4.1/../../../../arm-none-eabi/lib/armv7-m\libg_nano.a(lib_a-memcpy-stub.o)
                0x00001f40                memcpy
 .text.memset   0x00001f56       0x10 c:/program files (x86)/cypress/psoc creator/4.2/psoc creator/import/gnu/arm/5.4.1/bin/../lib/gcc/arm-none-eabi/5.4.1/../../../../arm-none-eabi/lib/armv7-m\libg_nano.a(lib_a-memset.o)
                0x00001f56                memset
 *(.plt)
 *(.gnu.warning)
 *(.glue_7t)
 .glue_7t       0x00001f66        0x0 linker stubs
 *(.glue_7)
 .glue_7        0x00001f66        0x0 linker stubs
 *(.vfp11_veneer)
 .vfp11_veneer  0x00001f66        0x0 linker stubs
 *(.bootloader)
 *(.ARM.extab* .gnu.linkonce.armextab.*)
 *(.gcc_except_table)

.v4_bx          0x00001f68        0x0
 .v4_bx         0x00001f68        0x0 linker stubs

.iplt           0x00001f68        0x0
 .iplt          0x00001f68        0x0 c:/program files (x86)/cypress/psoc creator/4.2/psoc creator/import/gnu/arm/5.4.1/bin/../lib/gcc/arm-none-eabi/5.4.1/armv7-m/crtbegin.o

.eh_frame_hdr
 *(.eh_frame_hdr)

.eh_frame       0x00001f68        0x4
 *(.eh_frame)
 .eh_frame      0x00001f68        0x0 c:/program files (x86)/cypress/psoc creator/4.2/psoc creator/import/gnu/arm/5.4.1/bin/../lib/gcc/arm-none-eabi/5.4.1/armv7-m/crtbegin.o
 .eh_frame      0x00001f68        0x4 c:/program files (x86)/cypress/psoc creator/4.2/psoc creator/import/gnu/arm/5.4.1/bin/../lib/gcc/arm-none-eabi/5.4.1/armv7-m/crtend.o
                [!provide]                PROVIDE (__exidx_start, .)

.ARM.exidx
 *(.ARM.exidx* .gnu.linkonce.armexidx.*)
                0x00001f6c                __exidx_end = .

.rodata         0x00001f6c     0x21f4
 *(.rodata .rodata.* .gnu.linkonce.r.*)
 .rodata        0x00001f6c     0x2010 .\CortexM3\ARM_GCC_541\Debug\GS_7_BASIC_ROM.o
                0x00001f6c                eprom_length
                0x00001f70                eprom_finish
                0x00001f74                eprom_start
                0x00001f78                eprom_termination
                0x00001f7c                gs7chip_basic_eeprom
 .rodata        0x00003f7c       0x38 .\CortexM3\ARM_GCC_541\Debug\cyfitter_cfg.o
 .rodata.str1.4
                0x00003fb4       0x14 .\CortexM3\ARM_GCC_541\Debug\Z80_3Pin.a(USBUART_std.o)
                                 0x11 (size before relaxing)
 .rodata        0x00003fc8      0x15e .\CortexM3\ARM_GCC_541\Debug\Z80_3Pin.a(USBUART_descr.o)
                0x00003fc8                USBUART_TABLE
                0x00003fd0                USBUART_DEVICE0_TABLE
                0x00003fe8                USBUART_DEVICE0_CONFIGURATION0_TABLE
                0x00004010                USBUART_DEVICE0_CONFIGURATION0_INTERFACE_CLASS
                0x00004014                USBUART_DEVICE0_CONFIGURATION0_EP_SETTINGS_TABLE
                0x0000402c                USBUART_SN_STRING_DESCRIPTOR
                0x00004030                USBUART_STRING_DESCRIPTORS
                0x000040d0                USBUART_DEVICE0_CONFIGURATION0_DESCR
                0x00004114                USBUART_DEVICE0_DESCR
 .rodata.str1.1
                0x00004126        0x2 c:/program files (x86)/cypress/psoc creator/4.2/psoc creator/import/gnu/arm/5.4.1/bin/../lib/gcc/arm-none-eabi/5.4.1/../../../../arm-none-eabi/lib/armv7-m\libg_nano.a(lib_a-impure.o)
                0x00004128                . = ALIGN (0x4)
 *(.init)
 .init          0x00004128        0x4 c:/program files (x86)/cypress/psoc creator/4.2/psoc creator/import/gnu/arm/5.4.1/bin/../lib/gcc/arm-none-eabi/5.4.1/armv7-m/crti.o
                0x00004128                _init
 .init          0x0000412c        0x8 c:/program files (x86)/cypress/psoc creator/4.2/psoc creator/import/gnu/arm/5.4.1/bin/../lib/gcc/arm-none-eabi/5.4.1/armv7-m/crtn.o
                0x00004134                . = ALIGN (0x4)
                0x00004134                __preinit_array_start = .
 *(.preinit_array)
                0x00004134                __preinit_array_end = .
                0x00004134                . = ALIGN (0x4)
                0x00004134                __init_array_start = .
 *(SORT(.init_array.*))
 *(.init_array)
 .init_array    0x00004134        0x4 c:/program files (x86)/cypress/psoc creator/4.2/psoc creator/import/gnu/arm/5.4.1/bin/../lib/gcc/arm-none-eabi/5.4.1/armv7-m/crtbegin.o
 .init_array    0x00004138        0x4 .\CortexM3\ARM_GCC_541\Debug\Cm3Start.o
                0x0000413c                __init_array_end = .
                0x0000413c                . = ALIGN (0x4)
 *(.fini)
 .fini          0x0000413c        0x4 c:/program files (x86)/cypress/psoc creator/4.2/psoc creator/import/gnu/arm/5.4.1/bin/../lib/gcc/arm-none-eabi/5.4.1/armv7-m/crti.o
                0x0000413c                _fini
 .fini          0x00004140        0x8 c:/program files (x86)/cypress/psoc creator/4.2/psoc creator/import/gnu/arm/5.4.1/bin/../lib/gcc/arm-none-eabi/5.4.1/armv7-m/crtn.o
                0x00004148                . = ALIGN (0x4)
                0x00004148                __fini_array_start = .
 *(.fini_array)
 .fini_array    0x00004148        0x4 c:/program files (x86)/cypress/psoc creator/4.2/psoc creator/import/gnu/arm/5.4.1/bin/../lib/gcc/arm-none-eabi/5.4.1/armv7-m/crtbegin.o
 *(SORT(.fini_array.*))
                0x0000414c                __fini_array_end = .
                0x0000414c                . = ALIGN (0x4)
 *crtbegin.o(.ctors)
 *(EXCLUDE_FILE(*crtend.o) .ctors)
 *(SORT(.ctors.*))
 *crtend.o(.ctors)
                0x0000414c                . = ALIGN (0x4)
 *crtbegin.o(.dtors)
 *(EXCLUDE_FILE(*crtend.o) .dtors)
 *(SORT(.dtors.*))
 *crtend.o(.dtors)
                0x0000414c                . = ALIGN (0x4)
                0x0000414c                __cy_regions = .
                0x0000414c        0x4 LONG 0x4160 __cy_region_init_ram
                0x00004150        0x4 LONG 0x1fffc0c8 __cy_region_start_data
                0x00004154        0x4 LONG 0x98 __cy_region_init_size_ram
                0x00004158        0x4 LONG 0x128 __cy_region_zero_size_ram
                0x0000415c                __cy_regions_end = .
                0x00004160                . = ALIGN (0x8)
 *fill*         0x0000415c        0x4 
                0x00004160                _etext = .

.cy_checksum_exclude
                0x00004160        0x0
 *(.cy_checksum_exclude)

.ramvectors     0x1fffc000       0xc0
                0x1fffc000                __cy_region_start_ram = .
 *(.ramvectors)
 .ramvectors    0x1fffc000       0xc0 .\CortexM3\ARM_GCC_541\Debug\Cm3Start.o
                0x1fffc000                CyRamVectors

.noinit         0x1fffc0c0        0x1
 *(.noinit)
 .noinit        0x1fffc0c0        0x1 .\CortexM3\ARM_GCC_541\Debug\Z80_3Pin.a(CyLib.o)
                0x1fffc0c0                CyResetStatus

.data           0x1fffc0c8       0x98 load address 0x00004160
                0x1fffc0c8                __cy_region_start_data = .
 *(.jcr)
 .jcr           0x1fffc0c8        0x0 c:/program files (x86)/cypress/psoc creator/4.2/psoc creator/import/gnu/arm/5.4.1/bin/../lib/gcc/arm-none-eabi/5.4.1/armv7-m/crtbegin.o
 .jcr           0x1fffc0c8        0x4 c:/program files (x86)/cypress/psoc creator/4.2/psoc creator/import/gnu/arm/5.4.1/bin/../lib/gcc/arm-none-eabi/5.4.1/armv7-m/crtend.o
 *(.got.plt)
 *(.got)
 *(.shdata)
 *(.data .data.* .gnu.linkonce.d.*)
 .data          0x1fffc0cc       0x10 .\CortexM3\ARM_GCC_541\Debug\Z80_3Pin.a(CyLib.o)
                0x1fffc0cc                cydelay_32k_ms
                0x1fffc0d0                cydelay_freq_khz
                0x1fffc0d4                cydelay_freq_mhz
                0x1fffc0d8                cydelay_freq_hz
 .data          0x1fffc0dc       0x1a .\CortexM3\ARM_GCC_541\Debug\Z80_3Pin.a(USBUART_cdc.o)
                0x1fffc0dc                USBUART_linesCoding
 *fill*         0x1fffc0f6        0x2 
 .data.impure_data
                0x1fffc0f8       0x60 c:/program files (x86)/cypress/psoc creator/4.2/psoc creator/import/gnu/arm/5.4.1/bin/../lib/gcc/arm-none-eabi/5.4.1/../../../../arm-none-eabi/lib/armv7-m\libg_nano.a(lib_a-impure.o)
 .data._impure_ptr
                0x1fffc158        0x4 c:/program files (x86)/cypress/psoc creator/4.2/psoc creator/import/gnu/arm/5.4.1/bin/../lib/gcc/arm-none-eabi/5.4.1/../../../../arm-none-eabi/lib/armv7-m\libg_nano.a(lib_a-impure.o)
                0x1fffc158                _impure_ptr
                0x1fffc160                . = ALIGN (0x8)
 *fill*         0x1fffc15c        0x4 
 *(.ram)
                0x1fffc160                _edata = .

.igot.plt       0x1fffc160        0x0 load address 0x000041f8
 .igot.plt      0x1fffc160        0x0 c:/program files (x86)/cypress/psoc creator/4.2/psoc creator/import/gnu/arm/5.4.1/bin/../lib/gcc/arm-none-eabi/5.4.1/armv7-m/crtbegin.o

.bss            0x1fffc160      0x128 load address 0x000041f8
                0x1fffc160                PROVIDE (__bss_start__, .)
 *(.shbss)
 *(.bss .bss.* .gnu.linkonce.b.*)
 .bss           0x1fffc160       0x1c c:/program files (x86)/cypress/psoc creator/4.2/psoc creator/import/gnu/arm/5.4.1/bin/../lib/gcc/arm-none-eabi/5.4.1/armv7-m/crtbegin.o
 .bss           0x1fffc17c        0x1 .\CortexM3\ARM_GCC_541\Debug\Z80_3Pin.a(USBUART.o)
                0x1fffc17c                USBUART_initVar
 .bss           0x1fffc17d        0x1 .\CortexM3\ARM_GCC_541\Debug\Z80_3Pin.a(USBUART_cdc.o)
 *fill*         0x1fffc17e        0x2 
 .bss           0x1fffc180        0x2 .\CortexM3\ARM_GCC_541\Debug\Z80_3Pin.a(USBUART_std.o)
 *(COMMON)
 COMMON         0x1fffc182       0x25 .\CortexM3\ARM_GCC_541\Debug\Z80_SIO_emul.o
                0x1fffc182                SIO_A_WR2
                0x1fffc183                SIO_B_Ctrl2
                0x1fffc184                UART_A_TXD
                0x1fffc185                SIO_B_Status
                0x1fffc186                SIO_A_Ctrl1
                0x1fffc187                SIO_A_DataIn
                0x1fffc188                SIO_A_WR5
                0x1fffc189                SIO_B_RD2
                0x1fffc18a                SIO_B_WR4
                0x1fffc18b                SIO_B_DataOut
                0x1fffc18c                SIO_A_Status
                0x1fffc18d                SIO_A_WR0
                0x1fffc18e                SIO_A_Ctrl_Count
                0x1fffc18f                SIO_A_RD2
                0x1fffc190                SIO_A_WR3
                0x1fffc191                SIO_A_RD1
                0x1fffc192                SIO_A_DataOut
                0x1fffc193                SIO_A_WR1
                0x1fffc194                SIO_B_WR5
                0x1fffc195                SIO_B_Ctrl1
                0x1fffc196                SIO_B_RD1
                0x1fffc197                SIO_B_RD0
                0x1fffc198                SIO_B_WR1
                0x1fffc199                SIO_B_WR6
                0x1fffc19a                UART_B_TXD_BUSY
                0x1fffc19b                SIO_B_WR7
                0x1fffc19c                SIO_A_WR4
                0x1fffc19d                SIO_B_WR2
                0x1fffc19e                SIO_A_RD0
                0x1fffc19f                UART_B_TXD
                0x1fffc1a0                SIO_B_Ctrl_Count
                0x1fffc1a1                SIO_B_DataIn
                0x1fffc1a2                SIO_A_Ctrl2
                0x1fffc1a3                SIO_B_WR0
                0x1fffc1a4                SIO_A_WR7
                0x1fffc1a5                SIO_A_WR6
                0x1fffc1a6                SIO_B_WR3
 COMMON         0x1fffc1a7        0x4 .\CortexM3\ARM_GCC_541\Debug\Z80_6850_Emul.o
                0x1fffc1a7                M6850_DataOut
                0x1fffc1a8                M6850_Status
                0x1fffc1a9                M6850_Ctrl
                0x1fffc1aa                M6850_DataIn
 *fill*         0x1fffc1ab        0x1 
 COMMON         0x1fffc1ac       0x18 .\CortexM3\ARM_GCC_541\Debug\Z80_3Pin.a(USBUART_cdc.o)
                0x1fffc1ac                USBUART_linesChanged
                0x1fffc1b0                USBUART_cdcDataInEp
                0x1fffc1b4                USBUART_cdcCommInInterruptEp
                0x1fffc1b8                USBUART_cdcDataOutEp
                0x1fffc1bc                USBUART_serialStateBitmap
                0x1fffc1c0                USBUART_linesControlBitmap
 COMMON         0x1fffc1c4       0x9a .\CortexM3\ARM_GCC_541\Debug\Z80_3Pin.a(USBUART_drv.o)
                0x1fffc1c4                USBUART_lastPacketSize
                0x1fffc1c5                USBUART_device
                0x1fffc1c6                USBUART_transferByteCount
                0x1fffc1c8                USBUART_transferState
                0x1fffc1cc                USBUART_interfaceSettingLast
                0x1fffc1d0                USBUART_currentTD
                0x1fffc1dc                USBUART_interfaceNumber
                0x1fffc1e0                USBUART_interfaceClass
                0x1fffc1e4                USBUART_configurationChanged
                0x1fffc1e5                USBUART_ep0Mode
                0x1fffc1e6                USBUART_deviceAddress
                0x1fffc1e7                USBUART_configuration
                0x1fffc1e8                USBUART_ep0Count
                0x1fffc1e9                USBUART_deviceStatus
                0x1fffc1ec                USBUART_EP
                0x1fffc258                USBUART_interfaceSetting
                0x1fffc25a                USBUART_ep0Toggle
                0x1fffc25c                USBUART_interfaceStatus
 *fill*         0x1fffc25e        0x2 
 COMMON         0x1fffc260       0x22 .\CortexM3\ARM_GCC_541\Debug\Z80_3Pin.a(USBUART_descr.o)
                0x1fffc260                USBUART_idSerialNumberStringDescriptor
                0x1fffc288                . = ALIGN (0x8)
 *fill*         0x1fffc282        0x6 
 *(.ram.b)
                0x1fffc288                _end = .
                0x1fffc288                __end = .
                0x1fffc288                PROVIDE (end, .)
                0x1fffc288                PROVIDE (__bss_end__, .)
                0x00004160                __cy_region_init_ram = LOADADDR (.data)
                0x00000098                __cy_region_init_size_ram = (_edata - ADDR (.data))
                0x00000128                __cy_region_zero_size_ram = (_end - _edata)

.heap           0x1fffc288       0x80 load address 0x000041f8
                0x1fffc288                . = _end
                0x1fffc308                . = (. + 0x80)
 *fill*         0x1fffc288       0x80 
                0x1fffc308                __cy_heap_limit = .

.stack          0x20003800      0x800
                0x20003800                __cy_stack_limit = .
                0x20004000                . = (. + 0x800)
 *fill*         0x20003800      0x800 
                0x00000001                ASSERT ((__cy_stack_limit >= __cy_heap_limit), region RAM overflowed with stack)
                0x00000000                cy_checksum_exclude_size = (CY_APPL_LOADABLE == 0x1)?SIZEOF (.cy_checksum_exclude):0x0
                0x00000001                ASSERT ((cy_checksum_exclude_size <= CY_CHECKSUM_EXCLUDE_SIZE), CY_BOOT: Section .cy_checksum_exclude size exceedes specified limit.)

.cyloadermeta
 *(.cyloadermeta)

.cyloadablemeta
 *(.cyloadablemeta)

.cyconfigecc    0x80000000      0x7d8
 *(.cyconfigecc)
 .cyconfigecc   0x80000000      0x7d8 .\CortexM3\ARM_GCC_541\Debug\cymetadata.o
                0x80000000                cy_meta_configecc

.cycustnvl      0x90000000        0x4
 *(.cycustnvl)
 .cycustnvl     0x90000000        0x4 .\CortexM3\ARM_GCC_541\Debug\cymetadata.o
                0x90000000                cy_meta_custnvl

.cywolatch      0x90100000        0x4
 *(.cywolatch)
 .cywolatch     0x90100000        0x4 .\CortexM3\ARM_GCC_541\Debug\cymetadata.o
                0x90100000                cy_meta_wonvl

.cyeeprom       0x90200000        0x0
 *(.cyeeprom)
                0x00000001                ASSERT ((. <= ((0x90200000 + ee_offset) + ee_size)), .cyeeprom data will not fit in EEPROM)

.cyflashprotect
                0x90400000       0x80
 *(.cyflashprotect)
 .cyflashprotect
                0x90400000       0x80 .\CortexM3\ARM_GCC_541\Debug\cymetadata.o
                0x90400000                cy_meta_flashprotect

.cymeta         0x90500000        0xc
 *(.cymeta)
 .cymeta        0x90500000        0xc .\CortexM3\ARM_GCC_541\Debug\cymetadata.o
                0x90500000                cy_metadata

.rel.dyn        0x000041f8        0x0 load address 0x9050000c
 .rel.iplt      0x000041f8        0x0 c:/program files (x86)/cypress/psoc creator/4.2/psoc creator/import/gnu/arm/5.4.1/bin/../lib/gcc/arm-none-eabi/5.4.1/armv7-m/crtbegin.o

.stab
 *(.stab)

.stabstr
 *(.stabstr)

.debug
 *(.debug)

.line
 *(.line)

.debug_srcinfo
 *(.debug_srcinfo)

.debug_sfnames
 *(.debug_sfnames)

.debug_aranges  0x00000000      0xd30
 *(.debug_aranges)
 .debug_aranges
                0x00000000       0x28 .\CortexM3\ARM_GCC_541\Debug\main.o
 .debug_aranges
                0x00000028       0x40 .\CortexM3\ARM_GCC_541\Debug\ExtSRAM.o
 .debug_aranges
                0x00000068       0x68 .\CortexM3\ARM_GCC_541\Debug\FrontPanel.o
 .debug_aranges
                0x000000d0       0x78 .\CortexM3\ARM_GCC_541\Debug\Z80_SIO_emul.o
 .debug_aranges
                0x00000148       0x30 .\CortexM3\ARM_GCC_541\Debug\Z80_IO_Handle.o
 .debug_aranges
                0x00000178       0x48 .\CortexM3\ARM_GCC_541\Debug\Z80_PIO_emul.o
 .debug_aranges
                0x000001c0       0x18 .\CortexM3\ARM_GCC_541\Debug\GS_7_BASIC_ROM.o
 .debug_aranges
                0x000001d8       0x38 .\CortexM3\ARM_GCC_541\Debug\Z80_6850_Emul.o
 .debug_aranges
                0x00000210       0x58 .\CortexM3\ARM_GCC_541\Debug\cyfitter_cfg.o
 .debug_aranges
                0x00000268       0x18 .\CortexM3\ARM_GCC_541\Debug\cymetadata.o
 .debug_aranges
                0x00000280       0x48 .\CortexM3\ARM_GCC_541\Debug\Cm3Start.o
 .debug_aranges
                0x000002c8      0x2a0 .\CortexM3\ARM_GCC_541\Debug\Z80_3Pin.a(CyLib.o)
 .debug_aranges
                0x00000568       0x98 .\CortexM3\ARM_GCC_541\Debug\Z80_3Pin.a(cyPm.o)
 .debug_aranges
                0x00000600       0x40 .\CortexM3\ARM_GCC_541\Debug\Z80_3Pin.a(AdrLowIn.o)
 .debug_aranges
                0x00000640       0x28 .\CortexM3\ARM_GCC_541\Debug\Z80_3Pin.a(IO_Ctrl_Reg.o)
 .debug_aranges
                0x00000668       0x40 .\CortexM3\ARM_GCC_541\Debug\Z80_3Pin.a(IO_Stat_Reg.o)
 .debug_aranges
                0x000006a8       0x28 .\CortexM3\ARM_GCC_541\Debug\Z80_3Pin.a(Z80_Data_In.o)
 .debug_aranges
                0x000006d0       0x40 .\CortexM3\ARM_GCC_541\Debug\Z80_3Pin.a(Z80_Data_Out.o)
 .debug_aranges
                0x00000710       0x38 .\CortexM3\ARM_GCC_541\Debug\Z80_3Pin.a(I2C.o)
 .debug_aranges
                0x00000748       0x20 .\CortexM3\ARM_GCC_541\Debug\Z80_3Pin.a(I2C_INT.o)
 .debug_aranges
                0x00000768       0x38 .\CortexM3\ARM_GCC_541\Debug\Z80_3Pin.a(I2C_PM.o)
 .debug_aranges
                0x000007a0       0x80 .\CortexM3\ARM_GCC_541\Debug\Z80_3Pin.a(I2C_MASTER.o)
 .debug_aranges
                0x00000820       0xc8 .\CortexM3\ARM_GCC_541\Debug\Z80_3Pin.a(USBUART.o)
 .debug_aranges
                0x000008e8       0xe8 .\CortexM3\ARM_GCC_541\Debug\Z80_3Pin.a(USBUART_cdc.o)
 .debug_aranges
                0x000009d0       0x98 .\CortexM3\ARM_GCC_541\Debug\Z80_3Pin.a(USBUART_drv.o)
 .debug_aranges
                0x00000a68       0x40 .\CortexM3\ARM_GCC_541\Debug\Z80_3Pin.a(USBUART_episr.o)
 .debug_aranges
                0x00000aa8       0x40 .\CortexM3\ARM_GCC_541\Debug\Z80_3Pin.a(USBUART_pm.o)
 .debug_aranges
                0x00000ae8       0x80 .\CortexM3\ARM_GCC_541\Debug\Z80_3Pin.a(USBUART_std.o)
 .debug_aranges
                0x00000b68       0x20 .\CortexM3\ARM_GCC_541\Debug\Z80_3Pin.a(USBUART_vnd.o)
 .debug_aranges
                0x00000b88       0x48 .\CortexM3\ARM_GCC_541\Debug\Z80_3Pin.a(USBUART_Dp.o)
 .debug_aranges
                0x00000bd0       0x20 .\CortexM3\ARM_GCC_541\Debug\Z80_3Pin.a(CyBootAsmGnu.o)
 .debug_aranges
                0x00000bf0       0x88 .\CortexM3\ARM_GCC_541\Debug\Z80_3Pin.a(CyFlash.o)
 .debug_aranges
                0x00000c78       0x80 .\CortexM3\ARM_GCC_541\Debug\Z80_3Pin.a(CySpc.o)
 .debug_aranges
                0x00000cf8       0x20 .\CortexM3\ARM_GCC_541\Debug\Z80_3Pin.a(USBUART_cls.o)
 .debug_aranges
                0x00000d18       0x18 .\CortexM3\ARM_GCC_541\Debug\Z80_3Pin.a(USBUART_descr.o)

.debug_pubnames
 *(.debug_pubnames)

.debug_info     0x00000000     0x9448
 *(.debug_info .gnu.linkonce.wi.*)
 .debug_info    0x00000000      0x322 .\CortexM3\ARM_GCC_541\Debug\main.o
 .debug_info    0x00000322      0x291 .\CortexM3\ARM_GCC_541\Debug\ExtSRAM.o
 .debug_info    0x000005b3      0x8f8 .\CortexM3\ARM_GCC_541\Debug\FrontPanel.o
 .debug_info    0x00000eab      0x6f6 .\CortexM3\ARM_GCC_541\Debug\Z80_SIO_emul.o
 .debug_info    0x000015a1      0x1e2 .\CortexM3\ARM_GCC_541\Debug\Z80_IO_Handle.o
 .debug_info    0x00001783      0x1b5 .\CortexM3\ARM_GCC_541\Debug\Z80_PIO_emul.o
 .debug_info    0x00001938       0xac .\CortexM3\ARM_GCC_541\Debug\GS_7_BASIC_ROM.o
 .debug_info    0x000019e4      0x246 .\CortexM3\ARM_GCC_541\Debug\Z80_6850_Emul.o
 .debug_info    0x00001c2a      0x6aa .\CortexM3\ARM_GCC_541\Debug\cyfitter_cfg.o
 .debug_info    0x000022d4      0x139 .\CortexM3\ARM_GCC_541\Debug\cymetadata.o
 .debug_info    0x0000240d      0x3bb .\CortexM3\ARM_GCC_541\Debug\Cm3Start.o
 .debug_info    0x000027c8     0x1374 .\CortexM3\ARM_GCC_541\Debug\Z80_3Pin.a(CyLib.o)
 .debug_info    0x00003b3c      0xa2a .\CortexM3\ARM_GCC_541\Debug\Z80_3Pin.a(cyPm.o)
 .debug_info    0x00004566      0x17d .\CortexM3\ARM_GCC_541\Debug\Z80_3Pin.a(AdrLowIn.o)
 .debug_info    0x000046e3       0xd6 .\CortexM3\ARM_GCC_541\Debug\Z80_3Pin.a(IO_Ctrl_Reg.o)
 .debug_info    0x000047b9      0x17f .\CortexM3\ARM_GCC_541\Debug\Z80_3Pin.a(IO_Stat_Reg.o)
 .debug_info    0x00004938       0xd6 .\CortexM3\ARM_GCC_541\Debug\Z80_3Pin.a(Z80_Data_In.o)
 .debug_info    0x00004a0e      0x17d .\CortexM3\ARM_GCC_541\Debug\Z80_3Pin.a(Z80_Data_Out.o)
 .debug_info    0x00004b8b      0x2ab .\CortexM3\ARM_GCC_541\Debug\Z80_3Pin.a(I2C.o)
 .debug_info    0x00004e36      0x184 .\CortexM3\ARM_GCC_541\Debug\Z80_3Pin.a(I2C_INT.o)
 .debug_info    0x00004fba      0x207 .\CortexM3\ARM_GCC_541\Debug\Z80_3Pin.a(I2C_PM.o)
 .debug_info    0x000051c1      0x407 .\CortexM3\ARM_GCC_541\Debug\Z80_3Pin.a(I2C_MASTER.o)
 .debug_info    0x000055c8      0x995 .\CortexM3\ARM_GCC_541\Debug\Z80_3Pin.a(USBUART.o)
 .debug_info    0x00005f5d      0xaf7 .\CortexM3\ARM_GCC_541\Debug\Z80_3Pin.a(USBUART_cdc.o)
 .debug_info    0x00006a54      0x655 .\CortexM3\ARM_GCC_541\Debug\Z80_3Pin.a(USBUART_drv.o)
 .debug_info    0x000070a9      0x254 .\CortexM3\ARM_GCC_541\Debug\Z80_3Pin.a(USBUART_episr.o)
 .debug_info    0x000072fd      0x2e4 .\CortexM3\ARM_GCC_541\Debug\Z80_3Pin.a(USBUART_pm.o)
 .debug_info    0x000075e1      0xb26 .\CortexM3\ARM_GCC_541\Debug\Z80_3Pin.a(USBUART_std.o)
 .debug_info    0x00008107       0xed .\CortexM3\ARM_GCC_541\Debug\Z80_3Pin.a(USBUART_vnd.o)
 .debug_info    0x000081f4      0x174 .\CortexM3\ARM_GCC_541\Debug\Z80_3Pin.a(USBUART_Dp.o)
 .debug_info    0x00008368       0xc2 .\CortexM3\ARM_GCC_541\Debug\Z80_3Pin.a(CyBootAsmGnu.o)
 .debug_info    0x0000842a      0x64d .\CortexM3\ARM_GCC_541\Debug\Z80_3Pin.a(CyFlash.o)
 .debug_info    0x00008a77      0x550 .\CortexM3\ARM_GCC_541\Debug\Z80_3Pin.a(CySpc.o)
 .debug_info    0x00008fc7      0x1de .\CortexM3\ARM_GCC_541\Debug\Z80_3Pin.a(USBUART_cls.o)
 .debug_info    0x000091a5      0x2a3 .\CortexM3\ARM_GCC_541\Debug\Z80_3Pin.a(USBUART_descr.o)

.debug_abbrev   0x00000000     0x2719
 *(.debug_abbrev)
 .debug_abbrev  0x00000000      0x125 .\CortexM3\ARM_GCC_541\Debug\main.o
 .debug_abbrev  0x00000125      0x10d .\CortexM3\ARM_GCC_541\Debug\ExtSRAM.o
 .debug_abbrev  0x00000232      0x185 .\CortexM3\ARM_GCC_541\Debug\FrontPanel.o
 .debug_abbrev  0x000003b7      0x172 .\CortexM3\ARM_GCC_541\Debug\Z80_SIO_emul.o
 .debug_abbrev  0x00000529       0xa1 .\CortexM3\ARM_GCC_541\Debug\Z80_IO_Handle.o
 .debug_abbrev  0x000005ca       0x85 .\CortexM3\ARM_GCC_541\Debug\Z80_PIO_emul.o
 .debug_abbrev  0x0000064f       0x56 .\CortexM3\ARM_GCC_541\Debug\GS_7_BASIC_ROM.o
 .debug_abbrev  0x000006a5       0xea .\CortexM3\ARM_GCC_541\Debug\Z80_6850_Emul.o
 .debug_abbrev  0x0000078f      0x20d .\CortexM3\ARM_GCC_541\Debug\cyfitter_cfg.o
 .debug_abbrev  0x0000099c       0x77 .\CortexM3\ARM_GCC_541\Debug\cymetadata.o
 .debug_abbrev  0x00000a13      0x1e8 .\CortexM3\ARM_GCC_541\Debug\Cm3Start.o
 .debug_abbrev  0x00000bfb      0x254 .\CortexM3\ARM_GCC_541\Debug\Z80_3Pin.a(CyLib.o)
 .debug_abbrev  0x00000e4f      0x1ab .\CortexM3\ARM_GCC_541\Debug\Z80_3Pin.a(cyPm.o)
 .debug_abbrev  0x00000ffa       0xac .\CortexM3\ARM_GCC_541\Debug\Z80_3Pin.a(AdrLowIn.o)
 .debug_abbrev  0x000010a6       0x81 .\CortexM3\ARM_GCC_541\Debug\Z80_3Pin.a(IO_Ctrl_Reg.o)
 .debug_abbrev  0x00001127       0xac .\CortexM3\ARM_GCC_541\Debug\Z80_3Pin.a(IO_Stat_Reg.o)
 .debug_abbrev  0x000011d3       0x81 .\CortexM3\ARM_GCC_541\Debug\Z80_3Pin.a(Z80_Data_In.o)
 .debug_abbrev  0x00001254       0xac .\CortexM3\ARM_GCC_541\Debug\Z80_3Pin.a(Z80_Data_Out.o)
 .debug_abbrev  0x00001300      0x10a .\CortexM3\ARM_GCC_541\Debug\Z80_3Pin.a(I2C.o)
 .debug_abbrev  0x0000140a       0xb6 .\CortexM3\ARM_GCC_541\Debug\Z80_3Pin.a(I2C_INT.o)
 .debug_abbrev  0x000014c0       0xfe .\CortexM3\ARM_GCC_541\Debug\Z80_3Pin.a(I2C_PM.o)
 .debug_abbrev  0x000015be      0x13c .\CortexM3\ARM_GCC_541\Debug\Z80_3Pin.a(I2C_MASTER.o)
 .debug_abbrev  0x000016fa      0x215 .\CortexM3\ARM_GCC_541\Debug\Z80_3Pin.a(USBUART.o)
 .debug_abbrev  0x0000190f      0x245 .\CortexM3\ARM_GCC_541\Debug\Z80_3Pin.a(USBUART_cdc.o)
 .debug_abbrev  0x00001b54      0x189 .\CortexM3\ARM_GCC_541\Debug\Z80_3Pin.a(USBUART_drv.o)
 .debug_abbrev  0x00001cdd      0x11b .\CortexM3\ARM_GCC_541\Debug\Z80_3Pin.a(USBUART_episr.o)
 .debug_abbrev  0x00001df8      0x108 .\CortexM3\ARM_GCC_541\Debug\Z80_3Pin.a(USBUART_pm.o)
 .debug_abbrev  0x00001f00      0x20a .\CortexM3\ARM_GCC_541\Debug\Z80_3Pin.a(USBUART_std.o)
 .debug_abbrev  0x0000210a       0x9b .\CortexM3\ARM_GCC_541\Debug\Z80_3Pin.a(USBUART_vnd.o)
 .debug_abbrev  0x000021a5       0x90 .\CortexM3\ARM_GCC_541\Debug\Z80_3Pin.a(USBUART_Dp.o)
 .debug_abbrev  0x00002235       0x14 .\CortexM3\ARM_GCC_541\Debug\Z80_3Pin.a(CyBootAsmGnu.o)
 .debug_abbrev  0x00002249      0x1a7 .\CortexM3\ARM_GCC_541\Debug\Z80_3Pin.a(CyFlash.o)
 .debug_abbrev  0x000023f0      0x194 .\CortexM3\ARM_GCC_541\Debug\Z80_3Pin.a(CySpc.o)
 .debug_abbrev  0x00002584       0xe1 .\CortexM3\ARM_GCC_541\Debug\Z80_3Pin.a(USBUART_cls.o)
 .debug_abbrev  0x00002665       0xb4 .\CortexM3\ARM_GCC_541\Debug\Z80_3Pin.a(USBUART_descr.o)

.debug_line     0x00000000     0x3e2a
 *(.debug_line)
 .debug_line    0x00000000      0x21b .\CortexM3\ARM_GCC_541\Debug\main.o
 .debug_line    0x0000021b      0x242 .\CortexM3\ARM_GCC_541\Debug\ExtSRAM.o
 .debug_line    0x0000045d      0x355 .\CortexM3\ARM_GCC_541\Debug\FrontPanel.o
 .debug_line    0x000007b2        0x0 .\CortexM3\ARM_GCC_541\Debug\GS_9_MON_BASIC_ROM.o
 .debug_line    0x000007b2      0x318 .\CortexM3\ARM_GCC_541\Debug\Z80_SIO_emul.o
 .debug_line    0x00000aca      0x201 .\CortexM3\ARM_GCC_541\Debug\Z80_IO_Handle.o
 .debug_line    0x00000ccb      0x1b8 .\CortexM3\ARM_GCC_541\Debug\Z80_PIO_emul.o
 .debug_line    0x00000e83       0x31 .\CortexM3\ARM_GCC_541\Debug\GS_7_BASIC_ROM.o
 .debug_line    0x00000eb4      0x1f3 .\CortexM3\ARM_GCC_541\Debug\Z80_6850_Emul.o
 .debug_line    0x000010a7      0x21c .\CortexM3\ARM_GCC_541\Debug\cyfitter_cfg.o
 .debug_line    0x000012c3      0x141 .\CortexM3\ARM_GCC_541\Debug\cymetadata.o
 .debug_line    0x00001404      0x234 .\CortexM3\ARM_GCC_541\Debug\Cm3Start.o
 .debug_line    0x00001638      0x816 .\CortexM3\ARM_GCC_541\Debug\Z80_3Pin.a(CyLib.o)
 .debug_line    0x00001e4e      0x367 .\CortexM3\ARM_GCC_541\Debug\Z80_3Pin.a(cyPm.o)
 .debug_line    0x000021b5       0xb3 .\CortexM3\ARM_GCC_541\Debug\Z80_3Pin.a(AdrLowIn.o)
 .debug_line    0x00002268       0x73 .\CortexM3\ARM_GCC_541\Debug\Z80_3Pin.a(IO_Ctrl_Reg.o)
 .debug_line    0x000022db       0xb7 .\CortexM3\ARM_GCC_541\Debug\Z80_3Pin.a(IO_Stat_Reg.o)
 .debug_line    0x00002392       0x73 .\CortexM3\ARM_GCC_541\Debug\Z80_3Pin.a(Z80_Data_In.o)
 .debug_line    0x00002405       0xb7 .\CortexM3\ARM_GCC_541\Debug\Z80_3Pin.a(Z80_Data_Out.o)
 .debug_line    0x000024bc       0xd9 .\CortexM3\ARM_GCC_541\Debug\Z80_3Pin.a(I2C.o)
 .debug_line    0x00002595      0x114 .\CortexM3\ARM_GCC_541\Debug\Z80_3Pin.a(I2C_INT.o)
 .debug_line    0x000026a9       0xbb .\CortexM3\ARM_GCC_541\Debug\Z80_3Pin.a(I2C_PM.o)
 .debug_line    0x00002764      0x1fd .\CortexM3\ARM_GCC_541\Debug\Z80_3Pin.a(I2C_MASTER.o)
 .debug_line    0x00002961      0x2dc .\CortexM3\ARM_GCC_541\Debug\Z80_3Pin.a(USBUART.o)
 .debug_line    0x00002c3d      0x2f2 .\CortexM3\ARM_GCC_541\Debug\Z80_3Pin.a(USBUART_cdc.o)
 .debug_line    0x00002f2f      0x221 .\CortexM3\ARM_GCC_541\Debug\Z80_3Pin.a(USBUART_drv.o)
 .debug_line    0x00003150       0xe6 .\CortexM3\ARM_GCC_541\Debug\Z80_3Pin.a(USBUART_episr.o)
 .debug_line    0x00003236      0x10e .\CortexM3\ARM_GCC_541\Debug\Z80_3Pin.a(USBUART_pm.o)
 .debug_line    0x00003344      0x3e2 .\CortexM3\ARM_GCC_541\Debug\Z80_3Pin.a(USBUART_std.o)
 .debug_line    0x00003726       0x73 .\CortexM3\ARM_GCC_541\Debug\Z80_3Pin.a(USBUART_vnd.o)
 .debug_line    0x00003799       0xbb .\CortexM3\ARM_GCC_541\Debug\Z80_3Pin.a(USBUART_Dp.o)
 .debug_line    0x00003854       0x66 .\CortexM3\ARM_GCC_541\Debug\Z80_3Pin.a(CyBootAsmGnu.o)
 .debug_line    0x000038ba      0x21a .\CortexM3\ARM_GCC_541\Debug\Z80_3Pin.a(CyFlash.o)
 .debug_line    0x00003ad4      0x260 .\CortexM3\ARM_GCC_541\Debug\Z80_3Pin.a(CySpc.o)
 .debug_line    0x00003d34       0x95 .\CortexM3\ARM_GCC_541\Debug\Z80_3Pin.a(USBUART_cls.o)
 .debug_line    0x00003dc9       0x61 .\CortexM3\ARM_GCC_541\Debug\Z80_3Pin.a(USBUART_descr.o)

.debug_frame    0x00000000     0x20cc
 *(.debug_frame)
 .debug_frame   0x00000000       0x4c .\CortexM3\ARM_GCC_541\Debug\main.o
 .debug_frame   0x0000004c       0x9c .\CortexM3\ARM_GCC_541\Debug\ExtSRAM.o
 .debug_frame   0x000000e8      0x13c .\CortexM3\ARM_GCC_541\Debug\FrontPanel.o
 .debug_frame   0x00000224      0x154 .\CortexM3\ARM_GCC_541\Debug\Z80_SIO_emul.o
 .debug_frame   0x00000378       0x64 .\CortexM3\ARM_GCC_541\Debug\Z80_IO_Handle.o
 .debug_frame   0x000003dc       0x70 .\CortexM3\ARM_GCC_541\Debug\Z80_PIO_emul.o
 .debug_frame   0x0000044c       0x80 .\CortexM3\ARM_GCC_541\Debug\Z80_6850_Emul.o
 .debug_frame   0x000004cc       0xe4 .\CortexM3\ARM_GCC_541\Debug\cyfitter_cfg.o
 .debug_frame   0x000005b0       0xb8 .\CortexM3\ARM_GCC_541\Debug\Cm3Start.o
 .debug_frame   0x00000668      0x738 .\CortexM3\ARM_GCC_541\Debug\Z80_3Pin.a(CyLib.o)
 .debug_frame   0x00000da0      0x1f8 .\CortexM3\ARM_GCC_541\Debug\Z80_3Pin.a(cyPm.o)
 .debug_frame   0x00000f98       0x78 .\CortexM3\ARM_GCC_541\Debug\Z80_3Pin.a(AdrLowIn.o)
 .debug_frame   0x00001010       0x30 .\CortexM3\ARM_GCC_541\Debug\Z80_3Pin.a(IO_Ctrl_Reg.o)
 .debug_frame   0x00001040       0x78 .\CortexM3\ARM_GCC_541\Debug\Z80_3Pin.a(IO_Stat_Reg.o)
 .debug_frame   0x000010b8       0x30 .\CortexM3\ARM_GCC_541\Debug\Z80_3Pin.a(Z80_Data_In.o)
 .debug_frame   0x000010e8       0x78 .\CortexM3\ARM_GCC_541\Debug\Z80_3Pin.a(Z80_Data_Out.o)
 .debug_frame   0x00001160       0x90 .\CortexM3\ARM_GCC_541\Debug\Z80_3Pin.a(I2C.o)
 .debug_frame   0x000011f0       0x30 .\CortexM3\ARM_GCC_541\Debug\Z80_3Pin.a(I2C_INT.o)
 .debug_frame   0x00001220       0x74 .\CortexM3\ARM_GCC_541\Debug\Z80_3Pin.a(I2C_PM.o)
 .debug_frame   0x00001294      0x138 .\CortexM3\ARM_GCC_541\Debug\Z80_3Pin.a(I2C_MASTER.o)
 .debug_frame   0x000013cc      0x1dc .\CortexM3\ARM_GCC_541\Debug\Z80_3Pin.a(USBUART.o)
 .debug_frame   0x000015a8      0x27c .\CortexM3\ARM_GCC_541\Debug\Z80_3Pin.a(USBUART_cdc.o)
 .debug_frame   0x00001824      0x194 .\CortexM3\ARM_GCC_541\Debug\Z80_3Pin.a(USBUART_drv.o)
 .debug_frame   0x000019b8       0x6c .\CortexM3\ARM_GCC_541\Debug\Z80_3Pin.a(USBUART_episr.o)
 .debug_frame   0x00001a24       0xa0 .\CortexM3\ARM_GCC_541\Debug\Z80_3Pin.a(USBUART_pm.o)
 .debug_frame   0x00001ac4      0x17c .\CortexM3\ARM_GCC_541\Debug\Z80_3Pin.a(USBUART_std.o)
 .debug_frame   0x00001c40       0x20 .\CortexM3\ARM_GCC_541\Debug\Z80_3Pin.a(USBUART_vnd.o)
 .debug_frame   0x00001c60       0x70 .\CortexM3\ARM_GCC_541\Debug\Z80_3Pin.a(USBUART_Dp.o)
 .debug_frame   0x00001cd0      0x194 .\CortexM3\ARM_GCC_541\Debug\Z80_3Pin.a(CyFlash.o)
 .debug_frame   0x00001e64      0x180 .\CortexM3\ARM_GCC_541\Debug\Z80_3Pin.a(CySpc.o)
 .debug_frame   0x00001fe4       0x2c .\CortexM3\ARM_GCC_541\Debug\Z80_3Pin.a(USBUART_cls.o)
 .debug_frame   0x00002010       0x20 c:/program files (x86)/cypress/psoc creator/4.2/psoc creator/import/gnu/arm/5.4.1/bin/../lib/gcc/arm-none-eabi/5.4.1/../../../../arm-none-eabi/lib/armv7-m\libg_nano.a(lib_a-errno.o)
 .debug_frame   0x00002030       0x28 c:/program files (x86)/cypress/psoc creator/4.2/psoc creator/import/gnu/arm/5.4.1/bin/../lib/gcc/arm-none-eabi/5.4.1/../../../../arm-none-eabi/lib/armv7-m\libg_nano.a(lib_a-exit.o)
 .debug_frame   0x00002058       0x2c c:/program files (x86)/cypress/psoc creator/4.2/psoc creator/import/gnu/arm/5.4.1/bin/../lib/gcc/arm-none-eabi/5.4.1/../../../../arm-none-eabi/lib/armv7-m\libg_nano.a(lib_a-init.o)
 .debug_frame   0x00002084       0x28 c:/program files (x86)/cypress/psoc creator/4.2/psoc creator/import/gnu/arm/5.4.1/bin/../lib/gcc/arm-none-eabi/5.4.1/../../../../arm-none-eabi/lib/armv7-m\libg_nano.a(lib_a-memcpy-stub.o)
 .debug_frame   0x000020ac       0x20 c:/program files (x86)/cypress/psoc creator/4.2/psoc creator/import/gnu/arm/5.4.1/bin/../lib/gcc/arm-none-eabi/5.4.1/../../../../arm-none-eabi/lib/armv7-m\libg_nano.a(lib_a-memset.o)

.debug_str      0x00000000     0x31ea
 *(.debug_str)
 .debug_str     0x00000000      0x2df .\CortexM3\ARM_GCC_541\Debug\main.o
                                0x327 (size before relaxing)
 .debug_str     0x000002df       0x83 .\CortexM3\ARM_GCC_541\Debug\ExtSRAM.o
                                0x28c (size before relaxing)
 .debug_str     0x00000362      0x267 .\CortexM3\ARM_GCC_541\Debug\FrontPanel.o
                                0x47e (size before relaxing)
 .debug_str     0x000005c9       0x15 .\CortexM3\ARM_GCC_541\Debug\GS_9_MON_BASIC_ROM.o
                                0x122 (size before relaxing)
 .debug_str     0x000005de      0x290 .\CortexM3\ARM_GCC_541\Debug\Z80_SIO_emul.o
                                0x4f6 (size before relaxing)
 .debug_str     0x0000086e       0x71 .\CortexM3\ARM_GCC_541\Debug\Z80_IO_Handle.o
                                0x2b0 (size before relaxing)
 .debug_str     0x000008df      0x123 .\CortexM3\ARM_GCC_541\Debug\Z80_PIO_emul.o
                                0x300 (size before relaxing)
 .debug_str     0x00000a02       0x49 .\CortexM3\ARM_GCC_541\Debug\GS_7_BASIC_ROM.o
                                0x194 (size before relaxing)
 .debug_str     0x00000a4b       0x43 .\CortexM3\ARM_GCC_541\Debug\Z80_6850_Emul.o
                                0x2c4 (size before relaxing)
 .debug_str     0x00000a8e      0x21b .\CortexM3\ARM_GCC_541\Debug\cyfitter_cfg.o
                                0x380 (size before relaxing)
 .debug_str     0x00000ca9       0x7f .\CortexM3\ARM_GCC_541\Debug\cymetadata.o
                                0x216 (size before relaxing)
 .debug_str     0x00000d28      0x144 .\CortexM3\ARM_GCC_541\Debug\Cm3Start.o
                                0x33c (size before relaxing)
 .debug_str     0x00000e6c      0x83f .\CortexM3\ARM_GCC_541\Debug\Z80_3Pin.a(CyLib.o)
                                0xa79 (size before relaxing)
 .debug_str     0x000016ab      0x365 .\CortexM3\ARM_GCC_541\Debug\Z80_3Pin.a(cyPm.o)
                                0x765 (size before relaxing)
 .debug_str     0x00001a10       0x7a .\CortexM3\ARM_GCC_541\Debug\Z80_3Pin.a(AdrLowIn.o)
                                0x281 (size before relaxing)
 .debug_str     0x00001a8a       0x2d .\CortexM3\ARM_GCC_541\Debug\Z80_3Pin.a(IO_Ctrl_Reg.o)
                                0x1f3 (size before relaxing)
 .debug_str     0x00001ab7       0x89 .\CortexM3\ARM_GCC_541\Debug\Z80_3Pin.a(IO_Stat_Reg.o)
                                0x293 (size before relaxing)
 .debug_str     0x00001b40       0x36 .\CortexM3\ARM_GCC_541\Debug\Z80_3Pin.a(Z80_Data_In.o)
                                0x1f3 (size before relaxing)
 .debug_str     0x00001b76       0x8e .\CortexM3\ARM_GCC_541\Debug\Z80_3Pin.a(Z80_Data_Out.o)
                                0x299 (size before relaxing)
 .debug_str     0x00001c04       0xd4 .\CortexM3\ARM_GCC_541\Debug\Z80_3Pin.a(I2C.o)
                                0x313 (size before relaxing)
 .debug_str     0x00001cd8       0x86 .\CortexM3\ARM_GCC_541\Debug\Z80_3Pin.a(I2C_INT.o)
                                0x291 (size before relaxing)
 .debug_str     0x00001d5e       0x56 .\CortexM3\ARM_GCC_541\Debug\Z80_3Pin.a(I2C_PM.o)
                                0x2af (size before relaxing)
 .debug_str     0x00001db4       0xe8 .\CortexM3\ARM_GCC_541\Debug\Z80_3Pin.a(I2C_MASTER.o)
                                0x3d6 (size before relaxing)
 .debug_str     0x00001e9c      0x3f7 .\CortexM3\ARM_GCC_541\Debug\Z80_3Pin.a(USBUART.o)
                                0x69c (size before relaxing)
 .debug_str     0x00002293      0x4d5 .\CortexM3\ARM_GCC_541\Debug\Z80_3Pin.a(USBUART_cdc.o)
                                0x803 (size before relaxing)
 .debug_str     0x00002768      0x291 .\CortexM3\ARM_GCC_541\Debug\Z80_3Pin.a(USBUART_drv.o)
                                0x67a (size before relaxing)
 .debug_str     0x000029f9       0x80 .\CortexM3\ARM_GCC_541\Debug\Z80_3Pin.a(USBUART_episr.o)
                                0x311 (size before relaxing)
 .debug_str     0x00002a79       0xc6 .\CortexM3\ARM_GCC_541\Debug\Z80_3Pin.a(USBUART_pm.o)
                                0x322 (size before relaxing)
 .debug_str     0x00002b3f      0x259 .\CortexM3\ARM_GCC_541\Debug\Z80_3Pin.a(USBUART_std.o)
                                0x7e9 (size before relaxing)
 .debug_str     0x00002d98       0x25 .\CortexM3\ARM_GCC_541\Debug\Z80_3Pin.a(USBUART_vnd.o)
                                0x21f (size before relaxing)
 .debug_str     0x00002dbd       0xa4 .\CortexM3\ARM_GCC_541\Debug\Z80_3Pin.a(USBUART_Dp.o)
                                0x273 (size before relaxing)
 .debug_str     0x00002e61      0x1b4 .\CortexM3\ARM_GCC_541\Debug\Z80_3Pin.a(CyFlash.o)
                                0x3f2 (size before relaxing)
 .debug_str     0x00003015       0xac .\CortexM3\ARM_GCC_541\Debug\Z80_3Pin.a(CySpc.o)
                                0x36a (size before relaxing)
 .debug_str     0x000030c1       0x25 .\CortexM3\ARM_GCC_541\Debug\Z80_3Pin.a(USBUART_cls.o)
                                0x2de (size before relaxing)
 .debug_str     0x000030e6      0x104 .\CortexM3\ARM_GCC_541\Debug\Z80_3Pin.a(USBUART_descr.o)
                                0x38b (size before relaxing)

.debug_loc      0x00000000     0x3c69
 *(.debug_loc)
 .debug_loc     0x00000000       0xc8 .\CortexM3\ARM_GCC_541\Debug\main.o
 .debug_loc     0x000000c8       0xc2 .\CortexM3\ARM_GCC_541\Debug\ExtSRAM.o
 .debug_loc     0x0000018a      0x416 .\CortexM3\ARM_GCC_541\Debug\FrontPanel.o
 .debug_loc     0x000005a0       0xed .\CortexM3\ARM_GCC_541\Debug\Z80_SIO_emul.o
 .debug_loc     0x0000068d      0x2b6 .\CortexM3\ARM_GCC_541\Debug\cyfitter_cfg.o
 .debug_loc     0x00000943      0x144 .\CortexM3\ARM_GCC_541\Debug\Cm3Start.o
 .debug_loc     0x00000a87      0xa11 .\CortexM3\ARM_GCC_541\Debug\Z80_3Pin.a(CyLib.o)
 .debug_loc     0x00001498      0x1e4 .\CortexM3\ARM_GCC_541\Debug\Z80_3Pin.a(cyPm.o)
 .debug_loc     0x0000167c       0x26 .\CortexM3\ARM_GCC_541\Debug\Z80_3Pin.a(AdrLowIn.o)
 .debug_loc     0x000016a2       0x44 .\CortexM3\ARM_GCC_541\Debug\Z80_3Pin.a(IO_Stat_Reg.o)
 .debug_loc     0x000016e6       0x26 .\CortexM3\ARM_GCC_541\Debug\Z80_3Pin.a(Z80_Data_Out.o)
 .debug_loc     0x0000170c       0x39 .\CortexM3\ARM_GCC_541\Debug\Z80_3Pin.a(I2C.o)
 .debug_loc     0x00001745       0x29 .\CortexM3\ARM_GCC_541\Debug\Z80_3Pin.a(I2C_INT.o)
 .debug_loc     0x0000176e       0x13 .\CortexM3\ARM_GCC_541\Debug\Z80_3Pin.a(I2C_PM.o)
 .debug_loc     0x00001781      0x52f .\CortexM3\ARM_GCC_541\Debug\Z80_3Pin.a(I2C_MASTER.o)
 .debug_loc     0x00001cb0      0x3e1 .\CortexM3\ARM_GCC_541\Debug\Z80_3Pin.a(USBUART.o)
 .debug_loc     0x00002091      0x557 .\CortexM3\ARM_GCC_541\Debug\Z80_3Pin.a(USBUART_cdc.o)
 .debug_loc     0x000025e8      0x171 .\CortexM3\ARM_GCC_541\Debug\Z80_3Pin.a(USBUART_drv.o)
 .debug_loc     0x00002759       0x26 .\CortexM3\ARM_GCC_541\Debug\Z80_3Pin.a(USBUART_pm.o)
 .debug_loc     0x0000277f      0x945 .\CortexM3\ARM_GCC_541\Debug\Z80_3Pin.a(USBUART_std.o)
 .debug_loc     0x000030c4       0x84 .\CortexM3\ARM_GCC_541\Debug\Z80_3Pin.a(USBUART_Dp.o)
 .debug_loc     0x00003148      0x3b2 .\CortexM3\ARM_GCC_541\Debug\Z80_3Pin.a(CyFlash.o)
 .debug_loc     0x000034fa      0x705 .\CortexM3\ARM_GCC_541\Debug\Z80_3Pin.a(CySpc.o)
 .debug_loc     0x00003bff       0x6a .\CortexM3\ARM_GCC_541\Debug\Z80_3Pin.a(USBUART_cls.o)

.debug_macinfo
 *(.debug_macinfo)

.debug_ranges   0x00000000      0xaf0
 *(.debug_ranges)
 .debug_ranges  0x00000000       0x18 .\CortexM3\ARM_GCC_541\Debug\main.o
 .debug_ranges  0x00000018       0x30 .\CortexM3\ARM_GCC_541\Debug\ExtSRAM.o
 .debug_ranges  0x00000048       0x58 .\CortexM3\ARM_GCC_541\Debug\FrontPanel.o
 .debug_ranges  0x000000a0       0x68 .\CortexM3\ARM_GCC_541\Debug\Z80_SIO_emul.o
 .debug_ranges  0x00000108       0x20 .\CortexM3\ARM_GCC_541\Debug\Z80_IO_Handle.o
 .debug_ranges  0x00000128       0x38 .\CortexM3\ARM_GCC_541\Debug\Z80_PIO_emul.o
 .debug_ranges  0x00000160       0x28 .\CortexM3\ARM_GCC_541\Debug\Z80_6850_Emul.o
 .debug_ranges  0x00000188       0x48 .\CortexM3\ARM_GCC_541\Debug\cyfitter_cfg.o
 .debug_ranges  0x000001d0       0x38 .\CortexM3\ARM_GCC_541\Debug\Cm3Start.o
 .debug_ranges  0x00000208      0x290 .\CortexM3\ARM_GCC_541\Debug\Z80_3Pin.a(CyLib.o)
 .debug_ranges  0x00000498       0x88 .\CortexM3\ARM_GCC_541\Debug\Z80_3Pin.a(cyPm.o)
 .debug_ranges  0x00000520       0x30 .\CortexM3\ARM_GCC_541\Debug\Z80_3Pin.a(AdrLowIn.o)
 .debug_ranges  0x00000550       0x18 .\CortexM3\ARM_GCC_541\Debug\Z80_3Pin.a(IO_Ctrl_Reg.o)
 .debug_ranges  0x00000568       0x30 .\CortexM3\ARM_GCC_541\Debug\Z80_3Pin.a(IO_Stat_Reg.o)
 .debug_ranges  0x00000598       0x18 .\CortexM3\ARM_GCC_541\Debug\Z80_3Pin.a(Z80_Data_In.o)
 .debug_ranges  0x000005b0       0x30 .\CortexM3\ARM_GCC_541\Debug\Z80_3Pin.a(Z80_Data_Out.o)
 .debug_ranges  0x000005e0       0x28 .\CortexM3\ARM_GCC_541\Debug\Z80_3Pin.a(I2C.o)
 .debug_ranges  0x00000608       0x10 .\CortexM3\ARM_GCC_541\Debug\Z80_3Pin.a(I2C_INT.o)
 .debug_ranges  0x00000618       0x28 .\CortexM3\ARM_GCC_541\Debug\Z80_3Pin.a(I2C_PM.o)
 .debug_ranges  0x00000640       0x70 .\CortexM3\ARM_GCC_541\Debug\Z80_3Pin.a(I2C_MASTER.o)
 .debug_ranges  0x000006b0       0xd0 .\CortexM3\ARM_GCC_541\Debug\Z80_3Pin.a(USBUART.o)
 .debug_ranges  0x00000780       0xd8 .\CortexM3\ARM_GCC_541\Debug\Z80_3Pin.a(USBUART_cdc.o)
 .debug_ranges  0x00000858       0x88 .\CortexM3\ARM_GCC_541\Debug\Z80_3Pin.a(USBUART_drv.o)
 .debug_ranges  0x000008e0       0x30 .\CortexM3\ARM_GCC_541\Debug\Z80_3Pin.a(USBUART_episr.o)
 .debug_ranges  0x00000910       0x30 .\CortexM3\ARM_GCC_541\Debug\Z80_3Pin.a(USBUART_pm.o)
 .debug_ranges  0x00000940       0x70 .\CortexM3\ARM_GCC_541\Debug\Z80_3Pin.a(USBUART_std.o)
 .debug_ranges  0x000009b0       0x10 .\CortexM3\ARM_GCC_541\Debug\Z80_3Pin.a(USBUART_vnd.o)
 .debug_ranges  0x000009c0       0x38 .\CortexM3\ARM_GCC_541\Debug\Z80_3Pin.a(USBUART_Dp.o)
 .debug_ranges  0x000009f8       0x78 .\CortexM3\ARM_GCC_541\Debug\Z80_3Pin.a(CyFlash.o)
 .debug_ranges  0x00000a70       0x70 .\CortexM3\ARM_GCC_541\Debug\Z80_3Pin.a(CySpc.o)
 .debug_ranges  0x00000ae0       0x10 .\CortexM3\ARM_GCC_541\Debug\Z80_3Pin.a(USBUART_cls.o)

.comment        0x00000000       0x6e
 .comment       0x00000000       0x6e .\CortexM3\ARM_GCC_541\Debug\main.o
                                 0x6f (size before relaxing)
 .comment       0x0000006e       0x6f .\CortexM3\ARM_GCC_541\Debug\ExtSRAM.o
 .comment       0x0000006e       0x6f .\CortexM3\ARM_GCC_541\Debug\FrontPanel.o
 .comment       0x0000006e       0x6f .\CortexM3\ARM_GCC_541\Debug\GS_9_MON_BASIC_ROM.o
 .comment       0x0000006e       0x6f .\CortexM3\ARM_GCC_541\Debug\Z80_SIO_emul.o
 .comment       0x0000006e       0x6f .\CortexM3\ARM_GCC_541\Debug\Z80_IO_Handle.o
 .comment       0x0000006e       0x6f .\CortexM3\ARM_GCC_541\Debug\Z80_PIO_emul.o
 .comment       0x0000006e       0x6f .\CortexM3\ARM_GCC_541\Debug\GS_7_BASIC_ROM.o
 .comment       0x0000006e       0x6f .\CortexM3\ARM_GCC_541\Debug\Z80_6850_Emul.o
 .comment       0x0000006e       0x6f .\CortexM3\ARM_GCC_541\Debug\cyfitter_cfg.o
 .comment       0x0000006e       0x6f .\CortexM3\ARM_GCC_541\Debug\cymetadata.o
 .comment       0x0000006e       0x6f .\CortexM3\ARM_GCC_541\Debug\Cm3Start.o
 .comment       0x0000006e       0x6f .\CortexM3\ARM_GCC_541\Debug\Z80_3Pin.a(CyLib.o)
 .comment       0x0000006e       0x6f .\CortexM3\ARM_GCC_541\Debug\Z80_3Pin.a(cyPm.o)
 .comment       0x0000006e       0x6f .\CortexM3\ARM_GCC_541\Debug\Z80_3Pin.a(AdrLowIn.o)
 .comment       0x0000006e       0x6f .\CortexM3\ARM_GCC_541\Debug\Z80_3Pin.a(IO_Ctrl_Reg.o)
 .comment       0x0000006e       0x6f .\CortexM3\ARM_GCC_541\Debug\Z80_3Pin.a(IO_Stat_Reg.o)
 .comment       0x0000006e       0x6f .\CortexM3\ARM_GCC_541\Debug\Z80_3Pin.a(Z80_Data_In.o)
 .comment       0x0000006e       0x6f .\CortexM3\ARM_GCC_541\Debug\Z80_3Pin.a(Z80_Data_Out.o)
 .comment       0x0000006e       0x6f .\CortexM3\ARM_GCC_541\Debug\Z80_3Pin.a(I2C.o)
 .comment       0x0000006e       0x6f .\CortexM3\ARM_GCC_541\Debug\Z80_3Pin.a(I2C_INT.o)
 .comment       0x0000006e       0x6f .\CortexM3\ARM_GCC_541\Debug\Z80_3Pin.a(I2C_PM.o)
 .comment       0x0000006e       0x6f .\CortexM3\ARM_GCC_541\Debug\Z80_3Pin.a(I2C_MASTER.o)
 .comment       0x0000006e       0x6f .\CortexM3\ARM_GCC_541\Debug\Z80_3Pin.a(USBUART.o)
 .comment       0x0000006e       0x6f .\CortexM3\ARM_GCC_541\Debug\Z80_3Pin.a(USBUART_cdc.o)
 .comment       0x0000006e       0x6f .\CortexM3\ARM_GCC_541\Debug\Z80_3Pin.a(USBUART_drv.o)
 .comment       0x0000006e       0x6f .\CortexM3\ARM_GCC_541\Debug\Z80_3Pin.a(USBUART_episr.o)
 .comment       0x0000006e       0x6f .\CortexM3\ARM_GCC_541\Debug\Z80_3Pin.a(USBUART_pm.o)
 .comment       0x0000006e       0x6f .\CortexM3\ARM_GCC_541\Debug\Z80_3Pin.a(USBUART_std.o)
 .comment       0x0000006e       0x6f .\CortexM3\ARM_GCC_541\Debug\Z80_3Pin.a(USBUART_vnd.o)
 .comment       0x0000006e       0x6f .\CortexM3\ARM_GCC_541\Debug\Z80_3Pin.a(USBUART_Dp.o)
 .comment       0x0000006e       0x6f .\CortexM3\ARM_GCC_541\Debug\Z80_3Pin.a(CyFlash.o)
 .comment       0x0000006e       0x6f .\CortexM3\ARM_GCC_541\Debug\Z80_3Pin.a(CySpc.o)
 .comment       0x0000006e       0x6f .\CortexM3\ARM_GCC_541\Debug\Z80_3Pin.a(USBUART_cls.o)
 .comment       0x0000006e       0x6f .\CortexM3\ARM_GCC_541\Debug\Z80_3Pin.a(USBUART_descr.o)

.debug_weaknames
 *(.debug_weaknames)

.debug_funcnames
 *(.debug_funcnames)

.debug_typenames
 *(.debug_typenames)

.debug_varnames
 *(.debug_varnames)

.note.gnu.arm.ident
 *(.note.gnu.arm.ident)

.ARM.attributes
                0x00000000       0x29
 *(.ARM.attributes)
 .ARM.attributes
                0x00000000       0x1d c:/program files (x86)/cypress/psoc creator/4.2/psoc creator/import/gnu/arm/5.4.1/bin/../lib/gcc/arm-none-eabi/5.4.1/armv7-m/crti.o
 .ARM.attributes
                0x0000001d       0x2d c:/program files (x86)/cypress/psoc creator/4.2/psoc creator/import/gnu/arm/5.4.1/bin/../lib/gcc/arm-none-eabi/5.4.1/armv7-m/crtbegin.o
 .ARM.attributes
                0x0000004a       0x1b c:/program files (x86)/cypress/psoc creator/4.2/psoc creator/import/gnu/arm/5.4.1/bin/../lib/gcc/arm-none-eabi/5.4.1/../../../../arm-none-eabi/lib/armv7-m/crt0.o
 .ARM.attributes
                0x00000065       0x33 .\CortexM3\ARM_GCC_541\Debug\main.o
 .ARM.attributes
                0x00000098       0x33 .\CortexM3\ARM_GCC_541\Debug\ExtSRAM.o
 .ARM.attributes
                0x000000cb       0x33 .\CortexM3\ARM_GCC_541\Debug\FrontPanel.o
 .ARM.attributes
                0x000000fe       0x33 .\CortexM3\ARM_GCC_541\Debug\GS_9_MON_BASIC_ROM.o
 .ARM.attributes
                0x00000131       0x33 .\CortexM3\ARM_GCC_541\Debug\Z80_SIO_emul.o
 .ARM.attributes
                0x00000164       0x33 .\CortexM3\ARM_GCC_541\Debug\Z80_IO_Handle.o
 .ARM.attributes
                0x00000197       0x33 .\CortexM3\ARM_GCC_541\Debug\Z80_PIO_emul.o
 .ARM.attributes
                0x000001ca       0x33 .\CortexM3\ARM_GCC_541\Debug\GS_7_BASIC_ROM.o
 .ARM.attributes
                0x000001fd       0x33 .\CortexM3\ARM_GCC_541\Debug\Z80_6850_Emul.o
 .ARM.attributes
                0x00000230       0x33 .\CortexM3\ARM_GCC_541\Debug\cyfitter_cfg.o
 .ARM.attributes
                0x00000263       0x33 .\CortexM3\ARM_GCC_541\Debug\cymetadata.o
 .ARM.attributes
                0x00000296       0x33 .\CortexM3\ARM_GCC_541\Debug\Cm3Start.o
 .ARM.attributes
                0x000002c9       0x33 .\CortexM3\ARM_GCC_541\Debug\Z80_3Pin.a(CyLib.o)
 .ARM.attributes
                0x000002fc       0x33 .\CortexM3\ARM_GCC_541\Debug\Z80_3Pin.a(cyPm.o)
 .ARM.attributes
                0x0000032f       0x33 .\CortexM3\ARM_GCC_541\Debug\Z80_3Pin.a(AdrLowIn.o)
 .ARM.attributes
                0x00000362       0x33 .\CortexM3\ARM_GCC_541\Debug\Z80_3Pin.a(IO_Ctrl_Reg.o)
 .ARM.attributes
                0x00000395       0x33 .\CortexM3\ARM_GCC_541\Debug\Z80_3Pin.a(IO_Stat_Reg.o)
 .ARM.attributes
                0x000003c8       0x33 .\CortexM3\ARM_GCC_541\Debug\Z80_3Pin.a(Z80_Data_In.o)
 .ARM.attributes
                0x000003fb       0x33 .\CortexM3\ARM_GCC_541\Debug\Z80_3Pin.a(Z80_Data_Out.o)
 .ARM.attributes
                0x0000042e       0x33 .\CortexM3\ARM_GCC_541\Debug\Z80_3Pin.a(I2C.o)
 .ARM.attributes
                0x00000461       0x33 .\CortexM3\ARM_GCC_541\Debug\Z80_3Pin.a(I2C_INT.o)
 .ARM.attributes
                0x00000494       0x33 .\CortexM3\ARM_GCC_541\Debug\Z80_3Pin.a(I2C_PM.o)
 .ARM.attributes
                0x000004c7       0x33 .\CortexM3\ARM_GCC_541\Debug\Z80_3Pin.a(I2C_MASTER.o)
 .ARM.attributes
                0x000004fa       0x33 .\CortexM3\ARM_GCC_541\Debug\Z80_3Pin.a(USBUART.o)
 .ARM.attributes
                0x0000052d       0x33 .\CortexM3\ARM_GCC_541\Debug\Z80_3Pin.a(USBUART_cdc.o)
 .ARM.attributes
                0x00000560       0x33 .\CortexM3\ARM_GCC_541\Debug\Z80_3Pin.a(USBUART_drv.o)
 .ARM.attributes
                0x00000593       0x33 .\CortexM3\ARM_GCC_541\Debug\Z80_3Pin.a(USBUART_episr.o)
 .ARM.attributes
                0x000005c6       0x33 .\CortexM3\ARM_GCC_541\Debug\Z80_3Pin.a(USBUART_pm.o)
 .ARM.attributes
                0x000005f9       0x33 .\CortexM3\ARM_GCC_541\Debug\Z80_3Pin.a(USBUART_std.o)
 .ARM.attributes
                0x0000062c       0x33 .\CortexM3\ARM_GCC_541\Debug\Z80_3Pin.a(USBUART_vnd.o)
 .ARM.attributes
                0x0000065f       0x33 .\CortexM3\ARM_GCC_541\Debug\Z80_3Pin.a(USBUART_Dp.o)
 .ARM.attributes
                0x00000692       0x21 .\CortexM3\ARM_GCC_541\Debug\Z80_3Pin.a(CyBootAsmGnu.o)
 .ARM.attributes
                0x000006b3       0x33 .\CortexM3\ARM_GCC_541\Debug\Z80_3Pin.a(CyFlash.o)
 .ARM.attributes
                0x000006e6       0x33 .\CortexM3\ARM_GCC_541\Debug\Z80_3Pin.a(CySpc.o)
 .ARM.attributes
                0x00000719       0x33 .\CortexM3\ARM_GCC_541\Debug\Z80_3Pin.a(USBUART_cls.o)
 .ARM.attributes
                0x0000074c       0x33 .\CortexM3\ARM_GCC_541\Debug\Z80_3Pin.a(USBUART_descr.o)
 .ARM.attributes
                0x0000077f       0x2d c:/program files (x86)/cypress/psoc creator/4.2/psoc creator/import/gnu/arm/5.4.1/bin/../lib/gcc/arm-none-eabi/5.4.1/../../../../arm-none-eabi/lib/armv7-m\libg_nano.a(lib_a-errno.o)
 .ARM.attributes
                0x000007ac       0x2d c:/program files (x86)/cypress/psoc creator/4.2/psoc creator/import/gnu/arm/5.4.1/bin/../lib/gcc/arm-none-eabi/5.4.1/../../../../arm-none-eabi/lib/armv7-m\libg_nano.a(lib_a-exit.o)
 .ARM.attributes
                0x000007d9       0x2d c:/program files (x86)/cypress/psoc creator/4.2/psoc creator/import/gnu/arm/5.4.1/bin/../lib/gcc/arm-none-eabi/5.4.1/../../../../arm-none-eabi/lib/armv7-m\libg_nano.a(lib_a-impure.o)
 .ARM.attributes
                0x00000806       0x2d c:/program files (x86)/cypress/psoc creator/4.2/psoc creator/import/gnu/arm/5.4.1/bin/../lib/gcc/arm-none-eabi/5.4.1/../../../../arm-none-eabi/lib/armv7-m\libg_nano.a(lib_a-init.o)
 .ARM.attributes
                0x00000833       0x2d c:/program files (x86)/cypress/psoc creator/4.2/psoc creator/import/gnu/arm/5.4.1/bin/../lib/gcc/arm-none-eabi/5.4.1/../../../../arm-none-eabi/lib/armv7-m\libg_nano.a(lib_a-memcpy-stub.o)
 .ARM.attributes
                0x00000860       0x2d c:/program files (x86)/cypress/psoc creator/4.2/psoc creator/import/gnu/arm/5.4.1/bin/../lib/gcc/arm-none-eabi/5.4.1/../../../../arm-none-eabi/lib/armv7-m\libg_nano.a(lib_a-memset.o)
 .ARM.attributes
                0x0000088d       0x2d c:/program files (x86)/cypress/psoc creator/4.2/psoc creator/import/gnu/arm/5.4.1/bin/../lib/gcc/arm-none-eabi/5.4.1/armv7-m/crtend.o
 .ARM.attributes
                0x000008ba       0x1d c:/program files (x86)/cypress/psoc creator/4.2/psoc creator/import/gnu/arm/5.4.1/bin/../lib/gcc/arm-none-eabi/5.4.1/armv7-m/crtn.o

/DISCARD/
 *(.note.GNU-stack)
OUTPUT(C:\Users\HPz420\Documents\GitHub\Doug Gilliland\Retro-Computers\Z80\PSOC\PSOC_Design_Files\Z80-PSoC-3-Chips_002\Z80_3Pin.cydsn\CortexM3\ARM_GCC_541\Debug\Z80_3Pin.elf elf32-littlearm)
