Archive member included to satisfy reference by file (symbol)

.\CortexM3\ARM_GCC_541\Debug\Z80_3Pin.a(CyLib.o)
                              .\CortexM3\ARM_GCC_541\Debug\Cm3Start.o (CyHalt)
.\CortexM3\ARM_GCC_541\Debug\Z80_3Pin.a(cyPm.o)
                              .\CortexM3\ARM_GCC_541\Debug\Z80_3Pin.a(CyLib.o) (CyPmReadStatus)
.\CortexM3\ARM_GCC_541\Debug\Z80_3Pin.a(AdrLowIn.o)
                              .\CortexM3\ARM_GCC_541\Debug\Z80_IO_Handle.o (AdrLowIn_Read)
.\CortexM3\ARM_GCC_541\Debug\Z80_3Pin.a(IO_Ctrl_Reg.o)
                              .\CortexM3\ARM_GCC_541\Debug\main.o (IO_Ctrl_Reg_Write)
.\CortexM3\ARM_GCC_541\Debug\Z80_3Pin.a(IO_Stat_Reg.o)
                              .\CortexM3\ARM_GCC_541\Debug\main.o (IO_Stat_Reg_Read)
.\CortexM3\ARM_GCC_541\Debug\Z80_3Pin.a(Z80_Data_In.o)
                              .\CortexM3\ARM_GCC_541\Debug\FrontPanel.o (Z80_Data_In_Write)
.\CortexM3\ARM_GCC_541\Debug\Z80_3Pin.a(Z80_Data_Out.o)
                              .\CortexM3\ARM_GCC_541\Debug\FrontPanel.o (Z80_Data_Out_Read)
.\CortexM3\ARM_GCC_541\Debug\Z80_3Pin.a(I2C.o)
                              .\CortexM3\ARM_GCC_541\Debug\main.o (I2C_Start)
.\CortexM3\ARM_GCC_541\Debug\Z80_3Pin.a(I2C_INT.o)
                              .\CortexM3\ARM_GCC_541\Debug\Z80_3Pin.a(I2C.o) (I2C_ISR)
.\CortexM3\ARM_GCC_541\Debug\Z80_3Pin.a(I2C_PM.o)
                              .\CortexM3\ARM_GCC_541\Debug\Z80_3Pin.a(I2C.o) (I2C_backup)
.\CortexM3\ARM_GCC_541\Debug\Z80_3Pin.a(I2C_MASTER.o)
                              .\CortexM3\ARM_GCC_541\Debug\FrontPanel.o (I2C_MasterWriteBuf)
.\CortexM3\ARM_GCC_541\Debug\Z80_3Pin.a(USBUART.o)
                              .\CortexM3\ARM_GCC_541\Debug\main.o (USBUART_Start)
.\CortexM3\ARM_GCC_541\Debug\Z80_3Pin.a(USBUART_cdc.o)
                              .\CortexM3\ARM_GCC_541\Debug\main.o (USBUART_CDC_Init)
.\CortexM3\ARM_GCC_541\Debug\Z80_3Pin.a(USBUART_drv.o)
                              .\CortexM3\ARM_GCC_541\Debug\Z80_3Pin.a(USBUART.o) (USBUART_lastPacketSize)
.\CortexM3\ARM_GCC_541\Debug\Z80_3Pin.a(USBUART_episr.o)
                              .\CortexM3\ARM_GCC_541\Debug\Z80_3Pin.a(USBUART.o) (USBUART_EP_1_ISR)
.\CortexM3\ARM_GCC_541\Debug\Z80_3Pin.a(USBUART_pm.o)
                              .\CortexM3\ARM_GCC_541\Debug\Z80_3Pin.a(USBUART.o) (USBUART_DP_ISR)
.\CortexM3\ARM_GCC_541\Debug\Z80_3Pin.a(USBUART_std.o)
                              .\CortexM3\ARM_GCC_541\Debug\Z80_3Pin.a(USBUART_pm.o) (USBUART_ConfigReg)
.\CortexM3\ARM_GCC_541\Debug\Z80_3Pin.a(USBUART_vnd.o)
                              .\CortexM3\ARM_GCC_541\Debug\Z80_3Pin.a(USBUART_drv.o) (USBUART_HandleVendorRqst)
.\CortexM3\ARM_GCC_541\Debug\Z80_3Pin.a(USBUART_Dp.o)
                              .\CortexM3\ARM_GCC_541\Debug\Z80_3Pin.a(USBUART.o) (USBUART_Dp_ClearInterrupt)
.\CortexM3\ARM_GCC_541\Debug\Z80_3Pin.a(CyBootAsmGnu.o)
                              .\CortexM3\ARM_GCC_541\Debug\cyfitter_cfg.o (CyDelayCycles)
.\CortexM3\ARM_GCC_541\Debug\Z80_3Pin.a(CyFlash.o)
                              .\CortexM3\ARM_GCC_541\Debug\Z80_3Pin.a(cyPm.o) (CyFlash_SetWaitCycles)
.\CortexM3\ARM_GCC_541\Debug\Z80_3Pin.a(CySpc.o)
                              .\CortexM3\ARM_GCC_541\Debug\Z80_3Pin.a(CyFlash.o) (CySpcStart)
.\CortexM3\ARM_GCC_541\Debug\Z80_3Pin.a(USBUART_cls.o)
                              .\CortexM3\ARM_GCC_541\Debug\Z80_3Pin.a(USBUART_drv.o) (USBUART_DispatchClassRqst)
.\CortexM3\ARM_GCC_541\Debug\Z80_3Pin.a(USBUART_descr.o)
                              .\CortexM3\ARM_GCC_541\Debug\Z80_3Pin.a(USBUART_std.o) (USBUART_idSerialNumberStringDescriptor)
c:/program files (x86)/cypress/psoc creator/4.2/psoc creator/import/gnu/arm/5.4.1/bin/../lib/gcc/arm-none-eabi/5.4.1/../../../../arm-none-eabi/lib/armv7-m\libg_nano.a(lib_a-errno.o)
                              .\CortexM3\ARM_GCC_541\Debug\Cm3Start.o (__errno)
c:/program files (x86)/cypress/psoc creator/4.2/psoc creator/import/gnu/arm/5.4.1/bin/../lib/gcc/arm-none-eabi/5.4.1/../../../../arm-none-eabi/lib/armv7-m\libg_nano.a(lib_a-exit.o)
                              c:/program files (x86)/cypress/psoc creator/4.2/psoc creator/import/gnu/arm/5.4.1/bin/../lib/gcc/arm-none-eabi/5.4.1/../../../../arm-none-eabi/lib/armv7-m/crt0.o (exit)
c:/program files (x86)/cypress/psoc creator/4.2/psoc creator/import/gnu/arm/5.4.1/bin/../lib/gcc/arm-none-eabi/5.4.1/../../../../arm-none-eabi/lib/armv7-m\libg_nano.a(lib_a-impure.o)
                              c:/program files (x86)/cypress/psoc creator/4.2/psoc creator/import/gnu/arm/5.4.1/bin/../lib/gcc/arm-none-eabi/5.4.1/../../../../arm-none-eabi/lib/armv7-m\libg_nano.a(lib_a-exit.o) (_global_impure_ptr)
c:/program files (x86)/cypress/psoc creator/4.2/psoc creator/import/gnu/arm/5.4.1/bin/../lib/gcc/arm-none-eabi/5.4.1/../../../../arm-none-eabi/lib/armv7-m\libg_nano.a(lib_a-init.o)
[...]
Memory Configuration

Name             Origin             Length             Attributes
rom              0x00000000         0x00020000         xr
ram              0x1fffc000         0x00008000         xrw
*default*        0x00000000         0xffffffff

Linker script and memory map

LOAD c:/program files (x86)/cypress/psoc creator/4.2/psoc creator/import/gnu/arm/5.4.1/bin/../lib/gcc/arm-none-eabi/5.4.1/armv7-m/crti.o
LOAD c:/program files (x86)/cypress/psoc creator/4.2/psoc creator/import/gnu/arm/5.4.1/bin/../lib/gcc/arm-none-eabi/5.4.1/armv7-m/crtbegin.o
LOAD c:/program files (x86)/cypress/psoc creator/4.2/psoc creator/import/gnu/arm/5.4.1/bin/../lib/gcc/arm-none-eabi/5.4.1/../../../../arm-none-eabi/lib/armv7-m/crt0.o
START GROUP
LOAD .\CortexM3\ARM_GCC_541\Debug\main.o
LOAD .\CortexM3\ARM_GCC_541\Debug\ExtSRAM.o
LOAD .\CortexM3\ARM_GCC_541\Debug\FrontPanel.o
LOAD .\CortexM3\ARM_GCC_541\Debug\Monitor_BASIC_ROM.o
LOAD .\CortexM3\ARM_GCC_541\Debug\Z80_SIO_emul.o
LOAD .\CortexM3\ARM_GCC_541\Debug\Z80_IO_Handle.o
LOAD .\CortexM3\ARM_GCC_541\Debug\cyfitter_cfg.o
LOAD .\CortexM3\ARM_GCC_541\Debug\cymetadata.o
LOAD .\CortexM3\ARM_GCC_541\Debug\Cm3Start.o
LOAD .\CortexM3\ARM_GCC_541\Debug\Z80_3Pin.a
LOAD C:\Program Files (x86)\Cypress\PSoC Creator\4.2\PSoC Creator\psoc\content\cycomponentlibrary\CyComponentLibrary.cylib\CortexM3\ARM_GCC_541\Debug\CyComponentLibrary.a
END GROUP
START GROUP
LOAD c:/program files (x86)/cypress/psoc creator/4.2/psoc creator/import/gnu/arm/5.4.1/bin/../lib/gcc/arm-none-eabi/5.4.1/armv7-m\libgcc.a
LOAD c:/program files (x86)/cypress/psoc creator/4.2/psoc creator/import/gnu/arm/5.4.1/bin/../lib/gcc/arm-none-eabi/5.4.1/../../../../arm-none-eabi/lib/armv7-m\libg_nano.a
LOAD c:/program files (x86)/cypress/psoc creator/4.2/psoc creator/import/gnu/arm/5.4.1/bin/../lib/gcc/arm-none-eabi/5.4.1/../../../../arm-none-eabi/lib/armv7-m\libc_nano.a
END GROUP
START GROUP
LOAD c:/program files (x86)/cypress/psoc creator/4.2/psoc creator/import/gnu/arm/5.4.1/bin/../lib/gcc/arm-none-eabi/5.4.1/armv7-m\libgcc.a
LOAD c:/program files (x86)/cypress/psoc creator/4.2/psoc creator/import/gnu/arm/5.4.1/bin/../lib/gcc/arm-none-eabi/5.4.1/../../../../arm-none-eabi/lib/armv7-m\libc_nano.a
END GROUP
LOAD c:/program files (x86)/cypress/psoc creator/4.2/psoc creator/import/gnu/arm/5.4.1/bin/../lib/gcc/arm-none-eabi/5.4.1/armv7-m/crtend.o
LOAD c:/program files (x86)/cypress/psoc creator/4.2/psoc creator/import/gnu/arm/5.4.1/bin/../lib/gcc/arm-none-eabi/5.4.1/armv7-m/crtn.o
START GROUP
LOAD c:/program files (x86)/cypress/psoc creator/4.2/psoc creator/import/gnu/arm/5.4.1/bin/../lib/gcc/arm-none-eabi/5.4.1/armv7-m\libgcc.a
LOAD c:/program files (x86)/cypress/psoc creator/4.2/psoc creator/import/gnu/arm/5.4.1/bin/../lib/gcc/arm-none-eabi/5.4.1/../../../../arm-none-eabi/lib/armv7-m\libc.a
LOAD c:/program files (x86)/cypress/psoc creator/4.2/psoc creator/import/gnu/arm/5.4.1/bin/../lib/gcc/arm-none-eabi/5.4.1/../../../../arm-none-eabi/lib/armv7-m\libnosys.a
END GROUP
                0x00000000                CY_APPL_ORIGIN = 0x0
                0x00000100                CY_FLASH_ROW_SIZE = 0x100
                0x00000020                CY_ECC_ROW_SIZE = 0x20
                0x00000000                CY_EE_IN_BTLDR = 0x0
                0x00000000                CY_APPL_LOADABLE = 0x0
                0x00000800                CY_EE_SIZE = 0x800
                0x00000001                CY_APPL_NUM = 0x1
                0x00000001                CY_APPL_MAX = 0x1
                0x00000040                CY_METADATA_SIZE = 0x40
                0x00000000                CY_APPL_LOADABLE = 0x0
                0x00000000                CY_CHECKSUM_EXCLUDE_SIZE = ALIGN (0x0, CY_FLASH_ROW_SIZE)
                [!provide]                PROVIDE (__cy_heap_start, _end)
                0x00000001                PROVIDE (__cy_region_num, ((__cy_regions_end - __cy_regions) / 0x10))
                0x20004000                PROVIDE (__cy_stack, (ORIGIN (ram) + LENGTH (ram)))
                [!provide]                PROVIDE (__cy_heap_end, (__cy_stack - 0x800))

.cybootloader   0x00000000        0x0
 *(.cybootloader)
                0x00000000                appl1_start = CY_APPL_ORIGIN?CY_APPL_ORIGIN:ALIGN (CY_FLASH_ROW_SIZE)
                0x0000ff00                appl2_start = (appl1_start + ALIGN ((((LENGTH (rom) - appl1_start) - (0x2 * CY_FLASH_ROW_SIZE)) / 0x2), CY_FLASH_ROW_SIZE))
                0x00000000                appl_start = (CY_APPL_NUM == 0x1)?appl1_start:appl2_start
                0x00000000                ecc_offset = ((appl_start / CY_FLASH_ROW_SIZE) * CY_ECC_ROW_SIZE)
                0x00000000                ee_offset = (CY_APPL_LOADABLE && ! (CY_EE_IN_BTLDR))?((CY_EE_SIZE / CY_APPL_MAX) * (CY_APPL_NUM - 0x1)):0x0
                0x00000800                ee_size = (CY_APPL_LOADABLE && ! (CY_EE_IN_BTLDR))?(CY_EE_SIZE / CY_APPL_MAX):CY_EE_SIZE
                [!provide]                PROVIDE (CY_ECC_OFFSET, ecc_offset)

.text           0x00000000     0x2d3e
 CREATE_OBJECT_SYMBOLS
                0x00000000                PROVIDE (__cy_interrupt_vector, RomVectors)
 *(.romvectors)
 .romvectors    0x00000000       0x10 .\CortexM3\ARM_GCC_541\Debug\Cm3Start.o
                0x00000000                RomVectors
                0x00000001                ASSERT ((. != __cy_interrupt_vector), No interrupt vector)
                0x00000001                ASSERT (CY_APPL_ORIGIN?(SIZEOF (.cybootloader) <= CY_APPL_ORIGIN):0x1, Wrong image location)
                0x00000010                PROVIDE (__cy_reset, Reset)
 *(.text.Reset)
 .text.Reset    0x00000010       0x18 .\CortexM3\ARM_GCC_541\Debug\Cm3Start.o
                0x00000010                Reset
                0x00000001                ASSERT ((. != __cy_reset), No reset code)
 *(.dma_init)
                0x00000001                ASSERT ((((appl_start + .) <= 0x10000) || 0x1), DMA Init must be within the first 64k of flash)
 *(.text .text.* .gnu.linkonce.t.*)
 .text          0x00000028       0x5c c:/program files (x86)/cypress/psoc creator/4.2/psoc creator/import/gnu/arm/5.4.1/bin/../lib/gcc/arm-none-eabi/5.4.1/armv7-m/crtbegin.o
 .text.PostLed  0x00000084       0x28 .\CortexM3\ARM_GCC_541\Debug\main.o
                0x00000084                PostLed
 .text.main     0x000000ac       0xa4 .\CortexM3\ARM_GCC_541\Debug\main.o
                0x000000ac                main
 .text.SetExtSRAMAddr
                0x00000150       0x1c .\CortexM3\ARM_GCC_541\Debug\ExtSRAM.o
                0x00000150                SetExtSRAMAddr
 .text.ReadExtSRAM
                0x0000016c       0x24 .\CortexM3\ARM_GCC_541\Debug\ExtSRAM.o
                0x0000016c                ReadExtSRAM
 .text.WriteExtSRAM
                0x00000190       0x24 .\CortexM3\ARM_GCC_541\Debug\ExtSRAM.o
                0x00000190                WriteExtSRAM
 .text.TestSRAM
                0x000001b4      0x114 .\CortexM3\ARM_GCC_541\Debug\ExtSRAM.o
                0x000001b4                TestSRAM
 .text.loadSRAM
                0x000002c8       0x30 .\CortexM3\ARM_GCC_541\Debug\ExtSRAM.o
                0x000002c8                loadSRAM
 .text.readRegister_MCP23017
                0x000002f8       0x38 .\CortexM3\ARM_GCC_541\Debug\FrontPanel.o
                0x000002f8                readRegister_MCP23017
 .text.readFrontPanelSwitchesStatic
                0x00000330       0x30 .\CortexM3\ARM_GCC_541\Debug\FrontPanel.o
                0x00000330                readFrontPanelSwitchesStatic
 .text.FrontPanelZ80Read
                0x00000360       0x38 .\CortexM3\ARM_GCC_541\Debug\FrontPanel.o
                0x00000360                FrontPanelZ80Read
 .text.readFrontPanelSwitchesRegistered
                0x00000398       0x34 .\CortexM3\ARM_GCC_541\Debug\FrontPanel.o
                0x00000398                readFrontPanelSwitchesRegistered
 .text.waitFrontPanelSwitchesPressed
                0x000003cc       0x24 .\CortexM3\ARM_GCC_541\Debug\FrontPanel.o
                0x000003cc                waitFrontPanelSwitchesPressed
 .text.writeRegister_MCP23017
                0x000003f0       0x34 .\CortexM3\ARM_GCC_541\Debug\FrontPanel.o
                0x000003f0                writeRegister_MCP23017
 .text.init_FrontPanel
                0x00000424       0xa0 .\CortexM3\ARM_GCC_541\Debug\FrontPanel.o
                0x00000424                init_FrontPanel
 .text.writeFrontPanelLEDs
                0x000004c4       0x34 .\CortexM3\ARM_GCC_541\Debug\FrontPanel.o
                0x000004c4                writeFrontPanelLEDs
 .text.FrontPanelZ80Write
                0x000004f8       0x68 .\CortexM3\ARM_GCC_541\Debug\FrontPanel.o
                0x000004f8                FrontPanelZ80Write
 .text.runFrontPanel
                0x00000560      0x1ac .\CortexM3\ARM_GCC_541\Debug\FrontPanel.o
                0x00000560                runFrontPanel
 .text.sendCharToZ80
                0x0000070c       0x38 .\CortexM3\ARM_GCC_541\Debug\Z80_SIO_emul.o
                0x0000070c                sendCharToZ80
 .text.SioReadDataA
                0x00000744       0x24 .\CortexM3\ARM_GCC_541\Debug\Z80_SIO_emul.o
                0x00000744                SioReadDataA
 .text.SioWriteDataA
                0x00000768       0x28 .\CortexM3\ARM_GCC_541\Debug\Z80_SIO_emul.o
                0x00000768                SioWriteDataA
 .text.SioReadStatusA
                0x00000790       0x44 .\CortexM3\ARM_GCC_541\Debug\Z80_SIO_emul.o
                0x00000790                SioReadStatusA
 .text.SioWriteCtrlA
                0x000007d4      0x114 .\CortexM3\ARM_GCC_541\Debug\Z80_SIO_emul.o
                0x000007d4                SioWriteCtrlA
 .text.SioReadDataB
                0x000008e8       0x24 .\CortexM3\ARM_GCC_541\Debug\Z80_SIO_emul.o
                0x000008e8                SioReadDataB
 .text.SioWriteDataB
                0x0000090c       0x14 .\CortexM3\ARM_GCC_541\Debug\Z80_SIO_emul.o
                0x0000090c                SioWriteDataB
 .text.SioReadStatusB
                0x00000920       0x4c .\CortexM3\ARM_GCC_541\Debug\Z80_SIO_emul.o
                0x00000920                SioReadStatusB
 .text.SioReadIntRegB
                0x0000096c       0x20 .\CortexM3\ARM_GCC_541\Debug\Z80_SIO_emul.o
                0x0000096c                SioReadIntRegB
 .text.SioWriteCtrlB
                0x0000098c      0x120 .\CortexM3\ARM_GCC_541\Debug\Z80_SIO_emul.o
                0x0000098c                SioWriteCtrlB
 .text.checkSIOReceiverBusy
                0x00000aac       0x20 .\CortexM3\ARM_GCC_541\Debug\Z80_SIO_emul.o
                0x00000aac                checkSIOReceiverBusy
 .text.HandleZ80IO
                0x00000acc      0x148 .\CortexM3\ARM_GCC_541\Debug\Z80_IO_Handle.o
                0x00000acc                HandleZ80IO
 .text.ackIO    0x00000c14       0x14 .\CortexM3\ARM_GCC_541\Debug\Z80_IO_Handle.o
                0x00000c14                ackIO
 .text.waitNextIORq
                0x00000c28       0x10 .\CortexM3\ARM_GCC_541\Debug\Z80_IO_Handle.o
                0x00000c28                waitNextIORq
 .text.CyClockStartupError
                0x00000c38        0x4 .\CortexM3\ARM_GCC_541\Debug\cyfitter_cfg.o
 .text.cfg_write_bytes32
                0x00000c3c       0x34 .\CortexM3\ARM_GCC_541\Debug\cyfitter_cfg.o
 .text.AnalogSetDefault
                0x00000c70       0x38 .\CortexM3\ARM_GCC_541\Debug\cyfitter_cfg.o
 .text.CYMEMZERO
                0x00000ca8        0xc .\CortexM3\ARM_GCC_541\Debug\cyfitter_cfg.o
 .text.ClockSetup
                0x00000cb4      0x120 .\CortexM3\ARM_GCC_541\Debug\cyfitter_cfg.o
 .text.CYCONFIGCPY
                0x00000dd4        0x8 .\CortexM3\ARM_GCC_541\Debug\cyfitter_cfg.o
 .text.cyfitter_cfg
                0x00000ddc      0x170 .\CortexM3\ARM_GCC_541\Debug\cyfitter_cfg.o
                0x00000ddc                cyfitter_cfg
 .text.IntDefaultHandler
                0x00000f4c       0x10 .\CortexM3\ARM_GCC_541\Debug\Cm3Start.o
                0x00000f4c                IntDefaultHandler
 .text.Start_c  0x00000f5c       0x4c .\CortexM3\ARM_GCC_541\Debug\Cm3Start.o
                0x00000f5c                Start_c
 .text.initialize_psoc
                0x00000fa8       0x68 .\CortexM3\ARM_GCC_541\Debug\Cm3Start.o
                0x00000fa8                initialize_psoc
 .text.CyHalt   0x00001010        0x4 .\CortexM3\ARM_GCC_541\Debug\Z80_3Pin.a(CyLib.o)
                0x00001010                CyHalt
 .text.CyDelay  0x00001014       0x2c .\CortexM3\ARM_GCC_541\Debug\Z80_3Pin.a(CyLib.o)
                0x00001014                CyDelay
 .text.CyDelayUs
                0x00001040       0x14 .\CortexM3\ARM_GCC_541\Debug\Z80_3Pin.a(CyLib.o)
                0x00001040                CyDelayUs
 .text.CyIntSetVector
                0x00001054       0x28 .\CortexM3\ARM_GCC_541\Debug\Z80_3Pin.a(CyLib.o)
                0x00001054                CyIntSetVector
 .text.CyIntSetPriority
                0x0000107c       0x30 .\CortexM3\ARM_GCC_541\Debug\Z80_3Pin.a(CyLib.o)
                0x0000107c                CyIntSetPriority
 .text.CyGetUniqueId
                0x000010ac       0x70 .\CortexM3\ARM_GCC_541\Debug\Z80_3Pin.a(CyLib.o)
                0x000010ac                CyGetUniqueId
 .text.AdrLowIn_Read
                0x0000111c        0xc .\CortexM3\ARM_GCC_541\Debug\Z80_3Pin.a(AdrLowIn.o)
                0x0000111c                AdrLowIn_Read
 .text.IO_Ctrl_Reg_Write
                0x00001128        0xc .\CortexM3\ARM_GCC_541\Debug\Z80_3Pin.a(IO_Ctrl_Reg.o)
                0x00001128                IO_Ctrl_Reg_Write
 .text.IO_Ctrl_Reg_Read
                0x00001134        0xc .\CortexM3\ARM_GCC_541\Debug\Z80_3Pin.a(IO_Ctrl_Reg.o)
                0x00001134                IO_Ctrl_Reg_Read
 .text.IO_Stat_Reg_Read
                0x00001140        0xc .\CortexM3\ARM_GCC_541\Debug\Z80_3Pin.a(IO_Stat_Reg.o)
                0x00001140                IO_Stat_Reg_Read
 .text.Z80_Data_In_Write
                0x0000114c        0xc .\CortexM3\ARM_GCC_541\Debug\Z80_3Pin.a(Z80_Data_In.o)
                0x0000114c                Z80_Data_In_Write
 .text.Z80_Data_Out_Read
                0x00001158        0xc .\CortexM3\ARM_GCC_541\Debug\Z80_3Pin.a(Z80_Data_Out.o)
                0x00001158                Z80_Data_Out_Read
 .text.I2C_Init
                0x00001164       0x68 .\CortexM3\ARM_GCC_541\Debug\Z80_3Pin.a(I2C.o)
                0x00001164                I2C_Init
 .text.I2C_Enable
                0x000011cc       0x24 .\CortexM3\ARM_GCC_541\Debug\Z80_3Pin.a(I2C.o)
                0x000011cc                I2C_Enable
 .text.I2C_Start
                0x000011f0       0x28 .\CortexM3\ARM_GCC_541\Debug\Z80_3Pin.a(I2C.o)
                0x000011f0                I2C_Start
 .text.I2C_ISR  0x00001218      0x2d0 .\CortexM3\ARM_GCC_541\Debug\Z80_3Pin.a(I2C_INT.o)
                0x00001218                I2C_ISR
 .text.I2C_MasterWriteBuf
                0x000014e8       0xcc .\CortexM3\ARM_GCC_541\Debug\Z80_3Pin.a(I2C_MASTER.o)
                0x000014e8                I2C_MasterWriteBuf
 .text.I2C_MasterSendStart
                0x000015b4       0x80 .\CortexM3\ARM_GCC_541\Debug\Z80_3Pin.a(I2C_MASTER.o)
                0x000015b4                I2C_MasterSendStart
 .text.I2C_MasterSendStop
                0x00001634       0x38 .\CortexM3\ARM_GCC_541\Debug\Z80_3Pin.a(I2C_MASTER.o)
                0x00001634                I2C_MasterSendStop
 .text.I2C_MasterWriteByte
                0x0000166c       0x58 .\CortexM3\ARM_GCC_541\Debug\Z80_3Pin.a(I2C_MASTER.o)
                0x0000166c                I2C_MasterWriteByte
 .text.I2C_MasterReadByte
                0x000016c4       0x58 .\CortexM3\ARM_GCC_541\Debug\Z80_3Pin.a(I2C_MASTER.o)
                0x000016c4                I2C_MasterReadByte
 .text.I2C_MasterStatus
                0x0000171c       0x38 .\CortexM3\ARM_GCC_541\Debug\Z80_3Pin.a(I2C_MASTER.o)
                0x0000171c                I2C_MasterStatus
 .text.I2C_MasterClearStatus
                0x00001754       0x24 .\CortexM3\ARM_GCC_541\Debug\Z80_3Pin.a(I2C_MASTER.o)
                0x00001754                I2C_MasterClearStatus
 .text.USBUART_Init
                0x00001778      0x140 .\CortexM3\ARM_GCC_541\Debug\Z80_3Pin.a(USBUART.o)
                0x00001778                USBUART_Init
 .text.USBUART_InitComponent
                0x000018b8       0xb8 .\CortexM3\ARM_GCC_541\Debug\Z80_3Pin.a(USBUART.o)
                0x000018b8                USBUART_InitComponent
 .text.USBUART_Start
                0x00001970       0x24 .\CortexM3\ARM_GCC_541\Debug\Z80_3Pin.a(USBUART.o)
                0x00001970                USBUART_Start
 .text.USBUART_ReInitComponent
                0x00001994       0x4c .\CortexM3\ARM_GCC_541\Debug\Z80_3Pin.a(USBUART.o)
                0x00001994                USBUART_ReInitComponent
 .text.USBUART_GetConfiguration
                0x000019e0        0xc .\CortexM3\ARM_GCC_541\Debug\Z80_3Pin.a(USBUART.o)
                0x000019e0                USBUART_GetConfiguration
 .text.USBUART_IsConfigurationChanged
                0x000019ec       0x20 .\CortexM3\ARM_GCC_541\Debug\Z80_3Pin.a(USBUART.o)
                0x000019ec                USBUART_IsConfigurationChanged
 .text.USBUART_GetEPState
                0x00001a0c       0x14 .\CortexM3\ARM_GCC_541\Debug\Z80_3Pin.a(USBUART.o)
                0x00001a0c                USBUART_GetEPState
 .text.USBUART_GetEPCount
                0x00001a20       0x28 .\CortexM3\ARM_GCC_541\Debug\Z80_3Pin.a(USBUART.o)
                0x00001a20                USBUART_GetEPCount
 .text.USBUART_LoadInEP
                0x00001a48       0x94 .\CortexM3\ARM_GCC_541\Debug\Z80_3Pin.a(USBUART.o)
                0x00001a48                USBUART_LoadInEP
 .text.USBUART_EnableOutEP
                0x00001adc       0x2c .\CortexM3\ARM_GCC_541\Debug\Z80_3Pin.a(USBUART.o)
                0x00001adc                USBUART_EnableOutEP
 .text.USBUART_ReadOutEP
                0x00001b08       0x50 .\CortexM3\ARM_GCC_541\Debug\Z80_3Pin.a(USBUART.o)
                0x00001b08                USBUART_ReadOutEP
 .text.USBUART_GetInterfaceComPort
                0x00001b58       0x38 .\CortexM3\ARM_GCC_541\Debug\Z80_3Pin.a(USBUART_cdc.o)
                0x00001b58                USBUART_GetInterfaceComPort
 .text.USBUART_DispatchCDCClassRqst
                0x00001b90       0x98 .\CortexM3\ARM_GCC_541\Debug\Z80_3Pin.a(USBUART_cdc.o)
                0x00001b90                USBUART_DispatchCDCClassRqst
 .text.USBUART_CDC_Init
                0x00001c28       0x98 .\CortexM3\ARM_GCC_541\Debug\Z80_3Pin.a(USBUART_cdc.o)
                0x00001c28                USBUART_CDC_Init
 .text.USBUART_PutData
                0x00001cc0       0x50 .\CortexM3\ARM_GCC_541\Debug\Z80_3Pin.a(USBUART_cdc.o)
                0x00001cc0                USBUART_PutData
 .text.USBUART_DataIsReady
                0x00001d10       0x18 .\CortexM3\ARM_GCC_541\Debug\Z80_3Pin.a(USBUART_cdc.o)
                0x00001d10                USBUART_DataIsReady
 .text.USBUART_CDCIsReady
                0x00001d28       0x18 .\CortexM3\ARM_GCC_541\Debug\Z80_3Pin.a(USBUART_cdc.o)
                0x00001d28                USBUART_CDCIsReady
 .text.USBUART_GetAll
                0x00001d40       0x30 .\CortexM3\ARM_GCC_541\Debug\Z80_3Pin.a(USBUART_cdc.o)
                0x00001d40                USBUART_GetAll
 .text.USBUART_Cdc_EpInit
                0x00001d70       0x50 .\CortexM3\ARM_GCC_541\Debug\Z80_3Pin.a(USBUART_cdc.o)
                0x00001d70                USBUART_Cdc_EpInit
 .text.USBUART_LoadEP0
                0x00001dc0       0x98 .\CortexM3\ARM_GCC_541\Debug\Z80_3Pin.a(USBUART_drv.o)
                0x00001dc0                USBUART_LoadEP0
 .text.USBUART_InitZeroLengthControlTransfer
                0x00001e58       0x34 .\CortexM3\ARM_GCC_541\Debug\Z80_3Pin.a(USBUART_drv.o)
                0x00001e58                USBUART_InitZeroLengthControlTransfer
 .text.USBUART_ControlReadDataStage
                0x00001e8c        0x8 .\CortexM3\ARM_GCC_541\Debug\Z80_3Pin.a(USBUART_drv.o)
                0x00001e8c                USBUART_ControlReadDataStage
 .text.USBUART_ControlWriteDataStage
                0x00001e94       0x84 .\CortexM3\ARM_GCC_541\Debug\Z80_3Pin.a(USBUART_drv.o)
                0x00001e94                USBUART_ControlWriteDataStage
 .text.USBUART_InitNoDataControlTransfer
                0x00001f18       0x2c .\CortexM3\ARM_GCC_541\Debug\Z80_3Pin.a(USBUART_drv.o)
                0x00001f18                USBUART_InitNoDataControlTransfer
 .text.USBUART_UpdateStatusBlock
                0x00001f44       0x24 .\CortexM3\ARM_GCC_541\Debug\Z80_3Pin.a(USBUART_drv.o)
                0x00001f44                USBUART_UpdateStatusBlock
 .text.USBUART_HandleSetup
                0x00001f68       0x5c .\CortexM3\ARM_GCC_541\Debug\Z80_3Pin.a(USBUART_drv.o)
                0x00001f68                USBUART_HandleSetup
 .text.USBUART_ControlReadStatusStage
                0x00001fc4       0x38 .\CortexM3\ARM_GCC_541\Debug\Z80_3Pin.a(USBUART_drv.o)
                0x00001fc4                USBUART_ControlReadStatusStage
 .text.USBUART_HandleOUT
                0x00001ffc       0x38 .\CortexM3\ARM_GCC_541\Debug\Z80_3Pin.a(USBUART_drv.o)
                0x00001ffc                USBUART_HandleOUT
 .text.USBUART_ControlWriteStatusStage
                0x00002034       0x20 .\CortexM3\ARM_GCC_541\Debug\Z80_3Pin.a(USBUART_drv.o)
                0x00002034                USBUART_ControlWriteStatusStage
 .text.USBUART_NoDataControlStatusStage
                0x00002054       0x40 .\CortexM3\ARM_GCC_541\Debug\Z80_3Pin.a(USBUART_drv.o)
                0x00002054                USBUART_NoDataControlStatusStage
 .text.USBUART_HandleIN
                0x00002094       0x2c .\CortexM3\ARM_GCC_541\Debug\Z80_3Pin.a(USBUART_drv.o)
                0x00002094                USBUART_HandleIN
 .text.USBUART_EP_0_ISR
                0x000020c0       0xb8 .\CortexM3\ARM_GCC_541\Debug\Z80_3Pin.a(USBUART_drv.o)
                0x000020c0                USBUART_EP_0_ISR
 .text.USBUART_InitializeStatusBlock
                0x00002178       0x24 .\CortexM3\ARM_GCC_541\Debug\Z80_3Pin.a(USBUART_drv.o)
                0x00002178                USBUART_InitializeStatusBlock
 .text.USBUART_InitControlRead
                0x0000219c       0x50 .\CortexM3\ARM_GCC_541\Debug\Z80_3Pin.a(USBUART_drv.o)
                0x0000219c                USBUART_InitControlRead
 .text.USBUART_InitControlWrite
                0x000021ec       0x48 .\CortexM3\ARM_GCC_541\Debug\Z80_3Pin.a(USBUART_drv.o)
                0x000021ec                USBUART_InitControlWrite
 .text.USBUART_EP_1_ISR
                0x00002234       0x30 .\CortexM3\ARM_GCC_541\Debug\Z80_3Pin.a(USBUART_episr.o)
                0x00002234                USBUART_EP_1_ISR
 .text.USBUART_EP_2_ISR
                0x00002264       0x34 .\CortexM3\ARM_GCC_541\Debug\Z80_3Pin.a(USBUART_episr.o)
                0x00002264                USBUART_EP_2_ISR
 .text.USBUART_EP_3_ISR
                0x00002298       0x3c .\CortexM3\ARM_GCC_541\Debug\Z80_3Pin.a(USBUART_episr.o)
                0x00002298                USBUART_EP_3_ISR
 .text.USBUART_SOF_ISR
                0x000022d4        0x4 .\CortexM3\ARM_GCC_541\Debug\Z80_3Pin.a(USBUART_episr.o)
                0x000022d4                USBUART_SOF_ISR
 .text.USBUART_BUS_RESET_ISR
                0x000022d8        0x8 .\CortexM3\ARM_GCC_541\Debug\Z80_3Pin.a(USBUART_episr.o)
                0x000022d8                USBUART_BUS_RESET_ISR
 .text.USBUART_DP_ISR
                0x000022e0        0x8 .\CortexM3\ARM_GCC_541\Debug\Z80_3Pin.a(USBUART_pm.o)
                0x000022e0                USBUART_DP_ISR
 .text.USBUART_ReadDieID
                0x000022e8       0x6c .\CortexM3\ARM_GCC_541\Debug\Z80_3Pin.a(USBUART_std.o)
                0x000022e8                USBUART_ReadDieID
 .text.USBUART_ConfigReg
                0x00002354       0xa4 .\CortexM3\ARM_GCC_541\Debug\Z80_3Pin.a(USBUART_std.o)
                0x00002354                USBUART_ConfigReg
 .text.USBUART_GetConfigTablePtr
                0x000023f8       0x28 .\CortexM3\ARM_GCC_541\Debug\Z80_3Pin.a(USBUART_std.o)
                0x000023f8                USBUART_GetConfigTablePtr
 .text.USBUART_ConfigAltChanged
                0x00002420      0x11c .\CortexM3\ARM_GCC_541\Debug\Z80_3Pin.a(USBUART_std.o)
                0x00002420                USBUART_ConfigAltChanged
 .text.USBUART_GetDeviceTablePtr
                0x0000253c       0x18 .\CortexM3\ARM_GCC_541\Debug\Z80_3Pin.a(USBUART_std.o)
                0x0000253c                USBUART_GetDeviceTablePtr
 .text.USBUART_GetInterfaceClassTablePtr
                0x00002554       0x28 .\CortexM3\ARM_GCC_541\Debug\Z80_3Pin.a(USBUART_std.o)
                0x00002554                USBUART_GetInterfaceClassTablePtr
 .text.USBUART_Config
                0x0000257c      0x1ec .\CortexM3\ARM_GCC_541\Debug\Z80_3Pin.a(USBUART_std.o)
                0x0000257c                USBUART_Config
 .text.USBUART_SetEndpointHalt
                0x00002768       0x64 .\CortexM3\ARM_GCC_541\Debug\Z80_3Pin.a(USBUART_std.o)
                0x00002768                USBUART_SetEndpointHalt
 .text.USBUART_ClearEndpointHalt
                0x000027cc       0xac .\CortexM3\ARM_GCC_541\Debug\Z80_3Pin.a(USBUART_std.o)
                0x000027cc                USBUART_ClearEndpointHalt
 .text.USBUART_ValidateAlternateSetting
                0x00002878       0x4c .\CortexM3\ARM_GCC_541\Debug\Z80_3Pin.a(USBUART_std.o)
                0x00002878                USBUART_ValidateAlternateSetting
 .text.USBUART_HandleStandardRqst
                0x000028c4      0x354 .\CortexM3\ARM_GCC_541\Debug\Z80_3Pin.a(USBUART_std.o)
                0x000028c4                USBUART_HandleStandardRqst
 .text.USBUART_HandleVendorRqst
                0x00002c18       0x18 .\CortexM3\ARM_GCC_541\Debug\Z80_3Pin.a(USBUART_vnd.o)
                0x00002c18                USBUART_HandleVendorRqst
 .text.USBUART_Dp_ClearInterrupt
                0x00002c30       0x10 .\CortexM3\ARM_GCC_541\Debug\Z80_3Pin.a(USBUART_Dp.o)
                0x00002c30                USBUART_Dp_ClearInterrupt
 .text          0x00002c40       0x20 .\CortexM3\ARM_GCC_541\Debug\Z80_3Pin.a(CyBootAsmGnu.o)
                0x00002c40                CyDelayCycles
                0x00002c50                CyEnterCriticalSection
                0x00002c58                CyExitCriticalSection
 .text.USBUART_DispatchClassRqst
                0x00002c60       0x60 .\CortexM3\ARM_GCC_541\Debug\Z80_3Pin.a(USBUART_cls.o)
                0x00002c60                USBUART_DispatchClassRqst
 .text.__errno  0x00002cc0        0xc c:/program files (x86)/cypress/psoc creator/4.2/psoc creator/import/gnu/arm/5.4.1/bin/../lib/gcc/arm-none-eabi/5.4.1/../../../../arm-none-eabi/lib/armv7-m\libg_nano.a(lib_a-errno.o)
                0x00002cc0                __errno
 .text.__libc_init_array
                0x00002ccc       0x4c c:/program files (x86)/cypress/psoc creator/4.2/psoc creator/import/gnu/arm/5.4.1/bin/../lib/gcc/arm-none-eabi/5.4.1/../../../../arm-none-eabi/lib/armv7-m\libg_nano.a(lib_a-init.o)
                0x00002ccc                __libc_init_array
 .text.memcpy   0x00002d18       0x16 c:/program files (x86)/cypress/psoc creator/4.2/psoc creator/import/gnu/arm/5.4.1/bin/../lib/gcc/arm-none-eabi/5.4.1/../../../../arm-none-eabi/lib/armv7-m\libg_nano.a(lib_a-memcpy-stub.o)
                0x00002d18                memcpy
 .text.memset   0x00002d2e       0x10 c:/program files (x86)/cypress/psoc creator/4.2/psoc creator/import/gnu/arm/5.4.1/bin/../lib/gcc/arm-none-eabi/5.4.1/../../../../arm-none-eabi/lib/armv7-m\libg_nano.a(lib_a-memset.o)
                0x00002d2e                memset
 *(.plt)
 *(.gnu.warning)
 *(.glue_7t)
 .glue_7t       0x00002d3e        0x0 linker stubs
 *(.glue_7)
 .glue_7        0x00002d3e        0x0 linker stubs
 *(.vfp11_veneer)
 .vfp11_veneer  0x00002d3e        0x0 linker stubs
 *(.bootloader)
 *(.ARM.extab* .gnu.linkonce.armextab.*)
 *(.gcc_except_table)

.v4_bx          0x00002d40        0x0
 .v4_bx         0x00002d40        0x0 linker stubs

.iplt           0x00002d40        0x0
 .iplt          0x00002d40        0x0 c:/program files (x86)/cypress/psoc creator/4.2/psoc creator/import/gnu/arm/5.4.1/bin/../lib/gcc/arm-none-eabi/5.4.1/armv7-m/crtbegin.o

.eh_frame_hdr
 *(.eh_frame_hdr)

.eh_frame       0x00002d40        0x4
 *(.eh_frame)
 .eh_frame      0x00002d40        0x0 c:/program files (x86)/cypress/psoc creator/4.2/psoc creator/import/gnu/arm/5.4.1/bin/../lib/gcc/arm-none-eabi/5.4.1/armv7-m/crtbegin.o
 .eh_frame      0x00002d40        0x4 c:/program files (x86)/cypress/psoc creator/4.2/psoc creator/import/gnu/arm/5.4.1/bin/../lib/gcc/arm-none-eabi/5.4.1/armv7-m/crtend.o
                [!provide]                PROVIDE (__exidx_start, .)

.ARM.exidx
 *(.ARM.exidx* .gnu.linkonce.armexidx.*)
                0x00002d44                __exidx_end = .

.rodata         0x00002d44     0x41f4
 *(.rodata .rodata.* .gnu.linkonce.r.*)
 .rodata        0x00002d44     0x4010 .\CortexM3\ARM_GCC_541\Debug\Monitor_BASIC_ROM.o
                0x00002d44                eprom_length
                0x00002d48                eprom_finish
                0x00002d4c                eprom_start
                0x00002d50                eprom_termination
                0x00002d54                monitor_basic_eprom
 .rodata        0x00006d54       0x38 .\CortexM3\ARM_GCC_541\Debug\cyfitter_cfg.o
 .rodata.str1.4
                0x00006d8c       0x14 .\CortexM3\ARM_GCC_541\Debug\Z80_3Pin.a(USBUART_std.o)
                                 0x11 (size before relaxing)
 .rodata        0x00006da0      0x15e .\CortexM3\ARM_GCC_541\Debug\Z80_3Pin.a(USBUART_descr.o)
                0x00006da0                USBUART_TABLE
                0x00006da8                USBUART_DEVICE0_TABLE
                0x00006dc0                USBUART_DEVICE0_CONFIGURATION0_TABLE
                0x00006de8                USBUART_DEVICE0_CONFIGURATION0_INTERFACE_CLASS
                0x00006dec                USBUART_DEVICE0_CONFIGURATION0_EP_SETTINGS_TABLE
                0x00006e04                USBUART_SN_STRING_DESCRIPTOR
                0x00006e08                USBUART_STRING_DESCRIPTORS
                0x00006ea8                USBUART_DEVICE0_CONFIGURATION0_DESCR
                0x00006eec                USBUART_DEVICE0_DESCR
 .rodata.str1.1
                0x00006efe        0x2 c:/program files (x86)/cypress/psoc creator/4.2/psoc creator/import/gnu/arm/5.4.1/bin/../lib/gcc/arm-none-eabi/5.4.1/../../../../arm-none-eabi/lib/armv7-m\libg_nano.a(lib_a-impure.o)
                0x00006f00                . = ALIGN (0x4)
 *(.init)
 .init          0x00006f00        0x4 c:/program files (x86)/cypress/psoc creator/4.2/psoc creator/import/gnu/arm/5.4.1/bin/../lib/gcc/arm-none-eabi/5.4.1/armv7-m/crti.o
                0x00006f00                _init
 .init          0x00006f04        0x8 c:/program files (x86)/cypress/psoc creator/4.2/psoc creator/import/gnu/arm/5.4.1/bin/../lib/gcc/arm-none-eabi/5.4.1/armv7-m/crtn.o
                0x00006f0c                . = ALIGN (0x4)
                0x00006f0c                __preinit_array_start = .
 *(.preinit_array)
                0x00006f0c                __preinit_array_end = .
                0x00006f0c                . = ALIGN (0x4)
                0x00006f0c                __init_array_start = .
 *(SORT(.init_array.*))
 *(.init_array)
 .init_array    0x00006f0c        0x4 c:/program files (x86)/cypress/psoc creator/4.2/psoc creator/import/gnu/arm/5.4.1/bin/../lib/gcc/arm-none-eabi/5.4.1/armv7-m/crtbegin.o
 .init_array    0x00006f10        0x4 .\CortexM3\ARM_GCC_541\Debug\Cm3Start.o
                0x00006f14                __init_array_end = .
                0x00006f14                . = ALIGN (0x4)
 *(.fini)
 .fini          0x00006f14        0x4 c:/program files (x86)/cypress/psoc creator/4.2/psoc creator/import/gnu/arm/5.4.1/bin/../lib/gcc/arm-none-eabi/5.4.1/armv7-m/crti.o
                0x00006f14                _fini
 .fini          0x00006f18        0x8 c:/program files (x86)/cypress/psoc creator/4.2/psoc creator/import/gnu/arm/5.4.1/bin/../lib/gcc/arm-none-eabi/5.4.1/armv7-m/crtn.o
                0x00006f20                . = ALIGN (0x4)
                0x00006f20                __fini_array_start = .
 *(.fini_array)
 .fini_array    0x00006f20        0x4 c:/program files (x86)/cypress/psoc creator/4.2/psoc creator/import/gnu/arm/5.4.1/bin/../lib/gcc/arm-none-eabi/5.4.1/armv7-m/crtbegin.o
 *(SORT(.fini_array.*))
                0x00006f24                __fini_array_end = .
                0x00006f24                . = ALIGN (0x4)
 *crtbegin.o(.ctors)
 *(EXCLUDE_FILE(*crtend.o) .ctors)
 *(SORT(.ctors.*))
 *crtend.o(.ctors)
                0x00006f24                . = ALIGN (0x4)
 *crtbegin.o(.dtors)
 *(EXCLUDE_FILE(*crtend.o) .dtors)
 *(SORT(.dtors.*))
 *crtend.o(.dtors)
                0x00006f24                . = ALIGN (0x4)
                0x00006f24                __cy_regions = .
                0x00006f24        0x4 LONG 0x6f38 __cy_region_init_ram
                0x00006f28        0x4 LONG 0x1fffc0c8 __cy_region_start_data
                0x00006f2c        0x4 LONG 0x98 __cy_region_init_size_ram
                0x00006f30        0x4 LONG 0x148 __cy_region_zero_size_ram
                0x00006f34                __cy_regions_end = .
                0x00006f38                . = ALIGN (0x8)
 *fill*         0x00006f34        0x4 
                0x00006f38                _etext = .

.cy_checksum_exclude
                0x00006f38        0x0
 *(.cy_checksum_exclude)

.ramvectors     0x1fffc000       0xc0
                0x1fffc000                __cy_region_start_ram = .
 *(.ramvectors)
 .ramvectors    0x1fffc000       0xc0 .\CortexM3\ARM_GCC_541\Debug\Cm3Start.o
                0x1fffc000                CyRamVectors

.noinit         0x1fffc0c0        0x1
 *(.noinit)
 .noinit        0x1fffc0c0        0x1 .\CortexM3\ARM_GCC_541\Debug\Z80_3Pin.a(CyLib.o)
                0x1fffc0c0                CyResetStatus

.data           0x1fffc0c8       0x98 load address 0x00006f38
                0x1fffc0c8                __cy_region_start_data = .
 *(.jcr)
 .jcr           0x1fffc0c8        0x0 c:/program files (x86)/cypress/psoc creator/4.2/psoc creator/import/gnu/arm/5.4.1/bin/../lib/gcc/arm-none-eabi/5.4.1/armv7-m/crtbegin.o
 .jcr           0x1fffc0c8        0x4 c:/program files (x86)/cypress/psoc creator/4.2/psoc creator/import/gnu/arm/5.4.1/bin/../lib/gcc/arm-none-eabi/5.4.1/armv7-m/crtend.o
 *(.got.plt)
 *(.got)
 *(.shdata)
 *(.data .data.* .gnu.linkonce.d.*)
 .data          0x1fffc0cc       0x10 .\CortexM3\ARM_GCC_541\Debug\Z80_3Pin.a(CyLib.o)
                0x1fffc0cc                cydelay_32k_ms
                0x1fffc0d0                cydelay_freq_khz
                0x1fffc0d4                cydelay_freq_mhz
                0x1fffc0d8                cydelay_freq_hz
 .data          0x1fffc0dc       0x1a .\CortexM3\ARM_GCC_541\Debug\Z80_3Pin.a(USBUART_cdc.o)
                0x1fffc0dc                USBUART_linesCoding
 *fill*         0x1fffc0f6        0x2 
 .data.impure_data
                0x1fffc0f8       0x60 c:/program files (x86)/cypress/psoc creator/4.2/psoc creator/import/gnu/arm/5.4.1/bin/../lib/gcc/arm-none-eabi/5.4.1/../../../../arm-none-eabi/lib/armv7-m\libg_nano.a(lib_a-impure.o)
 .data._impure_ptr
                0x1fffc158        0x4 c:/program files (x86)/cypress/psoc creator/4.2/psoc creator/import/gnu/arm/5.4.1/bin/../lib/gcc/arm-none-eabi/5.4.1/../../../../arm-none-eabi/lib/armv7-m\libg_nano.a(lib_a-impure.o)
                0x1fffc158                _impure_ptr
                0x1fffc160                . = ALIGN (0x8)
 *fill*         0x1fffc15c        0x4 
 *(.ram)
                0x1fffc160                _edata = .

.igot.plt       0x1fffc160        0x0 load address 0x00006fd0
 .igot.plt      0x1fffc160        0x0 c:/program files (x86)/cypress/psoc creator/4.2/psoc creator/import/gnu/arm/5.4.1/bin/../lib/gcc/arm-none-eabi/5.4.1/armv7-m/crtbegin.o

.bss            0x1fffc160      0x148 load address 0x00006fd0
                0x1fffc160                PROVIDE (__bss_start__, .)
 *(.shbss)
 *(.bss .bss.* .gnu.linkonce.b.*)
 .bss           0x1fffc160       0x1c c:/program files (x86)/cypress/psoc creator/4.2/psoc creator/import/gnu/arm/5.4.1/bin/../lib/gcc/arm-none-eabi/5.4.1/armv7-m/crtbegin.o
 .bss           0x1fffc17c        0x1 .\CortexM3\ARM_GCC_541\Debug\Z80_3Pin.a(I2C.o)
                0x1fffc17c                I2C_initVar
 .bss           0x1fffc17d        0x1 .\CortexM3\ARM_GCC_541\Debug\Z80_3Pin.a(USBUART.o)
                0x1fffc17d                USBUART_initVar
 .bss           0x1fffc17e        0x1 .\CortexM3\ARM_GCC_541\Debug\Z80_3Pin.a(USBUART_cdc.o)
 *fill*         0x1fffc17f        0x1 
 .bss           0x1fffc180        0x2 .\CortexM3\ARM_GCC_541\Debug\Z80_3Pin.a(USBUART_std.o)
 *(COMMON)
 *fill*         0x1fffc182        0x2 
 COMMON         0x1fffc184       0x10 .\CortexM3\ARM_GCC_541\Debug\FrontPanel.o
                0x1fffc184                FPAddr
                0x1fffc186                FPCtrl
                0x1fffc188                LEDsVal
                0x1fffc18c                FPData
                0x1fffc190                FPLong
 COMMON         0x1fffc194       0x25 .\CortexM3\ARM_GCC_541\Debug\Z80_SIO_emul.o
                0x1fffc194                SIO_A_WR2
                0x1fffc195                SIO_B_Ctrl2
                0x1fffc196                UART_A_TXD
                0x1fffc197                SIO_B_Status
                0x1fffc198                SIO_A_Ctrl1
                0x1fffc199                SIO_A_DataIn
                0x1fffc19a                SIO_A_WR5
                0x1fffc19b                SIO_B_RD2
                0x1fffc19c                SIO_B_WR4
                0x1fffc19d                SIO_B_DataOut
                0x1fffc19e                SIO_A_Status
                0x1fffc19f                SIO_A_WR0
                0x1fffc1a0                SIO_A_Ctrl_Count
                0x1fffc1a1                SIO_A_RD2
                0x1fffc1a2                SIO_A_WR3
                0x1fffc1a3                SIO_A_RD1
                0x1fffc1a4                SIO_A_DataOut
                0x1fffc1a5                SIO_A_WR1
                0x1fffc1a6                SIO_B_WR5
                0x1fffc1a7                SIO_B_Ctrl1
                0x1fffc1a8                SIO_B_RD1
                0x1fffc1a9                SIO_B_RD0
                0x1fffc1aa                SIO_B_WR1
                0x1fffc1ab                SIO_B_WR6
                0x1fffc1ac                UART_B_TXD_BUSY
                0x1fffc1ad                SIO_B_WR7
                0x1fffc1ae                SIO_A_WR4
                0x1fffc1af                SIO_B_WR2
                0x1fffc1b0                SIO_A_RD0
                0x1fffc1b1                UART_B_TXD
                0x1fffc1b2                SIO_B_Ctrl_Count
                0x1fffc1b3                SIO_B_DataIn
                0x1fffc1b4                SIO_A_Ctrl2
                0x1fffc1b5                SIO_B_WR0
                0x1fffc1b6                SIO_A_WR7
                0x1fffc1b7                SIO_A_WR6
                0x1fffc1b8                SIO_B_WR3
 COMMON         0x1fffc1b9        0x1 .\CortexM3\ARM_GCC_541\Debug\Z80_3Pin.a(I2C.o)
                0x1fffc1b9                I2C_state
 *fill*         0x1fffc1ba        0x2 
 COMMON         0x1fffc1bc       0x10 .\CortexM3\ARM_GCC_541\Debug\Z80_3Pin.a(I2C_MASTER.o)
                0x1fffc1bc                I2C_mstrWrBufIndex
                0x1fffc1bd                I2C_mstrWrBufSize
                0x1fffc1be                I2C_mstrStatus
                0x1fffc1c0                I2C_mstrRdBufPtr
                0x1fffc1c4                I2C_mstrControl
                0x1fffc1c5                I2C_mstrRdBufSize
                0x1fffc1c6                I2C_mstrRdBufIndex
                0x1fffc1c8                I2C_mstrWrBufPtr
 COMMON         0x1fffc1cc       0x18 .\CortexM3\ARM_GCC_541\Debug\Z80_3Pin.a(USBUART_cdc.o)
                0x1fffc1cc                USBUART_linesChanged
                0x1fffc1d0                USBUART_cdcDataInEp
                0x1fffc1d4                USBUART_cdcCommInInterruptEp
                0x1fffc1d8                USBUART_cdcDataOutEp
                0x1fffc1dc                USBUART_serialStateBitmap
                0x1fffc1e0                USBUART_linesControlBitmap
 COMMON         0x1fffc1e4       0x9a .\CortexM3\ARM_GCC_541\Debug\Z80_3Pin.a(USBUART_drv.o)
                0x1fffc1e4                USBUART_lastPacketSize
                0x1fffc1e5                USBUART_device
                0x1fffc1e6                USBUART_transferByteCount
                0x1fffc1e8                USBUART_transferState
                0x1fffc1ec                USBUART_interfaceSettingLast
                0x1fffc1f0                USBUART_currentTD
                0x1fffc1fc                USBUART_interfaceNumber
                0x1fffc200                USBUART_interfaceClass
                0x1fffc204                USBUART_configurationChanged
                0x1fffc205                USBUART_ep0Mode
                0x1fffc206                USBUART_deviceAddress
                0x1fffc207                USBUART_configuration
                0x1fffc208                USBUART_ep0Count
                0x1fffc209                USBUART_deviceStatus
                0x1fffc20c                USBUART_EP
                0x1fffc278                USBUART_interfaceSetting
                0x1fffc27a                USBUART_ep0Toggle
                0x1fffc27c                USBUART_interfaceStatus
 *fill*         0x1fffc27e        0x2 
 COMMON         0x1fffc280       0x22 .\CortexM3\ARM_GCC_541\Debug\Z80_3Pin.a(USBUART_descr.o)
                0x1fffc280                USBUART_idSerialNumberStringDescriptor
                0x1fffc2a8                . = ALIGN (0x8)
 *fill*         0x1fffc2a2        0x6 
 *(.ram.b)
                0x1fffc2a8                _end = .
                0x1fffc2a8                __end = .
                0x1fffc2a8                PROVIDE (end, .)
                0x1fffc2a8                PROVIDE (__bss_end__, .)
                0x00006f38                __cy_region_init_ram = LOADADDR (.data)
                0x00000098                __cy_region_init_size_ram = (_edata - ADDR (.data))
                0x00000148                __cy_region_zero_size_ram = (_end - _edata)

.heap           0x1fffc2a8       0x80 load address 0x00006fd0
                0x1fffc2a8                . = _end
                0x1fffc328                . = (. + 0x80)
 *fill*         0x1fffc2a8       0x80 
                0x1fffc328                __cy_heap_limit = .

.stack          0x20003800      0x800
                0x20003800                __cy_stack_limit = .
                0x20004000                . = (. + 0x800)
 *fill*         0x20003800      0x800 
                0x00000001                ASSERT ((__cy_stack_limit >= __cy_heap_limit), region RAM overflowed with stack)
                0x00000000                cy_checksum_exclude_size = (CY_APPL_LOADABLE == 0x1)?SIZEOF (.cy_checksum_exclude):0x0
                0x00000001                ASSERT ((cy_checksum_exclude_size <= CY_CHECKSUM_EXCLUDE_SIZE), CY_BOOT: Section .cy_checksum_exclude size exceedes specified limit.)

.cyloadermeta
 *(.cyloadermeta)

.cyloadablemeta
 *(.cyloadablemeta)

.cyconfigecc    0x80000000      0x7d8
 *(.cyconfigecc)
 .cyconfigecc   0x80000000      0x7d8 .\CortexM3\ARM_GCC_541\Debug\cymetadata.o
                0x80000000                cy_meta_configecc

.cycustnvl      0x90000000        0x4
 *(.cycustnvl)
 .cycustnvl     0x90000000        0x4 .\CortexM3\ARM_GCC_541\Debug\cymetadata.o
                0x90000000                cy_meta_custnvl

.cywolatch      0x90100000        0x4
 *(.cywolatch)
 .cywolatch     0x90100000        0x4 .\CortexM3\ARM_GCC_541\Debug\cymetadata.o
                0x90100000                cy_meta_wonvl

.cyeeprom       0x90200000        0x0
 *(.cyeeprom)
                0x00000001                ASSERT ((. <= ((0x90200000 + ee_offset) + ee_size)), .cyeeprom data will not fit in EEPROM)

.cyflashprotect
                0x90400000       0x80
 *(.cyflashprotect)
 .cyflashprotect
                0x90400000       0x80 .\CortexM3\ARM_GCC_541\Debug\cymetadata.o
                0x90400000                cy_meta_flashprotect

.cymeta         0x90500000        0xc
 *(.cymeta)
 .cymeta        0x90500000        0xc .\CortexM3\ARM_GCC_541\Debug\cymetadata.o
                0x90500000                cy_metadata

.rel.dyn        0x00006fd0        0x0 load address 0x9050000c
 .rel.iplt      0x00006fd0        0x0 c:/program files (x86)/cypress/psoc creator/4.2/psoc creator/import/gnu/arm/5.4.1/bin/../lib/gcc/arm-none-eabi/5.4.1/armv7-m/crtbegin.o

.stab
 *(.stab)

.stabstr
 *(.stabstr)

.debug
 *(.debug)

.line
 *(.line)

.debug_srcinfo
 *(.debug_srcinfo)

.debug_sfnames
 *(.debug_sfnames)

.debug_aranges  0x00000000      0xcb0
 *(.debug_aranges)
 .debug_aranges
                0x00000000       0x28 .\CortexM3\ARM_GCC_541\Debug\main.o
 .debug_aranges
                0x00000028       0x40 .\CortexM3\ARM_GCC_541\Debug\ExtSRAM.o
 .debug_aranges
                0x00000068       0x68 .\CortexM3\ARM_GCC_541\Debug\FrontPanel.o
 .debug_aranges
                0x000000d0       0x18 .\CortexM3\ARM_GCC_541\Debug\Monitor_BASIC_ROM.o
 .debug_aranges
                0x000000e8       0x78 .\CortexM3\ARM_GCC_541\Debug\Z80_SIO_emul.o
 .debug_aranges
                0x00000160       0x30 .\CortexM3\ARM_GCC_541\Debug\Z80_IO_Handle.o
 .debug_aranges
                0x00000190       0x58 .\CortexM3\ARM_GCC_541\Debug\cyfitter_cfg.o
 .debug_aranges
                0x000001e8       0x18 .\CortexM3\ARM_GCC_541\Debug\cymetadata.o
 .debug_aranges
                0x00000200       0x48 .\CortexM3\ARM_GCC_541\Debug\Cm3Start.o
 .debug_aranges
                0x00000248      0x2a0 .\CortexM3\ARM_GCC_541\Debug\Z80_3Pin.a(CyLib.o)
 .debug_aranges
                0x000004e8       0x98 .\CortexM3\ARM_GCC_541\Debug\Z80_3Pin.a(cyPm.o)
 .debug_aranges
                0x00000580       0x40 .\CortexM3\ARM_GCC_541\Debug\Z80_3Pin.a(AdrLowIn.o)
 .debug_aranges
                0x000005c0       0x28 .\CortexM3\ARM_GCC_541\Debug\Z80_3Pin.a(IO_Ctrl_Reg.o)
 .debug_aranges
                0x000005e8       0x40 .\CortexM3\ARM_GCC_541\Debug\Z80_3Pin.a(IO_Stat_Reg.o)
 .debug_aranges
                0x00000628       0x28 .\CortexM3\ARM_GCC_541\Debug\Z80_3Pin.a(Z80_Data_In.o)
 .debug_aranges
                0x00000650       0x40 .\CortexM3\ARM_GCC_541\Debug\Z80_3Pin.a(Z80_Data_Out.o)
 .debug_aranges
                0x00000690       0x38 .\CortexM3\ARM_GCC_541\Debug\Z80_3Pin.a(I2C.o)
 .debug_aranges
                0x000006c8       0x20 .\CortexM3\ARM_GCC_541\Debug\Z80_3Pin.a(I2C_INT.o)
 .debug_aranges
                0x000006e8       0x38 .\CortexM3\ARM_GCC_541\Debug\Z80_3Pin.a(I2C_PM.o)
 .debug_aranges
                0x00000720       0x80 .\CortexM3\ARM_GCC_541\Debug\Z80_3Pin.a(I2C_MASTER.o)
 .debug_aranges
                0x000007a0       0xc8 .\CortexM3\ARM_GCC_541\Debug\Z80_3Pin.a(USBUART.o)
 .debug_aranges
                0x00000868       0xe8 .\CortexM3\ARM_GCC_541\Debug\Z80_3Pin.a(USBUART_cdc.o)
 .debug_aranges
                0x00000950       0x98 .\CortexM3\ARM_GCC_541\Debug\Z80_3Pin.a(USBUART_drv.o)
 .debug_aranges
                0x000009e8       0x40 .\CortexM3\ARM_GCC_541\Debug\Z80_3Pin.a(USBUART_episr.o)
 .debug_aranges
                0x00000a28       0x40 .\CortexM3\ARM_GCC_541\Debug\Z80_3Pin.a(USBUART_pm.o)
 .debug_aranges
                0x00000a68       0x80 .\CortexM3\ARM_GCC_541\Debug\Z80_3Pin.a(USBUART_std.o)
 .debug_aranges
                0x00000ae8       0x20 .\CortexM3\ARM_GCC_541\Debug\Z80_3Pin.a(USBUART_vnd.o)
 .debug_aranges
                0x00000b08       0x48 .\CortexM3\ARM_GCC_541\Debug\Z80_3Pin.a(USBUART_Dp.o)
 .debug_aranges
                0x00000b50       0x20 .\CortexM3\ARM_GCC_541\Debug\Z80_3Pin.a(CyBootAsmGnu.o)
 .debug_aranges
                0x00000b70       0x88 .\CortexM3\ARM_GCC_541\Debug\Z80_3Pin.a(CyFlash.o)
 .debug_aranges
                0x00000bf8       0x80 .\CortexM3\ARM_GCC_541\Debug\Z80_3Pin.a(CySpc.o)
 .debug_aranges
                0x00000c78       0x20 .\CortexM3\ARM_GCC_541\Debug\Z80_3Pin.a(USBUART_cls.o)
 .debug_aranges
                0x00000c98       0x18 .\CortexM3\ARM_GCC_541\Debug\Z80_3Pin.a(USBUART_descr.o)

.debug_pubnames
 *(.debug_pubnames)

.debug_info     0x00000000     0x9136
 *(.debug_info .gnu.linkonce.wi.*)
 .debug_info    0x00000000      0x339 .\CortexM3\ARM_GCC_541\Debug\main.o
 .debug_info    0x00000339      0x291 .\CortexM3\ARM_GCC_541\Debug\ExtSRAM.o
 .debug_info    0x000005ca      0x8f8 .\CortexM3\ARM_GCC_541\Debug\FrontPanel.o
 .debug_info    0x00000ec2       0xac .\CortexM3\ARM_GCC_541\Debug\Monitor_BASIC_ROM.o
 .debug_info    0x00000f6e      0x6f6 .\CortexM3\ARM_GCC_541\Debug\Z80_SIO_emul.o
 .debug_info    0x00001664      0x2b4 .\CortexM3\ARM_GCC_541\Debug\Z80_IO_Handle.o
 .debug_info    0x00001918      0x6aa .\CortexM3\ARM_GCC_541\Debug\cyfitter_cfg.o
 .debug_info    0x00001fc2      0x139 .\CortexM3\ARM_GCC_541\Debug\cymetadata.o
 .debug_info    0x000020fb      0x3bb .\CortexM3\ARM_GCC_541\Debug\Cm3Start.o
 .debug_info    0x000024b6     0x1374 .\CortexM3\ARM_GCC_541\Debug\Z80_3Pin.a(CyLib.o)
 .debug_info    0x0000382a      0xa2a .\CortexM3\ARM_GCC_541\Debug\Z80_3Pin.a(cyPm.o)
 .debug_info    0x00004254      0x17d .\CortexM3\ARM_GCC_541\Debug\Z80_3Pin.a(AdrLowIn.o)
 .debug_info    0x000043d1       0xd6 .\CortexM3\ARM_GCC_541\Debug\Z80_3Pin.a(IO_Ctrl_Reg.o)
 .debug_info    0x000044a7      0x17f .\CortexM3\ARM_GCC_541\Debug\Z80_3Pin.a(IO_Stat_Reg.o)
 .debug_info    0x00004626       0xd6 .\CortexM3\ARM_GCC_541\Debug\Z80_3Pin.a(Z80_Data_In.o)
 .debug_info    0x000046fc      0x17d .\CortexM3\ARM_GCC_541\Debug\Z80_3Pin.a(Z80_Data_Out.o)
 .debug_info    0x00004879      0x2ab .\CortexM3\ARM_GCC_541\Debug\Z80_3Pin.a(I2C.o)
 .debug_info    0x00004b24      0x184 .\CortexM3\ARM_GCC_541\Debug\Z80_3Pin.a(I2C_INT.o)
 .debug_info    0x00004ca8      0x207 .\CortexM3\ARM_GCC_541\Debug\Z80_3Pin.a(I2C_PM.o)
 .debug_info    0x00004eaf      0x407 .\CortexM3\ARM_GCC_541\Debug\Z80_3Pin.a(I2C_MASTER.o)
 .debug_info    0x000052b6      0x995 .\CortexM3\ARM_GCC_541\Debug\Z80_3Pin.a(USBUART.o)
 .debug_info    0x00005c4b      0xaf7 .\CortexM3\ARM_GCC_541\Debug\Z80_3Pin.a(USBUART_cdc.o)
 .debug_info    0x00006742      0x655 .\CortexM3\ARM_GCC_541\Debug\Z80_3Pin.a(USBUART_drv.o)
 .debug_info    0x00006d97      0x254 .\CortexM3\ARM_GCC_541\Debug\Z80_3Pin.a(USBUART_episr.o)
 .debug_info    0x00006feb      0x2e4 .\CortexM3\ARM_GCC_541\Debug\Z80_3Pin.a(USBUART_pm.o)
 .debug_info    0x000072cf      0xb26 .\CortexM3\ARM_GCC_541\Debug\Z80_3Pin.a(USBUART_std.o)
 .debug_info    0x00007df5       0xed .\CortexM3\ARM_GCC_541\Debug\Z80_3Pin.a(USBUART_vnd.o)
 .debug_info    0x00007ee2      0x174 .\CortexM3\ARM_GCC_541\Debug\Z80_3Pin.a(USBUART_Dp.o)
 .debug_info    0x00008056       0xc2 .\CortexM3\ARM_GCC_541\Debug\Z80_3Pin.a(CyBootAsmGnu.o)
 .debug_info    0x00008118      0x64d .\CortexM3\ARM_GCC_541\Debug\Z80_3Pin.a(CyFlash.o)
 .debug_info    0x00008765      0x550 .\CortexM3\ARM_GCC_541\Debug\Z80_3Pin.a(CySpc.o)
 .debug_info    0x00008cb5      0x1de .\CortexM3\ARM_GCC_541\Debug\Z80_3Pin.a(USBUART_cls.o)
 .debug_info    0x00008e93      0x2a3 .\CortexM3\ARM_GCC_541\Debug\Z80_3Pin.a(USBUART_descr.o)

.debug_abbrev   0x00000000     0x25ce
 *(.debug_abbrev)
 .debug_abbrev  0x00000000      0x125 .\CortexM3\ARM_GCC_541\Debug\main.o
 .debug_abbrev  0x00000125      0x10d .\CortexM3\ARM_GCC_541\Debug\ExtSRAM.o
 .debug_abbrev  0x00000232      0x185 .\CortexM3\ARM_GCC_541\Debug\FrontPanel.o
 .debug_abbrev  0x000003b7       0x56 .\CortexM3\ARM_GCC_541\Debug\Monitor_BASIC_ROM.o
 .debug_abbrev  0x0000040d      0x172 .\CortexM3\ARM_GCC_541\Debug\Z80_SIO_emul.o
 .debug_abbrev  0x0000057f       0xc5 .\CortexM3\ARM_GCC_541\Debug\Z80_IO_Handle.o
 .debug_abbrev  0x00000644      0x20d .\CortexM3\ARM_GCC_541\Debug\cyfitter_cfg.o
 .debug_abbrev  0x00000851       0x77 .\CortexM3\ARM_GCC_541\Debug\cymetadata.o
 .debug_abbrev  0x000008c8      0x1e8 .\CortexM3\ARM_GCC_541\Debug\Cm3Start.o
 .debug_abbrev  0x00000ab0      0x254 .\CortexM3\ARM_GCC_541\Debug\Z80_3Pin.a(CyLib.o)
 .debug_abbrev  0x00000d04      0x1ab .\CortexM3\ARM_GCC_541\Debug\Z80_3Pin.a(cyPm.o)
 .debug_abbrev  0x00000eaf       0xac .\CortexM3\ARM_GCC_541\Debug\Z80_3Pin.a(AdrLowIn.o)
 .debug_abbrev  0x00000f5b       0x81 .\CortexM3\ARM_GCC_541\Debug\Z80_3Pin.a(IO_Ctrl_Reg.o)
 .debug_abbrev  0x00000fdc       0xac .\CortexM3\ARM_GCC_541\Debug\Z80_3Pin.a(IO_Stat_Reg.o)
 .debug_abbrev  0x00001088       0x81 .\CortexM3\ARM_GCC_541\Debug\Z80_3Pin.a(Z80_Data_In.o)
 .debug_abbrev  0x00001109       0xac .\CortexM3\ARM_GCC_541\Debug\Z80_3Pin.a(Z80_Data_Out.o)
 .debug_abbrev  0x000011b5      0x10a .\CortexM3\ARM_GCC_541\Debug\Z80_3Pin.a(I2C.o)
 .debug_abbrev  0x000012bf       0xb6 .\CortexM3\ARM_GCC_541\Debug\Z80_3Pin.a(I2C_INT.o)
 .debug_abbrev  0x00001375       0xfe .\CortexM3\ARM_GCC_541\Debug\Z80_3Pin.a(I2C_PM.o)
 .debug_abbrev  0x00001473      0x13c .\CortexM3\ARM_GCC_541\Debug\Z80_3Pin.a(I2C_MASTER.o)
 .debug_abbrev  0x000015af      0x215 .\CortexM3\ARM_GCC_541\Debug\Z80_3Pin.a(USBUART.o)
 .debug_abbrev  0x000017c4      0x245 .\CortexM3\ARM_GCC_541\Debug\Z80_3Pin.a(USBUART_cdc.o)
 .debug_abbrev  0x00001a09      0x189 .\CortexM3\ARM_GCC_541\Debug\Z80_3Pin.a(USBUART_drv.o)
 .debug_abbrev  0x00001b92      0x11b .\CortexM3\ARM_GCC_541\Debug\Z80_3Pin.a(USBUART_episr.o)
 .debug_abbrev  0x00001cad      0x108 .\CortexM3\ARM_GCC_541\Debug\Z80_3Pin.a(USBUART_pm.o)
 .debug_abbrev  0x00001db5      0x20a .\CortexM3\ARM_GCC_541\Debug\Z80_3Pin.a(USBUART_std.o)
 .debug_abbrev  0x00001fbf       0x9b .\CortexM3\ARM_GCC_541\Debug\Z80_3Pin.a(USBUART_vnd.o)
 .debug_abbrev  0x0000205a       0x90 .\CortexM3\ARM_GCC_541\Debug\Z80_3Pin.a(USBUART_Dp.o)
 .debug_abbrev  0x000020ea       0x14 .\CortexM3\ARM_GCC_541\Debug\Z80_3Pin.a(CyBootAsmGnu.o)
 .debug_abbrev  0x000020fe      0x1a7 .\CortexM3\ARM_GCC_541\Debug\Z80_3Pin.a(CyFlash.o)
 .debug_abbrev  0x000022a5      0x194 .\CortexM3\ARM_GCC_541\Debug\Z80_3Pin.a(CySpc.o)
 .debug_abbrev  0x00002439       0xe1 .\CortexM3\ARM_GCC_541\Debug\Z80_3Pin.a(USBUART_cls.o)
 .debug_abbrev  0x0000251a       0xb4 .\CortexM3\ARM_GCC_541\Debug\Z80_3Pin.a(USBUART_descr.o)

.debug_line     0x00000000     0x3ab0
 *(.debug_line)
 .debug_line    0x00000000      0x236 .\CortexM3\ARM_GCC_541\Debug\main.o
 .debug_line    0x00000236      0x23e .\CortexM3\ARM_GCC_541\Debug\ExtSRAM.o
 .debug_line    0x00000474      0x355 .\CortexM3\ARM_GCC_541\Debug\FrontPanel.o
 .debug_line    0x000007c9       0x34 .\CortexM3\ARM_GCC_541\Debug\Monitor_BASIC_ROM.o
 .debug_line    0x000007fd      0x318 .\CortexM3\ARM_GCC_541\Debug\Z80_SIO_emul.o
 .debug_line    0x00000b15      0x218 .\CortexM3\ARM_GCC_541\Debug\Z80_IO_Handle.o
 .debug_line    0x00000d2d      0x21c .\CortexM3\ARM_GCC_541\Debug\cyfitter_cfg.o
 .debug_line    0x00000f49      0x141 .\CortexM3\ARM_GCC_541\Debug\cymetadata.o
 .debug_line    0x0000108a      0x234 .\CortexM3\ARM_GCC_541\Debug\Cm3Start.o
 .debug_line    0x000012be      0x816 .\CortexM3\ARM_GCC_541\Debug\Z80_3Pin.a(CyLib.o)
 .debug_line    0x00001ad4      0x367 .\CortexM3\ARM_GCC_541\Debug\Z80_3Pin.a(cyPm.o)
 .debug_line    0x00001e3b       0xb3 .\CortexM3\ARM_GCC_541\Debug\Z80_3Pin.a(AdrLowIn.o)
 .debug_line    0x00001eee       0x73 .\CortexM3\ARM_GCC_541\Debug\Z80_3Pin.a(IO_Ctrl_Reg.o)
 .debug_line    0x00001f61       0xb7 .\CortexM3\ARM_GCC_541\Debug\Z80_3Pin.a(IO_Stat_Reg.o)
 .debug_line    0x00002018       0x73 .\CortexM3\ARM_GCC_541\Debug\Z80_3Pin.a(Z80_Data_In.o)
 .debug_line    0x0000208b       0xb7 .\CortexM3\ARM_GCC_541\Debug\Z80_3Pin.a(Z80_Data_Out.o)
 .debug_line    0x00002142       0xd9 .\CortexM3\ARM_GCC_541\Debug\Z80_3Pin.a(I2C.o)
 .debug_line    0x0000221b      0x114 .\CortexM3\ARM_GCC_541\Debug\Z80_3Pin.a(I2C_INT.o)
 .debug_line    0x0000232f       0xbb .\CortexM3\ARM_GCC_541\Debug\Z80_3Pin.a(I2C_PM.o)
 .debug_line    0x000023ea      0x1fd .\CortexM3\ARM_GCC_541\Debug\Z80_3Pin.a(I2C_MASTER.o)
 .debug_line    0x000025e7      0x2dc .\CortexM3\ARM_GCC_541\Debug\Z80_3Pin.a(USBUART.o)
 .debug_line    0x000028c3      0x2f2 .\CortexM3\ARM_GCC_541\Debug\Z80_3Pin.a(USBUART_cdc.o)
 .debug_line    0x00002bb5      0x221 .\CortexM3\ARM_GCC_541\Debug\Z80_3Pin.a(USBUART_drv.o)
 .debug_line    0x00002dd6       0xe6 .\CortexM3\ARM_GCC_541\Debug\Z80_3Pin.a(USBUART_episr.o)
 .debug_line    0x00002ebc      0x10e .\CortexM3\ARM_GCC_541\Debug\Z80_3Pin.a(USBUART_pm.o)
 .debug_line    0x00002fca      0x3e2 .\CortexM3\ARM_GCC_541\Debug\Z80_3Pin.a(USBUART_std.o)
 .debug_line    0x000033ac       0x73 .\CortexM3\ARM_GCC_541\Debug\Z80_3Pin.a(USBUART_vnd.o)
 .debug_line    0x0000341f       0xbb .\CortexM3\ARM_GCC_541\Debug\Z80_3Pin.a(USBUART_Dp.o)
 .debug_line    0x000034da       0x66 .\CortexM3\ARM_GCC_541\Debug\Z80_3Pin.a(CyBootAsmGnu.o)
 .debug_line    0x00003540      0x21a .\CortexM3\ARM_GCC_541\Debug\Z80_3Pin.a(CyFlash.o)
 .debug_line    0x0000375a      0x260 .\CortexM3\ARM_GCC_541\Debug\Z80_3Pin.a(CySpc.o)
 .debug_line    0x000039ba       0x95 .\CortexM3\ARM_GCC_541\Debug\Z80_3Pin.a(USBUART_cls.o)
 .debug_line    0x00003a4f       0x61 .\CortexM3\ARM_GCC_541\Debug\Z80_3Pin.a(USBUART_descr.o)

.debug_frame    0x00000000     0x1fe0
 *(.debug_frame)
 .debug_frame   0x00000000       0x4c .\CortexM3\ARM_GCC_541\Debug\main.o
 .debug_frame   0x0000004c       0x9c .\CortexM3\ARM_GCC_541\Debug\ExtSRAM.o
 .debug_frame   0x000000e8      0x13c .\CortexM3\ARM_GCC_541\Debug\FrontPanel.o
 .debug_frame   0x00000224      0x154 .\CortexM3\ARM_GCC_541\Debug\Z80_SIO_emul.o
 .debug_frame   0x00000378       0x68 .\CortexM3\ARM_GCC_541\Debug\Z80_IO_Handle.o
 .debug_frame   0x000003e0       0xe4 .\CortexM3\ARM_GCC_541\Debug\cyfitter_cfg.o
 .debug_frame   0x000004c4       0xb8 .\CortexM3\ARM_GCC_541\Debug\Cm3Start.o
 .debug_frame   0x0000057c      0x738 .\CortexM3\ARM_GCC_541\Debug\Z80_3Pin.a(CyLib.o)
 .debug_frame   0x00000cb4      0x1f8 .\CortexM3\ARM_GCC_541\Debug\Z80_3Pin.a(cyPm.o)
 .debug_frame   0x00000eac       0x78 .\CortexM3\ARM_GCC_541\Debug\Z80_3Pin.a(AdrLowIn.o)
 .debug_frame   0x00000f24       0x30 .\CortexM3\ARM_GCC_541\Debug\Z80_3Pin.a(IO_Ctrl_Reg.o)
 .debug_frame   0x00000f54       0x78 .\CortexM3\ARM_GCC_541\Debug\Z80_3Pin.a(IO_Stat_Reg.o)
 .debug_frame   0x00000fcc       0x30 .\CortexM3\ARM_GCC_541\Debug\Z80_3Pin.a(Z80_Data_In.o)
 .debug_frame   0x00000ffc       0x78 .\CortexM3\ARM_GCC_541\Debug\Z80_3Pin.a(Z80_Data_Out.o)
 .debug_frame   0x00001074       0x90 .\CortexM3\ARM_GCC_541\Debug\Z80_3Pin.a(I2C.o)
 .debug_frame   0x00001104       0x30 .\CortexM3\ARM_GCC_541\Debug\Z80_3Pin.a(I2C_INT.o)
 .debug_frame   0x00001134       0x74 .\CortexM3\ARM_GCC_541\Debug\Z80_3Pin.a(I2C_PM.o)
 .debug_frame   0x000011a8      0x138 .\CortexM3\ARM_GCC_541\Debug\Z80_3Pin.a(I2C_MASTER.o)
 .debug_frame   0x000012e0      0x1dc .\CortexM3\ARM_GCC_541\Debug\Z80_3Pin.a(USBUART.o)
 .debug_frame   0x000014bc      0x27c .\CortexM3\ARM_GCC_541\Debug\Z80_3Pin.a(USBUART_cdc.o)
 .debug_frame   0x00001738      0x194 .\CortexM3\ARM_GCC_541\Debug\Z80_3Pin.a(USBUART_drv.o)
 .debug_frame   0x000018cc       0x6c .\CortexM3\ARM_GCC_541\Debug\Z80_3Pin.a(USBUART_episr.o)
 .debug_frame   0x00001938       0xa0 .\CortexM3\ARM_GCC_541\Debug\Z80_3Pin.a(USBUART_pm.o)
 .debug_frame   0x000019d8      0x17c .\CortexM3\ARM_GCC_541\Debug\Z80_3Pin.a(USBUART_std.o)
 .debug_frame   0x00001b54       0x20 .\CortexM3\ARM_GCC_541\Debug\Z80_3Pin.a(USBUART_vnd.o)
 .debug_frame   0x00001b74       0x70 .\CortexM3\ARM_GCC_541\Debug\Z80_3Pin.a(USBUART_Dp.o)
 .debug_frame   0x00001be4      0x194 .\CortexM3\ARM_GCC_541\Debug\Z80_3Pin.a(CyFlash.o)
 .debug_frame   0x00001d78      0x180 .\CortexM3\ARM_GCC_541\Debug\Z80_3Pin.a(CySpc.o)
 .debug_frame   0x00001ef8       0x2c .\CortexM3\ARM_GCC_541\Debug\Z80_3Pin.a(USBUART_cls.o)
 .debug_frame   0x00001f24       0x20 c:/program files (x86)/cypress/psoc creator/4.2/psoc creator/import/gnu/arm/5.4.1/bin/../lib/gcc/arm-none-eabi/5.4.1/../../../../arm-none-eabi/lib/armv7-m\libg_nano.a(lib_a-errno.o)
 .debug_frame   0x00001f44       0x28 c:/program files (x86)/cypress/psoc creator/4.2/psoc creator/import/gnu/arm/5.4.1/bin/../lib/gcc/arm-none-eabi/5.4.1/../../../../arm-none-eabi/lib/armv7-m\libg_nano.a(lib_a-exit.o)
 .debug_frame   0x00001f6c       0x2c c:/program files (x86)/cypress/psoc creator/4.2/psoc creator/import/gnu/arm/5.4.1/bin/../lib/gcc/arm-none-eabi/5.4.1/../../../../arm-none-eabi/lib/armv7-m\libg_nano.a(lib_a-init.o)
 .debug_frame   0x00001f98       0x28 c:/program files (x86)/cypress/psoc creator/4.2/psoc creator/import/gnu/arm/5.4.1/bin/../lib/gcc/arm-none-eabi/5.4.1/../../../../arm-none-eabi/lib/armv7-m\libg_nano.a(lib_a-memcpy-stub.o)
 .debug_frame   0x00001fc0       0x20 c:/program files (x86)/cypress/psoc creator/4.2/psoc creator/import/gnu/arm/5.4.1/bin/../lib/gcc/arm-none-eabi/5.4.1/../../../../arm-none-eabi/lib/armv7-m\libg_nano.a(lib_a-memset.o)

.debug_str      0x00000000     0x3026
 *(.debug_str)
 .debug_str     0x00000000      0x2e3 .\CortexM3\ARM_GCC_541\Debug\main.o
                                0x32b (size before relaxing)
 .debug_str     0x000002e3       0x87 .\CortexM3\ARM_GCC_541\Debug\ExtSRAM.o
                                0x27c (size before relaxing)
 .debug_str     0x0000036a      0x24f .\CortexM3\ARM_GCC_541\Debug\FrontPanel.o
                                0x46f (size before relaxing)
 .debug_str     0x000005b9       0x4c .\CortexM3\ARM_GCC_541\Debug\Monitor_BASIC_ROM.o
                                0x187 (size before relaxing)
 .debug_str     0x00000605      0x290 .\CortexM3\ARM_GCC_541\Debug\Z80_SIO_emul.o
                                0x4e7 (size before relaxing)
 .debug_str     0x00000895       0x35 .\CortexM3\ARM_GCC_541\Debug\Z80_IO_Handle.o
                                0x2dc (size before relaxing)
 .debug_str     0x000008ca      0x21b .\CortexM3\ARM_GCC_541\Debug\cyfitter_cfg.o
                                0x380 (size before relaxing)
 .debug_str     0x00000ae5       0x7f .\CortexM3\ARM_GCC_541\Debug\cymetadata.o
                                0x216 (size before relaxing)
 .debug_str     0x00000b64      0x144 .\CortexM3\ARM_GCC_541\Debug\Cm3Start.o
                                0x33c (size before relaxing)
 .debug_str     0x00000ca8      0x83f .\CortexM3\ARM_GCC_541\Debug\Z80_3Pin.a(CyLib.o)
                                0xa79 (size before relaxing)
 .debug_str     0x000014e7      0x365 .\CortexM3\ARM_GCC_541\Debug\Z80_3Pin.a(cyPm.o)
                                0x765 (size before relaxing)
 .debug_str     0x0000184c       0x7a .\CortexM3\ARM_GCC_541\Debug\Z80_3Pin.a(AdrLowIn.o)
                                0x281 (size before relaxing)
 .debug_str     0x000018c6       0x2d .\CortexM3\ARM_GCC_541\Debug\Z80_3Pin.a(IO_Ctrl_Reg.o)
                                0x1f3 (size before relaxing)
 .debug_str     0x000018f3       0x89 .\CortexM3\ARM_GCC_541\Debug\Z80_3Pin.a(IO_Stat_Reg.o)
                                0x293 (size before relaxing)
 .debug_str     0x0000197c       0x36 .\CortexM3\ARM_GCC_541\Debug\Z80_3Pin.a(Z80_Data_In.o)
                                0x1f3 (size before relaxing)
 .debug_str     0x000019b2       0x8e .\CortexM3\ARM_GCC_541\Debug\Z80_3Pin.a(Z80_Data_Out.o)
                                0x299 (size before relaxing)
 .debug_str     0x00001a40       0xd4 .\CortexM3\ARM_GCC_541\Debug\Z80_3Pin.a(I2C.o)
                                0x313 (size before relaxing)
 .debug_str     0x00001b14       0x86 .\CortexM3\ARM_GCC_541\Debug\Z80_3Pin.a(I2C_INT.o)
                                0x291 (size before relaxing)
 .debug_str     0x00001b9a       0x56 .\CortexM3\ARM_GCC_541\Debug\Z80_3Pin.a(I2C_PM.o)
                                0x2af (size before relaxing)
 .debug_str     0x00001bf0       0xe8 .\CortexM3\ARM_GCC_541\Debug\Z80_3Pin.a(I2C_MASTER.o)
                                0x3d6 (size before relaxing)
 .debug_str     0x00001cd8      0x3f7 .\CortexM3\ARM_GCC_541\Debug\Z80_3Pin.a(USBUART.o)
                                0x69c (size before relaxing)
 .debug_str     0x000020cf      0x4d5 .\CortexM3\ARM_GCC_541\Debug\Z80_3Pin.a(USBUART_cdc.o)
                                0x803 (size before relaxing)
 .debug_str     0x000025a4      0x291 .\CortexM3\ARM_GCC_541\Debug\Z80_3Pin.a(USBUART_drv.o)
                                0x67a (size before relaxing)
 .debug_str     0x00002835       0x80 .\CortexM3\ARM_GCC_541\Debug\Z80_3Pin.a(USBUART_episr.o)
                                0x311 (size before relaxing)
 .debug_str     0x000028b5       0xc6 .\CortexM3\ARM_GCC_541\Debug\Z80_3Pin.a(USBUART_pm.o)
                                0x322 (size before relaxing)
 .debug_str     0x0000297b      0x259 .\CortexM3\ARM_GCC_541\Debug\Z80_3Pin.a(USBUART_std.o)
                                0x7e9 (size before relaxing)
 .debug_str     0x00002bd4       0x25 .\CortexM3\ARM_GCC_541\Debug\Z80_3Pin.a(USBUART_vnd.o)
                                0x21f (size before relaxing)
 .debug_str     0x00002bf9       0xa4 .\CortexM3\ARM_GCC_541\Debug\Z80_3Pin.a(USBUART_Dp.o)
                                0x273 (size before relaxing)
 .debug_str     0x00002c9d      0x1b4 .\CortexM3\ARM_GCC_541\Debug\Z80_3Pin.a(CyFlash.o)
                                0x3f2 (size before relaxing)
 .debug_str     0x00002e51       0xac .\CortexM3\ARM_GCC_541\Debug\Z80_3Pin.a(CySpc.o)
                                0x36a (size before relaxing)
 .debug_str     0x00002efd       0x25 .\CortexM3\ARM_GCC_541\Debug\Z80_3Pin.a(USBUART_cls.o)
                                0x2de (size before relaxing)
 .debug_str     0x00002f22      0x104 .\CortexM3\ARM_GCC_541\Debug\Z80_3Pin.a(USBUART_descr.o)
                                0x38b (size before relaxing)

.debug_loc      0x00000000     0x3c69
 *(.debug_loc)
 .debug_loc     0x00000000       0xc8 .\CortexM3\ARM_GCC_541\Debug\main.o
 .debug_loc     0x000000c8       0xc2 .\CortexM3\ARM_GCC_541\Debug\ExtSRAM.o
 .debug_loc     0x0000018a      0x416 .\CortexM3\ARM_GCC_541\Debug\FrontPanel.o
 .debug_loc     0x000005a0       0xed .\CortexM3\ARM_GCC_541\Debug\Z80_SIO_emul.o
 .debug_loc     0x0000068d      0x2b6 .\CortexM3\ARM_GCC_541\Debug\cyfitter_cfg.o
 .debug_loc     0x00000943      0x144 .\CortexM3\ARM_GCC_541\Debug\Cm3Start.o
 .debug_loc     0x00000a87      0xa11 .\CortexM3\ARM_GCC_541\Debug\Z80_3Pin.a(CyLib.o)
 .debug_loc     0x00001498      0x1e4 .\CortexM3\ARM_GCC_541\Debug\Z80_3Pin.a(cyPm.o)
 .debug_loc     0x0000167c       0x26 .\CortexM3\ARM_GCC_541\Debug\Z80_3Pin.a(AdrLowIn.o)
 .debug_loc     0x000016a2       0x44 .\CortexM3\ARM_GCC_541\Debug\Z80_3Pin.a(IO_Stat_Reg.o)
 .debug_loc     0x000016e6       0x26 .\CortexM3\ARM_GCC_541\Debug\Z80_3Pin.a(Z80_Data_Out.o)
 .debug_loc     0x0000170c       0x39 .\CortexM3\ARM_GCC_541\Debug\Z80_3Pin.a(I2C.o)
 .debug_loc     0x00001745       0x29 .\CortexM3\ARM_GCC_541\Debug\Z80_3Pin.a(I2C_INT.o)
 .debug_loc     0x0000176e       0x13 .\CortexM3\ARM_GCC_541\Debug\Z80_3Pin.a(I2C_PM.o)
 .debug_loc     0x00001781      0x52f .\CortexM3\ARM_GCC_541\Debug\Z80_3Pin.a(I2C_MASTER.o)
 .debug_loc     0x00001cb0      0x3e1 .\CortexM3\ARM_GCC_541\Debug\Z80_3Pin.a(USBUART.o)
 .debug_loc     0x00002091      0x557 .\CortexM3\ARM_GCC_541\Debug\Z80_3Pin.a(USBUART_cdc.o)
 .debug_loc     0x000025e8      0x171 .\CortexM3\ARM_GCC_541\Debug\Z80_3Pin.a(USBUART_drv.o)
 .debug_loc     0x00002759       0x26 .\CortexM3\ARM_GCC_541\Debug\Z80_3Pin.a(USBUART_pm.o)
 .debug_loc     0x0000277f      0x945 .\CortexM3\ARM_GCC_541\Debug\Z80_3Pin.a(USBUART_std.o)
 .debug_loc     0x000030c4       0x84 .\CortexM3\ARM_GCC_541\Debug\Z80_3Pin.a(USBUART_Dp.o)
 .debug_loc     0x00003148      0x3b2 .\CortexM3\ARM_GCC_541\Debug\Z80_3Pin.a(CyFlash.o)
 .debug_loc     0x000034fa      0x705 .\CortexM3\ARM_GCC_541\Debug\Z80_3Pin.a(CySpc.o)
 .debug_loc     0x00003bff       0x6a .\CortexM3\ARM_GCC_541\Debug\Z80_3Pin.a(USBUART_cls.o)

.debug_macinfo
 *(.debug_macinfo)

.debug_ranges   0x00000000      0xa90
 *(.debug_ranges)
 .debug_ranges  0x00000000       0x18 .\CortexM3\ARM_GCC_541\Debug\main.o
 .debug_ranges  0x00000018       0x30 .\CortexM3\ARM_GCC_541\Debug\ExtSRAM.o
 .debug_ranges  0x00000048       0x58 .\CortexM3\ARM_GCC_541\Debug\FrontPanel.o
 .debug_ranges  0x000000a0       0x68 .\CortexM3\ARM_GCC_541\Debug\Z80_SIO_emul.o
 .debug_ranges  0x00000108       0x20 .\CortexM3\ARM_GCC_541\Debug\Z80_IO_Handle.o
 .debug_ranges  0x00000128       0x48 .\CortexM3\ARM_GCC_541\Debug\cyfitter_cfg.o
 .debug_ranges  0x00000170       0x38 .\CortexM3\ARM_GCC_541\Debug\Cm3Start.o
 .debug_ranges  0x000001a8      0x290 .\CortexM3\ARM_GCC_541\Debug\Z80_3Pin.a(CyLib.o)
 .debug_ranges  0x00000438       0x88 .\CortexM3\ARM_GCC_541\Debug\Z80_3Pin.a(cyPm.o)
 .debug_ranges  0x000004c0       0x30 .\CortexM3\ARM_GCC_541\Debug\Z80_3Pin.a(AdrLowIn.o)
 .debug_ranges  0x000004f0       0x18 .\CortexM3\ARM_GCC_541\Debug\Z80_3Pin.a(IO_Ctrl_Reg.o)
 .debug_ranges  0x00000508       0x30 .\CortexM3\ARM_GCC_541\Debug\Z80_3Pin.a(IO_Stat_Reg.o)
 .debug_ranges  0x00000538       0x18 .\CortexM3\ARM_GCC_541\Debug\Z80_3Pin.a(Z80_Data_In.o)
 .debug_ranges  0x00000550       0x30 .\CortexM3\ARM_GCC_541\Debug\Z80_3Pin.a(Z80_Data_Out.o)
 .debug_ranges  0x00000580       0x28 .\CortexM3\ARM_GCC_541\Debug\Z80_3Pin.a(I2C.o)
 .debug_ranges  0x000005a8       0x10 .\CortexM3\ARM_GCC_541\Debug\Z80_3Pin.a(I2C_INT.o)
 .debug_ranges  0x000005b8       0x28 .\CortexM3\ARM_GCC_541\Debug\Z80_3Pin.a(I2C_PM.o)
 .debug_ranges  0x000005e0       0x70 .\CortexM3\ARM_GCC_541\Debug\Z80_3Pin.a(I2C_MASTER.o)
 .debug_ranges  0x00000650       0xd0 .\CortexM3\ARM_GCC_541\Debug\Z80_3Pin.a(USBUART.o)
 .debug_ranges  0x00000720       0xd8 .\CortexM3\ARM_GCC_541\Debug\Z80_3Pin.a(USBUART_cdc.o)
 .debug_ranges  0x000007f8       0x88 .\CortexM3\ARM_GCC_541\Debug\Z80_3Pin.a(USBUART_drv.o)
 .debug_ranges  0x00000880       0x30 .\CortexM3\ARM_GCC_541\Debug\Z80_3Pin.a(USBUART_episr.o)
 .debug_ranges  0x000008b0       0x30 .\CortexM3\ARM_GCC_541\Debug\Z80_3Pin.a(USBUART_pm.o)
 .debug_ranges  0x000008e0       0x70 .\CortexM3\ARM_GCC_541\Debug\Z80_3Pin.a(USBUART_std.o)
 .debug_ranges  0x00000950       0x10 .\CortexM3\ARM_GCC_541\Debug\Z80_3Pin.a(USBUART_vnd.o)
 .debug_ranges  0x00000960       0x38 .\CortexM3\ARM_GCC_541\Debug\Z80_3Pin.a(USBUART_Dp.o)
 .debug_ranges  0x00000998       0x78 .\CortexM3\ARM_GCC_541\Debug\Z80_3Pin.a(CyFlash.o)
 .debug_ranges  0x00000a10       0x70 .\CortexM3\ARM_GCC_541\Debug\Z80_3Pin.a(CySpc.o)
 .debug_ranges  0x00000a80       0x10 .\CortexM3\ARM_GCC_541\Debug\Z80_3Pin.a(USBUART_cls.o)

.comment        0x00000000       0x6e
 .comment       0x00000000       0x6e .\CortexM3\ARM_GCC_541\Debug\main.o
                                 0x6f (size before relaxing)
 .comment       0x0000006e       0x6f .\CortexM3\ARM_GCC_541\Debug\ExtSRAM.o
 .comment       0x0000006e       0x6f .\CortexM3\ARM_GCC_541\Debug\FrontPanel.o
 .comment       0x0000006e       0x6f .\CortexM3\ARM_GCC_541\Debug\Monitor_BASIC_ROM.o
 .comment       0x0000006e       0x6f .\CortexM3\ARM_GCC_541\Debug\Z80_SIO_emul.o
 .comment       0x0000006e       0x6f .\CortexM3\ARM_GCC_541\Debug\Z80_IO_Handle.o
 .comment       0x0000006e       0x6f .\CortexM3\ARM_GCC_541\Debug\cyfitter_cfg.o
 .comment       0x0000006e       0x6f .\CortexM3\ARM_GCC_541\Debug\cymetadata.o
 .comment       0x0000006e       0x6f .\CortexM3\ARM_GCC_541\Debug\Cm3Start.o
 .comment       0x0000006e       0x6f .\CortexM3\ARM_GCC_541\Debug\Z80_3Pin.a(CyLib.o)
 .comment       0x0000006e       0x6f .\CortexM3\ARM_GCC_541\Debug\Z80_3Pin.a(cyPm.o)
 .comment       0x0000006e       0x6f .\CortexM3\ARM_GCC_541\Debug\Z80_3Pin.a(AdrLowIn.o)
 .comment       0x0000006e       0x6f .\CortexM3\ARM_GCC_541\Debug\Z80_3Pin.a(IO_Ctrl_Reg.o)
 .comment       0x0000006e       0x6f .\CortexM3\ARM_GCC_541\Debug\Z80_3Pin.a(IO_Stat_Reg.o)
 .comment       0x0000006e       0x6f .\CortexM3\ARM_GCC_541\Debug\Z80_3Pin.a(Z80_Data_In.o)
 .comment       0x0000006e       0x6f .\CortexM3\ARM_GCC_541\Debug\Z80_3Pin.a(Z80_Data_Out.o)
 .comment       0x0000006e       0x6f .\CortexM3\ARM_GCC_541\Debug\Z80_3Pin.a(I2C.o)
 .comment       0x0000006e       0x6f .\CortexM3\ARM_GCC_541\Debug\Z80_3Pin.a(I2C_INT.o)
 .comment       0x0000006e       0x6f .\CortexM3\ARM_GCC_541\Debug\Z80_3Pin.a(I2C_PM.o)
 .comment       0x0000006e       0x6f .\CortexM3\ARM_GCC_541\Debug\Z80_3Pin.a(I2C_MASTER.o)
 .comment       0x0000006e       0x6f .\CortexM3\ARM_GCC_541\Debug\Z80_3Pin.a(USBUART.o)
 .comment       0x0000006e       0x6f .\CortexM3\ARM_GCC_541\Debug\Z80_3Pin.a(USBUART_cdc.o)
 .comment       0x0000006e       0x6f .\CortexM3\ARM_GCC_541\Debug\Z80_3Pin.a(USBUART_drv.o)
 .comment       0x0000006e       0x6f .\CortexM3\ARM_GCC_541\Debug\Z80_3Pin.a(USBUART_episr.o)
 .comment       0x0000006e       0x6f .\CortexM3\ARM_GCC_541\Debug\Z80_3Pin.a(USBUART_pm.o)
 .comment       0x0000006e       0x6f .\CortexM3\ARM_GCC_541\Debug\Z80_3Pin.a(USBUART_std.o)
 .comment       0x0000006e       0x6f .\CortexM3\ARM_GCC_541\Debug\Z80_3Pin.a(USBUART_vnd.o)
 .comment       0x0000006e       0x6f .\CortexM3\ARM_GCC_541\Debug\Z80_3Pin.a(USBUART_Dp.o)
 .comment       0x0000006e       0x6f .\CortexM3\ARM_GCC_541\Debug\Z80_3Pin.a(CyFlash.o)
 .comment       0x0000006e       0x6f .\CortexM3\ARM_GCC_541\Debug\Z80_3Pin.a(CySpc.o)
 .comment       0x0000006e       0x6f .\CortexM3\ARM_GCC_541\Debug\Z80_3Pin.a(USBUART_cls.o)
 .comment       0x0000006e       0x6f .\CortexM3\ARM_GCC_541\Debug\Z80_3Pin.a(USBUART_descr.o)

.debug_weaknames
 *(.debug_weaknames)

.debug_funcnames
 *(.debug_funcnames)

.debug_typenames
 *(.debug_typenames)

.debug_varnames
 *(.debug_varnames)

.note.gnu.arm.ident
 *(.note.gnu.arm.ident)

.ARM.attributes
                0x00000000       0x29
 *(.ARM.attributes)
 .ARM.attributes
                0x00000000       0x1d c:/program files (x86)/cypress/psoc creator/4.2/psoc creator/import/gnu/arm/5.4.1/bin/../lib/gcc/arm-none-eabi/5.4.1/armv7-m/crti.o
 .ARM.attributes
                0x0000001d       0x2d c:/program files (x86)/cypress/psoc creator/4.2/psoc creator/import/gnu/arm/5.4.1/bin/../lib/gcc/arm-none-eabi/5.4.1/armv7-m/crtbegin.o
 .ARM.attributes
                0x0000004a       0x1b c:/program files (x86)/cypress/psoc creator/4.2/psoc creator/import/gnu/arm/5.4.1/bin/../lib/gcc/arm-none-eabi/5.4.1/../../../../arm-none-eabi/lib/armv7-m/crt0.o
 .ARM.attributes
                0x00000065       0x33 .\CortexM3\ARM_GCC_541\Debug\main.o
 .ARM.attributes
                0x00000098       0x33 .\CortexM3\ARM_GCC_541\Debug\ExtSRAM.o
 .ARM.attributes
                0x000000cb       0x33 .\CortexM3\ARM_GCC_541\Debug\FrontPanel.o
 .ARM.attributes
                0x000000fe       0x33 .\CortexM3\ARM_GCC_541\Debug\Monitor_BASIC_ROM.o
 .ARM.attributes
                0x00000131       0x33 .\CortexM3\ARM_GCC_541\Debug\Z80_SIO_emul.o
 .ARM.attributes
                0x00000164       0x33 .\CortexM3\ARM_GCC_541\Debug\Z80_IO_Handle.o
 .ARM.attributes
                0x00000197       0x33 .\CortexM3\ARM_GCC_541\Debug\cyfitter_cfg.o
 .ARM.attributes
                0x000001ca       0x33 .\CortexM3\ARM_GCC_541\Debug\cymetadata.o
 .ARM.attributes
                0x000001fd       0x33 .\CortexM3\ARM_GCC_541\Debug\Cm3Start.o
 .ARM.attributes
                0x00000230       0x33 .\CortexM3\ARM_GCC_541\Debug\Z80_3Pin.a(CyLib.o)
 .ARM.attributes
                0x00000263       0x33 .\CortexM3\ARM_GCC_541\Debug\Z80_3Pin.a(cyPm.o)
 .ARM.attributes
                0x00000296       0x33 .\CortexM3\ARM_GCC_541\Debug\Z80_3Pin.a(AdrLowIn.o)
 .ARM.attributes
                0x000002c9       0x33 .\CortexM3\ARM_GCC_541\Debug\Z80_3Pin.a(IO_Ctrl_Reg.o)
 .ARM.attributes
                0x000002fc       0x33 .\CortexM3\ARM_GCC_541\Debug\Z80_3Pin.a(IO_Stat_Reg.o)
 .ARM.attributes
                0x0000032f       0x33 .\CortexM3\ARM_GCC_541\Debug\Z80_3Pin.a(Z80_Data_In.o)
 .ARM.attributes
                0x00000362       0x33 .\CortexM3\ARM_GCC_541\Debug\Z80_3Pin.a(Z80_Data_Out.o)
 .ARM.attributes
                0x00000395       0x33 .\CortexM3\ARM_GCC_541\Debug\Z80_3Pin.a(I2C.o)
 .ARM.attributes
                0x000003c8       0x33 .\CortexM3\ARM_GCC_541\Debug\Z80_3Pin.a(I2C_INT.o)
 .ARM.attributes
                0x000003fb       0x33 .\CortexM3\ARM_GCC_541\Debug\Z80_3Pin.a(I2C_PM.o)
 .ARM.attributes
                0x0000042e       0x33 .\CortexM3\ARM_GCC_541\Debug\Z80_3Pin.a(I2C_MASTER.o)
 .ARM.attributes
                0x00000461       0x33 .\CortexM3\ARM_GCC_541\Debug\Z80_3Pin.a(USBUART.o)
 .ARM.attributes
                0x00000494       0x33 .\CortexM3\ARM_GCC_541\Debug\Z80_3Pin.a(USBUART_cdc.o)
 .ARM.attributes
                0x000004c7       0x33 .\CortexM3\ARM_GCC_541\Debug\Z80_3Pin.a(USBUART_drv.o)
 .ARM.attributes
                0x000004fa       0x33 .\CortexM3\ARM_GCC_541\Debug\Z80_3Pin.a(USBUART_episr.o)
 .ARM.attributes
                0x0000052d       0x33 .\CortexM3\ARM_GCC_541\Debug\Z80_3Pin.a(USBUART_pm.o)
 .ARM.attributes
                0x00000560       0x33 .\CortexM3\ARM_GCC_541\Debug\Z80_3Pin.a(USBUART_std.o)
 .ARM.attributes
                0x00000593       0x33 .\CortexM3\ARM_GCC_541\Debug\Z80_3Pin.a(USBUART_vnd.o)
 .ARM.attributes
                0x000005c6       0x33 .\CortexM3\ARM_GCC_541\Debug\Z80_3Pin.a(USBUART_Dp.o)
 .ARM.attributes
                0x000005f9       0x21 .\CortexM3\ARM_GCC_541\Debug\Z80_3Pin.a(CyBootAsmGnu.o)
 .ARM.attributes
                0x0000061a       0x33 .\CortexM3\ARM_GCC_541\Debug\Z80_3Pin.a(CyFlash.o)
 .ARM.attributes
                0x0000064d       0x33 .\CortexM3\ARM_GCC_541\Debug\Z80_3Pin.a(CySpc.o)
 .ARM.attributes
                0x00000680       0x33 .\CortexM3\ARM_GCC_541\Debug\Z80_3Pin.a(USBUART_cls.o)
 .ARM.attributes
                0x000006b3       0x33 .\CortexM3\ARM_GCC_541\Debug\Z80_3Pin.a(USBUART_descr.o)
 .ARM.attributes
                0x000006e6       0x2d c:/program files (x86)/cypress/psoc creator/4.2/psoc creator/import/gnu/arm/5.4.1/bin/../lib/gcc/arm-none-eabi/5.4.1/../../../../arm-none-eabi/lib/armv7-m\libg_nano.a(lib_a-errno.o)
 .ARM.attributes
                0x00000713       0x2d c:/program files (x86)/cypress/psoc creator/4.2/psoc creator/import/gnu/arm/5.4.1/bin/../lib/gcc/arm-none-eabi/5.4.1/../../../../arm-none-eabi/lib/armv7-m\libg_nano.a(lib_a-exit.o)
 .ARM.attributes
                0x00000740       0x2d c:/program files (x86)/cypress/psoc creator/4.2/psoc creator/import/gnu/arm/5.4.1/bin/../lib/gcc/arm-none-eabi/5.4.1/../../../../arm-none-eabi/lib/armv7-m\libg_nano.a(lib_a-impure.o)
 .ARM.attributes
                0x0000076d       0x2d c:/program files (x86)/cypress/psoc creator/4.2/psoc creator/import/gnu/arm/5.4.1/bin/../lib/gcc/arm-none-eabi/5.4.1/../../../../arm-none-eabi/lib/armv7-m\libg_nano.a(lib_a-init.o)
 .ARM.attributes
                0x0000079a       0x2d c:/program files (x86)/cypress/psoc creator/4.2/psoc creator/import/gnu/arm/5.4.1/bin/../lib/gcc/arm-none-eabi/5.4.1/../../../../arm-none-eabi/lib/armv7-m\libg_nano.a(lib_a-memcpy-stub.o)
 .ARM.attributes
                0x000007c7       0x2d c:/program files (x86)/cypress/psoc creator/4.2/psoc creator/import/gnu/arm/5.4.1/bin/../lib/gcc/arm-none-eabi/5.4.1/../../../../arm-none-eabi/lib/armv7-m\libg_nano.a(lib_a-memset.o)
 .ARM.attributes
                0x000007f4       0x2d c:/program files (x86)/cypress/psoc creator/4.2/psoc creator/import/gnu/arm/5.4.1/bin/../lib/gcc/arm-none-eabi/5.4.1/armv7-m/crtend.o
 .ARM.attributes
                0x00000821       0x1d c:/program files (x86)/cypress/psoc creator/4.2/psoc creator/import/gnu/arm/5.4.1/bin/../lib/gcc/arm-none-eabi/5.4.1/armv7-m/crtn.o

/DISCARD/
 *(.note.GNU-stack)
OUTPUT(C:\Users\HPz420\Documents\GitHub\Retro-Computers\Z80\PSOC\PSOC_Design_Files\Z80-PSoC-3-Chips_002\Z80_3Pin.cydsn\CortexM3\ARM_GCC_541\Debug\Z80_3Pin.elf elf32-littlearm)
